<html>
<body>
<pre>
<h1>礦ision Build Log</h1>
<h2>Tool Versions:</h2>
IDE-Version: μVision V5.14.2.1
Copyright (C) 2015 ARM Ltd and ARM Germany GmbH. All rights reserved.
License Information: Cortex-M0, Microsoft, LIC=X96FW-QIPVB-QDMKD-8FIJS-5CILH-WIJ8C
 
Tool Versions:
Toolchain:       MDK-ARM Standard  Version: 5.13.0.0
Toolchain Path:  D:\Keil_v5\ARM\ARMCC\Bin
C Compiler:      Armcc.exe V5.05 update 1 (build 106)
Assembler:       Armasm.exe V5.05 update 1 (build 106)
Linker/Locator:  ArmLink.exe V5.05 update 1 (build 106)
Library Manager: ArmAr.exe V5.05 update 1 (build 106)
Hex Converter:   FromElf.exe V5.05 update 1 (build 106)
CPU DLL:         SARMCM3.DLL V5.13.0.0
Dialog DLL:      DARMCM1.DLL V1.12.0.0
Target DLL:      UL2CM3.DLL V1.154.12.0
Dialog DLL:      TARMCM1.DLL V1.9.0.0
 
<h2>Project:</h2>
E:\2016\智能舵机\其它模块\neurons_mini58\app\app_servo_button\app_servo_button.uvprojx
Project File Date:  12/27/2016

<h2>Output:</h2>
*** Using Compiler 'V5.05 update 1 (build 106)', folder: 'D:\Keil_v5\ARM\ARMCC\Bin'
Rebuild target 'Target 1'
compiling system_Mini58Series.c...
assembling startup_Mini58Series.s...
compiling Interrupt.c...
compiling mygpio.c...
compiling protocol.c...
compiling sysinit.c...
compiling systime.c...
compiling uart_printf.c...
compiling main.c...
compiling acmp.c...
compiling adc.c...
compiling clk.c...
compiling fmc.c...
compiling gpio.c...
compiling i2c.c...
compiling pwm.c...
compiling retarget.c...
compiling spi.c...
compiling sys.c...
compiling timer.c...
compiling uart.c...
compiling wdt.c...
compiling wwdt.c...
linking...
Program Size: Code=12020 RO-data=312 RW-data=176 ZI-data=1760  
FromELF: creating hex file...
After Build - User command #1: E:\2016\智能舵机\其它模块\neurons_mini58\app\app_servo_button\copy_hex.bat
E:\2016\智能舵机\其它模块\neurons_mini58\app\app_servo_button>cd Objects 
E:\2016\智能舵机\其它模块\neurons_mini58\app\app_servo_button\Objects>set dir_cur=E:\2016\智能舵机\其它模块\neurons_mini58\app\app_servo_button\Objects  
E:\2016\智能舵机\其它模块\neurons_mini58\app\app_servo_button\Objects>set t=2016 
E:\2016\智能舵机\其它模块\neurons_mini58\app\app_servo_button\Objects>set t=20161230 
E:\2016\智能舵机\其它模块\neurons_mini58\app\app_servo_button\Objects>for /F "delims=." %a in ('dir /a-d/b *.hex') do set app=%a 
E:\2016\智能舵机\其它模块\neurons_mini58\app\app_servo_button\Objects>set app=app_servo_button 
E:\2016\智能舵机\其它模块\neurons_mini58\app\app_servo_button\Objects>cd .. 
E:\2016\智能舵机\其它模块\neurons_mini58\app\app_servo_button>cd ..  
E:\2016\智能舵机\其它模块\neurons_mini58\app>cd .. 
E:\2016\智能舵机\其它模块\neurons_mini58>cd .. 
E:\2016\智能舵机\其它模块>cd neurons_firmware 
E:\2016\智能舵机\其它模块\neurons_firmware>if exist app_servo_button*.hex del app_servo_button*.hex 
E:\2016\智能舵机\其它模块\neurons_firmware>cd E:\2016\智能舵机\其它模块\neurons_mini58\app\app_servo_button\Objects  
E:\2016\智能舵机\其它模块\neurons_mini58\app\app_servo_button\Objects>for /F "delims=" %a in ('dir /a-d/b *.hex') do ren "%~a" "%~na_20161230%~xa" 
E:\2016\智能舵机\其它模块\neurons_mini58\app\app_servo_button\Objects>ren "app_servo_button.hex" "app_servo_button_20161230.hex" 
E:\2016\智能舵机\其它模块\neurons_mini58\app\app_servo_button\Objects>copy /Y  *hex  ..\..\..\..\neurons_firmware 
app_servo_button_20161230.hex
已复制         1 个文件。
E:\2016\智能舵机\其它模块\neurons_mini58\app\app_servo_button\Objects>for /R %i in (*.hex) do del *.hex 
E:\2016\智能舵机\其它模块\neurons_mini58\app\app_servo_button\Objects>del *.hex 
".\Objects\app_servo_button.axf" - 0 Error(s), 0 Warning(s).

<h2>Collection of Component include folders:</h2>
  E:\2016\智能舵机\其它模块\neurons_mini58\app\app_servo_button\RTE
  D:\Keil_v5\ARM\PACK\Nuvoton\NuMicro_DFP\1.0.8\Device\Mini58\Include

<h2>Collection of Component Files used:</h2>
</pre>
</body>
</html>
