Component: ARM Compiler 5.05 update 1 (build 106) Tool: armlink [4d0efa]

==============================================================================

Section Cross References

    system_mini58series.o(i.CLK_GetPLLClockFreq) refers to aeabi_sdiv.o(.text) for __aeabi_uidivmod
    system_mini58series.o(i.SystemCoreClockUpdate) refers to system_mini58series.o(i.CLK_GetPLLClockFreq) for CLK_GetPLLClockFreq
    system_mini58series.o(i.SystemCoreClockUpdate) refers to aeabi_sdiv.o(.text) for __aeabi_uidivmod
    system_mini58series.o(i.SystemCoreClockUpdate) refers to system_mini58series.o(.data) for PllClock
    startup_mini58series.o(STACK) refers (Special) to heapauxi.o(.text) for __use_two_region_memory
    startup_mini58series.o(HEAP) refers (Special) to heapauxi.o(.text) for __use_two_region_memory
    startup_mini58series.o(RESET) refers (Special) to heapauxi.o(.text) for __use_two_region_memory
    startup_mini58series.o(RESET) refers to startup_mini58series.o(STACK) for __initial_sp
    startup_mini58series.o(RESET) refers to startup_mini58series.o(.text) for Reset_Handler
    startup_mini58series.o(RESET) refers to retarget.o(.emb_text) for HardFault_Handler
    startup_mini58series.o(RESET) refers to interrupt.o(i.EINT0_IRQHandler) for EINT0_IRQHandler
    startup_mini58series.o(RESET) refers to interrupt.o(i.EINT1_IRQHandler) for EINT1_IRQHandler
    startup_mini58series.o(RESET) refers to interrupt.o(i.GPIO234_IRQHandler) for GPIO234_IRQHandler
    startup_mini58series.o(RESET) refers to interrupt.o(i.TMR0_IRQHandler) for TMR0_IRQHandler
    startup_mini58series.o(RESET) refers to interrupt.o(i.UART0_IRQHandler) for UART0_IRQHandler
    startup_mini58series.o(RESET) refers to interrupt.o(i.UART1_IRQHandler) for UART1_IRQHandler
    startup_mini58series.o(RESET) refers to interrupt.o(i.I2C0_IRQHandler) for I2C0_IRQHandler
    startup_mini58series.o(RESET) refers to interrupt.o(i.I2C1_IRQHandler) for I2C1_IRQHandler
    startup_mini58series.o(.text) refers (Special) to heapauxi.o(.text) for __use_two_region_memory
    startup_mini58series.o(.text) refers to __main.o(!!!main) for __main
    startup_mini58series.o(.text) refers to startup_mini58series.o(HEAP) for Heap_Mem
    startup_mini58series.o(.text) refers to startup_mini58series.o(STACK) for Stack_Mem
    meultrasonicsensor.o(i.count_start) refers to clk.o(i.CLK_EnableModuleClock) for CLK_EnableModuleClock
    meultrasonicsensor.o(i.count_start) refers to clk.o(i.CLK_SetModuleClock) for CLK_SetModuleClock
    meultrasonicsensor.o(i.get_ultrasonic_state) refers to meultrasonicsensor.o(.data) for s_ultransonic_state
    meultrasonicsensor.o(i.set_ultrasonic_state) refers to meultrasonicsensor.o(.data) for s_ultransonic_state
    meultrasonicsensor.o(i.transmint8Puls) refers to mygpio.o(i.digitalWrite) for digitalWrite
    meultrasonicsensor.o(i.transmint8Puls) refers to systime.o(i.delayMicroseconds) for delayMicroseconds
    meultrasonicsensor.o(i.transmint8Puls) refers to meultrasonicsensor.o(i.count_start) for count_start
    meultrasonicsensor.o(i.transmint8Puls) refers to meultrasonicsensor.o(.data) for t1_pin_address
    meultrasonicsensor.o(i.ultrasonicDistance) refers to mygpio.o(i.pinMode) for pinMode
    meultrasonicsensor.o(i.ultrasonicDistance) refers to mygpio.o(i.digitalWrite) for digitalWrite
    meultrasonicsensor.o(i.ultrasonicDistance) refers to meultrasonicsensor.o(i.transmint8Puls) for transmint8Puls
    meultrasonicsensor.o(i.ultrasonicDistance) refers to meultrasonicsensor.o(i.TIMER_Stop) for TIMER_Stop
    meultrasonicsensor.o(i.ultrasonicDistance) refers to dflti.o(.text) for __aeabi_ui2d
    meultrasonicsensor.o(i.ultrasonicDistance) refers to dmul.o(.text) for __aeabi_dmul
    meultrasonicsensor.o(i.ultrasonicDistance) refers to ddiv.o(.text) for __aeabi_ddiv
    meultrasonicsensor.o(i.ultrasonicDistance) refers to daddsub.o(.text) for __aeabi_dsub
    meultrasonicsensor.o(i.ultrasonicDistance) refers to d2f.o(.text) for __aeabi_d2f
    meultrasonicsensor.o(i.ultrasonicDistance) refers to meultrasonicsensor.o(.data) for s_ultransonic_state
    meultrasonicsensor.o(i.ultrasonicDistance) refers to system_mini58series.o(.data) for CyclesPerUs
    meultrasonicsensor.o(i.ultrasonicDistance) refers to interrupt.o(.data) for g_echo_count
    meultrasonicsensor.o(i.ultrasonicSensorInit) refers to mygpio.o(i.pinMode) for pinMode
    meultrasonicsensor.o(i.ultrasonicSensorInit) refers to mygpio.o(i.digitalWrite) for digitalWrite
    meultrasonicsensor.o(i.ultrasonicSensorInit) refers to mygpio.o(i.Pin2Addr) for Pin2Addr
    meultrasonicsensor.o(i.ultrasonicSensorInit) refers to gpio.o(i.GPIO_EnableInt) for GPIO_EnableInt
    meultrasonicsensor.o(i.ultrasonicSensorInit) refers to meultrasonicsensor.o(.data) for s_ultransonic_state
    interrupt.o(i.GPIO234_IRQHandler) refers to meultrasonicsensor.o(i.get_ultrasonic_state) for get_ultrasonic_state
[...]
    ..\..\Library\Device\Nuvoton\Mini58Series\Source\ARM\startup_Mini58Series.s 0x00000000   Number         0  startup_mini58series.o ABSOLUTE
    ..\..\Library\Device\Nuvoton\Mini58Series\Source\system_Mini58Series.c 0x00000000   Number         0  system_mini58series.o ABSOLUTE
    ..\..\Library\StdDriver\src\acmp.c       0x00000000   Number         0  acmp.o ABSOLUTE
    ..\..\Library\StdDriver\src\adc.c        0x00000000   Number         0  adc.o ABSOLUTE
    ..\..\Library\StdDriver\src\clk.c        0x00000000   Number         0  clk.o ABSOLUTE
    ..\..\Library\StdDriver\src\fmc.c        0x00000000   Number         0  fmc.o ABSOLUTE
    ..\..\Library\StdDriver\src\gpio.c       0x00000000   Number         0  gpio.o ABSOLUTE
    ..\..\Library\StdDriver\src\i2c.c        0x00000000   Number         0  i2c.o ABSOLUTE
    ..\..\Library\StdDriver\src\pwm.c        0x00000000   Number         0  pwm.o ABSOLUTE
    ..\..\Library\StdDriver\src\retarget.c   0x00000000   Number         0  retarget.o ABSOLUTE
    ..\..\Library\StdDriver\src\spi.c        0x00000000   Number         0  spi.o ABSOLUTE
    ..\..\Library\StdDriver\src\sys.c        0x00000000   Number         0  sys.o ABSOLUTE
    ..\..\Library\StdDriver\src\timer.c      0x00000000   Number         0  timer.o ABSOLUTE
    ..\..\Library\StdDriver\src\uart.c       0x00000000   Number         0  uart.o ABSOLUTE
    ..\..\Library\StdDriver\src\wdt.c        0x00000000   Number         0  wdt.o ABSOLUTE
    ..\..\Library\StdDriver\src\wwdt.c       0x00000000   Number         0  wwdt.o ABSOLUTE
    ..\..\block_driver\MeUltrasonicSensor.c  0x00000000   Number         0  meultrasonicsensor.o ABSOLUTE
    ..\..\common_utils\Interrupt.c           0x00000000   Number         0  interrupt.o ABSOLUTE
    ..\..\common_utils\mygpio.c              0x00000000   Number         0  mygpio.o ABSOLUTE
    ..\..\common_utils\protocol.c            0x00000000   Number         0  protocol.o ABSOLUTE
    ..\..\common_utils\sysinit.c             0x00000000   Number         0  sysinit.o ABSOLUTE
    ..\..\common_utils\systime.c             0x00000000   Number         0  systime.o ABSOLUTE
    ..\..\common_utils\uart_printf.c         0x00000000   Number         0  uart_printf.o ABSOLUTE
    ..\\..\\Library\\Device\\Nuvoton\\Mini58Series\\Source\\system_Mini58Series.c 0x00000000   Number         0  system_mini58series.o ABSOLUTE
    ..\\..\\Library\\StdDriver\\src\\acmp.c  0x00000000   Number         0  acmp.o ABSOLUTE
    ..\\..\\Library\\StdDriver\\src\\adc.c   0x00000000   Number         0  adc.o ABSOLUTE
    ..\\..\\Library\\StdDriver\\src\\clk.c   0x00000000   Number         0  clk.o ABSOLUTE
    ..\\..\\Library\\StdDriver\\src\\fmc.c   0x00000000   Number         0  fmc.o ABSOLUTE
    ..\\..\\Library\\StdDriver\\src\\gpio.c  0x00000000   Number         0  gpio.o ABSOLUTE
    ..\\..\\Library\\StdDriver\\src\\i2c.c   0x00000000   Number         0  i2c.o ABSOLUTE
    ..\\..\\Library\\StdDriver\\src\\pwm.c   0x00000000   Number         0  pwm.o ABSOLUTE
    ..\\..\\Library\\StdDriver\\src\\retarget.c 0x00000000   Number         0  retarget.o ABSOLUTE
    ..\\..\\Library\\StdDriver\\src\\spi.c   0x00000000   Number         0  spi.o ABSOLUTE
    ..\\..\\Library\\StdDriver\\src\\sys.c   0x00000000   Number         0  sys.o ABSOLUTE
    ..\\..\\Library\\StdDriver\\src\\timer.c 0x00000000   Number         0  timer.o ABSOLUTE
    ..\\..\\Library\\StdDriver\\src\\uart.c  0x00000000   Number         0  uart.o ABSOLUTE
    ..\\..\\Library\\StdDriver\\src\\wdt.c   0x00000000   Number         0  wdt.o ABSOLUTE
    ..\\..\\Library\\StdDriver\\src\\wwdt.c  0x00000000   Number         0  wwdt.o ABSOLUTE
    ..\\..\\block_driver\\MeUltrasonicSensor.c 0x00000000   Number         0  meultrasonicsensor.o ABSOLUTE
    ..\\..\\common_utils\\Interrupt.c        0x00000000   Number         0  interrupt.o ABSOLUTE
    ..\\..\\common_utils\\mygpio.c           0x00000000   Number         0  mygpio.o ABSOLUTE
    ..\\..\\common_utils\\protocol.c         0x00000000   Number         0  protocol.o ABSOLUTE
    ..\\..\\common_utils\\sysinit.c          0x00000000   Number         0  sysinit.o ABSOLUTE
    ..\\..\\common_utils\\systime.c          0x00000000   Number         0  systime.o ABSOLUTE
    ..\\..\\common_utils\\uart_printf.c      0x00000000   Number         0  uart_printf.o ABSOLUTE
    dc.s                                     0x00000000   Number         0  dc.o ABSOLUTE
    main.c                                   0x00000000   Number         0  main.o ABSOLUTE
    main.c                                   0x00000000   Number         0  main.o ABSOLUTE
    !!!main                                  0x000000c0   Section        8  __main.o(!!!main)
    !!!scatter                               0x000000c8   Section       60  __scatter.o(!!!scatter)
    !!handler_copy                           0x00000104   Section       26  __scatter_copy.o(!!handler_copy)
    !!handler_zi                             0x00000120   Section       28  __scatter_zi.o(!!handler_zi)
    .ARM.Collect$$_printf_percent$$00000000  0x0000013c   Section        2  _printf_percent.o(.ARM.Collect$$_printf_percent$$00000000)
    .ARM.Collect$$_printf_percent$$00000009  0x0000013e   Section       10  _printf_d.o(.ARM.Collect$$_printf_percent$$00000009)
    .ARM.Collect$$_printf_percent$$0000000C  0x00000148   Section       10  _printf_x.o(.ARM.Collect$$_printf_percent$$0000000C)
    .ARM.Collect$$_printf_percent$$00000017  0x00000152   Section        4  _printf_percent_end.o(.ARM.Collect$$_printf_percent$$00000017)
    .ARM.Collect$$libinit$$00000000          0x00000156   Section        2  libinit.o(.ARM.Collect$$libinit$$00000000)
    .ARM.Collect$$libinit$$00000002          0x00000158   Section        0  libinit2.o(.ARM.Collect$$libinit$$00000002)
    .ARM.Collect$$libinit$$00000004          0x00000158   Section        0  libinit2.o(.ARM.Collect$$libinit$$00000004)
    .ARM.Collect$$libinit$$0000000A          0x00000158   Section        0  libinit2.o(.ARM.Collect$$libinit$$0000000A)
    .ARM.Collect$$libinit$$0000000C          0x00000158   Section        0  libinit2.o(.ARM.Collect$$libinit$$0000000C)
    .ARM.Collect$$libinit$$0000000E          0x00000158   Section        0  libinit2.o(.ARM.Collect$$libinit$$0000000E)
    .ARM.Collect$$libinit$$00000011          0x00000158   Section        0  libinit2.o(.ARM.Collect$$libinit$$00000011)
    .ARM.Collect$$libinit$$00000013          0x00000158   Section        0  libinit2.o(.ARM.Collect$$libinit$$00000013)
    .ARM.Collect$$libinit$$00000015          0x00000158   Section        0  libinit2.o(.ARM.Collect$$libinit$$00000015)
    .ARM.Collect$$libinit$$00000017          0x00000158   Section        0  libinit2.o(.ARM.Collect$$libinit$$00000017)
    .ARM.Collect$$libinit$$00000019          0x00000158   Section        0  libinit2.o(.ARM.Collect$$libinit$$00000019)
    .ARM.Collect$$libinit$$0000001B          0x00000158   Section        0  libinit2.o(.ARM.Collect$$libinit$$0000001B)
    .ARM.Collect$$libinit$$0000001D          0x00000158   Section        0  libinit2.o(.ARM.Collect$$libinit$$0000001D)
    .ARM.Collect$$libinit$$0000001F          0x00000158   Section        0  libinit2.o(.ARM.Collect$$libinit$$0000001F)
    .ARM.Collect$$libinit$$00000021          0x00000158   Section        0  libinit2.o(.ARM.Collect$$libinit$$00000021)
    .ARM.Collect$$libinit$$00000023          0x00000158   Section        0  libinit2.o(.ARM.Collect$$libinit$$00000023)
    .ARM.Collect$$libinit$$00000025          0x00000158   Section        0  libinit2.o(.ARM.Collect$$libinit$$00000025)
    .ARM.Collect$$libinit$$0000002C          0x00000158   Section        0  libinit2.o(.ARM.Collect$$libinit$$0000002C)
    .ARM.Collect$$libinit$$0000002E          0x00000158   Section        0  libinit2.o(.ARM.Collect$$libinit$$0000002E)
    .ARM.Collect$$libinit$$00000030          0x00000158   Section        0  libinit2.o(.ARM.Collect$$libinit$$00000030)
    .ARM.Collect$$libinit$$00000032          0x00000158   Section        0  libinit2.o(.ARM.Collect$$libinit$$00000032)
    .ARM.Collect$$libinit$$00000033          0x00000158   Section        2  libinit2.o(.ARM.Collect$$libinit$$00000033)
    .ARM.Collect$$libshutdown$$00000000      0x0000015a   Section        2  libshutdown.o(.ARM.Collect$$libshutdown$$00000000)
    .ARM.Collect$$libshutdown$$00000003      0x0000015c   Section        0  libshutdown2.o(.ARM.Collect$$libshutdown$$00000003)
    .ARM.Collect$$libshutdown$$00000006      0x0000015c   Section        0  libshutdown2.o(.ARM.Collect$$libshutdown$$00000006)
    .ARM.Collect$$libshutdown$$00000009      0x0000015c   Section        0  libshutdown2.o(.ARM.Collect$$libshutdown$$00000009)
    .ARM.Collect$$libshutdown$$0000000B      0x0000015c   Section        0  libshutdown2.o(.ARM.Collect$$libshutdown$$0000000B)
    .ARM.Collect$$libshutdown$$0000000E      0x0000015c   Section        0  libshutdown2.o(.ARM.Collect$$libshutdown$$0000000E)
    .ARM.Collect$$libshutdown$$0000000F      0x0000015c   Section        2  libshutdown2.o(.ARM.Collect$$libshutdown$$0000000F)
    .ARM.Collect$$rtentry$$00000000          0x0000015e   Section        0  __rtentry.o(.ARM.Collect$$rtentry$$00000000)
    .ARM.Collect$$rtentry$$00000002          0x0000015e   Section        0  __rtentry2.o(.ARM.Collect$$rtentry$$00000002)
    .ARM.Collect$$rtentry$$00000004          0x0000015e   Section        6  __rtentry4.o(.ARM.Collect$$rtentry$$00000004)
    .ARM.Collect$$rtentry$$00000009          0x00000164   Section        0  __rtentry2.o(.ARM.Collect$$rtentry$$00000009)
    .ARM.Collect$$rtentry$$0000000A          0x00000164   Section        4  __rtentry2.o(.ARM.Collect$$rtentry$$0000000A)
    .ARM.Collect$$rtentry$$0000000C          0x00000168   Section        0  __rtentry2.o(.ARM.Collect$$rtentry$$0000000C)
    .ARM.Collect$$rtentry$$0000000D          0x00000168   Section        8  __rtentry2.o(.ARM.Collect$$rtentry$$0000000D)
    .ARM.Collect$$rtexit$$00000000           0x00000170   Section        2  rtexit.o(.ARM.Collect$$rtexit$$00000000)
    .ARM.Collect$$rtexit$$00000002           0x00000172   Section        0  rtexit2.o(.ARM.Collect$$rtexit$$00000002)
    .ARM.Collect$$rtexit$$00000003           0x00000172   Section        4  rtexit2.o(.ARM.Collect$$rtexit$$00000003)
    .ARM.Collect$$rtexit$$00000004           0x00000176   Section        6  rtexit2.o(.ARM.Collect$$rtexit$$00000004)
    .emb_text                                0x0000017c   Section       28  retarget.o(.emb_text)
    .text                                    0x00000198   Section       44  startup_mini58series.o(.text)
    Default_Handler                          0x000001a7   Thumb Code     2  startup_mini58series.o(.text)
    .text                                    0x000001c4   Section        0  __2printf.o(.text)
    .text                                    0x000001e0   Section        0  __2sprintf.o(.text)
    .text                                    0x0000020c   Section        0  _printf_pad.o(.text)
    .text                                    0x0000025c   Section        0  _printf_dec.o(.text)
    .text                                    0x000002c8   Section        0  _printf_hex_int_ll_ptr.o(.text)
    _printf_hex_common                       0x000002c9   Thumb Code     0  _printf_hex_int_ll_ptr.o(.text)
    .text                                    0x00000360   Section        0  __printf_flags_ss_wp.o(.text)
    .text                                    0x000004e8   Section        0  strlen.o(.text)
    .text                                    0x0000052c   Section      346  aeabi_sdiv.o(.text)
    .text                                    0x00000686   Section        0  heapauxi.o(.text)
    .text                                    0x0000068c   Section        0  d2f.o(.text)
    .text                                    0x00000708   Section        0  daddsub.o(.text)
    _dadd1                                   0x00000709   Thumb Code   290  daddsub.o(.text)
    _dsub1                                   0x0000082b   Thumb Code   470  daddsub.o(.text)
    .text                                    0x00000a60   Section        0  ddiv.o(.text)
    .text                                    0x00000ea8   Section        0  dflti.o(.text)
    .text                                    0x00000f00   Section        0  dmul.o(.text)
    .text                                    0x00001148   Section        0  f2d.o(.text)
    .text                                    0x0000119c   Section        0  fdiv.o(.text)
    .text                                    0x000012fc   Section        0  ffixi.o(.text)
    .text                                    0x00001348   Section        0  _printf_intcommon.o(.text)
    .text                                    0x000013f8   Section        0  _printf_char_common.o(.text)
    _printf_input_char                       0x000013f9   Thumb Code    10  _printf_char_common.o(.text)
    .text                                    0x00001428   Section        0  _sputc.o(.text)
    .text                                    0x00001434   Section        0  _printf_char_file.o(.text)
    .text                                    0x0000145c   Section        0  rtudiv10.o(.text)
    .text                                    0x00001484   Section        0  dcmpin.o(.text)
    .text                                    0x00001514   Section        0  fcmpin.o(.text)
    .text                                    0x00001578   Section        0  cmpret.o(.text)
    .text                                    0x000015a8   Section        0  dnan2.o(.text)
    .text                                    0x000015bc   Section        0  fnan2.o(.text)
    .text                                    0x000015cc   Section       62  sys_stackheap_outer.o(.text)
    .text                                    0x0000160a   Section        0  exit.o(.text)
    .text                                    0x00001616   Section        0  retnan.o(.text)
    .text                                    0x00001674   Section        8  libspace.o(.text)
    .text                                    0x0000167c   Section        0  sys_exit.o(.text)
    .text                                    0x00001688   Section        2  use_no_semi.o(.text)
    .text                                    0x0000168a   Section        0  indicate_semi.o(.text)
    i.CLK_DisablePLL                         0x0000168c   Section        0  clk.o(i.CLK_DisablePLL)
    i.CLK_EnableModuleClock                  0x000016a0   Section        0  clk.o(i.CLK_EnableModuleClock)
    i.CLK_EnablePLL                          0x000016c4   Section        0  clk.o(i.CLK_EnablePLL)
    i.CLK_GetPLLClockFreq                    0x00001900   Section        0  system_mini58series.o(i.CLK_GetPLLClockFreq)
    CLK_GetPLLClockFreq                      0x00001901   Thumb Code   112  system_mini58series.o(i.CLK_GetPLLClockFreq)
    i.CLK_GetPLLClockFreq                    0x00001980   Section        0  clk.o(i.CLK_GetPLLClockFreq)
    CLK_GetPLLClockFreq                      0x00001981   Thumb Code   112  clk.o(i.CLK_GetPLLClockFreq)
    i.CLK_GetPLLClockFreq                    0x00001a00   Section        0  uart.o(i.CLK_GetPLLClockFreq)
    CLK_GetPLLClockFreq                      0x00001a01   Thumb Code   112  uart.o(i.CLK_GetPLLClockFreq)
    i.CLK_SetCoreClock                       0x00001a80   Section        0  clk.o(i.CLK_SetCoreClock)
    i.CLK_SetHCLK                            0x00001b1c   Section        0  clk.o(i.CLK_SetHCLK)
    i.CLK_SetModuleClock                     0x00001b48   Section        0  clk.o(i.CLK_SetModuleClock)
    i.CLK_SysTickDelay                       0x00001bac   Section        0  clk.o(i.CLK_SysTickDelay)
    i.CLK_WaitClockReady                     0x00001be0   Section        0  clk.o(i.CLK_WaitClockReady)
    i.EINT0_IRQHandler                       0x00001c08   Section        0  interrupt.o(i.EINT0_IRQHandler)
    i.EINT1_IRQHandler                       0x00001c0a   Section        0  interrupt.o(i.EINT1_IRQHandler)
    i.GPIO234_IRQHandler                     0x00001c0c   Section        0  interrupt.o(i.GPIO234_IRQHandler)
    i.GPIO_EnableInt                         0x00001c78   Section        0  gpio.o(i.GPIO_EnableInt)
    i.GPIO_SetMode                           0x00001c92   Section        0  gpio.o(i.GPIO_SetMode)
    i.Hard_Fault_Handler                     0x00001cc0   Section        0  retarget.o(i.Hard_Fault_Handler)
    __tagsym$$used                           0x00001cc1   Number         0  retarget.o(i.Hard_Fault_Handler)
    i.I2C0_IRQHandler                        0x00001cec   Section        0  interrupt.o(i.I2C0_IRQHandler)
    i.I2C1_IRQHandler                        0x00001d24   Section        0  interrupt.o(i.I2C1_IRQHandler)
    i.I2C_ClearTimeoutFlag                   0x00001d5c   Section        0  i2c.o(i.I2C_ClearTimeoutFlag)
    i.NVIC_EnableIRQ                         0x00001d68   Section        0  sysinit.o(i.NVIC_EnableIRQ)
    NVIC_EnableIRQ                           0x00001d69   Thumb Code    14  sysinit.o(i.NVIC_EnableIRQ)
    i.NVIC_SetPriority                       0x00001d7c   Section        0  sysinit.o(i.NVIC_SetPriority)
    NVIC_SetPriority                         0x00001d7d   Thumb Code   110  sysinit.o(i.NVIC_SetPriority)
    i.PWM_ConfigOutputChannel                0x00001df4   Section        0  pwm.o(i.PWM_ConfigOutputChannel)
    i.Pin2Addr                               0x00001f3c   Section        0  mygpio.o(i.Pin2Addr)
    i.SYS_Init                               0x00001f5c   Section        0  sysinit.o(i.SYS_Init)
    i.SYS_ResetChip                          0x00002028   Section        0  sys.o(i.SYS_ResetChip)
    i.SendChar                               0x0000203a   Section        0  retarget.o(i.SendChar)
    i.SendChar_ToUART                        0x00002048   Section        0  retarget.o(i.SendChar_ToUART)
    i.SystemCoreClockUpdate                  0x0000207c   Section        0  system_mini58series.o(i.SystemCoreClockUpdate)
    i.SystemInit                             0x000020fc   Section        0  system_mini58series.o(i.SystemInit)
    i.TIMER_EnableInt                        0x000020fe   Section        0  sysinit.o(i.TIMER_EnableInt)
    TIMER_EnableInt                          0x000020ff   Thumb Code    12  sysinit.o(i.TIMER_EnableInt)
    i.TIMER_GetModuleClock                   0x0000210c   Section        0  timer.o(i.TIMER_GetModuleClock)
    i.TIMER_Open                             0x00002178   Section        0  timer.o(i.TIMER_Open)
    i.TIMER_Start                            0x000021de   Section        0  sysinit.o(i.TIMER_Start)
    TIMER_Start                              0x000021df   Thumb Code    12  sysinit.o(i.TIMER_Start)
    i.TIMER_Stop                             0x000021ea   Section        0  meultrasonicsensor.o(i.TIMER_Stop)
    TIMER_Stop                               0x000021eb   Thumb Code    12  meultrasonicsensor.o(i.TIMER_Stop)
    i.TMR0_IRQHandler                        0x000021f8   Section        0  interrupt.o(i.TMR0_IRQHandler)
    i.TMR0_Init                              0x00002224   Section        0  sysinit.o(i.TMR0_Init)
    i.UART0_IRQHandler                       0x00002254   Section        0  interrupt.o(i.UART0_IRQHandler)
    i.UART1_IRQHandler                       0x0000225c   Section        0  interrupt.o(i.UART1_IRQHandler)
    i.UART_Function_Init                     0x00002264   Section        0  sysinit.o(i.UART_Function_Init)
    i.UART_SetLine_Config                    0x00002294   Section        0  uart.o(i.UART_SetLine_Config)
    i.Uart0_Handle                           0x0000234c   Section        0  interrupt.o(i.Uart0_Handle)
    Uart0_Handle                             0x0000234d   Thumb Code    96  interrupt.o(i.Uart0_Handle)
    i.Uart1_Handle                           0x000023c0   Section        0  interrupt.o(i.Uart1_Handle)
    Uart1_Handle                             0x000023c1   Thumb Code    96  interrupt.o(i.Uart1_Handle)
    i.__ARM_common_switch8                   0x00002434   Section        0  mygpio.o(i.__ARM_common_switch8)
    i._is_digit                              0x00002450   Section        0  __printf_wp.o(i._is_digit)
    i.add_sysex_data                         0x00002460   Section        0  protocol.o(i.add_sysex_data)
    i.assign_dev_id_response                 0x000025c8   Section        0  protocol.o(i.assign_dev_id_response)
    assign_dev_id_response                   0x000025c9   Thumb Code   148  protocol.o(i.assign_dev_id_response)
    i.blink_rgb_led                          0x0000266c   Section        0  sysinit.o(i.blink_rgb_led)
    i.check_sysex_message                    0x00002714   Section        0  protocol.o(i.check_sysex_message)
    check_sysex_message                      0x00002715   Thumb Code    54  protocol.o(i.check_sysex_message)
    i.count_start                            0x00002754   Section        0  meultrasonicsensor.o(i.count_start)
    count_start                              0x00002755   Thumb Code    74  meultrasonicsensor.o(i.count_start)
    i.data_len                               0x000027a8   Section        0  protocol.o(i.data_len)
    data_len                                 0x000027a9   Thumb Code    72  protocol.o(i.data_len)
    i.delayMicroseconds                      0x000027f0   Section        0  systime.o(i.delayMicroseconds)
    i.digitalWrite                           0x000027fc   Section        0  mygpio.o(i.digitalWrite)
    i.ferror                                 0x0000280c   Section        0  retarget.o(i.ferror)
    i.flush_sysex_to_send                    0x00002814   Section        0  protocol.o(i.flush_sysex_to_send)
    i.flush_uart0_local_buffer               0x000028b0   Section        0  protocol.o(i.flush_uart0_local_buffer)
    i.flush_uart0_to_uart1                   0x00002918   Section        0  protocol.o(i.flush_uart0_to_uart1)
    i.flush_uart1_to_uart0                   0x000029a4   Section        0  protocol.o(i.flush_uart1_to_uart0)
    i.fputc                                  0x00002a7c   Section        0  retarget.o(i.fputc)
    i.get_sensor_data                        0x00002a8c   Section        0  main.o(i.get_sensor_data)
    i.get_ultrasonic_state                   0x00002a9c   Section        0  meultrasonicsensor.o(i.get_ultrasonic_state)
    i.handshake_response                     0x00002aa8   Section        0  protocol.o(i.handshake_response)
    handshake_response                       0x00002aa9   Thumb Code     8  protocol.o(i.handshake_response)
    i.init_block                             0x00002ab4   Section        0  main.o(i.init_block)
    i.init_neuron_system                     0x00002ad4   Section        0  sysinit.o(i.init_neuron_system)
    i.init_sysex_to_send                     0x00002b1c   Section        0  protocol.o(i.init_sysex_to_send)
    i.main                                   0x00002b70   Section        0  main.o(i.main)
    i.millis                                 0x00002cf0   Section        0  systime.o(i.millis)
    i.parse_uart0_recv_buffer                0x00002cfc   Section        0  protocol.o(i.parse_uart0_recv_buffer)
    i.pinMode                                0x00002e50   Section        0  mygpio.o(i.pinMode)
    i.poll_led_request                       0x00002ed4   Section        0  sysinit.o(i.poll_led_request)
    i.processSysexMessageOffline             0x00002ef8   Section        0  protocol.o(i.processSysexMessageOffline)
    processSysexMessageOffline               0x00002ef9   Thumb Code    24  protocol.o(i.processSysexMessageOffline)
    i.processSysexMessageOnline              0x00002f14   Section        0  protocol.o(i.processSysexMessageOnline)
    processSysexMessageOnline                0x00002f15   Thumb Code   154  protocol.o(i.processSysexMessageOnline)
    i.pwm_write                              0x00002fc0   Section        0  mygpio.o(i.pwm_write)
    i.query_firmware_version_response        0x00003270   Section        0  protocol.o(i.query_firmware_version_response)
    query_firmware_version_response          0x00003271   Thumb Code    60  protocol.o(i.query_firmware_version_response)
    i.query_protocol_version_response        0x000032ac   Section        0  protocol.o(i.query_protocol_version_response)
    query_protocol_version_response          0x000032ad   Thumb Code    62  protocol.o(i.query_protocol_version_response)
    i.readShort                              0x000032ec   Section        0  protocol.o(i.readShort)
    readShort                                0x000032ed   Thumb Code    66  protocol.o(i.readShort)
    i.read_next_sysex_data                   0x00003334   Section        0  protocol.o(i.read_next_sysex_data)
    i.read_sysex_type                        0x0000350c   Section        0  protocol.o(i.read_sysex_type)
    i.readbyte                               0x0000357c   Section        0  protocol.o(i.readbyte)
    readbyte                                 0x0000357d   Thumb Code    36  protocol.o(i.readbyte)
    i.readfloat                              0x000035a4   Section        0  protocol.o(i.readfloat)
    readfloat                                0x000035a5   Thumb Code   108  protocol.o(i.readfloat)
    i.readlong                               0x00003614   Section        0  protocol.o(i.readlong)
    readlong                                 0x00003615   Thumb Code   108  protocol.o(i.readlong)
    i.real_convert_to_uinform                0x00003684   Section        0  protocol.o(i.real_convert_to_uinform)
    i.response_product_query                 0x000036cc   Section        0  protocol.o(i.response_product_query)
    response_product_query                   0x000036cd   Thumb Code    78  protocol.o(i.response_product_query)
    i.sendFloat                              0x0000372c   Section        0  protocol.o(i.sendFloat)
    sendFloat                                0x0000372d   Thumb Code   172  protocol.o(i.sendFloat)
    i.sendShort                              0x000037e4   Section        0  protocol.o(i.sendShort)
    sendShort                                0x000037e5   Thumb Code   112  protocol.o(i.sendShort)
    i.send_sensor_report_offline             0x00003860   Section        0  main.o(i.send_sensor_report_offline)
    i.send_sensor_report_online              0x000038b0   Section        0  main.o(i.send_sensor_report_online)
    i.send_sysex_return_code                 0x000038d8   Section        0  protocol.o(i.send_sysex_return_code)
    i.sendbyte                               0x00003908   Section        0  protocol.o(i.sendbyte)
    sendbyte                                 0x00003909   Thumb Code    64  protocol.o(i.sendbyte)
    i.sendlong                               0x00003954   Section        0  protocol.o(i.sendlong)
    sendlong                                 0x00003955   Thumb Code   172  protocol.o(i.sendlong)
    i.set_baudrate_response                  0x00003a0c   Section        0  protocol.o(i.set_baudrate_response)
    set_baudrate_response                    0x00003a0d   Thumb Code   114  protocol.o(i.set_baudrate_response)
    i.set_report_mode_response               0x00003a88   Section        0  protocol.o(i.set_report_mode_response)
    set_report_mode_response                 0x00003a89   Thumb Code    52  protocol.o(i.set_report_mode_response)
    i.set_rgb_led                            0x00003ac8   Section        0  sysinit.o(i.set_rgb_led)
    i.set_rgb_led_response                   0x00003bc8   Section        0  protocol.o(i.set_rgb_led_response)
    set_rgb_led_response                     0x00003bc9   Thumb Code    76  protocol.o(i.set_rgb_led_response)
    i.set_sysex_feedback_response            0x00003c14   Section        0  protocol.o(i.set_sysex_feedback_response)
    set_sysex_feedback_response              0x00003c15   Thumb Code    10  protocol.o(i.set_sysex_feedback_response)
    i.set_ultrasonic_state                   0x00003c28   Section        0  meultrasonicsensor.o(i.set_ultrasonic_state)
    i.stackDump                              0x00003c34   Section        0  retarget.o(i.stackDump)
    i.sysex_process_online                   0x00003cdc   Section        0  main.o(i.sysex_process_online)
    i.system_reset_response                  0x00003d3c   Section        0  protocol.o(i.system_reset_response)
    system_reset_response                    0x00003d3d   Thumb Code    10  protocol.o(i.system_reset_response)
    i.transmint8Puls                         0x00003d48   Section        0  meultrasonicsensor.o(i.transmint8Puls)
    transmint8Puls                           0x00003d49   Thumb Code    96  meultrasonicsensor.o(i.transmint8Puls)
    i.uart0_recv_attach                      0x00003db0   Section        0  protocol.o(i.uart0_recv_attach)
    i.ultrasonicDistance                     0x00003dcc   Section        0  meultrasonicsensor.o(i.ultrasonicDistance)
    i.ultrasonicSensorInit                   0x00003eb4   Section        0  meultrasonicsensor.o(i.ultrasonicSensorInit)
    i.write_byte_uart0                       0x00003f64   Section        0  protocol.o(i.write_byte_uart0)
    write_byte_uart0                         0x00003f65   Thumb Code    50  protocol.o(i.write_byte_uart0)
    i.write_byte_uart1                       0x00003fa4   Section        0  protocol.o(i.write_byte_uart1)
    write_byte_uart1                         0x00003fa5   Thumb Code    24  protocol.o(i.write_byte_uart1)
    x$fpl$dleqf                              0x00003fc0   Section      100  dlef.o(x$fpl$dleqf)
    x$fpl$drleqf                             0x00004024   Section      104  drlef.o(x$fpl$drleqf)
    x$fpl$fadd                               0x0000408c   Section      140  faddsub.o(x$fpl$fadd)
    _fadd1                                   0x00004099   Thumb Code     0  faddsub.o(x$fpl$fadd)
    x$fpl$fmul                               0x00004118   Section      176  fmul.o(x$fpl$fmul)
    x$fpl$frleqf                             0x000041c8   Section       88  frlef.o(x$fpl$frleqf)
    x$fpl$fsub                               0x00004220   Section      208  faddsub.o(x$fpl$fsub)
    _fsub1                                   0x0000422d   Thumb Code     0  faddsub.o(x$fpl$fsub)
    .constdata                               0x000042f0   Section       72  protocol.o(.constdata)
    x$fpl$usenofp                            0x000042f0   Section        0  usenofp.o(x$fpl$usenofp)
    .constdata                               0x00004338   Section       16  uart.o(.constdata)
    .constdata                               0x00004348   Section       40  _printf_hex_int_ll_ptr.o(.constdata)
    uc_hextab                                0x00004348   Data          20  _printf_hex_int_ll_ptr.o(.constdata)
    lc_hextab                                0x0000435c   Data          20  _printf_hex_int_ll_ptr.o(.constdata)
    .constdata                               0x00004370   Section       17  __printf_flags_ss_wp.o(.constdata)
    maptable                                 0x00004370   Data          17  __printf_flags_ss_wp.o(.constdata)
    .constdata                               0x00004381   Section      128  ddiv.o(.constdata)
    ddiv_reciptbl                            0x00004381   Data         128  ddiv.o(.constdata)
    .constdata                               0x00004401   Section       64  fdiv.o(.constdata)
    fdiv_tab                                 0x00004401   Data          64  fdiv.o(.constdata)
    .data                                    0x20000000   Section       16  system_mini58series.o(.data)
    .data                                    0x20000010   Section        9  meultrasonicsensor.o(.data)
    t1_pin_address                           0x20000010   Data           4  meultrasonicsensor.o(.data)
    t2_pin_address                           0x20000014   Data           4  meultrasonicsensor.o(.data)
    s_ultransonic_state                      0x20000018   Data           1  meultrasonicsensor.o(.data)
    .data                                    0x2000001c   Section       20  interrupt.o(.data)
    .data                                    0x20000030   Section       80  protocol.o(.data)
    s_check_sum                              0x20000058   Data           1  protocol.o(.data)
    s_feedback_flag                          0x20000059   Data           1  protocol.o(.data)
    s_to_send_bytes_count                    0x2000005a   Data           2  protocol.o(.data)
    s_read_bytes_count                       0x2000005c   Data           2  protocol.o(.data)
    s_uart1_read_bytes_count                 0x2000005e   Data           2  protocol.o(.data)
    s_get_product_query_head_first           0x20000060   Data           2  protocol.o(.data)
    .data                                    0x20000080   Section       14  sysinit.o(.data)
    s_while_count                            0x20000080   Data           4  sysinit.o(.data)
    s_r_value                                0x20000084   Data           1  sysinit.o(.data)
    s_g_value                                0x20000085   Data           1  sysinit.o(.data)
    s_b_value                                0x20000086   Data           1  sysinit.o(.data)
    previous_time                            0x20000088   Data           4  sysinit.o(.data)
    s_count                                  0x2000008c   Data           1  sysinit.o(.data)
    s_blink_flag                             0x2000008d   Data           1  sysinit.o(.data)
    .data                                    0x20000090   Section       20  main.o(.data)
    s_online_start_mills                     0x20000090   Data           4  main.o(.data)
    s_offline_start_mills                    0x20000094   Data           4  main.o(.data)
    .data                                    0x200000a4   Section        8  retarget.o(.data)
    .bss                                     0x200000ac   Section     1152  protocol.o(.bss)
    Uart0SendData                            0x200002ac   Data         256  protocol.o(.bss)
    sysex                                    0x200003ac   Data         128  protocol.o(.bss)
    sysex_to_send                            0x2000042c   Data         128  protocol.o(.bss)
    uart1_sysex_to_send                      0x200004ac   Data         128  protocol.o(.bss)
    .bss                                     0x2000052c   Section       96  libspace.o(.bss)
    HEAP                                     0x20000590   Section        0  startup_mini58series.o(HEAP)
    STACK                                    0x20000590   Section      512  startup_mini58series.o(STACK)
    Heap_Mem                                 0x20000590   Data           0  startup_mini58series.o(HEAP)
    Stack_Mem                                0x20000590   Data         512  startup_mini58series.o(STACK)
    __initial_sp                             0x20000790   Data           0  startup_mini58series.o(STACK)

    Global Symbols

    Symbol Name                              Value     Ov Type        Size  Object(Section)

    BuildAttributes$$THM_ISAv3M$S$PE$A:L22$X:L11$S22$IEEE1$IW$USESV6$~STKCKD$USESV7$~SHL$OTIME$ROPI$IEEEJ$EBA8$UX$STANDARDLIB$REQ8$PRES8$EABIv2 0x00000000   Number         0  anon$$obj.o ABSOLUTE
    __ARM_use_no_argv                        0x00000000   Number         0  main.o ABSOLUTE
    __Vectors                                0x00000000   Data           4  startup_mini58series.o(RESET)
    _printf_flags                            0x00000000   Number         0  printf_stubs.o ABSOLUTE
    _printf_return_value                     0x00000000   Number         0  printf_stubs.o ABSOLUTE
    _printf_sizespec                         0x00000000   Number         0  printf_stubs.o ABSOLUTE
    _printf_widthprec                        0x00000000   Number         0  printf_stubs.o ABSOLUTE
    __ARM_exceptions_init                     - Undefined Weak Reference
    __alloca_initialize                       - Undefined Weak Reference
    __arm_preinit_                            - Undefined Weak Reference
    __cpp_initialize__aeabi_                  - Undefined Weak Reference
    __cxa_finalize                            - Undefined Weak Reference
    __sigvec_lookup                           - Undefined Weak Reference
    _atexit_init                              - Undefined Weak Reference
    _call_atexit_fns                          - Undefined Weak Reference
    _clock_init                               - Undefined Weak Reference
    _fp_trap_init                             - Undefined Weak Reference
    _fp_trap_shutdown                         - Undefined Weak Reference
    _get_lc_collate                           - Undefined Weak Reference
    _get_lc_monetary                          - Undefined Weak Reference
    _get_lc_time                              - Undefined Weak Reference
    _getenv_init                              - Undefined Weak Reference
    _handle_redirection                       - Undefined Weak Reference
    _init_alloc                               - Undefined Weak Reference
    _init_user_alloc                          - Undefined Weak Reference
    _initio                                   - Undefined Weak Reference
    _printf_mbtowc                            - Undefined Weak Reference
    _printf_wc                                - Undefined Weak Reference
    _rand_init                                - Undefined Weak Reference
    _signal_finish                            - Undefined Weak Reference
    _signal_init                              - Undefined Weak Reference
    _terminate_alloc                          - Undefined Weak Reference
    _terminate_user_alloc                     - Undefined Weak Reference
    _terminateio                              - Undefined Weak Reference
    __main                                   0x000000c1   Thumb Code     8  __main.o(!!!main)
    __scatterload                            0x000000c9   Thumb Code     0  __scatter.o(!!!scatter)
    __scatterload_rt2                        0x000000c9   Thumb Code    52  __scatter.o(!!!scatter)
    __scatterload_rt2_thumb_only             0x000000c9   Thumb Code     0  __scatter.o(!!!scatter)
    __scatterload_null                       0x000000d9   Thumb Code     0  __scatter.o(!!!scatter)
    __scatterload_copy                       0x00000105   Thumb Code    26  __scatter_copy.o(!!handler_copy)
    __scatterload_zeroinit                   0x00000121   Thumb Code    28  __scatter_zi.o(!!handler_zi)
    _printf_percent                          0x0000013d   Thumb Code     0  _printf_percent.o(.ARM.Collect$$_printf_percent$$00000000)
    _printf_d                                0x0000013f   Thumb Code     0  _printf_d.o(.ARM.Collect$$_printf_percent$$00000009)
    _printf_x                                0x00000149   Thumb Code     0  _printf_x.o(.ARM.Collect$$_printf_percent$$0000000C)
    _printf_percent_end                      0x00000153   Thumb Code     0  _printf_percent_end.o(.ARM.Collect$$_printf_percent$$00000017)
    __rt_lib_init                            0x00000157   Thumb Code     0  libinit.o(.ARM.Collect$$libinit$$00000000)
    __rt_lib_init_alloca_1                   0x00000159   Thumb Code     0  libinit2.o(.ARM.Collect$$libinit$$0000002E)
    __rt_lib_init_argv_1                     0x00000159   Thumb Code     0  libinit2.o(.ARM.Collect$$libinit$$0000002C)
    __rt_lib_init_atexit_1                   0x00000159   Thumb Code     0  libinit2.o(.ARM.Collect$$libinit$$0000001B)
    __rt_lib_init_clock_1                    0x00000159   Thumb Code     0  libinit2.o(.ARM.Collect$$libinit$$00000021)
    __rt_lib_init_cpp_1                      0x00000159   Thumb Code     0  libinit2.o(.ARM.Collect$$libinit$$00000032)
    __rt_lib_init_exceptions_1               0x00000159   Thumb Code     0  libinit2.o(.ARM.Collect$$libinit$$00000030)
    __rt_lib_init_fp_1                       0x00000159   Thumb Code     0  libinit2.o(.ARM.Collect$$libinit$$00000002)
    __rt_lib_init_fp_trap_1                  0x00000159   Thumb Code     0  libinit2.o(.ARM.Collect$$libinit$$0000001F)
    __rt_lib_init_getenv_1                   0x00000159   Thumb Code     0  libinit2.o(.ARM.Collect$$libinit$$00000023)
    __rt_lib_init_heap_1                     0x00000159   Thumb Code     0  libinit2.o(.ARM.Collect$$libinit$$0000000A)
    __rt_lib_init_lc_collate_1               0x00000159   Thumb Code     0  libinit2.o(.ARM.Collect$$libinit$$00000011)
    __rt_lib_init_lc_ctype_1                 0x00000159   Thumb Code     0  libinit2.o(.ARM.Collect$$libinit$$00000013)
    __rt_lib_init_lc_monetary_1              0x00000159   Thumb Code     0  libinit2.o(.ARM.Collect$$libinit$$00000015)
    __rt_lib_init_lc_numeric_1               0x00000159   Thumb Code     0  libinit2.o(.ARM.Collect$$libinit$$00000017)
    __rt_lib_init_lc_time_1                  0x00000159   Thumb Code     0  libinit2.o(.ARM.Collect$$libinit$$00000019)
    __rt_lib_init_preinit_1                  0x00000159   Thumb Code     0  libinit2.o(.ARM.Collect$$libinit$$00000004)
    __rt_lib_init_rand_1                     0x00000159   Thumb Code     0  libinit2.o(.ARM.Collect$$libinit$$0000000E)
    __rt_lib_init_return                     0x00000159   Thumb Code     0  libinit2.o(.ARM.Collect$$libinit$$00000033)
    __rt_lib_init_signal_1                   0x00000159   Thumb Code     0  libinit2.o(.ARM.Collect$$libinit$$0000001D)
    __rt_lib_init_stdio_1                    0x00000159   Thumb Code     0  libinit2.o(.ARM.Collect$$libinit$$00000025)
    __rt_lib_init_user_alloc_1               0x00000159   Thumb Code     0  libinit2.o(.ARM.Collect$$libinit$$0000000C)
    __rt_lib_shutdown                        0x0000015b   Thumb Code     0  libshutdown.o(.ARM.Collect$$libshutdown$$00000000)
    __rt_lib_shutdown_fp_trap_1              0x0000015d   Thumb Code     0  libshutdown2.o(.ARM.Collect$$libshutdown$$00000006)
    __rt_lib_shutdown_heap_1                 0x0000015d   Thumb Code     0  libshutdown2.o(.ARM.Collect$$libshutdown$$0000000E)
    __rt_lib_shutdown_return                 0x0000015d   Thumb Code     0  libshutdown2.o(.ARM.Collect$$libshutdown$$0000000F)
    __rt_lib_shutdown_signal_1               0x0000015d   Thumb Code     0  libshutdown2.o(.ARM.Collect$$libshutdown$$00000009)
    __rt_lib_shutdown_stdio_1                0x0000015d   Thumb Code     0  libshutdown2.o(.ARM.Collect$$libshutdown$$00000003)
    __rt_lib_shutdown_user_alloc_1           0x0000015d   Thumb Code     0  libshutdown2.o(.ARM.Collect$$libshutdown$$0000000B)
    __rt_entry                               0x0000015f   Thumb Code     0  __rtentry.o(.ARM.Collect$$rtentry$$00000000)
    __rt_entry_presh_1                       0x0000015f   Thumb Code     0  __rtentry2.o(.ARM.Collect$$rtentry$$00000002)
    __rt_entry_sh                            0x0000015f   Thumb Code     0  __rtentry4.o(.ARM.Collect$$rtentry$$00000004)
    __rt_entry_li                            0x00000165   Thumb Code     0  __rtentry2.o(.ARM.Collect$$rtentry$$0000000A)
    __rt_entry_postsh_1                      0x00000165   Thumb Code     0  __rtentry2.o(.ARM.Collect$$rtentry$$00000009)
    __rt_entry_main                          0x00000169   Thumb Code     0  __rtentry2.o(.ARM.Collect$$rtentry$$0000000D)
    __rt_entry_postli_1                      0x00000169   Thumb Code     0  __rtentry2.o(.ARM.Collect$$rtentry$$0000000C)
    __rt_exit                                0x00000171   Thumb Code     0  rtexit.o(.ARM.Collect$$rtexit$$00000000)
    __rt_exit_ls                             0x00000173   Thumb Code     0  rtexit2.o(.ARM.Collect$$rtexit$$00000003)
    __rt_exit_prels_1                        0x00000173   Thumb Code     0  rtexit2.o(.ARM.Collect$$rtexit$$00000002)
    __rt_exit_exit                           0x00000177   Thumb Code     0  rtexit2.o(.ARM.Collect$$rtexit$$00000004)
    HardFault_Handler                        0x0000017d   Thumb Code    24  retarget.o(.emb_text)
    Reset_Handler                            0x00000199   Thumb Code     4  startup_mini58series.o(.text)
    NMI_Handler                              0x0000019d   Thumb Code     2  startup_mini58series.o(.text)
    SVC_Handler                              0x000001a1   Thumb Code     2  startup_mini58series.o(.text)
    PendSV_Handler                           0x000001a3   Thumb Code     2  startup_mini58series.o(.text)
    SysTick_Handler                          0x000001a5   Thumb Code     2  startup_mini58series.o(.text)
    ACMP_IRQHandler                          0x000001a7   Thumb Code     0  startup_mini58series.o(.text)
    ADC_IRQHandler                           0x000001a7   Thumb Code     0  startup_mini58series.o(.text)
    BOD_IRQHandler                           0x000001a7   Thumb Code     0  startup_mini58series.o(.text)
    FB_IRQHandler                            0x000001a7   Thumb Code     0  startup_mini58series.o(.text)
    GPIO01_IRQHandler                        0x000001a7   Thumb Code     0  startup_mini58series.o(.text)
    GPIO5_IRQHandler                         0x000001a7   Thumb Code     0  startup_mini58series.o(.text)
    HIRC_IRQHandler                          0x000001a7   Thumb Code     0  startup_mini58series.o(.text)
    PDWU_IRQHandler                          0x000001a7   Thumb Code     0  startup_mini58series.o(.text)
    PWM_IRQHandler                           0x000001a7   Thumb Code     0  startup_mini58series.o(.text)
    SPI_IRQHandler                           0x000001a7   Thumb Code     0  startup_mini58series.o(.text)
    TMR1_IRQHandler                          0x000001a7   Thumb Code     0  startup_mini58series.o(.text)
    WDT_IRQHandler                           0x000001a7   Thumb Code     0  startup_mini58series.o(.text)
    __user_initial_stackheap                 0x000001a9   Thumb Code     0  startup_mini58series.o(.text)
    __2printf                                0x000001c5   Thumb Code    22  __2printf.o(.text)
    __2sprintf                               0x000001e1   Thumb Code    40  __2sprintf.o(.text)
    _printf_pre_padding                      0x0000020d   Thumb Code    44  _printf_pad.o(.text)
    _printf_post_padding                     0x00000239   Thumb Code    34  _printf_pad.o(.text)
    _printf_int_dec                          0x0000025d   Thumb Code    90  _printf_dec.o(.text)
    _printf_longlong_hex                     0x000002c9   Thumb Code    88  _printf_hex_int_ll_ptr.o(.text)
    _printf_int_hex                          0x00000321   Thumb Code    28  _printf_hex_int_ll_ptr.o(.text)
    _printf_ll_hex                           0x0000033d   Thumb Code    10  _printf_hex_int_ll_ptr.o(.text)
    _printf_hex_ptr                          0x00000347   Thumb Code    22  _printf_hex_int_ll_ptr.o(.text)
    __printf                                 0x00000361   Thumb Code   386  __printf_flags_ss_wp.o(.text)
    strlen                                   0x000004e9   Thumb Code    62  strlen.o(.text)
    __aeabi_uidiv                            0x0000052d   Thumb Code     0  aeabi_sdiv.o(.text)
    __aeabi_uidivmod                         0x0000052d   Thumb Code    20  aeabi_sdiv.o(.text)
    __aeabi_idiv                             0x00000541   Thumb Code     0  aeabi_sdiv.o(.text)
    __aeabi_idivmod                          0x00000541   Thumb Code   326  aeabi_sdiv.o(.text)
    __use_two_region_memory                  0x00000687   Thumb Code     2  heapauxi.o(.text)
    __rt_heap_escrow$2region                 0x00000689   Thumb Code     2  heapauxi.o(.text)
    __rt_heap_expand$2region                 0x0000068b   Thumb Code     2  heapauxi.o(.text)
    __aeabi_d2f                              0x0000068d   Thumb Code     0  d2f.o(.text)
    _d2f                                     0x0000068d   Thumb Code   120  d2f.o(.text)
    __aeabi_dadd                             0x00000a01   Thumb Code     0  daddsub.o(.text)
    _dadd                                    0x00000a01   Thumb Code    26  daddsub.o(.text)
    __aeabi_dsub                             0x00000a1b   Thumb Code     0  daddsub.o(.text)
    _dsub                                    0x00000a1b   Thumb Code    22  daddsub.o(.text)
    __aeabi_drsub                            0x00000a31   Thumb Code     0  daddsub.o(.text)
    _drsb                                    0x00000a31   Thumb Code    28  daddsub.o(.text)
    __aeabi_ddiv                             0x00000a61   Thumb Code     0  ddiv.o(.text)
    _ddiv                                    0x00000a61   Thumb Code  1072  ddiv.o(.text)
    _drdiv                                   0x00000e91   Thumb Code    20  ddiv.o(.text)
    __aeabi_i2d_normalise                    0x00000ea9   Thumb Code    66  dflti.o(.text)
    __aeabi_i2d                              0x00000eeb   Thumb Code    16  dflti.o(.text)
    _dflt                                    0x00000eeb   Thumb Code     0  dflti.o(.text)
    __aeabi_ui2d                             0x00000efb   Thumb Code     6  dflti.o(.text)
    _dfltu                                   0x00000efb   Thumb Code     0  dflti.o(.text)
    __aeabi_dmul                             0x00000f01   Thumb Code     0  dmul.o(.text)
    _dmul                                    0x00000f01   Thumb Code   558  dmul.o(.text)
    __aeabi_f2d                              0x00001149   Thumb Code     0  f2d.o(.text)
    _f2d                                     0x00001149   Thumb Code    80  f2d.o(.text)
    __aeabi_fdiv                             0x0000119d   Thumb Code     0  fdiv.o(.text)
    _fdiv                                    0x0000119d   Thumb Code   334  fdiv.o(.text)
    _frdiv                                   0x000012eb   Thumb Code     8  fdiv.o(.text)
    __aeabi_f2iz                             0x000012fd   Thumb Code     0  ffixi.o(.text)
    _ffix                                    0x000012fd   Thumb Code    76  ffixi.o(.text)
    _printf_int_common                       0x00001349   Thumb Code   176  _printf_intcommon.o(.text)
    _printf_char_common                      0x00001403   Thumb Code    32  _printf_char_common.o(.text)
    _sputc                                   0x00001429   Thumb Code    10  _sputc.o(.text)
    _printf_char_file                        0x00001435   Thumb Code    34  _printf_char_file.o(.text)
    __rt_udiv10                              0x0000145d   Thumb Code    40  rtudiv10.o(.text)
    __fpl_dcmp_InfNaN                        0x00001485   Thumb Code   140  dcmpin.o(.text)
    __fpl_fcmp_InfNaN                        0x00001515   Thumb Code    96  fcmpin.o(.text)
    __fpl_cmpreturn                          0x00001579   Thumb Code    44  cmpret.o(.text)
    __fpl_dcheck_NaN2                        0x000015a9   Thumb Code    14  dnan2.o(.text)
    __fpl_fcheck_NaN2                        0x000015bd   Thumb Code    10  fnan2.o(.text)
    __user_setup_stackheap                   0x000015cd   Thumb Code    62  sys_stackheap_outer.o(.text)
    exit                                     0x0000160b   Thumb Code    12  exit.o(.text)
    __fpl_return_NaN                         0x00001617   Thumb Code    94  retnan.o(.text)
    __user_libspace                          0x00001675   Thumb Code     8  libspace.o(.text)
    __user_perproc_libspace                  0x00001675   Thumb Code     0  libspace.o(.text)
    __user_perthread_libspace                0x00001675   Thumb Code     0  libspace.o(.text)
    _sys_exit                                0x0000167d   Thumb Code     8  sys_exit.o(.text)
    __I$use$semihosting                      0x00001689   Thumb Code     0  use_no_semi.o(.text)
    __use_no_semihosting_swi                 0x00001689   Thumb Code     2  use_no_semi.o(.text)
    __semihosting_library_function           0x0000168b   Thumb Code     0  indicate_semi.o(.text)
    CLK_DisablePLL                           0x0000168d   Thumb Code    16  clk.o(i.CLK_DisablePLL)
    CLK_EnableModuleClock                    0x000016a1   Thumb Code    32  clk.o(i.CLK_EnableModuleClock)
    CLK_EnablePLL                            0x000016c5   Thumb Code   528  clk.o(i.CLK_EnablePLL)
    CLK_SetCoreClock                         0x00001a81   Thumb Code   144  clk.o(i.CLK_SetCoreClock)
    CLK_SetHCLK                              0x00001b1d   Thumb Code    38  clk.o(i.CLK_SetHCLK)
    CLK_SetModuleClock                       0x00001b49   Thumb Code    94  clk.o(i.CLK_SetModuleClock)
    CLK_SysTickDelay                         0x00001bad   Thumb Code    42  clk.o(i.CLK_SysTickDelay)
    CLK_WaitClockReady                       0x00001be1   Thumb Code    32  clk.o(i.CLK_WaitClockReady)
    EINT0_IRQHandler                         0x00001c09   Thumb Code     2  interrupt.o(i.EINT0_IRQHandler)
    EINT1_IRQHandler                         0x00001c0b   Thumb Code     2  interrupt.o(i.EINT1_IRQHandler)
    GPIO234_IRQHandler                       0x00001c0d   Thumb Code    92  interrupt.o(i.GPIO234_IRQHandler)
    GPIO_EnableInt                           0x00001c79   Thumb Code    26  gpio.o(i.GPIO_EnableInt)
    GPIO_SetMode                             0x00001c93   Thumb Code    46  gpio.o(i.GPIO_SetMode)
    Hard_Fault_Handler                       0x00001cc1   Thumb Code    18  retarget.o(i.Hard_Fault_Handler)
    I2C0_IRQHandler                          0x00001ced   Thumb Code    48  interrupt.o(i.I2C0_IRQHandler)
    I2C1_IRQHandler                          0x00001d25   Thumb Code    48  interrupt.o(i.I2C1_IRQHandler)
    I2C_ClearTimeoutFlag                     0x00001d5d   Thumb Code    10  i2c.o(i.I2C_ClearTimeoutFlag)
    PWM_ConfigOutputChannel                  0x00001df5   Thumb Code   316  pwm.o(i.PWM_ConfigOutputChannel)
    Pin2Addr                                 0x00001f3d   Thumb Code    26  mygpio.o(i.Pin2Addr)
    SYS_Init                                 0x00001f5d   Thumb Code   170  sysinit.o(i.SYS_Init)
    SYS_ResetChip                            0x00002029   Thumb Code    18  sys.o(i.SYS_ResetChip)
    SendChar                                 0x0000203b   Thumb Code    12  retarget.o(i.SendChar)
    SendChar_ToUART                          0x00002049   Thumb Code    48  retarget.o(i.SendChar_ToUART)
    SystemCoreClockUpdate                    0x0000207d   Thumb Code    94  system_mini58series.o(i.SystemCoreClockUpdate)
    SystemInit                               0x000020fd   Thumb Code     2  system_mini58series.o(i.SystemInit)
    TIMER_GetModuleClock                     0x0000210d   Thumb Code    84  timer.o(i.TIMER_GetModuleClock)
    TIMER_Open                               0x00002179   Thumb Code   102  timer.o(i.TIMER_Open)
    TMR0_IRQHandler                          0x000021f9   Thumb Code    36  interrupt.o(i.TMR0_IRQHandler)
    TMR0_Init                                0x00002225   Thumb Code    44  sysinit.o(i.TMR0_Init)
    UART0_IRQHandler                         0x00002255   Thumb Code     8  interrupt.o(i.UART0_IRQHandler)
    UART1_IRQHandler                         0x0000225d   Thumb Code     8  interrupt.o(i.UART1_IRQHandler)
    UART_Function_Init                       0x00002265   Thumb Code    40  sysinit.o(i.UART_Function_Init)
    UART_SetLine_Config                      0x00002295   Thumb Code   170  uart.o(i.UART_SetLine_Config)
    __ARM_common_switch8                     0x00002435   Thumb Code    28  mygpio.o(i.__ARM_common_switch8)
    _is_digit                                0x00002451   Thumb Code    14  __printf_wp.o(i._is_digit)
    add_sysex_data                           0x00002461   Thumb Code   352  protocol.o(i.add_sysex_data)
    blink_rgb_led                            0x0000266d   Thumb Code   144  sysinit.o(i.blink_rgb_led)
    delayMicroseconds                        0x000027f1   Thumb Code    12  systime.o(i.delayMicroseconds)
    digitalWrite                             0x000027fd   Thumb Code    16  mygpio.o(i.digitalWrite)
    ferror                                   0x0000280d   Thumb Code     8  retarget.o(i.ferror)
    flush_sysex_to_send                      0x00002815   Thumb Code   142  protocol.o(i.flush_sysex_to_send)
    flush_uart0_local_buffer                 0x000028b1   Thumb Code    84  protocol.o(i.flush_uart0_local_buffer)
    flush_uart0_to_uart1                     0x00002919   Thumb Code   126  protocol.o(i.flush_uart0_to_uart1)
    flush_uart1_to_uart0                     0x000029a5   Thumb Code   182  protocol.o(i.flush_uart1_to_uart0)
    fputc                                    0x00002a7d   Thumb Code    16  retarget.o(i.fputc)
    get_sensor_data                          0x00002a8d   Thumb Code    10  main.o(i.get_sensor_data)
    get_ultrasonic_state                     0x00002a9d   Thumb Code     6  meultrasonicsensor.o(i.get_ultrasonic_state)
    init_block                               0x00002ab5   Thumb Code    22  main.o(i.init_block)
    init_neuron_system                       0x00002ad5   Thumb Code    62  sysinit.o(i.init_neuron_system)
    init_sysex_to_send                       0x00002b1d   Thumb Code    66  protocol.o(i.init_sysex_to_send)
    main                                     0x00002b71   Thumb Code   342  main.o(i.main)
    millis                                   0x00002cf1   Thumb Code     6  systime.o(i.millis)
    parse_uart0_recv_buffer                  0x00002cfd   Thumb Code   300  protocol.o(i.parse_uart0_recv_buffer)
    pinMode                                  0x00002e51   Thumb Code   122  mygpio.o(i.pinMode)
    poll_led_request                         0x00002ed5   Thumb Code    30  sysinit.o(i.poll_led_request)
    pwm_write                                0x00002fc1   Thumb Code   656  mygpio.o(i.pwm_write)
    read_next_sysex_data                     0x00003335   Thumb Code   458  protocol.o(i.read_next_sysex_data)
    read_sysex_type                          0x0000350d   Thumb Code   102  protocol.o(i.read_sysex_type)
    real_convert_to_uinform                  0x00003685   Thumb Code    66  protocol.o(i.real_convert_to_uinform)
    send_sensor_report_offline               0x00003861   Thumb Code    66  main.o(i.send_sensor_report_offline)
    send_sensor_report_online                0x000038b1   Thumb Code    32  main.o(i.send_sensor_report_online)
    send_sysex_return_code                   0x000038d9   Thumb Code    42  protocol.o(i.send_sysex_return_code)
    set_rgb_led                              0x00003ac9   Thumb Code   244  sysinit.o(i.set_rgb_led)
    set_ultrasonic_state                     0x00003c29   Thumb Code     6  meultrasonicsensor.o(i.set_ultrasonic_state)
    stackDump                                0x00003c35   Thumb Code    70  retarget.o(i.stackDump)
    sysex_process_online                     0x00003cdd   Thumb Code    86  main.o(i.sysex_process_online)
    uart0_recv_attach                        0x00003db1   Thumb Code    18  protocol.o(i.uart0_recv_attach)
    ultrasonicDistance                       0x00003dcd   Thumb Code   196  meultrasonicsensor.o(i.ultrasonicDistance)
    ultrasonicSensorInit                     0x00003eb5   Thumb Code   160  meultrasonicsensor.o(i.ultrasonicSensorInit)
    __aeabi_cdcmple                          0x00003fc1   Thumb Code     0  dlef.o(x$fpl$dleqf)
    _dcmple                                  0x00003fc1   Thumb Code    94  dlef.o(x$fpl$dleqf)
    __aeabi_cdrcmple                         0x00004025   Thumb Code     0  drlef.o(x$fpl$drleqf)
    _drcmple                                 0x00004025   Thumb Code   100  drlef.o(x$fpl$drleqf)
    __aeabi_fadd                             0x0000408d   Thumb Code     0  faddsub.o(x$fpl$fadd)
    _fadd                                    0x0000408d   Thumb Code   134  faddsub.o(x$fpl$fadd)
    __aeabi_fmul                             0x00004119   Thumb Code     0  fmul.o(x$fpl$fmul)
    _fmul                                    0x00004119   Thumb Code   172  fmul.o(x$fpl$fmul)
    __aeabi_cfrcmple                         0x000041c9   Thumb Code     0  frlef.o(x$fpl$frleqf)
    _frcmple                                 0x000041c9   Thumb Code    84  frlef.o(x$fpl$frleqf)
    __aeabi_fsub                             0x00004221   Thumb Code     0  faddsub.o(x$fpl$fsub)
    _fsub                                    0x00004221   Thumb Code   204  faddsub.o(x$fpl$fsub)
    __I$use$fp                               0x000042f0   Number         0  usenofp.o(x$fpl$usenofp)
    cmd_list_tab                             0x000042f0   Data          72  protocol.o(.constdata)
    Region$$Table$$Base                      0x00004444   Number         0  anon$$obj.o(Region$$Table)
    Region$$Table$$Limit                     0x00004464   Number         0  anon$$obj.o(Region$$Table)
    __HSI                                    0x20000000   Data           4  system_mini58series.o(.data)
    SystemCoreClock                          0x20000004   Data           4  system_mini58series.o(.data)
    PllClock                                 0x20000008   Data           4  system_mini58series.o(.data)
    CyclesPerUs                              0x2000000c   Data           4  system_mini58series.o(.data)
    g_is_echo_finish                         0x2000001c   Data           1  interrupt.o(.data)
    g_echo_count                             0x20000020   Data           4  interrupt.o(.data)
    g_int_flag                               0x20000024   Data           1  interrupt.o(.data)
    s_I2C0HandlerFn                          0x20000028   Data           4  interrupt.o(.data)
    s_I2C1HandlerFn                          0x2000002c   Data           4  interrupt.o(.data)
    parsingSysexOnline                       0x20000030   Data           1  protocol.o(.data)
    parsingSysexOffline                      0x20000031   Data           1  protocol.o(.data)
    isLocalOutput                            0x20000032   Data           1  protocol.o(.data)
    isForwardOutput                          0x20000033   Data           1  protocol.o(.data)
    sysexBytesRead                           0x20000034   Data           2  protocol.o(.data)
    Uart0RecvBufferPushBytes                 0x20000036   Data           2  protocol.o(.data)
    Uart0RecvBufferPopBytes                  0x20000038   Data           2  protocol.o(.data)
    Uart1RecvBufferPushBytes                 0x2000003a   Data           2  protocol.o(.data)
    Uart1RecvBufferPopBytes                  0x2000003c   Data           2  protocol.o(.data)
    Uart0SendBytes                           0x2000003e   Data           2  protocol.o(.data)
    Uart1Revhead                             0x20000040   Data           2  protocol.o(.data)
    Uart1RevRtail                            0x20000042   Data           2  protocol.o(.data)
    Uart0Sendhead                            0x20000044   Data           2  protocol.o(.data)
    Uart0SendRtail                           0x20000046   Data           2  protocol.o(.data)
    Uart0Revhead                             0x20000048   Data           2  protocol.o(.data)
    Uart0RevRtail                            0x2000004a   Data           2  protocol.o(.data)
    g_block_no                               0x2000004c   Data           1  protocol.o(.data)
    g_block_type                             0x2000004d   Data           1  protocol.o(.data)
    g_block_sub_type                         0x2000004e   Data           1  protocol.o(.data)
    g_report_mode                            0x2000004f   Data           1  protocol.o(.data)
    g_handshake_flag                         0x20000050   Data           1  protocol.o(.data)
    samplingInterval                         0x20000054   Data           4  protocol.o(.data)
    val8byte                                 0x20000068   Data           8  protocol.o(.data)
    val4byte                                 0x20000070   Data           4  protocol.o(.data)
    val2byte                                 0x20000074   Data           2  protocol.o(.data)
    val1byte                                 0x20000076   Data           1  protocol.o(.data)
    device_service_process_online            0x20000078   Data           4  protocol.o(.data)
    device_service_process_offline           0x2000007c   Data           4  protocol.o(.data)
    g_measure_distance                       0x20000098   Data           4  main.o(.data)
    g_pre_measure_distance                   0x2000009c   Data           4  main.o(.data)
    system_time                              0x200000a0   Data           4  main.o(.data)
    __stdout                                 0x200000a4   Data           4  retarget.o(.data)
    __stdin                                  0x200000a8   Data           4  retarget.o(.data)
    Uart0RecData                             0x200000ac   Data         256  protocol.o(.bss)
    Uart1RecData                             0x200001ac   Data         256  protocol.o(.bss)
    __libspace_start                         0x2000052c   Data          96  libspace.o(.bss)
    __temporary_stack_top$libspace           0x2000058c   Data           0  libspace.o(.bss)



==============================================================================

Memory Map of the image

  Image Entry point : 0x00000199

  Load Region LR_IROM1 (Base: 0x00000000, Size: 0x00004510, Max: 0x00008000, ABSOLUTE)

    Execution Region ER_IROM1 (Base: 0x00000000, Size: 0x00004464, Max: 0x00008000, ABSOLUTE)

    Base Addr    Size         Type   Attr      Idx    E Section Name        Object

    0x00000000   0x000000c0   Data   RO           98    RESET               startup_mini58series.o
    0x000000c0   0x00000008   Code   RO         2179  * !!!main             c_p.l(__main.o)
    0x000000c8   0x0000003c   Code   RO         2493    !!!scatter          c_p.l(__scatter.o)
    0x00000104   0x0000001a   Code   RO         2495    !!handler_copy      c_p.l(__scatter_copy.o)
    0x0000011e   0x00000002   PAD
    0x00000120   0x0000001c   Code   RO         2497    !!handler_zi        c_p.l(__scatter_zi.o)
    0x0000013c   0x00000002   Code   RO         2170    .ARM.Collect$$_printf_percent$$00000000  c_p.l(_printf_percent.o)
    0x0000013e   0x0000000a   Code   RO         2169    .ARM.Collect$$_printf_percent$$00000009  c_p.l(_printf_d.o)
    0x00000148   0x0000000a   Code   RO         2168    .ARM.Collect$$_printf_percent$$0000000C  c_p.l(_printf_x.o)
    0x00000152   0x00000004   Code   RO         2258    .ARM.Collect$$_printf_percent$$00000017  c_p.l(_printf_percent_end.o)
    0x00000156   0x00000002   Code   RO         2354    .ARM.Collect$$libinit$$00000000  c_p.l(libinit.o)
    0x00000158   0x00000000   Code   RO         2379    .ARM.Collect$$libinit$$00000002  c_p.l(libinit2.o)
    0x00000158   0x00000000   Code   RO         2381    .ARM.Collect$$libinit$$00000004  c_p.l(libinit2.o)
    0x00000158   0x00000000   Code   RO         2384    .ARM.Collect$$libinit$$0000000A  c_p.l(libinit2.o)
    0x00000158   0x00000000   Code   RO         2386    .ARM.Collect$$libinit$$0000000C  c_p.l(libinit2.o)
    0x00000158   0x00000000   Code   RO         2388    .ARM.Collect$$libinit$$0000000E  c_p.l(libinit2.o)
    0x00000158   0x00000000   Code   RO         2391    .ARM.Collect$$libinit$$00000011  c_p.l(libinit2.o)
    0x00000158   0x00000000   Code   RO         2393    .ARM.Collect$$libinit$$00000013  c_p.l(libinit2.o)
    0x00000158   0x00000000   Code   RO         2395    .ARM.Collect$$libinit$$00000015  c_p.l(libinit2.o)
    0x00000158   0x00000000   Code   RO         2397    .ARM.Collect$$libinit$$00000017  c_p.l(libinit2.o)
    0x00000158   0x00000000   Code   RO         2399    .ARM.Collect$$libinit$$00000019  c_p.l(libinit2.o)
    0x00000158   0x00000000   Code   RO         2401    .ARM.Collect$$libinit$$0000001B  c_p.l(libinit2.o)
    0x00000158   0x00000000   Code   RO         2403    .ARM.Collect$$libinit$$0000001D  c_p.l(libinit2.o)
    0x00000158   0x00000000   Code   RO         2405    .ARM.Collect$$libinit$$0000001F  c_p.l(libinit2.o)
    0x00000158   0x00000000   Code   RO         2407    .ARM.Collect$$libinit$$00000021  c_p.l(libinit2.o)
    0x00000158   0x00000000   Code   RO         2409    .ARM.Collect$$libinit$$00000023  c_p.l(libinit2.o)
    0x00000158   0x00000000   Code   RO         2411    .ARM.Collect$$libinit$$00000025  c_p.l(libinit2.o)
    0x00000158   0x00000000   Code   RO         2415    .ARM.Collect$$libinit$$0000002C  c_p.l(libinit2.o)
    0x00000158   0x00000000   Code   RO         2417    .ARM.Collect$$libinit$$0000002E  c_p.l(libinit2.o)
    0x00000158   0x00000000   Code   RO         2419    .ARM.Collect$$libinit$$00000030  c_p.l(libinit2.o)
    0x00000158   0x00000000   Code   RO         2421    .ARM.Collect$$libinit$$00000032  c_p.l(libinit2.o)
    0x00000158   0x00000002   Code   RO         2422    .ARM.Collect$$libinit$$00000033  c_p.l(libinit2.o)
    0x0000015a   0x00000002   Code   RO         2451    .ARM.Collect$$libshutdown$$00000000  c_p.l(libshutdown.o)
    0x0000015c   0x00000000   Code   RO         2478    .ARM.Collect$$libshutdown$$00000003  c_p.l(libshutdown2.o)
    0x0000015c   0x00000000   Code   RO         2481    .ARM.Collect$$libshutdown$$00000006  c_p.l(libshutdown2.o)
    0x0000015c   0x00000000   Code   RO         2484    .ARM.Collect$$libshutdown$$00000009  c_p.l(libshutdown2.o)
    0x0000015c   0x00000000   Code   RO         2486    .ARM.Collect$$libshutdown$$0000000B  c_p.l(libshutdown2.o)
    0x0000015c   0x00000000   Code   RO         2489    .ARM.Collect$$libshutdown$$0000000E  c_p.l(libshutdown2.o)
    0x0000015c   0x00000002   Code   RO         2490    .ARM.Collect$$libshutdown$$0000000F  c_p.l(libshutdown2.o)
    0x0000015e   0x00000000   Code   RO         2217    .ARM.Collect$$rtentry$$00000000  c_p.l(__rtentry.o)
    0x0000015e   0x00000000   Code   RO         2284    .ARM.Collect$$rtentry$$00000002  c_p.l(__rtentry2.o)
    0x0000015e   0x00000006   Code   RO         2296    .ARM.Collect$$rtentry$$00000004  c_p.l(__rtentry4.o)
    0x00000164   0x00000000   Code   RO         2286    .ARM.Collect$$rtentry$$00000009  c_p.l(__rtentry2.o)
    0x00000164   0x00000004   Code   RO         2287    .ARM.Collect$$rtentry$$0000000A  c_p.l(__rtentry2.o)
    0x00000168   0x00000000   Code   RO         2289    .ARM.Collect$$rtentry$$0000000C  c_p.l(__rtentry2.o)
    0x00000168   0x00000008   Code   RO         2290    .ARM.Collect$$rtentry$$0000000D  c_p.l(__rtentry2.o)
    0x00000170   0x00000002   Code   RO         2365    .ARM.Collect$$rtexit$$00000000  c_p.l(rtexit.o)
    0x00000172   0x00000000   Code   RO         2426    .ARM.Collect$$rtexit$$00000002  c_p.l(rtexit2.o)
    0x00000172   0x00000004   Code   RO         2427    .ARM.Collect$$rtexit$$00000003  c_p.l(rtexit2.o)
    0x00000176   0x00000006   Code   RO         2428    .ARM.Collect$$rtexit$$00000004  c_p.l(rtexit2.o)
    0x0000017c   0x0000001c   Code   RO         1618    .emb_text           retarget.o
    0x00000198   0x0000002c   Code   RO           99  * .text               startup_mini58series.o
    0x000001c4   0x0000001c   Code   RO         2113    .text               c_p.l(__2printf.o)
    0x000001e0   0x0000002c   Code   RO         2115    .text               c_p.l(__2sprintf.o)
    0x0000020c   0x0000004e   Code   RO         2123    .text               c_p.l(_printf_pad.o)
    0x0000025a   0x00000002   PAD
    0x0000025c   0x0000006c   Code   RO         2125    .text               c_p.l(_printf_dec.o)
    0x000002c8   0x00000098   Code   RO         2145    .text               c_p.l(_printf_hex_int_ll_ptr.o)
    0x00000360   0x00000188   Code   RO         2165    .text               c_p.l(__printf_flags_ss_wp.o)
    0x000004e8   0x00000044   Code   RO         2171    .text               c_p.l(strlen.o)
    0x0000052c   0x0000015a   Code   RO         2173    .text               c_p.l(aeabi_sdiv.o)
    0x00000686   0x00000006   Code   RO         2177    .text               c_p.l(heapauxi.o)
    0x0000068c   0x0000007c   Code   RO         2181    .text               fz_ps.l(d2f.o)
    0x00000708   0x00000358   Code   RO         2183    .text               fz_ps.l(daddsub.o)
    0x00000a60   0x00000448   Code   RO         2185    .text               fz_ps.l(ddiv.o)
    0x00000ea8   0x00000058   Code   RO         2188    .text               fz_ps.l(dflti.o)
    0x00000f00   0x00000248   Code   RO         2192    .text               fz_ps.l(dmul.o)
    0x00001148   0x00000054   Code   RO         2196    .text               fz_ps.l(f2d.o)
    0x0000119c   0x00000160   Code   RO         2204    .text               fz_ps.l(fdiv.o)
    0x000012fc   0x0000004c   Code   RO         2207    .text               fz_ps.l(ffixi.o)
    0x00001348   0x000000b0   Code   RO         2226    .text               c_p.l(_printf_intcommon.o)
    0x000013f8   0x00000030   Code   RO         2230    .text               c_p.l(_printf_char_common.o)
    0x00001428   0x0000000a   Code   RO         2232    .text               c_p.l(_sputc.o)
    0x00001432   0x00000002   PAD
    0x00001434   0x00000028   Code   RO         2234    .text               c_p.l(_printf_char_file.o)
    0x0000145c   0x00000028   Code   RO         2268    .text               c_p.l(rtudiv10.o)
    0x00001484   0x00000090   Code   RO         2270    .text               fz_ps.l(dcmpin.o)
    0x00001514   0x00000064   Code   RO         2272    .text               fz_ps.l(fcmpin.o)
    0x00001578   0x00000030   Code   RO         2315    .text               fz_ps.l(cmpret.o)
    0x000015a8   0x00000014   Code   RO         2317    .text               fz_ps.l(dnan2.o)
    0x000015bc   0x00000010   Code   RO         2319    .text               fz_ps.l(fnan2.o)
    0x000015cc   0x0000003e   Code   RO         2321    .text               c_p.l(sys_stackheap_outer.o)
    0x0000160a   0x0000000c   Code   RO         2343    .text               c_p.l(exit.o)
    0x00001616   0x0000005e   Code   RO         2357    .text               fz_ps.l(retnan.o)
    0x00001674   0x00000008   Code   RO         2361    .text               c_p.l(libspace.o)
    0x0000167c   0x0000000c   Code   RO         2423    .text               c_p.l(sys_exit.o)
    0x00001688   0x00000002   Code   RO         2440    .text               c_p.l(use_no_semi.o)
    0x0000168a   0x00000000   Code   RO         2442    .text               c_p.l(indicate_semi.o)
    0x0000168a   0x00000002   PAD
    0x0000168c   0x00000014   Code   RO          987    i.CLK_DisablePLL    clk.o
    0x000016a0   0x00000024   Code   RO          991    i.CLK_EnableModuleClock  clk.o
    0x000016c4   0x0000023c   Code   RO          992    i.CLK_EnablePLL     clk.o
    0x00001900   0x00000080   Code   RO            3    i.CLK_GetPLLClockFreq  system_mini58series.o
    0x00001980   0x00000080   Code   RO          999    i.CLK_GetPLLClockFreq  clk.o
    0x00001a00   0x00000080   Code   RO         1939    i.CLK_GetPLLClockFreq  uart.o
    0x00001a80   0x0000009c   Code   RO         1002    i.CLK_SetCoreClock  clk.o
    0x00001b1c   0x0000002c   Code   RO         1003    i.CLK_SetHCLK       clk.o
    0x00001b48   0x00000064   Code   RO         1004    i.CLK_SetModuleClock  clk.o
    0x00001bac   0x00000034   Code   RO         1006    i.CLK_SysTickDelay  clk.o
    0x00001be0   0x00000028   Code   RO         1007    i.CLK_WaitClockReady  clk.o
    0x00001c08   0x00000002   Code   RO          193    i.EINT0_IRQHandler  interrupt.o
    0x00001c0a   0x00000002   Code   RO          194    i.EINT1_IRQHandler  interrupt.o
    0x00001c0c   0x0000006c   Code   RO          195    i.GPIO234_IRQHandler  interrupt.o
    0x00001c78   0x0000001a   Code   RO         1247    i.GPIO_EnableInt    gpio.o
    0x00001c92   0x0000002e   Code   RO         1248    i.GPIO_SetMode      gpio.o
    0x00001cc0   0x0000002c   Code   RO         1620    i.Hard_Fault_Handler  retarget.o
    0x00001cec   0x00000038   Code   RO          196    i.I2C0_IRQHandler   interrupt.o
    0x00001d24   0x00000038   Code   RO          197    i.I2C1_IRQHandler   interrupt.o
    0x00001d5c   0x0000000a   Code   RO         1278    i.I2C_ClearTimeoutFlag  i2c.o
    0x00001d66   0x00000002   PAD
    0x00001d68   0x00000014   Code   RO          653    i.NVIC_EnableIRQ    sysinit.o
    0x00001d7c   0x00000078   Code   RO          654    i.NVIC_SetPriority  sysinit.o
    0x00001df4   0x00000148   Code   RO         1407    i.PWM_ConfigOutputChannel  pwm.o
    0x00001f3c   0x00000020   Code   RO          289    i.Pin2Addr          mygpio.o
    0x00001f5c   0x000000cc   Code   RO          655    i.SYS_Init          sysinit.o
    0x00002028   0x00000012   Code   RO         1811    i.SYS_ResetChip     sys.o
    0x0000203a   0x0000000c   Code   RO         1622    i.SendChar          retarget.o
    0x00002046   0x00000002   PAD
    0x00002048   0x00000034   Code   RO         1623    i.SendChar_ToUART   retarget.o
    0x0000207c   0x00000080   Code   RO            4    i.SystemCoreClockUpdate  system_mini58series.o
    0x000020fc   0x00000002   Code   RO            5    i.SystemInit        system_mini58series.o
    0x000020fe   0x0000000c   Code   RO          656    i.TIMER_EnableInt   sysinit.o
    0x0000210a   0x00000002   PAD
    0x0000210c   0x0000006c   Code   RO         1883    i.TIMER_GetModuleClock  timer.o
    0x00002178   0x00000066   Code   RO         1884    i.TIMER_Open        timer.o
    0x000021de   0x0000000c   Code   RO          657    i.TIMER_Start       sysinit.o
    0x000021ea   0x0000000c   Code   RO          105    i.TIMER_Stop        meultrasonicsensor.o
    0x000021f6   0x00000002   PAD
    0x000021f8   0x0000002c   Code   RO          198    i.TMR0_IRQHandler   interrupt.o
    0x00002224   0x00000030   Code   RO          658    i.TMR0_Init         sysinit.o
    0x00002254   0x00000008   Code   RO          199    i.UART0_IRQHandler  interrupt.o
    0x0000225c   0x00000008   Code   RO          200    i.UART1_IRQHandler  interrupt.o
    0x00002264   0x00000030   Code   RO          660    i.UART_Function_Init  sysinit.o
    0x00002294   0x000000b8   Code   RO         1950    i.UART_SetLine_Config  uart.o
    0x0000234c   0x00000074   Code   RO          201    i.Uart0_Handle      interrupt.o
    0x000023c0   0x00000074   Code   RO          202    i.Uart1_Handle      interrupt.o
    0x00002434   0x0000001c   Code   RO          370    i.__ARM_common_switch8  mygpio.o
    0x00002450   0x0000000e   Code   RO         2158    i._is_digit         c_p.l(__printf_wp.o)
    0x0000245e   0x00000002   PAD
    0x00002460   0x00000168   Code   RO          377    i.add_sysex_data    protocol.o
    0x000025c8   0x000000a4   Code   RO          378    i.assign_dev_id_response  protocol.o
    0x0000266c   0x000000a8   Code   RO          661    i.blink_rgb_led     sysinit.o
    0x00002714   0x00000040   Code   RO          379    i.check_sysex_message  protocol.o
    0x00002754   0x00000054   Code   RO          106    i.count_start       meultrasonicsensor.o
    0x000027a8   0x00000048   Code   RO          380    i.data_len          protocol.o
    0x000027f0   0x0000000c   Code   RO          756    i.delayMicroseconds  systime.o
    0x000027fc   0x00000010   Code   RO          292    i.digitalWrite      mygpio.o
    0x0000280c   0x00000008   Code   RO         1625    i.ferror            retarget.o
    0x00002814   0x0000009c   Code   RO          381    i.flush_sysex_to_send  protocol.o
    0x000028b0   0x00000068   Code   RO          382    i.flush_uart0_local_buffer  protocol.o
    0x00002918   0x0000008c   Code   RO          383    i.flush_uart0_to_uart1  protocol.o
    0x000029a4   0x000000d8   Code   RO          384    i.flush_uart1_to_uart0  protocol.o
    0x00002a7c   0x00000010   Code   RO         1627    i.fputc             retarget.o
    0x00002a8c   0x00000010   Code   RO          832    i.get_sensor_data   main.o
    0x00002a9c   0x0000000c   Code   RO          107    i.get_ultrasonic_state  meultrasonicsensor.o
    0x00002aa8   0x0000000c   Code   RO          385    i.handshake_response  protocol.o
    0x00002ab4   0x00000020   Code   RO          833    i.init_block        main.o
    0x00002ad4   0x00000048   Code   RO          663    i.init_neuron_system  sysinit.o
    0x00002b1c   0x00000054   Code   RO          386    i.init_sysex_to_send  protocol.o
    0x00002b70   0x00000180   Code   RO          834    i.main              main.o
    0x00002cf0   0x0000000c   Code   RO          757    i.millis            systime.o
    0x00002cfc   0x00000154   Code   RO          387    i.parse_uart0_recv_buffer  protocol.o
    0x00002e50   0x00000084   Code   RO          297    i.pinMode           mygpio.o
    0x00002ed4   0x00000024   Code   RO          664    i.poll_led_request  sysinit.o
    0x00002ef8   0x0000001c   Code   RO          388    i.processSysexMessageOffline  protocol.o
    0x00002f14   0x000000ac   Code   RO          389    i.processSysexMessageOnline  protocol.o
    0x00002fc0   0x000002b0   Code   RO          300    i.pwm_write         mygpio.o
    0x00003270   0x0000003c   Code   RO          390    i.query_firmware_version_response  protocol.o
    0x000032ac   0x0000003e   Code   RO          391    i.query_protocol_version_response  protocol.o
    0x000032ea   0x00000002   PAD
    0x000032ec   0x00000048   Code   RO          392    i.readShort         protocol.o
    0x00003334   0x000001d8   Code   RO          393    i.read_next_sysex_data  protocol.o
    0x0000350c   0x00000070   Code   RO          394    i.read_sysex_type   protocol.o
    0x0000357c   0x00000028   Code   RO          396    i.readbyte          protocol.o
    0x000035a4   0x00000070   Code   RO          397    i.readfloat         protocol.o
    0x00003614   0x00000070   Code   RO          398    i.readlong          protocol.o
    0x00003684   0x00000048   Code   RO          399    i.real_convert_to_uinform  protocol.o
    0x000036cc   0x00000060   Code   RO          400    i.response_product_query  protocol.o
    0x0000372c   0x000000b8   Code   RO          401    i.sendFloat         protocol.o
    0x000037e4   0x0000007c   Code   RO          402    i.sendShort         protocol.o
    0x00003860   0x00000050   Code   RO          835    i.send_sensor_report_offline  main.o
    0x000038b0   0x00000028   Code   RO          836    i.send_sensor_report_online  main.o
    0x000038d8   0x00000030   Code   RO          407    i.send_sysex_return_code  protocol.o
    0x00003908   0x0000004c   Code   RO          408    i.sendbyte          protocol.o
    0x00003954   0x000000b8   Code   RO          409    i.sendlong          protocol.o
    0x00003a0c   0x0000007c   Code   RO          410    i.set_baudrate_response  protocol.o
    0x00003a88   0x00000040   Code   RO          411    i.set_report_mode_response  protocol.o
    0x00003ac8   0x00000100   Code   RO          665    i.set_rgb_led       sysinit.o
    0x00003bc8   0x0000004c   Code   RO          412    i.set_rgb_led_response  protocol.o
    0x00003c14   0x00000014   Code   RO          413    i.set_sysex_feedback_response  protocol.o
    0x00003c28   0x0000000c   Code   RO          108    i.set_ultrasonic_state  meultrasonicsensor.o
    0x00003c34   0x000000a8   Code   RO         1629    i.stackDump         retarget.o
    0x00003cdc   0x00000060   Code   RO          837    i.sysex_process_online  main.o
    0x00003d3c   0x0000000a   Code   RO          414    i.system_reset_response  protocol.o
    0x00003d46   0x00000002   PAD
    0x00003d48   0x00000068   Code   RO          109    i.transmint8Puls    meultrasonicsensor.o
    0x00003db0   0x0000001c   Code   RO          415    i.uart0_recv_attach  protocol.o
    0x00003dcc   0x000000e8   Code   RO          110    i.ultrasonicDistance  meultrasonicsensor.o
    0x00003eb4   0x000000b0   Code   RO          111    i.ultrasonicSensorInit  meultrasonicsensor.o
    0x00003f64   0x00000040   Code   RO          417    i.write_byte_uart0  protocol.o
    0x00003fa4   0x0000001c   Code   RO          418    i.write_byte_uart1  protocol.o
    0x00003fc0   0x00000064   Code   RO         2190    x$fpl$dleqf         fz_ps.l(dlef.o)
    0x00004024   0x00000068   Code   RO         2194    x$fpl$drleqf        fz_ps.l(drlef.o)
    0x0000408c   0x0000008c   Code   RO         2198    x$fpl$fadd          fz_ps.l(faddsub.o)
    0x00004118   0x000000b0   Code   RO         2213    x$fpl$fmul          fz_ps.l(fmul.o)
    0x000041c8   0x00000058   Code   RO         2215    x$fpl$frleqf        fz_ps.l(frlef.o)
    0x00004220   0x000000d0   Code   RO         2200    x$fpl$fsub          fz_ps.l(faddsub.o)
    0x000042f0   0x00000000   Code   RO         2282    x$fpl$usenofp       fz_ps.l(usenofp.o)
    0x000042f0   0x00000048   Data   RO          420    .constdata          protocol.o
    0x00004338   0x00000010   Data   RO         1953    .constdata          uart.o
    0x00004348   0x00000028   Data   RO         2146    .constdata          c_p.l(_printf_hex_int_ll_ptr.o)
    0x00004370   0x00000011   Data   RO         2166    .constdata          c_p.l(__printf_flags_ss_wp.o)
    0x00004381   0x00000080   Data   RO         2186    .constdata          fz_ps.l(ddiv.o)
    0x00004401   0x00000040   Data   RO         2205    .constdata          fz_ps.l(fdiv.o)
    0x00004441   0x00000003   PAD
    0x00004444   0x00000020   Data   RO         2491    Region$$Table       anon$$obj.o


    Execution Region RW_IRAM1 (Base: 0x20000000, Size: 0x00000790, Max: 0x00001000, ABSOLUTE)

    Base Addr    Size         Type   Attr      Idx    E Section Name        Object

    0x20000000   0x00000010   Data   RW            6    .data               system_mini58series.o
    0x20000010   0x00000009   Data   RW          112    .data               meultrasonicsensor.o
    0x20000019   0x00000003   PAD
    0x2000001c   0x00000014   Data   RW          203    .data               interrupt.o
    0x20000030   0x00000050   Data   RW          421    .data               protocol.o
    0x20000080   0x0000000e   Data   RW          667    .data               sysinit.o
    0x2000008e   0x00000002   PAD
    0x20000090   0x00000014   Data   RW          838    .data               main.o
    0x200000a4   0x00000008   Data   RW         1630    .data               retarget.o
    0x200000ac   0x00000480   Zero   RW          419    .bss                protocol.o
    0x2000052c   0x00000060   Zero   RW         2362    .bss                c_p.l(libspace.o)
    0x2000058c   0x00000004   PAD
    0x20000590   0x00000000   Zero   RW           97    HEAP                startup_mini58series.o
    0x20000590   0x00000200   Zero   RW           96    STACK               startup_mini58series.o


==============================================================================

Image component sizes


      Code (inc. data)   RO Data    RW Data    ZI Data      Debug   Object Name

      1148        110          0          0          0       6395   clk.o
        72          0          0          0          0       1564   gpio.o
        10          0          0          0          0        847   i2c.o
       516         80          0         20          0      14722   interrupt.o
       648         90          0         20          0      11106   main.o
       632         82          0          9          0      14806   meultrasonicsensor.o
       896         56          0          0          0       2892   mygpio.o
      4152        410         72         80       1152     150650   protocol.o
       328         12          0          0          0       1322   pwm.o
       328        132          0          8          0       5525   retarget.o
        44         18        192          0        512        716   startup_mini58series.o
        18          0          0          0          0        444   sys.o
       996        114          0         14          0      13898   sysinit.o
       258         50          0         16          0     136086   system_mini58series.o
        24          6          0          0          0        953   systime.o
       210         24          0          0          0       1752   timer.o
       312         30         16          0          0       2106   uart.o

    ----------------------------------------------------------------------
     10604       1214        312        172       1664     365784   Object Totals
         0          0         32          0          0          0   (incl. Generated)
        12          0          0          5          0          0   (incl. Padding)

    ----------------------------------------------------------------------

      Code (inc. data)   RO Data    RW Data    ZI Data      Debug   Library Member Name

        28          6          0          0          0         84   __2printf.o
        44          4          0          0          0         84   __2sprintf.o
         8          0          0          0          0         68   __main.o
       392          6         17          0          0         76   __printf_flags_ss_wp.o
        14          0          0          0          0         60   __printf_wp.o
         0          0          0          0          0          0   __rtentry.o
        12          0          0          0          0          0   __rtentry2.o
         6          0          0          0          0          0   __rtentry4.o
        60          8          0          0          0          0   __scatter.o
        26          0          0          0          0          0   __scatter_copy.o
        28          0          0          0          0          0   __scatter_zi.o
        48          6          0          0          0         88   _printf_char_common.o
        40          6          0          0          0         72   _printf_char_file.o
        10          0          0          0          0          0   _printf_d.o
       108         18          0          0          0         76   _printf_dec.o
       152          4         40          0          0        148   _printf_hex_int_ll_ptr.o
       176          0          0          0          0         84   _printf_intcommon.o
        78          0          0          0          0        100   _printf_pad.o
         2          0          0          0          0          0   _printf_percent.o
         4          0          0          0          0          0   _printf_percent_end.o
        10          0          0          0          0          0   _printf_x.o
        10          0          0          0          0         60   _sputc.o
       346          0          0          0          0         92   aeabi_sdiv.o
        12          0          0          0          0         64   exit.o
         6          0          0          0          0        136   heapauxi.o
         0          0          0          0          0          0   indicate_semi.o
         2          0          0          0          0          0   libinit.o
         2          0          0          0          0          0   libinit2.o
         2          0          0          0          0          0   libshutdown.o
         2          0          0          0          0          0   libshutdown2.o
         8          4          0          0         96         68   libspace.o
         2          0          0          0          0          0   rtexit.o
        10          0          0          0          0          0   rtexit2.o
        40          0          0          0          0         60   rtudiv10.o
        68          6          0          0          0         72   strlen.o
        12          4          0          0          0         60   sys_exit.o
        62          0          0          0          0         80   sys_stackheap_outer.o
         2          0          0          0          0         68   use_no_semi.o
        48          4          0          0          0         60   cmpret.o
       124          4          0          0          0         72   d2f.o
       856         20          0          0          0        208   daddsub.o
       144          4          0          0          0         76   dcmpin.o
      1096         26        128          0          0        112   ddiv.o
        88          0          0          0          0         92   dflti.o
       100          4          0          0          0         92   dlef.o
       584         26          0          0          0         84   dmul.o
        20          6          0          0          0         68   dnan2.o
       104          4          0          0          0        104   drlef.o
        84          4          0          0          0         60   f2d.o
       348          8          0          0          0        160   faddsub.o
       100          4          0          0          0         68   fcmpin.o
       352         10         64          0          0         92   fdiv.o
        76          0          0          0          0         68   ffixi.o
       176          4          0          0          0         80   fmul.o
        16          6          0          0          0         68   fnan2.o
        88          4          0          0          0         76   frlef.o
        94          0          0          0          0         68   retnan.o
         0          0          0          0          0          0   usenofp.o

    ----------------------------------------------------------------------
      6340        210        252          0        100       3408   Library Totals
        10          0          3          0          4          0   (incl. Padding)

    ----------------------------------------------------------------------

      Code (inc. data)   RO Data    RW Data    ZI Data      Debug   Library Name

      1832         72         57          0         96       1700   c_p.l
      4498        138        192          0          0       1708   fz_ps.l

    ----------------------------------------------------------------------
      6340        210        252          0        100       3408   Library Totals

    ----------------------------------------------------------------------

==============================================================================


      Code (inc. data)   RO Data    RW Data    ZI Data      Debug   

     16944       1424        564        172       1764     363096   Grand Totals
     16944       1424        564        172       1764     363096   ELF Image Totals
     16944       1424        564        172          0          0   ROM Totals

==============================================================================

    Total RO  Size (Code + RO Data)                17508 (  17.10kB)
    Total RW  Size (RW Data + ZI Data)              1936 (   1.89kB)
    Total ROM Size (Code + RO Data + RW Data)      17680 (  17.27kB)

==============================================================================

