<html>
<body>
<pre>
<h1>礦ision Build Log</h1>
<h2>Tool Versions:</h2>
IDE-Version: μVision V5.14.2.1
Copyright (C) 2015 ARM Ltd and ARM Germany GmbH. All rights reserved.
License Information: Cortex-M0, Microsoft, LIC=X96FW-QIPVB-QDMKD-8FIJS-5CILH-WIJ8C
 
Tool Versions:
Toolchain:       MDK-ARM Standard  Version: 5.13.0.0
Toolchain Path:  D:\Keil_v5\ARM\ARMCC\Bin
C Compiler:      Armcc.exe V5.05 update 1 (build 106)
Assembler:       Armasm.exe V5.05 update 1 (build 106)
Linker/Locator:  ArmLink.exe V5.05 update 1 (build 106)
Library Manager: ArmAr.exe V5.05 update 1 (build 106)
Hex Converter:   FromElf.exe V5.05 update 1 (build 106)
CPU DLL:         SARMCM3.DLL V5.13.0.0
Dialog DLL:      DARMCM1.DLL V1.12.0.0
Target DLL:      UL2CM3.DLL V1.154.12.0
Dialog DLL:      TARMCM1.DLL V1.9.0.0
 
<h2>Project:</h2>
E:\2016\智能舵机\Neuron_servo_MP6515\keil\Neuron.uvprojx
Project File Date:  09/27/2016

<h2>Output:</h2>
*** Using Compiler 'V5.05 update 1 (build 106)', folder: 'D:\Keil_v5\ARM\ARMCC\Bin'
Rebuild target 'Target 1'
compiling system_M051Series.c...
assembling startup_M051Series.s...
compiling uart_printf.c...
compiling main.c...
compiling systime.c...
compiling mygpio.c...
compiling MePwm.c...
compiling protocol.c...
compiling Interrupt.c...
compiling sysinit.c...
compiling dataflash.c...
compiling smartservo.c...
compiling mp9960.c...
compiling retarget.c...
compiling sys.c...
compiling uart.c...
compiling i2c.c...
compiling timer.c...
compiling clk.c...
compiling gpio.c...
compiling fmc.c...
compiling pwm.c...
compiling spi.c...
linking...
Program Size: Code=30480 RO-data=896 RW-data=304 ZI-data=2712  
FromELF: creating hex file...
".\Objects\Neuron.axf" - 0 Error(s), 0 Warning(s).

<h2>Collection of Component include folders:</h2>
  E:\2016\智能舵机\Neuron_servo_MP6515\keil\RTE
  D:\Keil_v5\ARM\PACK\Nuvoton\NuMicro_DFP\1.0.8\Device\M051\Include

<h2>Collection of Component Files used:</h2>
</pre>
</body>
</html>
