<html>
<body>
<pre>
<h1>µVision Build Log</h1>
<h2>Tool Versions:</h2>
IDE-Version: ¦ÌVision V5.13.0.0
Copyright (C) 2014 ARM Ltd and ARM Germany GmbH. All rights reserved.
License Information: myan Microsoft, Microsoft, LIC=X96FW-QIPVB-QDMKD-8FIJS-5CILH-WIJ8C
 
Tool Versions:
Toolchain:       MDK-ARM Standard  Version: 5.13.0.0
Toolchain Path:  D:\Keil_v5\ARM\ARMCC\Bin
C Compiler:      Armcc.exe V5.05 update 1 (build 106)
Assembler:       Armasm.exe V5.05 update 1 (build 106)
Linker/Locator:  ArmLink.exe V5.05 update 1 (build 106)
Library Manager: ArmAr.exe V5.05 update 1 (build 106)
Hex Converter:   FromElf.exe V5.05 update 1 (build 106)
CPU DLL:         SARMCM3.DLL V5.13.0.0
Dialog DLL:      DARMCM1.DLL V1.12.0.0
Target DLL:      UL2CM3.DLL V1.154.12.0
Dialog DLL:      TARMCM1.DLL V1.9.0.0
 
<h2>Project:</h2>
E:\2016\Neuron_servo 0429\Neuron_servo\keil\Neuron.uvprojx
Project File Date:  03/26/2016

<h2>Output:</h2>
Rebuild target 'Target 1'
compiling system_M051Series.c...
assembling startup_M051Series.s...
compiling uart_printf.c...
compiling main.c...
compiling systime.c...
compiling mygpio.c...
compiling MePwm.c...
compiling protocol.c...
..\src\protocol.c(1057): warning:  #177-D: function "cmd_set_command_mode" was declared but never referenced
  static void cmd_set_command_mode(char *cmd)
..\src\protocol.c: 1 warning, 0 errors
compiling Interrupt.c...
compiling sysinit.c...
compiling dataflash.c...
compiling smartservo.c...
compiling retarget.c...
compiling sys.c...
compiling uart.c...
compiling i2c.c...
compiling timer.c...
compiling clk.c...
compiling gpio.c...
compiling fmc.c...
compiling pwm.c...
linking...
Program Size: Code=22728 RO-data=872 RW-data=260 ZI-data=1412  
FromELF: creating hex file...
".\Objects\Neuron.axf" - 0 Error(s), 1 Warning(s).

<h2>Collection of Component include folders:</h2>
  E:\2016\Neuron_servo 0429\Neuron_servo\keil\RTE
  D:\Keil_v5\ARM\PACK\Nuvoton\NuMicro_DFP\1.0.4\Device\M051\Include

<h2>Collection of Component Files used:</h2>
</pre>
</body>
</html>
