<html>
<body>
<pre>
<h1>礦ision Build Log</h1>
<h2>Tool Versions:</h2>
IDE-Version: μVision V5.14.2.1
Copyright (C) 2015 ARM Ltd and ARM Germany GmbH. All rights reserved.
License Information: Cortex-M0, Microsoft, LIC=X96FW-QIPVB-QDMKD-8FIJS-5CILH-WIJ8C
 
Tool Versions:
Toolchain:       MDK-ARM Standard  Version: 5.13.0.0
Toolchain Path:  D:\Keil_v5\ARM\ARMCC\Bin
C Compiler:      Armcc.exe V5.05 update 1 (build 106)
Assembler:       Armasm.exe V5.05 update 1 (build 106)
Linker/Locator:  ArmLink.exe V5.05 update 1 (build 106)
Library Manager: ArmAr.exe V5.05 update 1 (build 106)
Hex Converter:   FromElf.exe V5.05 update 1 (build 106)
CPU DLL:         SARMCM3.DLL V5.13.0.0
Dialog DLL:      DARMCM1.DLL V1.12.0.0
Target DLL:      UL2CM3.DLL V1.154.12.0
Dialog DLL:      TARMCM1.DLL V1.9.0.0
 
<h2>Project:</h2>
E:\2016\智能舵机\其它模块\neurons_mini58\app\app_mp9960\app_mp9960.uvprojx
Project File Date:  09/27/2016

<h2>Output:</h2>
*** Using Compiler 'V5.05 update 1 (build 106)', folder: 'D:\Keil_v5\ARM\ARMCC\Bin'
Rebuild target 'Target 1'
assembling startup_Mini58Series.s...
compiling system_Mini58Series.c...
compiling Interrupt.c...
compiling protocol.c...
compiling mygpio.c...
compiling sysinit.c...
compiling systime.c...
compiling uart_printf.c...
compiling acmp.c...
compiling adc.c...
compiling clk.c...
compiling fmc.c...
compiling gpio.c...
compiling i2c.c...
compiling pwm.c...
compiling retarget.c...
compiling spi.c...
compiling sys.c...
compiling timer.c...
compiling uart.c...
compiling wdt.c...
compiling wwdt.c...
compiling main.c...
compiling mp9960.c...
linking...
Program Size: Code=21908 RO-data=492 RW-data=172 ZI-data=1764  
FromELF: creating hex file...
After Build - User command #1: E:\2016\智能舵机\其它模块\neurons_mini58\app\app_mp9960\copy_hex.bat
E:\2016\智能舵机\其它模块\neurons_mini58\app\app_mp9960>cd Objects 
E:\2016\智能舵机\其它模块\neurons_mini58\app\app_mp9960\Objects>set dir_cur=E:\2016\智能舵机\其它模块\neurons_mini58\app\app_mp9960\Objects  
E:\2016\智能舵机\其它模块\neurons_mini58\app\app_mp9960\Objects>set t=2016 
E:\2016\智能舵机\其它模块\neurons_mini58\app\app_mp9960\Objects>set t=20160927 
E:\2016\智能舵机\其它模块\neurons_mini58\app\app_mp9960\Objects>for /F "delims=." %a in ('dir /a-d/b *.hex') do set app=%a 
E:\2016\智能舵机\其它模块\neurons_mini58\app\app_mp9960\Objects>set app=app_mp9960 
E:\2016\智能舵机\其它模块\neurons_mini58\app\app_mp9960\Objects>cd .. 
E:\2016\智能舵机\其它模块\neurons_mini58\app\app_mp9960>cd ..  
E:\2016\智能舵机\其它模块\neurons_mini58\app>cd .. 
E:\2016\智能舵机\其它模块\neurons_mini58>cd .. 
E:\2016\智能舵机\其它模块>cd neurons_firmware 
E:\2016\智能舵机\其它模块\neurons_firmware>if exist app_mp9960*.hex del app_mp9960*.hex 
E:\2016\智能舵机\其它模块\neurons_firmware>cd E:\2016\智能舵机\其它模块\neurons_mini58\app\app_mp9960\Objects  
E:\2016\智能舵机\其它模块\neurons_mini58\app\app_mp9960\Objects>for /F "delims=" %a in ('dir /a-d/b *.hex') do ren "%~a" "%~na_20160927%~xa" 
E:\2016\智能舵机\其它模块\neurons_mini58\app\app_mp9960\Objects>ren "app_mp9960.hex" "app_mp9960_20160927.hex" 
E:\2016\智能舵机\其它模块\neurons_mini58\app\app_mp9960\Objects>copy /Y  *hex  ..\..\..\..\neurons_firmware 
app_mp9960_20160927.hex
已复制         1 个文件。
E:\2016\智能舵机\其它模块\neurons_mini58\app\app_mp9960\Objects>for /R %i in (*.hex) do del *.hex 
E:\2016\智能舵机\其它模块\neurons_mini58\app\app_mp9960\Objects>del *.hex 
After Build - User command #2: D:\Keil_v5\ARM\ARMCC\bin\fromelf.exe --bin --output E:\2016\智能舵机\其它模块\neurons_mini58\app\app_mp9960\Objects\app_mp9960.bin  E:\2016\智能舵机\其它模块\neurons_mini58\app\app_mp9960\Objects\app_mp9960.axf
".\Objects\app_mp9960.axf" - 0 Error(s), 0 Warning(s).

<h2>Collection of Component include folders:</h2>
  E:\2016\智能舵机\其它模块\neurons_mini58\app\app_mp9960\RTE
  D:\Keil_v5\ARM\PACK\Nuvoton\NuMicro_DFP\1.0.8\Device\Mini58\Include

<h2>Collection of Component Files used:</h2>
</pre>
</body>
</html>
