<!doctype html public "-//w3c//dtd html 4.0 transitional//en">
<html><head>
<title>Static Call Graph - [.\Objects\app_mp9960.axf]</title></head>
<body><HR>
<H1>Static Call Graph for image .\Objects\app_mp9960.axf</H1><HR>
<BR><P>#&#060CALLGRAPH&#062# ARM Linker, 5050106: Last Updated: Tue Sep 27 19:28:44 2016
<BR><P>
<H3>Maximum Stack Usage =        176 bytes + Unknown(Functions without stacksize, Cycles, Untraceable Function Pointers)</H3><H3>
Call chain for Maximum Stack Depth:</H3>
__rt_entry_main &rArr; main &rArr; parse_uart0_recv_buffer &rArr; response_product_query &rArr; __2sprintf &rArr; _printf_char_common &rArr; __printf
<P>
<H3>
Functions with no stack information
</H3><UL>
 <LI><a href="#[29]">__user_initial_stackheap</a>
</UL>
</UL>
<P>
<H3>
Mutually Recursive functions
</H3> <LI><a href="#[7]">NMI_Handler</a>&nbsp;&nbsp;&nbsp;&rArr;&nbsp;&nbsp;&nbsp;<a href="#[7]">NMI_Handler</a><BR>
 <LI><a href="#[9]">SVC_Handler</a>&nbsp;&nbsp;&nbsp;&rArr;&nbsp;&nbsp;&nbsp;<a href="#[9]">SVC_Handler</a><BR>
 <LI><a href="#[a]">PendSV_Handler</a>&nbsp;&nbsp;&nbsp;&rArr;&nbsp;&nbsp;&nbsp;<a href="#[a]">PendSV_Handler</a><BR>
 <LI><a href="#[b]">SysTick_Handler</a>&nbsp;&nbsp;&nbsp;&rArr;&nbsp;&nbsp;&nbsp;<a href="#[b]">SysTick_Handler</a><BR>
 <LI><a href="#[16]">Default_Handler</a>&nbsp;&nbsp;&nbsp;&rArr;&nbsp;&nbsp;&nbsp;<a href="#[16]">Default_Handler</a><BR>
</UL>
<P>
<H3>
Function Pointers
</H3><UL>
 <LI><a href="#[1e]">ACMP_IRQHandler</a> from startup_mini58series.o(.text) referenced from startup_mini58series.o(RESET)
 <LI><a href="#[20]">ADC_IRQHandler</a> from startup_mini58series.o(.text) referenced from startup_mini58series.o(RESET)
 <LI><a href="#[c]">BOD_IRQHandler</a> from startup_mini58series.o(.text) referenced from startup_mini58series.o(RESET)
 <LI><a href="#[16]">Default_Handler</a> from startup_mini58series.o(.text) referenced 12 times from startup_mini58series.o(RESET)
 <LI><a href="#[e]">EINT0_IRQHandler</a> from interrupt.o(.text) referenced from startup_mini58series.o(RESET)
 <LI><a href="#[f]">EINT1_IRQHandler</a> from interrupt.o(.text) referenced from startup_mini58series.o(RESET)
 <LI><a href="#[13]">FB_IRQHandler</a> from startup_mini58series.o(.text) referenced from startup_mini58series.o(RESET)
 <LI><a href="#[10]">GPIO01_IRQHandler</a> from startup_mini58series.o(.text) referenced from startup_mini58series.o(RESET)
 <LI><a href="#[11]">GPIO234_IRQHandler</a> from startup_mini58series.o(.text) referenced from startup_mini58series.o(RESET)
 <LI><a href="#[1a]">GPIO5_IRQHandler</a> from startup_mini58series.o(.text) referenced from startup_mini58series.o(RESET)
 <LI><a href="#[1b]">HIRC_IRQHandler</a> from startup_mini58series.o(.text) referenced from startup_mini58series.o(RESET)
 <LI><a href="#[8]">HardFault_Handler</a> from retarget.o(.emb_text) referenced from startup_mini58series.o(RESET)
 <LI><a href="#[21]">Hard_Fault_Handler</a> from retarget.o(.text) referenced from retarget.o(.emb_text)
 <LI><a href="#[1c]">I2C0_IRQHandler</a> from interrupt.o(.text) referenced from startup_mini58series.o(RESET)
 <LI><a href="#[1d]">I2C1_IRQHandler</a> from interrupt.o(.text) referenced from startup_mini58series.o(RESET)
 <LI><a href="#[7]">NMI_Handler</a> from startup_mini58series.o(.text) referenced from startup_mini58series.o(RESET)
 <LI><a href="#[1f]">PDWU_IRQHandler</a> from startup_mini58series.o(.text) referenced from startup_mini58series.o(RESET)
 <LI><a href="#[12]">PWM_IRQHandler</a> from startup_mini58series.o(.text) referenced from startup_mini58series.o(RESET)
 <LI><a href="#[a]">PendSV_Handler</a> from startup_mini58series.o(.text) referenced from startup_mini58series.o(RESET)
 <LI><a href="#[27]">Reset_Handler</a> from startup_mini58series.o(.text) referenced from startup_mini58series.o(RESET)
 <LI><a href="#[19]">SPI_IRQHandler</a> from startup_mini58series.o(.text) referenced from startup_mini58series.o(RESET)
 <LI><a href="#[9]">SVC_Handler</a> from startup_mini58series.o(.text) referenced from startup_mini58series.o(RESET)
 <LI><a href="#[b]">SysTick_Handler</a> from startup_mini58series.o(.text) referenced from startup_mini58series.o(RESET)
 <LI><a href="#[14]">TMR0_IRQHandler</a> from interrupt.o(.text) referenced from startup_mini58series.o(RESET)
 <LI><a href="#[15]">TMR1_IRQHandler</a> from startup_mini58series.o(.text) referenced from startup_mini58series.o(RESET)
 <LI><a href="#[17]">UART0_IRQHandler</a> from interrupt.o(.text) referenced from startup_mini58series.o(RESET)
 <LI><a href="#[18]">UART1_IRQHandler</a> from interrupt.o(.text) referenced from startup_mini58series.o(RESET)
 <LI><a href="#[d]">WDT_IRQHandler</a> from startup_mini58series.o(.text) referenced from startup_mini58series.o(RESET)
 <LI><a href="#[28]">__main</a> from __main.o(!!!main) referenced from startup_mini58series.o(.text)
 <LI><a href="#[25]">_printf_input_char</a> from _printf_char_common.o(.text) referenced from _printf_char_common.o(.text)
 <LI><a href="#[24]">_sputc</a> from _sputc.o(.text) referenced from __2sprintf.o(.text)
 <LI><a href="#[26]">fputc</a> from retarget.o(.text) referenced from _printf_char_file.o(.text)
 <LI><a href="#[23]">sysex_message_process</a> from main.o(.text) referenced from main.o(.text)
</UL>
<P>
<H3>
Global Symbols
</H3>
<P><STRONG><a name="[28]"></a>__main</STRONG> (Thumb, 8 bytes, Stack size 0 bytes, __main.o(!!!main))
<BR><BR>[Calls]<UL><LI><a href="#[34]">&gt;&gt;</a>&nbsp;&nbsp;&nbsp;__rt_entry
<LI><a href="#[33]">&gt;&gt;</a>&nbsp;&nbsp;&nbsp;__scatterload
</UL>

<P><STRONG><a name="[33]"></a>__scatterload</STRONG> (Thumb, 0 bytes, Stack size unknown bytes, __scatter.o(!!!scatter))
<BR><BR>[Called By]<UL><LI><a href="#[28]">&gt;&gt;</a>&nbsp;&nbsp;&nbsp;__main
</UL>

<P><STRONG><a name="[35]"></a>__scatterload_rt2</STRONG> (Thumb, 52 bytes, Stack size unknown bytes, __scatter.o(!!!scatter), UNUSED)
<BR><BR>[Calls]<UL><LI><a href="#[34]">&gt;&gt;</a>&nbsp;&nbsp;&nbsp;__rt_entry
</UL>

<P><STRONG><a name="[f5]"></a>__scatterload_rt2_thumb_only</STRONG> (Thumb, 0 bytes, Stack size unknown bytes, __scatter.o(!!!scatter), UNUSED)

<P><STRONG><a name="[f6]"></a>__scatterload_null</STRONG> (Thumb, 0 bytes, Stack size unknown bytes, __scatter.o(!!!scatter), UNUSED)

<P><STRONG><a name="[36]"></a>__scatterload_copy</STRONG> (Thumb, 26 bytes, Stack size unknown bytes, __scatter_copy.o(!!handler_copy), UNUSED)
<BR><BR>[Calls]<UL><LI><a href="#[36]">&gt;&gt;</a>&nbsp;&nbsp;&nbsp;__scatterload_copy
</UL>
<BR>[Called By]<UL><LI><a href="#[36]">&gt;&gt;</a>&nbsp;&nbsp;&nbsp;__scatterload_copy
</UL>

<P><STRONG><a name="[f7]"></a>__scatterload_zeroinit</STRONG> (Thumb, 28 bytes, Stack size unknown bytes, __scatter_zi.o(!!handler_zi), UNUSED)

<P><STRONG><a name="[d4]"></a>_printf_percent</STRONG> (Thumb, 0 bytes, Stack size unknown bytes, _printf_percent.o(.ARM.Collect$$_printf_percent$$00000000))
<BR><BR>[Called By]<UL><LI><a href="#[d2]">&gt;&gt;</a>&nbsp;&nbsp;&nbsp;__printf
</UL>

<P><STRONG><a name="[37]"></a>_printf_d</STRONG> (Thumb, 0 bytes, Stack size unknown bytes, _printf_d.o(.ARM.Collect$$_printf_percent$$00000009))
<BR><BR>[Stack]<UL><LI>Max Depth = 96 + Unknown Stack Size
<LI>Call Chain = _printf_d &rArr; _printf_x &rArr; _printf_int_hex &rArr; _printf_longlong_hex &rArr; _printf_int_common &rArr; _printf_post_padding
</UL>
<BR>[Calls]<UL><LI><a href="#[38]">&gt;&gt;</a>&nbsp;&nbsp;&nbsp;_printf_x
<LI><a href="#[39]">&gt;&gt;</a>&nbsp;&nbsp;&nbsp;_printf_int_dec
</UL>

<P><STRONG><a name="[38]"></a>_printf_x</STRONG> (Thumb, 0 bytes, Stack size unknown bytes, _printf_x.o(.ARM.Collect$$_printf_percent$$0000000C))
<BR><BR>[Stack]<UL><LI>Max Depth = 96 + Unknown Stack Size
<LI>Call Chain = _printf_x &rArr; _printf_int_hex &rArr; _printf_longlong_hex &rArr; _printf_int_common &rArr; _printf_post_padding
</UL>
<BR>[Calls]<UL><LI><a href="#[3a]">&gt;&gt;</a>&nbsp;&nbsp;&nbsp;_printf_percent_end
<LI><a href="#[3b]">&gt;&gt;</a>&nbsp;&nbsp;&nbsp;_printf_int_hex
</UL>
<BR>[Called By]<UL><LI><a href="#[37]">&gt;&gt;</a>&nbsp;&nbsp;&nbsp;_printf_d
</UL>

<P><STRONG><a name="[3a]"></a>_printf_percent_end</STRONG> (Thumb, 0 bytes, Stack size unknown bytes, _printf_percent_end.o(.ARM.Collect$$_printf_percent$$00000017))
<BR><BR>[Called By]<UL><LI><a href="#[38]">&gt;&gt;</a>&nbsp;&nbsp;&nbsp;_printf_x
</UL>

<P><STRONG><a name="[3f]"></a>__rt_lib_init</STRONG> (Thumb, 0 bytes, Stack size unknown bytes, libinit.o(.ARM.Collect$$libinit$$00000000))
<BR><BR>[Called By]<UL><LI><a href="#[3e]">&gt;&gt;</a>&nbsp;&nbsp;&nbsp;__rt_entry_li
</UL>

<P><STRONG><a name="[f8]"></a>__rt_lib_init_alloca_1</STRONG> (Thumb, 0 bytes, Stack size unknown bytes, libinit2.o(.ARM.Collect$$libinit$$0000002E))

<P><STRONG><a name="[f9]"></a>__rt_lib_init_argv_1</STRONG> (Thumb, 0 bytes, Stack size unknown bytes, libinit2.o(.ARM.Collect$$libinit$$0000002C))

<P><STRONG><a name="[fa]"></a>__rt_lib_init_atexit_1</STRONG> (Thumb, 0 bytes, Stack size unknown bytes, libinit2.o(.ARM.Collect$$libinit$$0000001B))

<P><STRONG><a name="[fb]"></a>__rt_lib_init_clock_1</STRONG> (Thumb, 0 bytes, Stack size unknown bytes, libinit2.o(.ARM.Collect$$libinit$$00000021))

<P><STRONG><a name="[fc]"></a>__rt_lib_init_cpp_1</STRONG> (Thumb, 0 bytes, Stack size unknown bytes, libinit2.o(.ARM.Collect$$libinit$$00000032))

<P><STRONG><a name="[fd]"></a>__rt_lib_init_exceptions_1</STRONG> (Thumb, 0 bytes, Stack size unknown bytes, libinit2.o(.ARM.Collect$$libinit$$00000030))

<P><STRONG><a name="[fe]"></a>__rt_lib_init_fp_1</STRONG> (Thumb, 0 bytes, Stack size unknown bytes, libinit2.o(.ARM.Collect$$libinit$$00000002))

<P><STRONG><a name="[ff]"></a>__rt_lib_init_fp_trap_1</STRONG> (Thumb, 0 bytes, Stack size unknown bytes, libinit2.o(.ARM.Collect$$libinit$$0000001F))

<P><STRONG><a name="[100]"></a>__rt_lib_init_getenv_1</STRONG> (Thumb, 0 bytes, Stack size unknown bytes, libinit2.o(.ARM.Collect$$libinit$$00000023))

<P><STRONG><a name="[101]"></a>__rt_lib_init_heap_1</STRONG> (Thumb, 0 bytes, Stack size unknown bytes, libinit2.o(.ARM.Collect$$libinit$$0000000A))

<P><STRONG><a name="[102]"></a>__rt_lib_init_lc_collate_1</STRONG> (Thumb, 0 bytes, Stack size unknown bytes, libinit2.o(.ARM.Collect$$libinit$$00000011))

<P><STRONG><a name="[103]"></a>__rt_lib_init_lc_ctype_1</STRONG> (Thumb, 0 bytes, Stack size unknown bytes, libinit2.o(.ARM.Collect$$libinit$$00000013))

<P><STRONG><a name="[104]"></a>__rt_lib_init_lc_monetary_1</STRONG> (Thumb, 0 bytes, Stack size unknown bytes, libinit2.o(.ARM.Collect$$libinit$$00000015))

<P><STRONG><a name="[105]"></a>__rt_lib_init_lc_numeric_1</STRONG> (Thumb, 0 bytes, Stack size unknown bytes, libinit2.o(.ARM.Collect$$libinit$$00000017))

<P><STRONG><a name="[106]"></a>__rt_lib_init_lc_time_1</STRONG> (Thumb, 0 bytes, Stack size unknown bytes, libinit2.o(.ARM.Collect$$libinit$$00000019))

<P><STRONG><a name="[107]"></a>__rt_lib_init_preinit_1</STRONG> (Thumb, 0 bytes, Stack size unknown bytes, libinit2.o(.ARM.Collect$$libinit$$00000004))

<P><STRONG><a name="[108]"></a>__rt_lib_init_rand_1</STRONG> (Thumb, 0 bytes, Stack size unknown bytes, libinit2.o(.ARM.Collect$$libinit$$0000000E))

<P><STRONG><a name="[109]"></a>__rt_lib_init_return</STRONG> (Thumb, 0 bytes, Stack size unknown bytes, libinit2.o(.ARM.Collect$$libinit$$00000033))

<P><STRONG><a name="[10a]"></a>__rt_lib_init_signal_1</STRONG> (Thumb, 0 bytes, Stack size unknown bytes, libinit2.o(.ARM.Collect$$libinit$$0000001D))

<P><STRONG><a name="[10b]"></a>__rt_lib_init_stdio_1</STRONG> (Thumb, 0 bytes, Stack size unknown bytes, libinit2.o(.ARM.Collect$$libinit$$00000025))

<P><STRONG><a name="[10c]"></a>__rt_lib_init_user_alloc_1</STRONG> (Thumb, 0 bytes, Stack size unknown bytes, libinit2.o(.ARM.Collect$$libinit$$0000000C))

<P><STRONG><a name="[44]"></a>__rt_lib_shutdown</STRONG> (Thumb, 0 bytes, Stack size unknown bytes, libshutdown.o(.ARM.Collect$$libshutdown$$00000000))
<BR><BR>[Called By]<UL><LI><a href="#[43]">&gt;&gt;</a>&nbsp;&nbsp;&nbsp;__rt_exit_ls
</UL>

<P><STRONG><a name="[10d]"></a>__rt_lib_shutdown_fp_trap_1</STRONG> (Thumb, 0 bytes, Stack size unknown bytes, libshutdown2.o(.ARM.Collect$$libshutdown$$00000006))

<P><STRONG><a name="[10e]"></a>__rt_lib_shutdown_heap_1</STRONG> (Thumb, 0 bytes, Stack size unknown bytes, libshutdown2.o(.ARM.Collect$$libshutdown$$0000000E))

<P><STRONG><a name="[10f]"></a>__rt_lib_shutdown_return</STRONG> (Thumb, 0 bytes, Stack size unknown bytes, libshutdown2.o(.ARM.Collect$$libshutdown$$0000000F))

<P><STRONG><a name="[110]"></a>__rt_lib_shutdown_signal_1</STRONG> (Thumb, 0 bytes, Stack size unknown bytes, libshutdown2.o(.ARM.Collect$$libshutdown$$00000009))

<P><STRONG><a name="[111]"></a>__rt_lib_shutdown_stdio_1</STRONG> (Thumb, 0 bytes, Stack size unknown bytes, libshutdown2.o(.ARM.Collect$$libshutdown$$00000003))

<P><STRONG><a name="[112]"></a>__rt_lib_shutdown_user_alloc_1</STRONG> (Thumb, 0 bytes, Stack size unknown bytes, libshutdown2.o(.ARM.Collect$$libshutdown$$0000000B))

<P><STRONG><a name="[34]"></a>__rt_entry</STRONG> (Thumb, 0 bytes, Stack size unknown bytes, __rtentry.o(.ARM.Collect$$rtentry$$00000000))
<BR><BR>[Called By]<UL><LI><a href="#[28]">&gt;&gt;</a>&nbsp;&nbsp;&nbsp;__main
<LI><a href="#[35]">&gt;&gt;</a>&nbsp;&nbsp;&nbsp;__scatterload_rt2
</UL>

<P><STRONG><a name="[113]"></a>__rt_entry_presh_1</STRONG> (Thumb, 0 bytes, Stack size unknown bytes, __rtentry2.o(.ARM.Collect$$rtentry$$00000002))

<P><STRONG><a name="[3c]"></a>__rt_entry_sh</STRONG> (Thumb, 0 bytes, Stack size unknown bytes, __rtentry4.o(.ARM.Collect$$rtentry$$00000004))
<BR><BR>[Stack]<UL><LI>Max Depth = 8 + Unknown Stack Size
<LI>Call Chain = __rt_entry_sh &rArr; __user_setup_stackheap
</UL>
<BR>[Calls]<UL><LI><a href="#[3d]">&gt;&gt;</a>&nbsp;&nbsp;&nbsp;__user_setup_stackheap
</UL>

<P><STRONG><a name="[3e]"></a>__rt_entry_li</STRONG> (Thumb, 0 bytes, Stack size unknown bytes, __rtentry2.o(.ARM.Collect$$rtentry$$0000000A))
<BR><BR>[Calls]<UL><LI><a href="#[3f]">&gt;&gt;</a>&nbsp;&nbsp;&nbsp;__rt_lib_init
</UL>

<P><STRONG><a name="[114]"></a>__rt_entry_postsh_1</STRONG> (Thumb, 0 bytes, Stack size unknown bytes, __rtentry2.o(.ARM.Collect$$rtentry$$00000009))

<P><STRONG><a name="[40]"></a>__rt_entry_main</STRONG> (Thumb, 0 bytes, Stack size unknown bytes, __rtentry2.o(.ARM.Collect$$rtentry$$0000000D))
<BR><BR>[Stack]<UL><LI>Max Depth = 176 + Unknown Stack Size
<LI>Call Chain = __rt_entry_main &rArr; main &rArr; parse_uart0_recv_buffer &rArr; response_product_query &rArr; __2sprintf &rArr; _printf_char_common &rArr; __printf
</UL>
<BR>[Calls]<UL><LI><a href="#[42]">&gt;&gt;</a>&nbsp;&nbsp;&nbsp;exit
<LI><a href="#[41]">&gt;&gt;</a>&nbsp;&nbsp;&nbsp;main
</UL>

<P><STRONG><a name="[115]"></a>__rt_entry_postli_1</STRONG> (Thumb, 0 bytes, Stack size unknown bytes, __rtentry2.o(.ARM.Collect$$rtentry$$0000000C))

<P><STRONG><a name="[e8]"></a>__rt_exit</STRONG> (Thumb, 0 bytes, Stack size unknown bytes, rtexit.o(.ARM.Collect$$rtexit$$00000000))
<BR><BR>[Called By]<UL><LI><a href="#[42]">&gt;&gt;</a>&nbsp;&nbsp;&nbsp;exit
</UL>

<P><STRONG><a name="[43]"></a>__rt_exit_ls</STRONG> (Thumb, 0 bytes, Stack size unknown bytes, rtexit2.o(.ARM.Collect$$rtexit$$00000003))
<BR><BR>[Calls]<UL><LI><a href="#[44]">&gt;&gt;</a>&nbsp;&nbsp;&nbsp;__rt_lib_shutdown
</UL>

<P><STRONG><a name="[116]"></a>__rt_exit_prels_1</STRONG> (Thumb, 0 bytes, Stack size unknown bytes, rtexit2.o(.ARM.Collect$$rtexit$$00000002))

<P><STRONG><a name="[45]"></a>__rt_exit_exit</STRONG> (Thumb, 0 bytes, Stack size unknown bytes, rtexit2.o(.ARM.Collect$$rtexit$$00000004))
<BR><BR>[Calls]<UL><LI><a href="#[46]">&gt;&gt;</a>&nbsp;&nbsp;&nbsp;_sys_exit
</UL>

<P><STRONG><a name="[8]"></a>HardFault_Handler</STRONG> (Thumb, 24 bytes, Stack size 0 bytes, retarget.o(.emb_text))
<BR>[Address Reference Count : 1]<UL><LI> startup_mini58series.o(RESET)
</UL>
<P><STRONG><a name="[27]"></a>Reset_Handler</STRONG> (Thumb, 4 bytes, Stack size 0 bytes, startup_mini58series.o(.text))

<P><STRONG><a name="[7]"></a>NMI_Handler</STRONG> (Thumb, 2 bytes, Stack size 0 bytes, startup_mini58series.o(.text))
<BR><BR>[Calls]<UL><LI><a href="#[7]">&gt;&gt;</a>&nbsp;&nbsp;&nbsp;NMI_Handler
</UL>
<BR>[Called By]<UL><LI><a href="#[7]">&gt;&gt;</a>&nbsp;&nbsp;&nbsp;NMI_Handler
</UL>
<BR>[Address Reference Count : 1]<UL><LI> startup_mini58series.o(RESET)
</UL>
<P><STRONG><a name="[9]"></a>SVC_Handler</STRONG> (Thumb, 2 bytes, Stack size 0 bytes, startup_mini58series.o(.text))
<BR><BR>[Calls]<UL><LI><a href="#[9]">&gt;&gt;</a>&nbsp;&nbsp;&nbsp;SVC_Handler
</UL>
<BR>[Called By]<UL><LI><a href="#[9]">&gt;&gt;</a>&nbsp;&nbsp;&nbsp;SVC_Handler
</UL>
<BR>[Address Reference Count : 1]<UL><LI> startup_mini58series.o(RESET)
</UL>
<P><STRONG><a name="[a]"></a>PendSV_Handler</STRONG> (Thumb, 2 bytes, Stack size 0 bytes, startup_mini58series.o(.text))
<BR><BR>[Calls]<UL><LI><a href="#[a]">&gt;&gt;</a>&nbsp;&nbsp;&nbsp;PendSV_Handler
</UL>
<BR>[Called By]<UL><LI><a href="#[a]">&gt;&gt;</a>&nbsp;&nbsp;&nbsp;PendSV_Handler
</UL>
<BR>[Address Reference Count : 1]<UL><LI> startup_mini58series.o(RESET)
</UL>
<P><STRONG><a name="[b]"></a>SysTick_Handler</STRONG> (Thumb, 2 bytes, Stack size 0 bytes, startup_mini58series.o(.text))
<BR><BR>[Calls]<UL><LI><a href="#[b]">&gt;&gt;</a>&nbsp;&nbsp;&nbsp;SysTick_Handler
</UL>
<BR>[Called By]<UL><LI><a href="#[b]">&gt;&gt;</a>&nbsp;&nbsp;&nbsp;SysTick_Handler
</UL>
<BR>[Address Reference Count : 1]<UL><LI> startup_mini58series.o(RESET)
</UL>
<P><STRONG><a name="[1e]"></a>ACMP_IRQHandler</STRONG> (Thumb, 0 bytes, Stack size 0 bytes, startup_mini58series.o(.text))
<BR>[Address Reference Count : 1]<UL><LI> startup_mini58series.o(RESET)
</UL>
<P><STRONG><a name="[20]"></a>ADC_IRQHandler</STRONG> (Thumb, 0 bytes, Stack size 0 bytes, startup_mini58series.o(.text))
<BR>[Address Reference Count : 1]<UL><LI> startup_mini58series.o(RESET)
</UL>
<P><STRONG><a name="[c]"></a>BOD_IRQHandler</STRONG> (Thumb, 0 bytes, Stack size 0 bytes, startup_mini58series.o(.text))
<BR>[Address Reference Count : 1]<UL><LI> startup_mini58series.o(RESET)
</UL>
<P><STRONG><a name="[13]"></a>FB_IRQHandler</STRONG> (Thumb, 0 bytes, Stack size 0 bytes, startup_mini58series.o(.text))
<BR>[Address Reference Count : 1]<UL><LI> startup_mini58series.o(RESET)
</UL>
<P><STRONG><a name="[10]"></a>GPIO01_IRQHandler</STRONG> (Thumb, 0 bytes, Stack size 0 bytes, startup_mini58series.o(.text))
<BR>[Address Reference Count : 1]<UL><LI> startup_mini58series.o(RESET)
</UL>
<P><STRONG><a name="[11]"></a>GPIO234_IRQHandler</STRONG> (Thumb, 0 bytes, Stack size 0 bytes, startup_mini58series.o(.text))
<BR>[Address Reference Count : 1]<UL><LI> startup_mini58series.o(RESET)
</UL>
<P><STRONG><a name="[1a]"></a>GPIO5_IRQHandler</STRONG> (Thumb, 0 bytes, Stack size 0 bytes, startup_mini58series.o(.text))
<BR>[Address Reference Count : 1]<UL><LI> startup_mini58series.o(RESET)
</UL>
<P><STRONG><a name="[1b]"></a>HIRC_IRQHandler</STRONG> (Thumb, 0 bytes, Stack size 0 bytes, startup_mini58series.o(.text))
<BR>[Address Reference Count : 1]<UL><LI> startup_mini58series.o(RESET)
</UL>
<P><STRONG><a name="[1f]"></a>PDWU_IRQHandler</STRONG> (Thumb, 0 bytes, Stack size 0 bytes, startup_mini58series.o(.text))
<BR>[Address Reference Count : 1]<UL><LI> startup_mini58series.o(RESET)
</UL>
<P><STRONG><a name="[12]"></a>PWM_IRQHandler</STRONG> (Thumb, 0 bytes, Stack size 0 bytes, startup_mini58series.o(.text))
<BR>[Address Reference Count : 1]<UL><LI> startup_mini58series.o(RESET)
</UL>
<P><STRONG><a name="[19]"></a>SPI_IRQHandler</STRONG> (Thumb, 0 bytes, Stack size 0 bytes, startup_mini58series.o(.text))
<BR>[Address Reference Count : 1]<UL><LI> startup_mini58series.o(RESET)
</UL>
<P><STRONG><a name="[15]"></a>TMR1_IRQHandler</STRONG> (Thumb, 0 bytes, Stack size 0 bytes, startup_mini58series.o(.text))
<BR>[Address Reference Count : 1]<UL><LI> startup_mini58series.o(RESET)
</UL>
<P><STRONG><a name="[d]"></a>WDT_IRQHandler</STRONG> (Thumb, 0 bytes, Stack size 0 bytes, startup_mini58series.o(.text))
<BR>[Address Reference Count : 1]<UL><LI> startup_mini58series.o(RESET)
</UL>
<P><STRONG><a name="[29]"></a>__user_initial_stackheap</STRONG> (Thumb, 0 bytes, Stack size unknown bytes, startup_mini58series.o(.text))
<BR><BR>[Called By]<UL><LI><a href="#[3d]">&gt;&gt;</a>&nbsp;&nbsp;&nbsp;__user_setup_stackheap
</UL>

<P><STRONG><a name="[98]"></a>SystemInit</STRONG> (Thumb, 2 bytes, Stack size 0 bytes, system_mini58series.o(.text))
<BR><BR>[Called By]<UL><LI><a href="#[97]">&gt;&gt;</a>&nbsp;&nbsp;&nbsp;SYS_Init
</UL>

<P><STRONG><a name="[47]"></a>SystemCoreClockUpdate</STRONG> (Thumb, 94 bytes, Stack size 16 bytes, system_mini58series.o(.text))
<BR><BR>[Stack]<UL><LI>Max Depth = 48<LI>Call Chain = SystemCoreClockUpdate &rArr; CLK_GetPLLClockFreq
</UL>
<BR>[Calls]<UL><LI><a href="#[48]">&gt;&gt;</a>&nbsp;&nbsp;&nbsp;CLK_GetPLLClockFreq
<LI><a href="#[49]">&gt;&gt;</a>&nbsp;&nbsp;&nbsp;__aeabi_uidivmod
</UL>
<BR>[Called By]<UL><LI><a href="#[a2]">&gt;&gt;</a>&nbsp;&nbsp;&nbsp;CLK_SetHCLK
<LI><a href="#[a1]">&gt;&gt;</a>&nbsp;&nbsp;&nbsp;CLK_GetCPUFreq
<LI><a href="#[a0]">&gt;&gt;</a>&nbsp;&nbsp;&nbsp;CLK_GetHCLKFreq
<LI><a href="#[97]">&gt;&gt;</a>&nbsp;&nbsp;&nbsp;SYS_Init
</UL>

<P><STRONG><a name="[14]"></a>TMR0_IRQHandler</STRONG> (Thumb, 36 bytes, Stack size 0 bytes, interrupt.o(.text))
<BR>[Address Reference Count : 1]<UL><LI> startup_mini58series.o(RESET)
</UL>
<P><STRONG><a name="[17]"></a>UART0_IRQHandler</STRONG> (Thumb, 8 bytes, Stack size 8 bytes, interrupt.o(.text))
<BR><BR>[Stack]<UL><LI>Max Depth = 16<LI>Call Chain = UART0_IRQHandler &rArr; Uart0_Handle
</UL>
<BR>[Calls]<UL><LI><a href="#[4a]">&gt;&gt;</a>&nbsp;&nbsp;&nbsp;Uart0_Handle
</UL>
<BR>[Address Reference Count : 1]<UL><LI> startup_mini58series.o(RESET)
</UL>
<P><STRONG><a name="[18]"></a>UART1_IRQHandler</STRONG> (Thumb, 8 bytes, Stack size 8 bytes, interrupt.o(.text))
<BR><BR>[Stack]<UL><LI>Max Depth = 16<LI>Call Chain = UART1_IRQHandler &rArr; Uart1_Handle
</UL>
<BR>[Calls]<UL><LI><a href="#[4b]">&gt;&gt;</a>&nbsp;&nbsp;&nbsp;Uart1_Handle
</UL>
<BR>[Address Reference Count : 1]<UL><LI> startup_mini58series.o(RESET)
</UL>
<P><STRONG><a name="[f]"></a>EINT1_IRQHandler</STRONG> (Thumb, 2 bytes, Stack size 0 bytes, interrupt.o(.text))
<BR>[Address Reference Count : 1]<UL><LI> startup_mini58series.o(RESET)
</UL>
<P><STRONG><a name="[e]"></a>EINT0_IRQHandler</STRONG> (Thumb, 2 bytes, Stack size 0 bytes, interrupt.o(.text))
<BR>[Address Reference Count : 1]<UL><LI> startup_mini58series.o(RESET)
</UL>
<P><STRONG><a name="[1c]"></a>I2C0_IRQHandler</STRONG> (Thumb, 48 bytes, Stack size 8 bytes, interrupt.o(.text))
<BR><BR>[Stack]<UL><LI>Max Depth = 8<LI>Call Chain = I2C0_IRQHandler
</UL>
<BR>[Calls]<UL><LI><a href="#[4c]">&gt;&gt;</a>&nbsp;&nbsp;&nbsp;I2C_ClearTimeoutFlag
</UL>
<BR>[Address Reference Count : 1]<UL><LI> startup_mini58series.o(RESET)
</UL>
<P><STRONG><a name="[1d]"></a>I2C1_IRQHandler</STRONG> (Thumb, 48 bytes, Stack size 8 bytes, interrupt.o(.text))
<BR><BR>[Stack]<UL><LI>Max Depth = 8<LI>Call Chain = I2C1_IRQHandler
</UL>
<BR>[Calls]<UL><LI><a href="#[4c]">&gt;&gt;</a>&nbsp;&nbsp;&nbsp;I2C_ClearTimeoutFlag
</UL>
<BR>[Address Reference Count : 1]<UL><LI> startup_mini58series.o(RESET)
</UL>
<P><STRONG><a name="[52]"></a>flush_sysex_to_send</STRONG> (Thumb, 142 bytes, Stack size 16 bytes, protocol.o(.text))
<BR><BR>[Stack]<UL><LI>Max Depth = 16<LI>Call Chain = flush_sysex_to_send
</UL>
<BR>[Calls]<UL><LI><a href="#[4f]">&gt;&gt;</a>&nbsp;&nbsp;&nbsp;write_byte_uart1
<LI><a href="#[4e]">&gt;&gt;</a>&nbsp;&nbsp;&nbsp;write_byte_uart0
</UL>
<BR>[Called By]<UL><LI><a href="#[79]">&gt;&gt;</a>&nbsp;&nbsp;&nbsp;send_sysex_return_code
<LI><a href="#[77]">&gt;&gt;</a>&nbsp;&nbsp;&nbsp;send_digital_signal_to_block
<LI><a href="#[76]">&gt;&gt;</a>&nbsp;&nbsp;&nbsp;send_analog_signal_to_block
<LI><a href="#[6c]">&gt;&gt;</a>&nbsp;&nbsp;&nbsp;send_digital_signal_to_host
<LI><a href="#[6b]">&gt;&gt;</a>&nbsp;&nbsp;&nbsp;send_analog_signal_to_host
<LI><a href="#[66]">&gt;&gt;</a>&nbsp;&nbsp;&nbsp;send_sysex_error_code
<LI><a href="#[59]">&gt;&gt;</a>&nbsp;&nbsp;&nbsp;query_firmware_version_response
<LI><a href="#[be]">&gt;&gt;</a>&nbsp;&nbsp;&nbsp;send_sensor_report_online
<LI><a href="#[bd]">&gt;&gt;</a>&nbsp;&nbsp;&nbsp;send_sensor_report_offline
</UL>

<P><STRONG><a name="[53]"></a>add_sysex_data</STRONG> (Thumb, 352 bytes, Stack size 24 bytes, protocol.o(.text))
<BR><BR>[Stack]<UL><LI>Max Depth = 40<LI>Call Chain = add_sysex_data &rArr; sendlong
</UL>
<BR>[Calls]<UL><LI><a href="#[54]">&gt;&gt;</a>&nbsp;&nbsp;&nbsp;__ARM_common_switch8
<LI><a href="#[57]">&gt;&gt;</a>&nbsp;&nbsp;&nbsp;sendlong
<LI><a href="#[58]">&gt;&gt;</a>&nbsp;&nbsp;&nbsp;sendFloat
<LI><a href="#[56]">&gt;&gt;</a>&nbsp;&nbsp;&nbsp;sendShort
<LI><a href="#[55]">&gt;&gt;</a>&nbsp;&nbsp;&nbsp;sendbyte
</UL>
<BR>[Called By]<UL><LI><a href="#[79]">&gt;&gt;</a>&nbsp;&nbsp;&nbsp;send_sysex_return_code
<LI><a href="#[6c]">&gt;&gt;</a>&nbsp;&nbsp;&nbsp;send_digital_signal_to_host
<LI><a href="#[6b]">&gt;&gt;</a>&nbsp;&nbsp;&nbsp;send_analog_signal_to_host
<LI><a href="#[66]">&gt;&gt;</a>&nbsp;&nbsp;&nbsp;send_sysex_error_code
<LI><a href="#[59]">&gt;&gt;</a>&nbsp;&nbsp;&nbsp;query_firmware_version_response
<LI><a href="#[be]">&gt;&gt;</a>&nbsp;&nbsp;&nbsp;send_sensor_report_online
<LI><a href="#[bd]">&gt;&gt;</a>&nbsp;&nbsp;&nbsp;send_sensor_report_offline
</UL>

<P><STRONG><a name="[5a]"></a>init_sysex_to_send</STRONG> (Thumb, 66 bytes, Stack size 16 bytes, protocol.o(.text))
<BR><BR>[Stack]<UL><LI>Max Depth = 16<LI>Call Chain = init_sysex_to_send
</UL>
<BR>[Called By]<UL><LI><a href="#[79]">&gt;&gt;</a>&nbsp;&nbsp;&nbsp;send_sysex_return_code
<LI><a href="#[77]">&gt;&gt;</a>&nbsp;&nbsp;&nbsp;send_digital_signal_to_block
<LI><a href="#[76]">&gt;&gt;</a>&nbsp;&nbsp;&nbsp;send_analog_signal_to_block
<LI><a href="#[6c]">&gt;&gt;</a>&nbsp;&nbsp;&nbsp;send_digital_signal_to_host
<LI><a href="#[6b]">&gt;&gt;</a>&nbsp;&nbsp;&nbsp;send_analog_signal_to_host
<LI><a href="#[66]">&gt;&gt;</a>&nbsp;&nbsp;&nbsp;send_sysex_error_code
<LI><a href="#[59]">&gt;&gt;</a>&nbsp;&nbsp;&nbsp;query_firmware_version_response
<LI><a href="#[be]">&gt;&gt;</a>&nbsp;&nbsp;&nbsp;send_sensor_report_online
<LI><a href="#[bd]">&gt;&gt;</a>&nbsp;&nbsp;&nbsp;send_sensor_report_offline
</UL>

<P><STRONG><a name="[5b]"></a>read_next_sysex_data</STRONG> (Thumb, 492 bytes, Stack size 16 bytes, protocol.o(.text))
<BR><BR>[Stack]<UL><LI>Max Depth = 28<LI>Call Chain = read_next_sysex_data &rArr; readShort
</UL>
<BR>[Calls]<UL><LI><a href="#[54]">&gt;&gt;</a>&nbsp;&nbsp;&nbsp;__ARM_common_switch8
<LI><a href="#[5f]">&gt;&gt;</a>&nbsp;&nbsp;&nbsp;readlong
<LI><a href="#[60]">&gt;&gt;</a>&nbsp;&nbsp;&nbsp;readfloat
<LI><a href="#[5e]">&gt;&gt;</a>&nbsp;&nbsp;&nbsp;readShort
<LI><a href="#[5d]">&gt;&gt;</a>&nbsp;&nbsp;&nbsp;readbyte
<LI><a href="#[5c]">&gt;&gt;</a>&nbsp;&nbsp;&nbsp;data_len
</UL>
<BR>[Called By]<UL><LI><a href="#[67]">&gt;&gt;</a>&nbsp;&nbsp;&nbsp;communication_test_response
<LI><a href="#[64]">&gt;&gt;</a>&nbsp;&nbsp;&nbsp;set_baudrate_response
<LI><a href="#[61]">&gt;&gt;</a>&nbsp;&nbsp;&nbsp;set_rgb_led_response
<LI><a href="#[23]">&gt;&gt;</a>&nbsp;&nbsp;&nbsp;sysex_message_process
</UL>

<P><STRONG><a name="[62]"></a>read_sysex_type</STRONG> (Thumb, 102 bytes, Stack size 12 bytes, protocol.o(.text))
<BR><BR>[Stack]<UL><LI>Max Depth = 12<LI>Call Chain = read_sysex_type
</UL>
<BR>[Called By]<UL><LI><a href="#[67]">&gt;&gt;</a>&nbsp;&nbsp;&nbsp;communication_test_response
<LI><a href="#[64]">&gt;&gt;</a>&nbsp;&nbsp;&nbsp;set_baudrate_response
<LI><a href="#[61]">&gt;&gt;</a>&nbsp;&nbsp;&nbsp;set_rgb_led_response
<LI><a href="#[23]">&gt;&gt;</a>&nbsp;&nbsp;&nbsp;sysex_message_process
</UL>

<P><STRONG><a name="[66]"></a>send_sysex_error_code</STRONG> (Thumb, 30 bytes, Stack size 8 bytes, protocol.o(.text))
<BR><BR>[Stack]<UL><LI>Max Depth = 48<LI>Call Chain = send_sysex_error_code &rArr; add_sysex_data &rArr; sendlong
</UL>
<BR>[Calls]<UL><LI><a href="#[5a]">&gt;&gt;</a>&nbsp;&nbsp;&nbsp;init_sysex_to_send
<LI><a href="#[53]">&gt;&gt;</a>&nbsp;&nbsp;&nbsp;add_sysex_data
<LI><a href="#[52]">&gt;&gt;</a>&nbsp;&nbsp;&nbsp;flush_sysex_to_send
</UL>
<BR>[Called By]<UL><LI><a href="#[67]">&gt;&gt;</a>&nbsp;&nbsp;&nbsp;communication_test_response
</UL>

<P><STRONG><a name="[6b]"></a>send_analog_signal_to_host</STRONG> (Thumb, 52 bytes, Stack size 40 bytes, protocol.o(.text), UNUSED)
<BR><BR>[Calls]<UL><LI><a href="#[5a]">&gt;&gt;</a>&nbsp;&nbsp;&nbsp;init_sysex_to_send
<LI><a href="#[53]">&gt;&gt;</a>&nbsp;&nbsp;&nbsp;add_sysex_data
<LI><a href="#[52]">&gt;&gt;</a>&nbsp;&nbsp;&nbsp;flush_sysex_to_send
</UL>

<P><STRONG><a name="[6c]"></a>send_digital_signal_to_host</STRONG> (Thumb, 44 bytes, Stack size 32 bytes, protocol.o(.text), UNUSED)
<BR><BR>[Calls]<UL><LI><a href="#[5a]">&gt;&gt;</a>&nbsp;&nbsp;&nbsp;init_sysex_to_send
<LI><a href="#[53]">&gt;&gt;</a>&nbsp;&nbsp;&nbsp;add_sysex_data
<LI><a href="#[52]">&gt;&gt;</a>&nbsp;&nbsp;&nbsp;flush_sysex_to_send
</UL>

<P><STRONG><a name="[6d]"></a>read_uniform_value</STRONG> (Thumb, 22 bytes, Stack size 8 bytes, protocol.o(.text), UNUSED)
<BR><BR>[Calls]<UL><LI><a href="#[5e]">&gt;&gt;</a>&nbsp;&nbsp;&nbsp;readShort
</UL>

<P><STRONG><a name="[6e]"></a>uniform_convert_to_real</STRONG> (Thumb, 58 bytes, Stack size 40 bytes, protocol.o(.text), UNUSED)
<BR><BR>[Calls]<UL><LI><a href="#[71]">&gt;&gt;</a>&nbsp;&nbsp;&nbsp;__aeabi_fmul
<LI><a href="#[70]">&gt;&gt;</a>&nbsp;&nbsp;&nbsp;__aeabi_i2f
<LI><a href="#[72]">&gt;&gt;</a>&nbsp;&nbsp;&nbsp;__aeabi_fdiv
<LI><a href="#[6f]">&gt;&gt;</a>&nbsp;&nbsp;&nbsp;__aeabi_fsub
<LI><a href="#[73]">&gt;&gt;</a>&nbsp;&nbsp;&nbsp;__aeabi_fadd
</UL>

<P><STRONG><a name="[74]"></a>real_convert_to_uinform</STRONG> (Thumb, 66 bytes, Stack size 40 bytes, protocol.o(.text), UNUSED)
<BR><BR>[Calls]<UL><LI><a href="#[71]">&gt;&gt;</a>&nbsp;&nbsp;&nbsp;__aeabi_fmul
<LI><a href="#[75]">&gt;&gt;</a>&nbsp;&nbsp;&nbsp;__aeabi_f2iz
<LI><a href="#[72]">&gt;&gt;</a>&nbsp;&nbsp;&nbsp;__aeabi_fdiv
<LI><a href="#[6f]">&gt;&gt;</a>&nbsp;&nbsp;&nbsp;__aeabi_fsub
<LI><a href="#[73]">&gt;&gt;</a>&nbsp;&nbsp;&nbsp;__aeabi_fadd
</UL>
<BR>[Called By]<UL><LI><a href="#[77]">&gt;&gt;</a>&nbsp;&nbsp;&nbsp;send_digital_signal_to_block
</UL>

<P><STRONG><a name="[76]"></a>send_analog_signal_to_block</STRONG> (Thumb, 112 bytes, Stack size 16 bytes, protocol.o(.text), UNUSED)
<BR><BR>[Calls]<UL><LI><a href="#[5a]">&gt;&gt;</a>&nbsp;&nbsp;&nbsp;init_sysex_to_send
<LI><a href="#[52]">&gt;&gt;</a>&nbsp;&nbsp;&nbsp;flush_sysex_to_send
<LI><a href="#[56]">&gt;&gt;</a>&nbsp;&nbsp;&nbsp;sendShort
</UL>

<P><STRONG><a name="[77]"></a>send_digital_signal_to_block</STRONG> (Thumb, 84 bytes, Stack size 24 bytes, protocol.o(.text), UNUSED)
<BR><BR>[Calls]<UL><LI><a href="#[74]">&gt;&gt;</a>&nbsp;&nbsp;&nbsp;real_convert_to_uinform
<LI><a href="#[5a]">&gt;&gt;</a>&nbsp;&nbsp;&nbsp;init_sysex_to_send
<LI><a href="#[52]">&gt;&gt;</a>&nbsp;&nbsp;&nbsp;flush_sysex_to_send
<LI><a href="#[56]">&gt;&gt;</a>&nbsp;&nbsp;&nbsp;sendShort
<LI><a href="#[78]">&gt;&gt;</a>&nbsp;&nbsp;&nbsp;__aeabi_ui2f
</UL>

<P><STRONG><a name="[79]"></a>send_sysex_return_code</STRONG> (Thumb, 42 bytes, Stack size 8 bytes, protocol.o(.text))
<BR><BR>[Stack]<UL><LI>Max Depth = 48<LI>Call Chain = send_sysex_return_code &rArr; add_sysex_data &rArr; sendlong
</UL>
<BR>[Calls]<UL><LI><a href="#[5a]">&gt;&gt;</a>&nbsp;&nbsp;&nbsp;init_sysex_to_send
<LI><a href="#[53]">&gt;&gt;</a>&nbsp;&nbsp;&nbsp;add_sysex_data
<LI><a href="#[52]">&gt;&gt;</a>&nbsp;&nbsp;&nbsp;flush_sysex_to_send
</UL>
<BR>[Called By]<UL><LI><a href="#[7b]">&gt;&gt;</a>&nbsp;&nbsp;&nbsp;processSysexMessageOnline
</UL>

<P><STRONG><a name="[7a]"></a>flush_uart0_to_uart1</STRONG> (Thumb, 126 bytes, Stack size 16 bytes, protocol.o(.text))
<BR><BR>[Stack]<UL><LI>Max Depth = 16<LI>Call Chain = flush_uart0_to_uart1
</UL>
<BR>[Calls]<UL><LI><a href="#[4f]">&gt;&gt;</a>&nbsp;&nbsp;&nbsp;write_byte_uart1
</UL>
<BR>[Called By]<UL><LI><a href="#[7f]">&gt;&gt;</a>&nbsp;&nbsp;&nbsp;processSysexMessageOffline
<LI><a href="#[7b]">&gt;&gt;</a>&nbsp;&nbsp;&nbsp;processSysexMessageOnline
</UL>

<P><STRONG><a name="[80]"></a>parse_uart0_recv_buffer</STRONG> (Thumb, 300 bytes, Stack size 16 bytes, protocol.o(.text))
<BR><BR>[Stack]<UL><LI>Max Depth = 176 + Unknown Stack Size
<LI>Call Chain = parse_uart0_recv_buffer &rArr; response_product_query &rArr; __2sprintf &rArr; _printf_char_common &rArr; __printf
</UL>
<BR>[Calls]<UL><LI><a href="#[7f]">&gt;&gt;</a>&nbsp;&nbsp;&nbsp;processSysexMessageOffline
<LI><a href="#[7b]">&gt;&gt;</a>&nbsp;&nbsp;&nbsp;processSysexMessageOnline
<LI><a href="#[68]">&gt;&gt;</a>&nbsp;&nbsp;&nbsp;response_product_query
</UL>
<BR>[Called By]<UL><LI><a href="#[41]">&gt;&gt;</a>&nbsp;&nbsp;&nbsp;main
</UL>

<P><STRONG><a name="[c7]"></a>flush_uart1_to_uart0</STRONG> (Thumb, 280 bytes, Stack size 12 bytes, protocol.o(.text))
<BR><BR>[Stack]<UL><LI>Max Depth = 12<LI>Call Chain = flush_uart1_to_uart0
</UL>
<BR>[Called By]<UL><LI><a href="#[41]">&gt;&gt;</a>&nbsp;&nbsp;&nbsp;main
</UL>

<P><STRONG><a name="[c8]"></a>flush_uart0_local_buffer</STRONG> (Thumb, 84 bytes, Stack size 0 bytes, protocol.o(.text))
<BR><BR>[Called By]<UL><LI><a href="#[41]">&gt;&gt;</a>&nbsp;&nbsp;&nbsp;main
</UL>

<P><STRONG><a name="[c6]"></a>uart0_recv_attach</STRONG> (Thumb, 18 bytes, Stack size 0 bytes, protocol.o(.text))
<BR><BR>[Called By]<UL><LI><a href="#[c4]">&gt;&gt;</a>&nbsp;&nbsp;&nbsp;init_block
</UL>

<P><STRONG><a name="[81]"></a>map</STRONG> (Thumb, 30 bytes, Stack size 24 bytes, mygpio.o(.text), UNUSED)
<BR><BR>[Calls]<UL><LI><a href="#[82]">&gt;&gt;</a>&nbsp;&nbsp;&nbsp;__aeabi_idivmod
</UL>

<P><STRONG><a name="[117]"></a>pin_to_index</STRONG> (Thumb, 16 bytes, Stack size 0 bytes, mygpio.o(.text), UNUSED)

<P><STRONG><a name="[118]"></a>is_pin_servo</STRONG> (Thumb, 18 bytes, Stack size 0 bytes, mygpio.o(.text), UNUSED)

<P><STRONG><a name="[119]"></a>is_pin_pwm</STRONG> (Thumb, 18 bytes, Stack size 0 bytes, mygpio.o(.text), UNUSED)

<P><STRONG><a name="[11a]"></a>is_pin_analog</STRONG> (Thumb, 34 bytes, Stack size 0 bytes, mygpio.o(.text), UNUSED)

<P><STRONG><a name="[83]"></a>pinMode</STRONG> (Thumb, 122 bytes, Stack size 24 bytes, mygpio.o(.text), UNUSED)
<BR><BR>[Calls]<UL><LI><a href="#[84]">&gt;&gt;</a>&nbsp;&nbsp;&nbsp;GPIO_SetMode
<LI><a href="#[54]">&gt;&gt;</a>&nbsp;&nbsp;&nbsp;__ARM_common_switch8
</UL>

<P><STRONG><a name="[86]"></a>Pin2Addr</STRONG> (Thumb, 26 bytes, Stack size 12 bytes, mygpio.o(.text), UNUSED)
<BR><BR>[Called By]<UL><LI><a href="#[85]">&gt;&gt;</a>&nbsp;&nbsp;&nbsp;digitalWrite
</UL>

<P><STRONG><a name="[85]"></a>digitalWrite</STRONG> (Thumb, 16 bytes, Stack size 12 bytes, mygpio.o(.text), UNUSED)
<BR><BR>[Calls]<UL><LI><a href="#[86]">&gt;&gt;</a>&nbsp;&nbsp;&nbsp;Pin2Addr
</UL>

<P><STRONG><a name="[11b]"></a>digitalRead</STRONG> (Thumb, 26 bytes, Stack size 8 bytes, mygpio.o(.text), UNUSED)

<P><STRONG><a name="[11c]"></a>analogRead</STRONG> (Thumb, 382 bytes, Stack size 0 bytes, mygpio.o(.text), UNUSED)

<P><STRONG><a name="[87]"></a>pwm_write</STRONG> (Thumb, 702 bytes, Stack size 16 bytes, mygpio.o(.text))
<BR><BR>[Stack]<UL><LI>Max Depth = 64<LI>Call Chain = pwm_write &rArr; PWM_ConfigOutputChannel
</UL>
<BR>[Calls]<UL><LI><a href="#[89]">&gt;&gt;</a>&nbsp;&nbsp;&nbsp;PWM_ConfigOutputChannel
<LI><a href="#[88]">&gt;&gt;</a>&nbsp;&nbsp;&nbsp;CLK_EnableModuleClock
</UL>
<BR>[Called By]<UL><LI><a href="#[8e]">&gt;&gt;</a>&nbsp;&nbsp;&nbsp;led_indicate_normal
<LI><a href="#[8d]">&gt;&gt;</a>&nbsp;&nbsp;&nbsp;led_indicate_error
<LI><a href="#[8a]">&gt;&gt;</a>&nbsp;&nbsp;&nbsp;blink_rgb_led
<LI><a href="#[63]">&gt;&gt;</a>&nbsp;&nbsp;&nbsp;set_rgb_led
</UL>

<P><STRONG><a name="[11d]"></a>pwm_canceled</STRONG> (Thumb, 172 bytes, Stack size 0 bytes, mygpio.o(.text), UNUSED)

<P><STRONG><a name="[63]"></a>set_rgb_led</STRONG> (Thumb, 250 bytes, Stack size 16 bytes, sysinit.o(.text))
<BR><BR>[Stack]<UL><LI>Max Depth = 80<LI>Call Chain = set_rgb_led &rArr; pwm_write &rArr; PWM_ConfigOutputChannel
</UL>
<BR>[Calls]<UL><LI><a href="#[87]">&gt;&gt;</a>&nbsp;&nbsp;&nbsp;pwm_write
<LI><a href="#[82]">&gt;&gt;</a>&nbsp;&nbsp;&nbsp;__aeabi_idivmod
</UL>
<BR>[Called By]<UL><LI><a href="#[61]">&gt;&gt;</a>&nbsp;&nbsp;&nbsp;set_rgb_led_response
<LI><a href="#[c4]">&gt;&gt;</a>&nbsp;&nbsp;&nbsp;init_block
<LI><a href="#[23]">&gt;&gt;</a>&nbsp;&nbsp;&nbsp;sysex_message_process
</UL>

<P><STRONG><a name="[8a]"></a>blink_rgb_led</STRONG> (Thumb, 156 bytes, Stack size 16 bytes, sysinit.o(.text), UNUSED)
<BR><BR>[Calls]<UL><LI><a href="#[8b]">&gt;&gt;</a>&nbsp;&nbsp;&nbsp;millis
<LI><a href="#[87]">&gt;&gt;</a>&nbsp;&nbsp;&nbsp;pwm_write
</UL>
<BR>[Called By]<UL><LI><a href="#[8c]">&gt;&gt;</a>&nbsp;&nbsp;&nbsp;poll_led_request
</UL>

<P><STRONG><a name="[8c]"></a>poll_led_request</STRONG> (Thumb, 30 bytes, Stack size 8 bytes, sysinit.o(.text), UNUSED)
<BR><BR>[Calls]<UL><LI><a href="#[8a]">&gt;&gt;</a>&nbsp;&nbsp;&nbsp;blink_rgb_led
</UL>

<P><STRONG><a name="[8d]"></a>led_indicate_error</STRONG> (Thumb, 40 bytes, Stack size 8 bytes, sysinit.o(.text), UNUSED)
<BR><BR>[Calls]<UL><LI><a href="#[87]">&gt;&gt;</a>&nbsp;&nbsp;&nbsp;pwm_write
</UL>

<P><STRONG><a name="[8e]"></a>led_indicate_normal</STRONG> (Thumb, 46 bytes, Stack size 8 bytes, sysinit.o(.text), UNUSED)
<BR><BR>[Calls]<UL><LI><a href="#[87]">&gt;&gt;</a>&nbsp;&nbsp;&nbsp;pwm_write
</UL>

<P><STRONG><a name="[8f]"></a>TMR0_Init</STRONG> (Thumb, 44 bytes, Stack size 8 bytes, sysinit.o(.text))
<BR><BR>[Stack]<UL><LI>Max Depth = 40<LI>Call Chain = TMR0_Init &rArr; TIMER_Open
</UL>
<BR>[Calls]<UL><LI><a href="#[90]">&gt;&gt;</a>&nbsp;&nbsp;&nbsp;TIMER_Open
<LI><a href="#[91]">&gt;&gt;</a>&nbsp;&nbsp;&nbsp;TIMER_EnableInt
<LI><a href="#[92]">&gt;&gt;</a>&nbsp;&nbsp;&nbsp;TIMER_Start
<LI><a href="#[94]">&gt;&gt;</a>&nbsp;&nbsp;&nbsp;NVIC_EnableIRQ
<LI><a href="#[93]">&gt;&gt;</a>&nbsp;&nbsp;&nbsp;NVIC_SetPriority
</UL>
<BR>[Called By]<UL><LI><a href="#[9c]">&gt;&gt;</a>&nbsp;&nbsp;&nbsp;init_neuron_system
</UL>

<P><STRONG><a name="[95]"></a>TMR1_Init</STRONG> (Thumb, 66 bytes, Stack size 8 bytes, sysinit.o(.text), UNUSED)
<BR><BR>[Calls]<UL><LI><a href="#[90]">&gt;&gt;</a>&nbsp;&nbsp;&nbsp;TIMER_Open
<LI><a href="#[96]">&gt;&gt;</a>&nbsp;&nbsp;&nbsp;CLK_SetModuleClock
<LI><a href="#[91]">&gt;&gt;</a>&nbsp;&nbsp;&nbsp;TIMER_EnableInt
<LI><a href="#[92]">&gt;&gt;</a>&nbsp;&nbsp;&nbsp;TIMER_Start
<LI><a href="#[94]">&gt;&gt;</a>&nbsp;&nbsp;&nbsp;NVIC_EnableIRQ
<LI><a href="#[93]">&gt;&gt;</a>&nbsp;&nbsp;&nbsp;NVIC_SetPriority
<LI><a href="#[88]">&gt;&gt;</a>&nbsp;&nbsp;&nbsp;CLK_EnableModuleClock
</UL>

<P><STRONG><a name="[97]"></a>SYS_Init</STRONG> (Thumb, 170 bytes, Stack size 8 bytes, sysinit.o(.text))
<BR><BR>[Stack]<UL><LI>Max Depth = 128<LI>Call Chain = SYS_Init &rArr; CLK_SetCoreClock &rArr; CLK_EnablePLL &rArr; CLK_GetPLLClockFreq
</UL>
<BR>[Calls]<UL><LI><a href="#[99]">&gt;&gt;</a>&nbsp;&nbsp;&nbsp;CLK_WaitClockReady
<LI><a href="#[96]">&gt;&gt;</a>&nbsp;&nbsp;&nbsp;CLK_SetModuleClock
<LI><a href="#[9a]">&gt;&gt;</a>&nbsp;&nbsp;&nbsp;CLK_SetCoreClock
<LI><a href="#[88]">&gt;&gt;</a>&nbsp;&nbsp;&nbsp;CLK_EnableModuleClock
<LI><a href="#[47]">&gt;&gt;</a>&nbsp;&nbsp;&nbsp;SystemCoreClockUpdate
<LI><a href="#[98]">&gt;&gt;</a>&nbsp;&nbsp;&nbsp;SystemInit
</UL>
<BR>[Called By]<UL><LI><a href="#[41]">&gt;&gt;</a>&nbsp;&nbsp;&nbsp;main
</UL>

<P><STRONG><a name="[9b]"></a>UART_Function_Init</STRONG> (Thumb, 40 bytes, Stack size 8 bytes, sysinit.o(.text))
<BR><BR>[Stack]<UL><LI>Max Depth = 8<LI>Call Chain = UART_Function_Init
</UL>
<BR>[Calls]<UL><LI><a href="#[94]">&gt;&gt;</a>&nbsp;&nbsp;&nbsp;NVIC_EnableIRQ
</UL>
<BR>[Called By]<UL><LI><a href="#[9c]">&gt;&gt;</a>&nbsp;&nbsp;&nbsp;init_neuron_system
</UL>

<P><STRONG><a name="[9c]"></a>init_neuron_system</STRONG> (Thumb, 136 bytes, Stack size 8 bytes, sysinit.o(.text))
<BR><BR>[Stack]<UL><LI>Max Depth = 104<LI>Call Chain = init_neuron_system &rArr; UART_SetLine_Config &rArr; CLK_GetPLLClockFreq
</UL>
<BR>[Calls]<UL><LI><a href="#[9b]">&gt;&gt;</a>&nbsp;&nbsp;&nbsp;UART_Function_Init
<LI><a href="#[8f]">&gt;&gt;</a>&nbsp;&nbsp;&nbsp;TMR0_Init
<LI><a href="#[65]">&gt;&gt;</a>&nbsp;&nbsp;&nbsp;UART_SetLine_Config
</UL>
<BR>[Called By]<UL><LI><a href="#[41]">&gt;&gt;</a>&nbsp;&nbsp;&nbsp;main
</UL>

<P><STRONG><a name="[11e]"></a>clearWhileCount</STRONG> (Thumb, 8 bytes, Stack size 0 bytes, sysinit.o(.text), UNUSED)

<P><STRONG><a name="[11f]"></a>whileCoutOver_us</STRONG> (Thumb, 32 bytes, Stack size 0 bytes, sysinit.o(.text), UNUSED)

<P><STRONG><a name="[8b]"></a>millis</STRONG> (Thumb, 6 bytes, Stack size 0 bytes, systime.o(.text))
<BR><BR>[Called By]<UL><LI><a href="#[9f]">&gt;&gt;</a>&nbsp;&nbsp;&nbsp;delay
<LI><a href="#[8a]">&gt;&gt;</a>&nbsp;&nbsp;&nbsp;blink_rgb_led
<LI><a href="#[41]">&gt;&gt;</a>&nbsp;&nbsp;&nbsp;main
</UL>

<P><STRONG><a name="[9d]"></a>delayMicroseconds</STRONG> (Thumb, 12 bytes, Stack size 8 bytes, systime.o(.text), UNUSED)
<BR><BR>[Calls]<UL><LI><a href="#[9e]">&gt;&gt;</a>&nbsp;&nbsp;&nbsp;CLK_SysTickDelay
</UL>

<P><STRONG><a name="[9f]"></a>delay</STRONG> (Thumb, 24 bytes, Stack size 4 bytes, systime.o(.text), UNUSED)
<BR><BR>[Calls]<UL><LI><a href="#[8b]">&gt;&gt;</a>&nbsp;&nbsp;&nbsp;millis
</UL>

<P><STRONG><a name="[120]"></a>CLK_DisableCKO</STRONG> (Thumb, 14 bytes, Stack size 0 bytes, clk.o(.text), UNUSED)

<P><STRONG><a name="[121]"></a>CLK_EnableCKO</STRONG> (Thumb, 42 bytes, Stack size 8 bytes, clk.o(.text), UNUSED)

<P><STRONG><a name="[122]"></a>CLK_PowerDown</STRONG> (Thumb, 22 bytes, Stack size 0 bytes, clk.o(.text), UNUSED)

<P><STRONG><a name="[123]"></a>CLK_Idle</STRONG> (Thumb, 16 bytes, Stack size 0 bytes, clk.o(.text), UNUSED)

<P><STRONG><a name="[ac]"></a>CLK_GetHXTFreq</STRONG> (Thumb, 20 bytes, Stack size 0 bytes, clk.o(.text))
<BR><BR>[Called By]<UL><LI><a href="#[af]">&gt;&gt;</a>&nbsp;&nbsp;&nbsp;SPI_GetBusClock
<LI><a href="#[ab]">&gt;&gt;</a>&nbsp;&nbsp;&nbsp;SPI_SetBusClock
</UL>

<P><STRONG><a name="[ad]"></a>CLK_GetLXTFreq</STRONG> (Thumb, 20 bytes, Stack size 0 bytes, clk.o(.text))
<BR><BR>[Called By]<UL><LI><a href="#[af]">&gt;&gt;</a>&nbsp;&nbsp;&nbsp;SPI_GetBusClock
<LI><a href="#[ab]">&gt;&gt;</a>&nbsp;&nbsp;&nbsp;SPI_SetBusClock
</UL>

<P><STRONG><a name="[a0]"></a>CLK_GetHCLKFreq</STRONG> (Thumb, 12 bytes, Stack size 8 bytes, clk.o(.text))
<BR><BR>[Stack]<UL><LI>Max Depth = 56<LI>Call Chain = CLK_GetHCLKFreq &rArr; SystemCoreClockUpdate &rArr; CLK_GetPLLClockFreq
</UL>
<BR>[Calls]<UL><LI><a href="#[47]">&gt;&gt;</a>&nbsp;&nbsp;&nbsp;SystemCoreClockUpdate
</UL>
<BR>[Called By]<UL><LI><a href="#[af]">&gt;&gt;</a>&nbsp;&nbsp;&nbsp;SPI_GetBusClock
<LI><a href="#[ab]">&gt;&gt;</a>&nbsp;&nbsp;&nbsp;SPI_SetBusClock
</UL>

<P><STRONG><a name="[a1]"></a>CLK_GetCPUFreq</STRONG> (Thumb, 12 bytes, Stack size 8 bytes, clk.o(.text), UNUSED)
<BR><BR>[Calls]<UL><LI><a href="#[47]">&gt;&gt;</a>&nbsp;&nbsp;&nbsp;SystemCoreClockUpdate
</UL>

<P><STRONG><a name="[a2]"></a>CLK_SetHCLK</STRONG> (Thumb, 38 bytes, Stack size 16 bytes, clk.o(.text))
<BR><BR>[Stack]<UL><LI>Max Depth = 64<LI>Call Chain = CLK_SetHCLK &rArr; SystemCoreClockUpdate &rArr; CLK_GetPLLClockFreq
</UL>
<BR>[Calls]<UL><LI><a href="#[47]">&gt;&gt;</a>&nbsp;&nbsp;&nbsp;SystemCoreClockUpdate
</UL>
<BR>[Called By]<UL><LI><a href="#[9a]">&gt;&gt;</a>&nbsp;&nbsp;&nbsp;CLK_SetCoreClock
</UL>

<P><STRONG><a name="[99]"></a>CLK_WaitClockReady</STRONG> (Thumb, 32 bytes, Stack size 0 bytes, clk.o(.text))
<BR><BR>[Called By]<UL><LI><a href="#[a3]">&gt;&gt;</a>&nbsp;&nbsp;&nbsp;CLK_EnablePLL
<LI><a href="#[9a]">&gt;&gt;</a>&nbsp;&nbsp;&nbsp;CLK_SetCoreClock
<LI><a href="#[97]">&gt;&gt;</a>&nbsp;&nbsp;&nbsp;SYS_Init
</UL>

<P><STRONG><a name="[a4]"></a>CLK_DisablePLL</STRONG> (Thumb, 16 bytes, Stack size 0 bytes, clk.o(.text))
<BR><BR>[Called By]<UL><LI><a href="#[a3]">&gt;&gt;</a>&nbsp;&nbsp;&nbsp;CLK_EnablePLL
</UL>

<P><STRONG><a name="[a3]"></a>CLK_EnablePLL</STRONG> (Thumb, 528 bytes, Stack size 72 bytes, clk.o(.text))
<BR><BR>[Stack]<UL><LI>Max Depth = 104<LI>Call Chain = CLK_EnablePLL &rArr; CLK_GetPLLClockFreq
</UL>
<BR>[Calls]<UL><LI><a href="#[a4]">&gt;&gt;</a>&nbsp;&nbsp;&nbsp;CLK_DisablePLL
<LI><a href="#[a5]">&gt;&gt;</a>&nbsp;&nbsp;&nbsp;CLK_GetPLLClockFreq
<LI><a href="#[99]">&gt;&gt;</a>&nbsp;&nbsp;&nbsp;CLK_WaitClockReady
<LI><a href="#[49]">&gt;&gt;</a>&nbsp;&nbsp;&nbsp;__aeabi_uidivmod
</UL>
<BR>[Called By]<UL><LI><a href="#[9a]">&gt;&gt;</a>&nbsp;&nbsp;&nbsp;CLK_SetCoreClock
</UL>

<P><STRONG><a name="[9a]"></a>CLK_SetCoreClock</STRONG> (Thumb, 144 bytes, Stack size 16 bytes, clk.o(.text))
<BR><BR>[Stack]<UL><LI>Max Depth = 120<LI>Call Chain = CLK_SetCoreClock &rArr; CLK_EnablePLL &rArr; CLK_GetPLLClockFreq
</UL>
<BR>[Calls]<UL><LI><a href="#[a3]">&gt;&gt;</a>&nbsp;&nbsp;&nbsp;CLK_EnablePLL
<LI><a href="#[a2]">&gt;&gt;</a>&nbsp;&nbsp;&nbsp;CLK_SetHCLK
<LI><a href="#[99]">&gt;&gt;</a>&nbsp;&nbsp;&nbsp;CLK_WaitClockReady
</UL>
<BR>[Called By]<UL><LI><a href="#[97]">&gt;&gt;</a>&nbsp;&nbsp;&nbsp;SYS_Init
</UL>

<P><STRONG><a name="[96]"></a>CLK_SetModuleClock</STRONG> (Thumb, 156 bytes, Stack size 20 bytes, clk.o(.text))
<BR><BR>[Stack]<UL><LI>Max Depth = 20<LI>Call Chain = CLK_SetModuleClock
</UL>
<BR>[Called By]<UL><LI><a href="#[97]">&gt;&gt;</a>&nbsp;&nbsp;&nbsp;SYS_Init
<LI><a href="#[95]">&gt;&gt;</a>&nbsp;&nbsp;&nbsp;TMR1_Init
<LI><a href="#[c4]">&gt;&gt;</a>&nbsp;&nbsp;&nbsp;init_block
</UL>

<P><STRONG><a name="[124]"></a>CLK_SetSysTickClockSrc</STRONG> (Thumb, 16 bytes, Stack size 0 bytes, clk.o(.text), UNUSED)

<P><STRONG><a name="[125]"></a>CLK_EnableSysTick</STRONG> (Thumb, 74 bytes, Stack size 0 bytes, clk.o(.text), UNUSED)

<P><STRONG><a name="[126]"></a>CLK_DisableSysTick</STRONG> (Thumb, 8 bytes, Stack size 0 bytes, clk.o(.text), UNUSED)

<P><STRONG><a name="[127]"></a>CLK_EnableXtalRC</STRONG> (Thumb, 36 bytes, Stack size 0 bytes, clk.o(.text), UNUSED)

<P><STRONG><a name="[128]"></a>CLK_DisableXtalRC</STRONG> (Thumb, 12 bytes, Stack size 0 bytes, clk.o(.text), UNUSED)

<P><STRONG><a name="[88]"></a>CLK_EnableModuleClock</STRONG> (Thumb, 32 bytes, Stack size 0 bytes, clk.o(.text))
<BR><BR>[Called By]<UL><LI><a href="#[97]">&gt;&gt;</a>&nbsp;&nbsp;&nbsp;SYS_Init
<LI><a href="#[95]">&gt;&gt;</a>&nbsp;&nbsp;&nbsp;TMR1_Init
<LI><a href="#[87]">&gt;&gt;</a>&nbsp;&nbsp;&nbsp;pwm_write
<LI><a href="#[c4]">&gt;&gt;</a>&nbsp;&nbsp;&nbsp;init_block
</UL>

<P><STRONG><a name="[129]"></a>CLK_DisableModuleClock</STRONG> (Thumb, 32 bytes, Stack size 0 bytes, clk.o(.text), UNUSED)

<P><STRONG><a name="[9e]"></a>CLK_SysTickDelay</STRONG> (Thumb, 42 bytes, Stack size 0 bytes, clk.o(.text), UNUSED)
<BR><BR>[Called By]<UL><LI><a href="#[9d]">&gt;&gt;</a>&nbsp;&nbsp;&nbsp;delayMicroseconds
</UL>

<P><STRONG><a name="[84]"></a>GPIO_SetMode</STRONG> (Thumb, 46 bytes, Stack size 16 bytes, gpio.o(.text), UNUSED)
<BR><BR>[Called By]<UL><LI><a href="#[83]">&gt;&gt;</a>&nbsp;&nbsp;&nbsp;pinMode
</UL>

<P><STRONG><a name="[12a]"></a>GPIO_EnableInt</STRONG> (Thumb, 26 bytes, Stack size 8 bytes, gpio.o(.text), UNUSED)

<P><STRONG><a name="[12b]"></a>GPIO_DisableInt</STRONG> (Thumb, 22 bytes, Stack size 0 bytes, gpio.o(.text), UNUSED)

<P><STRONG><a name="[a6]"></a>I2C_Open</STRONG> (Thumb, 58 bytes, Stack size 24 bytes, i2c.o(.text), UNUSED)
<BR><BR>[Calls]<UL><LI><a href="#[49]">&gt;&gt;</a>&nbsp;&nbsp;&nbsp;__aeabi_uidivmod
</UL>

<P><STRONG><a name="[12c]"></a>I2C_Close</STRONG> (Thumb, 82 bytes, Stack size 0 bytes, i2c.o(.text), UNUSED)

<P><STRONG><a name="[4c]"></a>I2C_ClearTimeoutFlag</STRONG> (Thumb, 10 bytes, Stack size 0 bytes, i2c.o(.text))
<BR><BR>[Called By]<UL><LI><a href="#[1d]">&gt;&gt;</a>&nbsp;&nbsp;&nbsp;I2C1_IRQHandler
<LI><a href="#[1c]">&gt;&gt;</a>&nbsp;&nbsp;&nbsp;I2C0_IRQHandler
</UL>

<P><STRONG><a name="[12d]"></a>I2C_Trigger</STRONG> (Thumb, 50 bytes, Stack size 20 bytes, i2c.o(.text), UNUSED)

<P><STRONG><a name="[12e]"></a>I2C_DisableInt</STRONG> (Thumb, 10 bytes, Stack size 0 bytes, i2c.o(.text), UNUSED)

<P><STRONG><a name="[12f]"></a>I2C_EnableInt</STRONG> (Thumb, 10 bytes, Stack size 0 bytes, i2c.o(.text), UNUSED)

<P><STRONG><a name="[a7]"></a>I2C_GetBusClockFreq</STRONG> (Thumb, 20 bytes, Stack size 16 bytes, i2c.o(.text), UNUSED)
<BR><BR>[Calls]<UL><LI><a href="#[49]">&gt;&gt;</a>&nbsp;&nbsp;&nbsp;__aeabi_uidivmod
</UL>

<P><STRONG><a name="[a8]"></a>I2C_SetBusClockFreq</STRONG> (Thumb, 50 bytes, Stack size 24 bytes, i2c.o(.text), UNUSED)
<BR><BR>[Calls]<UL><LI><a href="#[49]">&gt;&gt;</a>&nbsp;&nbsp;&nbsp;__aeabi_uidivmod
</UL>

<P><STRONG><a name="[130]"></a>I2C_GetIntFlag</STRONG> (Thumb, 12 bytes, Stack size 0 bytes, i2c.o(.text), UNUSED)

<P><STRONG><a name="[131]"></a>I2C_GetStatus</STRONG> (Thumb, 6 bytes, Stack size 0 bytes, i2c.o(.text), UNUSED)

<P><STRONG><a name="[132]"></a>I2C_GetData</STRONG> (Thumb, 6 bytes, Stack size 0 bytes, i2c.o(.text), UNUSED)

<P><STRONG><a name="[133]"></a>I2C_SetData</STRONG> (Thumb, 4 bytes, Stack size 0 bytes, i2c.o(.text), UNUSED)

<P><STRONG><a name="[134]"></a>I2C_SetSlaveAddr</STRONG> (Thumb, 64 bytes, Stack size 8 bytes, i2c.o(.text), UNUSED)

<P><STRONG><a name="[135]"></a>I2C_SetSlaveAddrMask</STRONG> (Thumb, 52 bytes, Stack size 0 bytes, i2c.o(.text), UNUSED)

<P><STRONG><a name="[136]"></a>I2C_EnableTimeout</STRONG> (Thumb, 32 bytes, Stack size 0 bytes, i2c.o(.text), UNUSED)

<P><STRONG><a name="[137]"></a>I2C_DisableTimeout</STRONG> (Thumb, 10 bytes, Stack size 0 bytes, i2c.o(.text), UNUSED)

<P><STRONG><a name="[138]"></a>I2C_EnableWakeup</STRONG> (Thumb, 16 bytes, Stack size 0 bytes, i2c.o(.text), UNUSED)

<P><STRONG><a name="[139]"></a>I2C_DisableWakeup</STRONG> (Thumb, 16 bytes, Stack size 0 bytes, i2c.o(.text), UNUSED)

<P><STRONG><a name="[89]"></a>PWM_ConfigOutputChannel</STRONG> (Thumb, 316 bytes, Stack size 48 bytes, pwm.o(.text))
<BR><BR>[Stack]<UL><LI>Max Depth = 48<LI>Call Chain = PWM_ConfigOutputChannel
</UL>
<BR>[Calls]<UL><LI><a href="#[49]">&gt;&gt;</a>&nbsp;&nbsp;&nbsp;__aeabi_uidivmod
</UL>
<BR>[Called By]<UL><LI><a href="#[87]">&gt;&gt;</a>&nbsp;&nbsp;&nbsp;pwm_write
</UL>

<P><STRONG><a name="[13a]"></a>PWM_Start</STRONG> (Thumb, 46 bytes, Stack size 12 bytes, pwm.o(.text), UNUSED)

<P><STRONG><a name="[13b]"></a>PWM_Stop</STRONG> (Thumb, 36 bytes, Stack size 12 bytes, pwm.o(.text), UNUSED)

<P><STRONG><a name="[13c]"></a>PWM_ForceStop</STRONG> (Thumb, 46 bytes, Stack size 12 bytes, pwm.o(.text), UNUSED)

<P><STRONG><a name="[13d]"></a>PWM_EnableADCTrigger</STRONG> (Thumb, 72 bytes, Stack size 12 bytes, pwm.o(.text), UNUSED)

<P><STRONG><a name="[13e]"></a>PWM_DisableADCTrigger</STRONG> (Thumb, 52 bytes, Stack size 8 bytes, pwm.o(.text), UNUSED)

<P><STRONG><a name="[13f]"></a>PWM_ClearADCTriggerFlag</STRONG> (Thumb, 52 bytes, Stack size 12 bytes, pwm.o(.text), UNUSED)

<P><STRONG><a name="[140]"></a>PWM_GetADCTriggerFlag</STRONG> (Thumb, 62 bytes, Stack size 12 bytes, pwm.o(.text), UNUSED)

<P><STRONG><a name="[141]"></a>PWM_EnableFaultBrake</STRONG> (Thumb, 14 bytes, Stack size 12 bytes, pwm.o(.text), UNUSED)

<P><STRONG><a name="[142]"></a>PWM_ClearFaultBrakeFlag</STRONG> (Thumb, 10 bytes, Stack size 0 bytes, pwm.o(.text), UNUSED)

<P><STRONG><a name="[143]"></a>PWM_EnableOutput</STRONG> (Thumb, 16 bytes, Stack size 0 bytes, pwm.o(.text), UNUSED)

<P><STRONG><a name="[144]"></a>PWM_DisableOutput</STRONG> (Thumb, 16 bytes, Stack size 0 bytes, pwm.o(.text), UNUSED)

<P><STRONG><a name="[145]"></a>PWM_EnableDeadZone</STRONG> (Thumb, 50 bytes, Stack size 12 bytes, pwm.o(.text), UNUSED)

<P><STRONG><a name="[146]"></a>PWM_DisableDeadZone</STRONG> (Thumb, 20 bytes, Stack size 0 bytes, pwm.o(.text), UNUSED)

<P><STRONG><a name="[147]"></a>PWM_EnableDutyInt</STRONG> (Thumb, 16 bytes, Stack size 8 bytes, pwm.o(.text), UNUSED)

<P><STRONG><a name="[148]"></a>PWM_DisableDutyInt</STRONG> (Thumb, 14 bytes, Stack size 0 bytes, pwm.o(.text), UNUSED)

<P><STRONG><a name="[149]"></a>PWM_ClearDutyIntFlag</STRONG> (Thumb, 14 bytes, Stack size 0 bytes, pwm.o(.text), UNUSED)

<P><STRONG><a name="[14a]"></a>PWM_GetDutyIntFlag</STRONG> (Thumb, 28 bytes, Stack size 0 bytes, pwm.o(.text), UNUSED)

<P><STRONG><a name="[14b]"></a>PWM_EnablePeriodInt</STRONG> (Thumb, 12 bytes, Stack size 0 bytes, pwm.o(.text), UNUSED)

<P><STRONG><a name="[14c]"></a>PWM_DisablePeriodInt</STRONG> (Thumb, 12 bytes, Stack size 0 bytes, pwm.o(.text), UNUSED)

<P><STRONG><a name="[14d]"></a>PWM_ClearPeriodIntFlag</STRONG> (Thumb, 12 bytes, Stack size 0 bytes, pwm.o(.text), UNUSED)

<P><STRONG><a name="[14e]"></a>PWM_GetPeriodIntFlag</STRONG> (Thumb, 26 bytes, Stack size 0 bytes, pwm.o(.text), UNUSED)

<P><STRONG><a name="[14f]"></a>PWM_EnableRiseInt</STRONG> (Thumb, 14 bytes, Stack size 0 bytes, pwm.o(.text), UNUSED)

<P><STRONG><a name="[150]"></a>PWM_DisableRiseInt</STRONG> (Thumb, 14 bytes, Stack size 0 bytes, pwm.o(.text), UNUSED)

<P><STRONG><a name="[151]"></a>PWM_ClearRiseIntFlag</STRONG> (Thumb, 14 bytes, Stack size 0 bytes, pwm.o(.text), UNUSED)

<P><STRONG><a name="[152]"></a>PWM_GetRiseIntFlag</STRONG> (Thumb, 40 bytes, Stack size 0 bytes, pwm.o(.text), UNUSED)

<P><STRONG><a name="[153]"></a>PWM_EnableFaultBrakeInt</STRONG> (Thumb, 16 bytes, Stack size 0 bytes, pwm.o(.text), UNUSED)

<P><STRONG><a name="[154]"></a>PWM_DisableFaultBrakeInt</STRONG> (Thumb, 16 bytes, Stack size 0 bytes, pwm.o(.text), UNUSED)

<P><STRONG><a name="[155]"></a>PWM_ClearFaultBrakeIntFlag</STRONG> (Thumb, 6 bytes, Stack size 0 bytes, pwm.o(.text), UNUSED)

<P><STRONG><a name="[156]"></a>PWM_GetFaultBrakeIntFlag</STRONG> (Thumb, 20 bytes, Stack size 0 bytes, pwm.o(.text), UNUSED)

<P><STRONG><a name="[157]"></a>PWM_EnableCenterInt</STRONG> (Thumb, 36 bytes, Stack size 8 bytes, pwm.o(.text), UNUSED)

<P><STRONG><a name="[158]"></a>PWM_DisableCenterInt</STRONG> (Thumb, 18 bytes, Stack size 0 bytes, pwm.o(.text), UNUSED)

<P><STRONG><a name="[159]"></a>PWM_ClearCenterIntFlag</STRONG> (Thumb, 12 bytes, Stack size 0 bytes, pwm.o(.text), UNUSED)

<P><STRONG><a name="[15a]"></a>PWM_GetCenterIntFlag</STRONG> (Thumb, 26 bytes, Stack size 0 bytes, pwm.o(.text), UNUSED)

<P><STRONG><a name="[2a]"></a>stackDump</STRONG> (Thumb, 70 bytes, Stack size 8 bytes, retarget.o(.text))
<BR><BR>[Stack]<UL><LI>Max Depth = 144 + Unknown Stack Size
<LI>Call Chain = stackDump &rArr; __2printf &rArr; _printf_char_file &rArr; _printf_char_common &rArr; __printf
</UL>
<BR>[Calls]<UL><LI><a href="#[a9]">&gt;&gt;</a>&nbsp;&nbsp;&nbsp;__2printf
</UL>
<BR>[Called By]<UL><LI><a href="#[21]">&gt;&gt;</a>&nbsp;&nbsp;&nbsp;Hard_Fault_Handler
</UL>

<P><STRONG><a name="[21]"></a>Hard_Fault_Handler</STRONG> (Thumb, 18 bytes, Stack size 0 bytes, retarget.o(.text))
<BR><BR>[Stack]<UL><LI>Max Depth = 144 + Unknown Stack Size
<LI>Call Chain = Hard_Fault_Handler &rArr; stackDump &rArr; __2printf &rArr; _printf_char_file &rArr; _printf_char_common &rArr; __printf
</UL>
<BR>[Calls]<UL><LI><a href="#[2a]">&gt;&gt;</a>&nbsp;&nbsp;&nbsp;stackDump
<LI><a href="#[a9]">&gt;&gt;</a>&nbsp;&nbsp;&nbsp;__2printf
</UL>
<BR>[Address Reference Count : 1]<UL><LI> retarget.o(.emb_text)
</UL>
<P><STRONG><a name="[2b]"></a>SendChar_ToUART</STRONG> (Thumb, 48 bytes, Stack size 0 bytes, retarget.o(.text))
<BR><BR>[Called By]<UL><LI><a href="#[2c]">&gt;&gt;</a>&nbsp;&nbsp;&nbsp;SendChar
</UL>

<P><STRONG><a name="[2c]"></a>SendChar</STRONG> (Thumb, 12 bytes, Stack size 4 bytes, retarget.o(.text))
<BR><BR>[Stack]<UL><LI>Max Depth = 4<LI>Call Chain = SendChar
</UL>
<BR>[Calls]<UL><LI><a href="#[2b]">&gt;&gt;</a>&nbsp;&nbsp;&nbsp;SendChar_ToUART
</UL>
<BR>[Called By]<UL><LI><a href="#[26]">&gt;&gt;</a>&nbsp;&nbsp;&nbsp;fputc
<LI><a href="#[30]">&gt;&gt;</a>&nbsp;&nbsp;&nbsp;_ttywrch
</UL>

<P><STRONG><a name="[2d]"></a>GetChar</STRONG> (Thumb, 26 bytes, Stack size 0 bytes, retarget.o(.text), UNUSED, KEPT)
<BR><BR>[Called By]<UL><LI><a href="#[31]">&gt;&gt;</a>&nbsp;&nbsp;&nbsp;fgetc
</UL>

<P><STRONG><a name="[2e]"></a>kbhit</STRONG> (Thumb, 12 bytes, Stack size 0 bytes, retarget.o(.text), UNUSED, KEPT)

<P><STRONG><a name="[2f]"></a>IsDebugFifoEmpty</STRONG> (Thumb, 14 bytes, Stack size 0 bytes, retarget.o(.text), UNUSED, KEPT)

<P><STRONG><a name="[30]"></a>_ttywrch</STRONG> (Thumb, 12 bytes, Stack size 8 bytes, retarget.o(.text), UNUSED, KEPT)
<BR><BR>[Stack]<UL><LI>Max Depth = 12<LI>Call Chain = _ttywrch &rArr; SendChar
</UL>
<BR>[Calls]<UL><LI><a href="#[2c]">&gt;&gt;</a>&nbsp;&nbsp;&nbsp;SendChar
</UL>

<P><STRONG><a name="[26]"></a>fputc</STRONG> (Thumb, 16 bytes, Stack size 12 bytes, retarget.o(.text))
<BR><BR>[Stack]<UL><LI>Max Depth = 16<LI>Call Chain = fputc &rArr; SendChar
</UL>
<BR>[Calls]<UL><LI><a href="#[2c]">&gt;&gt;</a>&nbsp;&nbsp;&nbsp;SendChar
</UL>
<BR>[Address Reference Count : 1]<UL><LI> _printf_char_file.o(.text)
</UL>
<P><STRONG><a name="[31]"></a>fgetc</STRONG> (Thumb, 10 bytes, Stack size 4 bytes, retarget.o(.text), UNUSED, KEPT)
<BR><BR>[Stack]<UL><LI>Max Depth = 4<LI>Call Chain = fgetc
</UL>
<BR>[Calls]<UL><LI><a href="#[2d]">&gt;&gt;</a>&nbsp;&nbsp;&nbsp;GetChar
</UL>

<P><STRONG><a name="[32]"></a>ferror</STRONG> (Thumb, 8 bytes, Stack size 0 bytes, retarget.o(.text))
<BR><BR>[Called By]<UL><LI><a href="#[cb]">&gt;&gt;</a>&nbsp;&nbsp;&nbsp;_printf_char_file
</UL>

<P><STRONG><a name="[ab]"></a>SPI_SetBusClock</STRONG> (Thumb, 120 bytes, Stack size 24 bytes, spi.o(.text))
<BR><BR>[Stack]<UL><LI>Max Depth = 80<LI>Call Chain = SPI_SetBusClock &rArr; CLK_GetHCLKFreq &rArr; SystemCoreClockUpdate &rArr; CLK_GetPLLClockFreq
</UL>
<BR>[Calls]<UL><LI><a href="#[aa]">&gt;&gt;</a>&nbsp;&nbsp;&nbsp;CLK_GetPLLClockFreq
<LI><a href="#[a0]">&gt;&gt;</a>&nbsp;&nbsp;&nbsp;CLK_GetHCLKFreq
<LI><a href="#[ad]">&gt;&gt;</a>&nbsp;&nbsp;&nbsp;CLK_GetLXTFreq
<LI><a href="#[ac]">&gt;&gt;</a>&nbsp;&nbsp;&nbsp;CLK_GetHXTFreq
<LI><a href="#[49]">&gt;&gt;</a>&nbsp;&nbsp;&nbsp;__aeabi_uidivmod
</UL>
<BR>[Called By]<UL><LI><a href="#[ae]">&gt;&gt;</a>&nbsp;&nbsp;&nbsp;SPI_Open
</UL>

<P><STRONG><a name="[ae]"></a>SPI_Open</STRONG> (Thumb, 34 bytes, Stack size 24 bytes, spi.o(.text))
<BR><BR>[Stack]<UL><LI>Max Depth = 104<LI>Call Chain = SPI_Open &rArr; SPI_SetBusClock &rArr; CLK_GetHCLKFreq &rArr; SystemCoreClockUpdate &rArr; CLK_GetPLLClockFreq
</UL>
<BR>[Calls]<UL><LI><a href="#[ab]">&gt;&gt;</a>&nbsp;&nbsp;&nbsp;SPI_SetBusClock
</UL>
<BR>[Called By]<UL><LI><a href="#[c5]">&gt;&gt;</a>&nbsp;&nbsp;&nbsp;mp9960_init
</UL>

<P><STRONG><a name="[15b]"></a>SPI_Close</STRONG> (Thumb, 36 bytes, Stack size 0 bytes, spi.o(.text), UNUSED)

<P><STRONG><a name="[15c]"></a>SPI_ClearRxFIFO</STRONG> (Thumb, 10 bytes, Stack size 0 bytes, spi.o(.text), UNUSED)

<P><STRONG><a name="[15d]"></a>SPI_ClearTxFIFO</STRONG> (Thumb, 10 bytes, Stack size 0 bytes, spi.o(.text), UNUSED)

<P><STRONG><a name="[15e]"></a>SPI_DisableAutoSS</STRONG> (Thumb, 10 bytes, Stack size 0 bytes, spi.o(.text), UNUSED)

<P><STRONG><a name="[c9]"></a>SPI_EnableAutoSS</STRONG> (Thumb, 22 bytes, Stack size 8 bytes, spi.o(.text))
<BR><BR>[Stack]<UL><LI>Max Depth = 8<LI>Call Chain = SPI_EnableAutoSS
</UL>
<BR>[Called By]<UL><LI><a href="#[c5]">&gt;&gt;</a>&nbsp;&nbsp;&nbsp;mp9960_init
</UL>

<P><STRONG><a name="[15f]"></a>SPI_EnableFIFO</STRONG> (Thumb, 32 bytes, Stack size 8 bytes, spi.o(.text), UNUSED)

<P><STRONG><a name="[160]"></a>SPI_DisableFIFO</STRONG> (Thumb, 12 bytes, Stack size 0 bytes, spi.o(.text), UNUSED)

<P><STRONG><a name="[af]"></a>SPI_GetBusClock</STRONG> (Thumb, 74 bytes, Stack size 16 bytes, spi.o(.text), UNUSED)
<BR><BR>[Calls]<UL><LI><a href="#[aa]">&gt;&gt;</a>&nbsp;&nbsp;&nbsp;CLK_GetPLLClockFreq
<LI><a href="#[a0]">&gt;&gt;</a>&nbsp;&nbsp;&nbsp;CLK_GetHCLKFreq
<LI><a href="#[ad]">&gt;&gt;</a>&nbsp;&nbsp;&nbsp;CLK_GetLXTFreq
<LI><a href="#[ac]">&gt;&gt;</a>&nbsp;&nbsp;&nbsp;CLK_GetHXTFreq
<LI><a href="#[49]">&gt;&gt;</a>&nbsp;&nbsp;&nbsp;__aeabi_uidivmod
</UL>

<P><STRONG><a name="[161]"></a>SPI_EnableInt</STRONG> (Thumb, 104 bytes, Stack size 0 bytes, spi.o(.text), UNUSED)

<P><STRONG><a name="[162]"></a>SPI_DisableInt</STRONG> (Thumb, 104 bytes, Stack size 0 bytes, spi.o(.text), UNUSED)

<P><STRONG><a name="[163]"></a>SYS_ClearResetSrc</STRONG> (Thumb, 16 bytes, Stack size 0 bytes, sys.o(.text), UNUSED)

<P><STRONG><a name="[164]"></a>SYS_GetBODStatus</STRONG> (Thumb, 14 bytes, Stack size 0 bytes, sys.o(.text), UNUSED)

<P><STRONG><a name="[165]"></a>SYS_GetResetSrc</STRONG> (Thumb, 8 bytes, Stack size 0 bytes, sys.o(.text), UNUSED)

<P><STRONG><a name="[166]"></a>SYS_IsRegLocked</STRONG> (Thumb, 18 bytes, Stack size 0 bytes, sys.o(.text), UNUSED)

<P><STRONG><a name="[167]"></a>SYS_ReadPDID</STRONG> (Thumb, 8 bytes, Stack size 0 bytes, sys.o(.text), UNUSED)

<P><STRONG><a name="[51]"></a>SYS_ResetChip</STRONG> (Thumb, 18 bytes, Stack size 0 bytes, sys.o(.text))
<BR><BR>[Called By]<UL><LI><a href="#[50]">&gt;&gt;</a>&nbsp;&nbsp;&nbsp;system_reset_response
</UL>

<P><STRONG><a name="[168]"></a>SYS_ResetCPU</STRONG> (Thumb, 18 bytes, Stack size 0 bytes, sys.o(.text), UNUSED)

<P><STRONG><a name="[169]"></a>SYS_ResetModule</STRONG> (Thumb, 52 bytes, Stack size 0 bytes, sys.o(.text), UNUSED)

<P><STRONG><a name="[16a]"></a>SYS_EnableBOD</STRONG> (Thumb, 50 bytes, Stack size 0 bytes, sys.o(.text), UNUSED)

<P><STRONG><a name="[16b]"></a>SYS_DisableBOD</STRONG> (Thumb, 34 bytes, Stack size 0 bytes, sys.o(.text), UNUSED)

<P><STRONG><a name="[b0]"></a>TIMER_GetModuleClock</STRONG> (Thumb, 84 bytes, Stack size 0 bytes, timer.o(.text))
<BR><BR>[Called By]<UL><LI><a href="#[90]">&gt;&gt;</a>&nbsp;&nbsp;&nbsp;TIMER_Open
<LI><a href="#[b1]">&gt;&gt;</a>&nbsp;&nbsp;&nbsp;TIMER_Delay
</UL>

<P><STRONG><a name="[90]"></a>TIMER_Open</STRONG> (Thumb, 102 bytes, Stack size 32 bytes, timer.o(.text))
<BR><BR>[Stack]<UL><LI>Max Depth = 32<LI>Call Chain = TIMER_Open
</UL>
<BR>[Calls]<UL><LI><a href="#[49]">&gt;&gt;</a>&nbsp;&nbsp;&nbsp;__aeabi_uidivmod
<LI><a href="#[b0]">&gt;&gt;</a>&nbsp;&nbsp;&nbsp;TIMER_GetModuleClock
</UL>
<BR>[Called By]<UL><LI><a href="#[95]">&gt;&gt;</a>&nbsp;&nbsp;&nbsp;TMR1_Init
<LI><a href="#[8f]">&gt;&gt;</a>&nbsp;&nbsp;&nbsp;TMR0_Init
</UL>

<P><STRONG><a name="[16c]"></a>TIMER_Close</STRONG> (Thumb, 8 bytes, Stack size 0 bytes, timer.o(.text), UNUSED)

<P><STRONG><a name="[b1]"></a>TIMER_Delay</STRONG> (Thumb, 204 bytes, Stack size 64 bytes, timer.o(.text), UNUSED)
<BR><BR>[Calls]<UL><LI><a href="#[71]">&gt;&gt;</a>&nbsp;&nbsp;&nbsp;__aeabi_fmul
<LI><a href="#[78]">&gt;&gt;</a>&nbsp;&nbsp;&nbsp;__aeabi_ui2f
<LI><a href="#[b5]">&gt;&gt;</a>&nbsp;&nbsp;&nbsp;__aeabi_f2uiz
<LI><a href="#[b2]">&gt;&gt;</a>&nbsp;&nbsp;&nbsp;__aeabi_f2d
<LI><a href="#[b3]">&gt;&gt;</a>&nbsp;&nbsp;&nbsp;__aeabi_ddiv
<LI><a href="#[b4]">&gt;&gt;</a>&nbsp;&nbsp;&nbsp;__aeabi_d2f
<LI><a href="#[49]">&gt;&gt;</a>&nbsp;&nbsp;&nbsp;__aeabi_uidivmod
<LI><a href="#[b0]">&gt;&gt;</a>&nbsp;&nbsp;&nbsp;TIMER_GetModuleClock
</UL>

<P><STRONG><a name="[16d]"></a>TIMER_EnableCapture</STRONG> (Thumb, 22 bytes, Stack size 8 bytes, timer.o(.text), UNUSED)

<P><STRONG><a name="[16e]"></a>TIMER_DisableCapture</STRONG> (Thumb, 10 bytes, Stack size 0 bytes, timer.o(.text), UNUSED)

<P><STRONG><a name="[16f]"></a>TIMER_EnableEventCounter</STRONG> (Thumb, 22 bytes, Stack size 0 bytes, timer.o(.text), UNUSED)

<P><STRONG><a name="[170]"></a>TIMER_DisableEventCounter</STRONG> (Thumb, 12 bytes, Stack size 0 bytes, timer.o(.text), UNUSED)

<P><STRONG><a name="[171]"></a>UART_ClearIntFlag</STRONG> (Thumb, 62 bytes, Stack size 0 bytes, uart.o(.text), UNUSED)

<P><STRONG><a name="[172]"></a>UART_Close</STRONG> (Thumb, 6 bytes, Stack size 0 bytes, uart.o(.text), UNUSED)

<P><STRONG><a name="[173]"></a>UART_DisableFlowCtrl</STRONG> (Thumb, 12 bytes, Stack size 0 bytes, uart.o(.text), UNUSED)

<P><STRONG><a name="[174]"></a>UART_DisableInt</STRONG> (Thumb, 8 bytes, Stack size 0 bytes, uart.o(.text), UNUSED)

<P><STRONG><a name="[175]"></a>UART_EnableFlowCtrl</STRONG> (Thumb, 38 bytes, Stack size 0 bytes, uart.o(.text), UNUSED)

<P><STRONG><a name="[176]"></a>UART_EnableInt</STRONG> (Thumb, 8 bytes, Stack size 0 bytes, uart.o(.text), UNUSED)

<P><STRONG><a name="[b7]"></a>UART_Open</STRONG> (Thumb, 146 bytes, Stack size 32 bytes, uart.o(.text), UNUSED)
<BR><BR>[Calls]<UL><LI><a href="#[49]">&gt;&gt;</a>&nbsp;&nbsp;&nbsp;__aeabi_uidivmod
<LI><a href="#[b6]">&gt;&gt;</a>&nbsp;&nbsp;&nbsp;CLK_GetPLLClockFreq
</UL>

<P><STRONG><a name="[177]"></a>UART_Read</STRONG> (Thumb, 54 bytes, Stack size 16 bytes, uart.o(.text), UNUSED)

<P><STRONG><a name="[65]"></a>UART_SetLine_Config</STRONG> (Thumb, 170 bytes, Stack size 64 bytes, uart.o(.text))
<BR><BR>[Stack]<UL><LI>Max Depth = 96<LI>Call Chain = UART_SetLine_Config &rArr; CLK_GetPLLClockFreq
</UL>
<BR>[Calls]<UL><LI><a href="#[49]">&gt;&gt;</a>&nbsp;&nbsp;&nbsp;__aeabi_uidivmod
<LI><a href="#[b6]">&gt;&gt;</a>&nbsp;&nbsp;&nbsp;CLK_GetPLLClockFreq
</UL>
<BR>[Called By]<UL><LI><a href="#[9c]">&gt;&gt;</a>&nbsp;&nbsp;&nbsp;init_neuron_system
<LI><a href="#[64]">&gt;&gt;</a>&nbsp;&nbsp;&nbsp;set_baudrate_response
</UL>

<P><STRONG><a name="[178]"></a>UART_SetTimeoutCnt</STRONG> (Thumb, 22 bytes, Stack size 0 bytes, uart.o(.text), UNUSED)

<P><STRONG><a name="[b8]"></a>UART_SelectIrDAMode</STRONG> (Thumb, 144 bytes, Stack size 32 bytes, uart.o(.text), UNUSED)
<BR><BR>[Calls]<UL><LI><a href="#[49]">&gt;&gt;</a>&nbsp;&nbsp;&nbsp;__aeabi_uidivmod
<LI><a href="#[b6]">&gt;&gt;</a>&nbsp;&nbsp;&nbsp;CLK_GetPLLClockFreq
</UL>

<P><STRONG><a name="[179]"></a>UART_SelectRS485Mode</STRONG> (Thumb, 22 bytes, Stack size 8 bytes, uart.o(.text), UNUSED)

<P><STRONG><a name="[17a]"></a>UART_Write</STRONG> (Thumb, 54 bytes, Stack size 16 bytes, uart.o(.text), UNUSED)

<P><STRONG><a name="[bc]"></a>smart_servo_circular_turn_calc</STRONG> (Thumb, 66 bytes, Stack size 0 bytes, main.o(.text))
<BR><BR>[Called By]<UL><LI><a href="#[bb]">&gt;&gt;</a>&nbsp;&nbsp;&nbsp;angle_update
</UL>

<P><STRONG><a name="[b9]"></a>adc_get_position_value</STRONG> (Thumb, 36 bytes, Stack size 8 bytes, main.o(.text))
<BR><BR>[Stack]<UL><LI>Max Depth = 16<LI>Call Chain = adc_get_position_value &rArr; mp9960_read_raw_angle
</UL>
<BR>[Calls]<UL><LI><a href="#[ba]">&gt;&gt;</a>&nbsp;&nbsp;&nbsp;mp9960_read_raw_angle
</UL>
<BR>[Called By]<UL><LI><a href="#[bb]">&gt;&gt;</a>&nbsp;&nbsp;&nbsp;angle_update
</UL>

<P><STRONG><a name="[bb]"></a>angle_update</STRONG> (Thumb, 38 bytes, Stack size 8 bytes, main.o(.text))
<BR><BR>[Stack]<UL><LI>Max Depth = 24<LI>Call Chain = angle_update &rArr; adc_get_position_value &rArr; mp9960_read_raw_angle
</UL>
<BR>[Calls]<UL><LI><a href="#[b9]">&gt;&gt;</a>&nbsp;&nbsp;&nbsp;adc_get_position_value
<LI><a href="#[bc]">&gt;&gt;</a>&nbsp;&nbsp;&nbsp;smart_servo_circular_turn_calc
</UL>
<BR>[Called By]<UL><LI><a href="#[41]">&gt;&gt;</a>&nbsp;&nbsp;&nbsp;main
</UL>

<P><STRONG><a name="[bd]"></a>send_sensor_report_offline</STRONG> (Thumb, 108 bytes, Stack size 8 bytes, main.o(.text))
<BR><BR>[Stack]<UL><LI>Max Depth = 48<LI>Call Chain = send_sensor_report_offline &rArr; add_sysex_data &rArr; sendlong
</UL>
<BR>[Calls]<UL><LI><a href="#[5a]">&gt;&gt;</a>&nbsp;&nbsp;&nbsp;init_sysex_to_send
<LI><a href="#[53]">&gt;&gt;</a>&nbsp;&nbsp;&nbsp;add_sysex_data
<LI><a href="#[52]">&gt;&gt;</a>&nbsp;&nbsp;&nbsp;flush_sysex_to_send
<LI><a href="#[82]">&gt;&gt;</a>&nbsp;&nbsp;&nbsp;__aeabi_idivmod
</UL>
<BR>[Called By]<UL><LI><a href="#[41]">&gt;&gt;</a>&nbsp;&nbsp;&nbsp;main
</UL>

<P><STRONG><a name="[be]"></a>send_sensor_report_online</STRONG> (Thumb, 48 bytes, Stack size 8 bytes, main.o(.text))
<BR><BR>[Stack]<UL><LI>Max Depth = 48<LI>Call Chain = send_sensor_report_online &rArr; add_sysex_data &rArr; sendlong
</UL>
<BR>[Calls]<UL><LI><a href="#[5a]">&gt;&gt;</a>&nbsp;&nbsp;&nbsp;init_sysex_to_send
<LI><a href="#[53]">&gt;&gt;</a>&nbsp;&nbsp;&nbsp;add_sysex_data
<LI><a href="#[52]">&gt;&gt;</a>&nbsp;&nbsp;&nbsp;flush_sysex_to_send
</UL>
<BR>[Called By]<UL><LI><a href="#[41]">&gt;&gt;</a>&nbsp;&nbsp;&nbsp;main
<LI><a href="#[23]">&gt;&gt;</a>&nbsp;&nbsp;&nbsp;sysex_message_process
</UL>

<P><STRONG><a name="[bf]"></a>get_sensor_data</STRONG> (Thumb, 56 bytes, Stack size 40 bytes, main.o(.text))
<BR><BR>[Stack]<UL><LI>Max Depth = 104<LI>Call Chain = get_sensor_data &rArr; round &rArr; __aeabi_cdrcmple
</UL>
<BR>[Calls]<UL><LI><a href="#[c2]">&gt;&gt;</a>&nbsp;&nbsp;&nbsp;round
<LI><a href="#[c1]">&gt;&gt;</a>&nbsp;&nbsp;&nbsp;__aeabi_dmul
<LI><a href="#[c0]">&gt;&gt;</a>&nbsp;&nbsp;&nbsp;__aeabi_i2d
<LI><a href="#[c3]">&gt;&gt;</a>&nbsp;&nbsp;&nbsp;__aeabi_d2iz
<LI><a href="#[b3]">&gt;&gt;</a>&nbsp;&nbsp;&nbsp;__aeabi_ddiv
</UL>
<BR>[Called By]<UL><LI><a href="#[41]">&gt;&gt;</a>&nbsp;&nbsp;&nbsp;main
</UL>

<P><STRONG><a name="[23]"></a>sysex_message_process</STRONG> (Thumb, 206 bytes, Stack size 24 bytes, main.o(.text))
<BR><BR>[Stack]<UL><LI>Max Depth = 104<LI>Call Chain = sysex_message_process &rArr; set_rgb_led &rArr; pwm_write &rArr; PWM_ConfigOutputChannel
</UL>
<BR>[Calls]<UL><LI><a href="#[63]">&gt;&gt;</a>&nbsp;&nbsp;&nbsp;set_rgb_led
<LI><a href="#[62]">&gt;&gt;</a>&nbsp;&nbsp;&nbsp;read_sysex_type
<LI><a href="#[5b]">&gt;&gt;</a>&nbsp;&nbsp;&nbsp;read_next_sysex_data
<LI><a href="#[ba]">&gt;&gt;</a>&nbsp;&nbsp;&nbsp;mp9960_read_raw_angle
<LI><a href="#[be]">&gt;&gt;</a>&nbsp;&nbsp;&nbsp;send_sensor_report_online
</UL>
<BR>[Address Reference Count : 1]<UL><LI> main.o(.text)
</UL>
<P><STRONG><a name="[c4]"></a>init_block</STRONG> (Thumb, 72 bytes, Stack size 8 bytes, main.o(.text))
<BR><BR>[Stack]<UL><LI>Max Depth = 120<LI>Call Chain = init_block &rArr; mp9960_init &rArr; SPI_Open &rArr; SPI_SetBusClock &rArr; CLK_GetHCLKFreq &rArr; SystemCoreClockUpdate &rArr; CLK_GetPLLClockFreq
</UL>
<BR>[Calls]<UL><LI><a href="#[96]">&gt;&gt;</a>&nbsp;&nbsp;&nbsp;CLK_SetModuleClock
<LI><a href="#[88]">&gt;&gt;</a>&nbsp;&nbsp;&nbsp;CLK_EnableModuleClock
<LI><a href="#[63]">&gt;&gt;</a>&nbsp;&nbsp;&nbsp;set_rgb_led
<LI><a href="#[c6]">&gt;&gt;</a>&nbsp;&nbsp;&nbsp;uart0_recv_attach
<LI><a href="#[c5]">&gt;&gt;</a>&nbsp;&nbsp;&nbsp;mp9960_init
</UL>
<BR>[Called By]<UL><LI><a href="#[41]">&gt;&gt;</a>&nbsp;&nbsp;&nbsp;main
</UL>

<P><STRONG><a name="[41]"></a>main</STRONG> (Thumb, 214 bytes, Stack size 0 bytes, main.o(.text))
<BR><BR>[Stack]<UL><LI>Max Depth = 176 + Unknown Stack Size
<LI>Call Chain = main &rArr; parse_uart0_recv_buffer &rArr; response_product_query &rArr; __2sprintf &rArr; _printf_char_common &rArr; __printf
</UL>
<BR>[Calls]<UL><LI><a href="#[8b]">&gt;&gt;</a>&nbsp;&nbsp;&nbsp;millis
<LI><a href="#[9c]">&gt;&gt;</a>&nbsp;&nbsp;&nbsp;init_neuron_system
<LI><a href="#[97]">&gt;&gt;</a>&nbsp;&nbsp;&nbsp;SYS_Init
<LI><a href="#[c8]">&gt;&gt;</a>&nbsp;&nbsp;&nbsp;flush_uart0_local_buffer
<LI><a href="#[c7]">&gt;&gt;</a>&nbsp;&nbsp;&nbsp;flush_uart1_to_uart0
<LI><a href="#[80]">&gt;&gt;</a>&nbsp;&nbsp;&nbsp;parse_uart0_recv_buffer
<LI><a href="#[c4]">&gt;&gt;</a>&nbsp;&nbsp;&nbsp;init_block
<LI><a href="#[bf]">&gt;&gt;</a>&nbsp;&nbsp;&nbsp;get_sensor_data
<LI><a href="#[be]">&gt;&gt;</a>&nbsp;&nbsp;&nbsp;send_sensor_report_online
<LI><a href="#[bd]">&gt;&gt;</a>&nbsp;&nbsp;&nbsp;send_sensor_report_offline
<LI><a href="#[bb]">&gt;&gt;</a>&nbsp;&nbsp;&nbsp;angle_update
</UL>
<BR>[Called By]<UL><LI><a href="#[40]">&gt;&gt;</a>&nbsp;&nbsp;&nbsp;__rt_entry_main
</UL>

<P><STRONG><a name="[17b]"></a>normalize_position_difference</STRONG> (Thumb, 28 bytes, Stack size 0 bytes, main.o(.text), UNUSED)

<P><STRONG><a name="[c5]"></a>mp9960_init</STRONG> (Thumb, 36 bytes, Stack size 8 bytes, mp9960.o(.text))
<BR><BR>[Stack]<UL><LI>Max Depth = 112<LI>Call Chain = mp9960_init &rArr; SPI_Open &rArr; SPI_SetBusClock &rArr; CLK_GetHCLKFreq &rArr; SystemCoreClockUpdate &rArr; CLK_GetPLLClockFreq
</UL>
<BR>[Calls]<UL><LI><a href="#[c9]">&gt;&gt;</a>&nbsp;&nbsp;&nbsp;SPI_EnableAutoSS
<LI><a href="#[ae]">&gt;&gt;</a>&nbsp;&nbsp;&nbsp;SPI_Open
<LI><a href="#[ca]">&gt;&gt;</a>&nbsp;&nbsp;&nbsp;SPI_SET_SS_LOW
</UL>
<BR>[Called By]<UL><LI><a href="#[c4]">&gt;&gt;</a>&nbsp;&nbsp;&nbsp;init_block
</UL>

<P><STRONG><a name="[ba]"></a>mp9960_read_raw_angle</STRONG> (Thumb, 86 bytes, Stack size 8 bytes, mp9960.o(.text))
<BR><BR>[Stack]<UL><LI>Max Depth = 8<LI>Call Chain = mp9960_read_raw_angle
</UL>
<BR>[Calls]<UL><LI><a href="#[ca]">&gt;&gt;</a>&nbsp;&nbsp;&nbsp;SPI_SET_SS_LOW
</UL>
<BR>[Called By]<UL><LI><a href="#[23]">&gt;&gt;</a>&nbsp;&nbsp;&nbsp;sysex_message_process
<LI><a href="#[b9]">&gt;&gt;</a>&nbsp;&nbsp;&nbsp;adc_get_position_value
</UL>

<P><STRONG><a name="[a9]"></a>__2printf</STRONG> (Thumb, 22 bytes, Stack size 24 bytes, __2printf.o(.text))
<BR><BR>[Stack]<UL><LI>Max Depth = 136 + Unknown Stack Size
<LI>Call Chain = __2printf &rArr; _printf_char_file &rArr; _printf_char_common &rArr; __printf
</UL>
<BR>[Calls]<UL><LI><a href="#[cb]">&gt;&gt;</a>&nbsp;&nbsp;&nbsp;_printf_char_file
</UL>
<BR>[Called By]<UL><LI><a href="#[2a]">&gt;&gt;</a>&nbsp;&nbsp;&nbsp;stackDump
<LI><a href="#[21]">&gt;&gt;</a>&nbsp;&nbsp;&nbsp;Hard_Fault_Handler
</UL>

<P><STRONG><a name="[69]"></a>__2sprintf</STRONG> (Thumb, 40 bytes, Stack size 32 bytes, __2sprintf.o(.text))
<BR><BR>[Stack]<UL><LI>Max Depth = 128 + Unknown Stack Size
<LI>Call Chain = __2sprintf &rArr; _printf_char_common &rArr; __printf
</UL>
<BR>[Calls]<UL><LI><a href="#[24]">&gt;&gt;</a>&nbsp;&nbsp;&nbsp;_sputc
<LI><a href="#[cc]">&gt;&gt;</a>&nbsp;&nbsp;&nbsp;_printf_char_common
</UL>
<BR>[Called By]<UL><LI><a href="#[68]">&gt;&gt;</a>&nbsp;&nbsp;&nbsp;response_product_query
</UL>

<P><STRONG><a name="[dc]"></a>_printf_pre_padding</STRONG> (Thumb, 44 bytes, Stack size 16 bytes, _printf_pad.o(.text))
<BR><BR>[Stack]<UL><LI>Max Depth = 16<LI>Call Chain = _printf_pre_padding
</UL>
<BR>[Called By]<UL><LI><a href="#[ce]">&gt;&gt;</a>&nbsp;&nbsp;&nbsp;_printf_int_common
</UL>

<P><STRONG><a name="[dd]"></a>_printf_post_padding</STRONG> (Thumb, 34 bytes, Stack size 16 bytes, _printf_pad.o(.text))
<BR><BR>[Stack]<UL><LI>Max Depth = 16<LI>Call Chain = _printf_post_padding
</UL>
<BR>[Called By]<UL><LI><a href="#[ce]">&gt;&gt;</a>&nbsp;&nbsp;&nbsp;_printf_int_common
</UL>

<P><STRONG><a name="[39]"></a>_printf_int_dec</STRONG> (Thumb, 90 bytes, Stack size 32 bytes, _printf_dec.o(.text))
<BR><BR>[Stack]<UL><LI>Max Depth = 88<LI>Call Chain = _printf_int_dec &rArr; _printf_int_common &rArr; _printf_post_padding
</UL>
<BR>[Calls]<UL><LI><a href="#[cd]">&gt;&gt;</a>&nbsp;&nbsp;&nbsp;__rt_udiv10
<LI><a href="#[ce]">&gt;&gt;</a>&nbsp;&nbsp;&nbsp;_printf_int_common
</UL>
<BR>[Called By]<UL><LI><a href="#[37]">&gt;&gt;</a>&nbsp;&nbsp;&nbsp;_printf_d
</UL>

<P><STRONG><a name="[cf]"></a>_printf_longlong_hex</STRONG> (Thumb, 88 bytes, Stack size 24 bytes, _printf_hex_int_ll_ptr.o(.text))
<BR><BR>[Stack]<UL><LI>Max Depth = 80<LI>Call Chain = _printf_longlong_hex &rArr; _printf_int_common &rArr; _printf_post_padding
</UL>
<BR>[Calls]<UL><LI><a href="#[ce]">&gt;&gt;</a>&nbsp;&nbsp;&nbsp;_printf_int_common
</UL>
<BR>[Called By]<UL><LI><a href="#[d1]">&gt;&gt;</a>&nbsp;&nbsp;&nbsp;_printf_hex_ptr
<LI><a href="#[d0]">&gt;&gt;</a>&nbsp;&nbsp;&nbsp;_printf_ll_hex
<LI><a href="#[3b]">&gt;&gt;</a>&nbsp;&nbsp;&nbsp;_printf_int_hex
</UL>

<P><STRONG><a name="[3b]"></a>_printf_int_hex</STRONG> (Thumb, 28 bytes, Stack size 16 bytes, _printf_hex_int_ll_ptr.o(.text))
<BR><BR>[Stack]<UL><LI>Max Depth = 96<LI>Call Chain = _printf_int_hex &rArr; _printf_longlong_hex &rArr; _printf_int_common &rArr; _printf_post_padding
</UL>
<BR>[Calls]<UL><LI><a href="#[cf]">&gt;&gt;</a>&nbsp;&nbsp;&nbsp;_printf_longlong_hex
</UL>
<BR>[Called By]<UL><LI><a href="#[38]">&gt;&gt;</a>&nbsp;&nbsp;&nbsp;_printf_x
</UL>

<P><STRONG><a name="[d0]"></a>_printf_ll_hex</STRONG> (Thumb, 10 bytes, Stack size 0 bytes, _printf_hex_int_ll_ptr.o(.text), UNUSED)
<BR><BR>[Calls]<UL><LI><a href="#[cf]">&gt;&gt;</a>&nbsp;&nbsp;&nbsp;_printf_longlong_hex
</UL>

<P><STRONG><a name="[d1]"></a>_printf_hex_ptr</STRONG> (Thumb, 22 bytes, Stack size 8 bytes, _printf_hex_int_ll_ptr.o(.text), UNUSED)
<BR><BR>[Calls]<UL><LI><a href="#[cf]">&gt;&gt;</a>&nbsp;&nbsp;&nbsp;_printf_longlong_hex
</UL>

<P><STRONG><a name="[d2]"></a>__printf</STRONG> (Thumb, 386 bytes, Stack size 32 bytes, __printf_flags_ss_wp.o(.text))
<BR><BR>[Stack]<UL><LI>Max Depth = 32 + Unknown Stack Size
<LI>Call Chain = __printf
</UL>
<BR>[Calls]<UL><LI><a href="#[d4]">&gt;&gt;</a>&nbsp;&nbsp;&nbsp;_printf_percent
<LI><a href="#[d3]">&gt;&gt;</a>&nbsp;&nbsp;&nbsp;_is_digit
</UL>
<BR>[Called By]<UL><LI><a href="#[cc]">&gt;&gt;</a>&nbsp;&nbsp;&nbsp;_printf_char_common
</UL>

<P><STRONG><a name="[6a]"></a>strlen</STRONG> (Thumb, 62 bytes, Stack size 12 bytes, strlen.o(.text))
<BR><BR>[Stack]<UL><LI>Max Depth = 12<LI>Call Chain = strlen
</UL>
<BR>[Called By]<UL><LI><a href="#[68]">&gt;&gt;</a>&nbsp;&nbsp;&nbsp;response_product_query
</UL>

<P><STRONG><a name="[17c]"></a>__aeabi_uidiv</STRONG> (Thumb, 0 bytes, Stack size 0 bytes, aeabi_sdiv.o(.text), UNUSED)

<P><STRONG><a name="[49]"></a>__aeabi_uidivmod</STRONG> (Thumb, 20 bytes, Stack size 0 bytes, aeabi_sdiv.o(.text))
<BR><BR>[Called By]<UL><LI><a href="#[af]">&gt;&gt;</a>&nbsp;&nbsp;&nbsp;SPI_GetBusClock
<LI><a href="#[ab]">&gt;&gt;</a>&nbsp;&nbsp;&nbsp;SPI_SetBusClock
<LI><a href="#[aa]">&gt;&gt;</a>&nbsp;&nbsp;&nbsp;CLK_GetPLLClockFreq
<LI><a href="#[a8]">&gt;&gt;</a>&nbsp;&nbsp;&nbsp;I2C_SetBusClockFreq
<LI><a href="#[a7]">&gt;&gt;</a>&nbsp;&nbsp;&nbsp;I2C_GetBusClockFreq
<LI><a href="#[a6]">&gt;&gt;</a>&nbsp;&nbsp;&nbsp;I2C_Open
<LI><a href="#[a3]">&gt;&gt;</a>&nbsp;&nbsp;&nbsp;CLK_EnablePLL
<LI><a href="#[a5]">&gt;&gt;</a>&nbsp;&nbsp;&nbsp;CLK_GetPLLClockFreq
<LI><a href="#[b7]">&gt;&gt;</a>&nbsp;&nbsp;&nbsp;UART_Open
<LI><a href="#[90]">&gt;&gt;</a>&nbsp;&nbsp;&nbsp;TIMER_Open
<LI><a href="#[89]">&gt;&gt;</a>&nbsp;&nbsp;&nbsp;PWM_ConfigOutputChannel
<LI><a href="#[65]">&gt;&gt;</a>&nbsp;&nbsp;&nbsp;UART_SetLine_Config
<LI><a href="#[47]">&gt;&gt;</a>&nbsp;&nbsp;&nbsp;SystemCoreClockUpdate
<LI><a href="#[48]">&gt;&gt;</a>&nbsp;&nbsp;&nbsp;CLK_GetPLLClockFreq
<LI><a href="#[b8]">&gt;&gt;</a>&nbsp;&nbsp;&nbsp;UART_SelectIrDAMode
<LI><a href="#[b6]">&gt;&gt;</a>&nbsp;&nbsp;&nbsp;CLK_GetPLLClockFreq
<LI><a href="#[b1]">&gt;&gt;</a>&nbsp;&nbsp;&nbsp;TIMER_Delay
</UL>

<P><STRONG><a name="[17d]"></a>__aeabi_idiv</STRONG> (Thumb, 0 bytes, Stack size 8 bytes, aeabi_sdiv.o(.text), UNUSED)

<P><STRONG><a name="[82]"></a>__aeabi_idivmod</STRONG> (Thumb, 326 bytes, Stack size 8 bytes, aeabi_sdiv.o(.text))
<BR><BR>[Stack]<UL><LI>Max Depth = 8<LI>Call Chain = __aeabi_idivmod
</UL>
<BR>[Called By]<UL><LI><a href="#[81]">&gt;&gt;</a>&nbsp;&nbsp;&nbsp;map
<LI><a href="#[63]">&gt;&gt;</a>&nbsp;&nbsp;&nbsp;set_rgb_led
<LI><a href="#[bd]">&gt;&gt;</a>&nbsp;&nbsp;&nbsp;send_sensor_report_offline
</UL>

<P><STRONG><a name="[17e]"></a>__use_two_region_memory</STRONG> (Thumb, 2 bytes, Stack size 0 bytes, heapauxi.o(.text), UNUSED)

<P><STRONG><a name="[17f]"></a>__rt_heap_escrow$2region</STRONG> (Thumb, 2 bytes, Stack size 0 bytes, heapauxi.o(.text), UNUSED)

<P><STRONG><a name="[180]"></a>__rt_heap_expand$2region</STRONG> (Thumb, 2 bytes, Stack size 0 bytes, heapauxi.o(.text), UNUSED)

<P><STRONG><a name="[b4]"></a>__aeabi_d2f</STRONG> (Thumb, 0 bytes, Stack size 12 bytes, d2f.o(.text), UNUSED)
<BR><BR>[Called By]<UL><LI><a href="#[b1]">&gt;&gt;</a>&nbsp;&nbsp;&nbsp;TIMER_Delay
</UL>

<P><STRONG><a name="[181]"></a>_d2f</STRONG> (Thumb, 120 bytes, Stack size 12 bytes, d2f.o(.text), UNUSED)

<P><STRONG><a name="[b3]"></a>__aeabi_ddiv</STRONG> (Thumb, 0 bytes, Stack size 64 bytes, ddiv.o(.text))
<BR><BR>[Stack]<UL><LI>Max Depth = 64<LI>Call Chain = __aeabi_ddiv
</UL>
<BR>[Called By]<UL><LI><a href="#[bf]">&gt;&gt;</a>&nbsp;&nbsp;&nbsp;get_sensor_data
<LI><a href="#[b1]">&gt;&gt;</a>&nbsp;&nbsp;&nbsp;TIMER_Delay
</UL>

<P><STRONG><a name="[d6]"></a>_ddiv</STRONG> (Thumb, 1072 bytes, Stack size 64 bytes, ddiv.o(.text), UNUSED)
<BR><BR>[Called By]<UL><LI><a href="#[d5]">&gt;&gt;</a>&nbsp;&nbsp;&nbsp;_drdiv
</UL>

[...]
<BR><BR>[Called By]<UL><LI><a href="#[3d]">&gt;&gt;</a>&nbsp;&nbsp;&nbsp;__user_setup_stackheap
</UL>

<P><STRONG><a name="[18d]"></a>__user_perthread_libspace</STRONG> (Thumb, 0 bytes, Stack size 0 bytes, libspace.o(.text), UNUSED)

<P><STRONG><a name="[e9]"></a>__fpl_return_NaN</STRONG> (Thumb, 94 bytes, Stack size 8 bytes, retnan.o(.text), UNUSED)
<BR><BR>[Calls]<UL><LI><a href="#[e4]">&gt;&gt;</a>&nbsp;&nbsp;&nbsp;__fpl_cmpreturn
</UL>
<BR>[Called By]<UL><LI><a href="#[e5]">&gt;&gt;</a>&nbsp;&nbsp;&nbsp;__fpl_dcheck_NaN2
</UL>

<P><STRONG><a name="[46]"></a>_sys_exit</STRONG> (Thumb, 8 bytes, Stack size 0 bytes, sys_exit.o(.text))
<BR><BR>[Called By]<UL><LI><a href="#[45]">&gt;&gt;</a>&nbsp;&nbsp;&nbsp;__rt_exit_exit
</UL>

<P><STRONG><a name="[18e]"></a>__I$use$semihosting</STRONG> (Thumb, 0 bytes, Stack size 0 bytes, use_no_semi.o(.text), UNUSED)

<P><STRONG><a name="[18f]"></a>__use_no_semihosting_swi</STRONG> (Thumb, 2 bytes, Stack size 0 bytes, use_no_semi.o(.text), UNUSED)

<P><STRONG><a name="[54]"></a>__ARM_common_switch8</STRONG> (Thumb, 28 bytes, Stack size 8 bytes, protocol.o(i.__ARM_common_switch8))
<BR><BR>[Stack]<UL><LI>Max Depth = 8<LI>Call Chain = __ARM_common_switch8
</UL>
<BR>[Called By]<UL><LI><a href="#[83]">&gt;&gt;</a>&nbsp;&nbsp;&nbsp;pinMode
<LI><a href="#[5b]">&gt;&gt;</a>&nbsp;&nbsp;&nbsp;read_next_sysex_data
<LI><a href="#[53]">&gt;&gt;</a>&nbsp;&nbsp;&nbsp;add_sysex_data
</UL>

<P><STRONG><a name="[190]"></a>__semihosting_library_function</STRONG> (Thumb, 0 bytes, Stack size 8 bytes, indicate_semi.o(.text), UNUSED)

<P><STRONG><a name="[d3]"></a>_is_digit</STRONG> (Thumb, 14 bytes, Stack size 0 bytes, __printf_wp.o(i._is_digit))
<BR><BR>[Called By]<UL><LI><a href="#[d2]">&gt;&gt;</a>&nbsp;&nbsp;&nbsp;__printf
</UL>

<P><STRONG><a name="[c2]"></a>round</STRONG> (Thumb, 142 bytes, Stack size 32 bytes, round.o(i.round))
<BR><BR>[Stack]<UL><LI>Max Depth = 64<LI>Call Chain = round &rArr; __aeabi_cdrcmple
</UL>
<BR>[Calls]<UL><LI><a href="#[ea]">&gt;&gt;</a>&nbsp;&nbsp;&nbsp;_drnd
<LI><a href="#[ed]">&gt;&gt;</a>&nbsp;&nbsp;&nbsp;__aeabi_cdrcmple
<LI><a href="#[ec]">&gt;&gt;</a>&nbsp;&nbsp;&nbsp;__aeabi_cdcmple
<LI><a href="#[eb]">&gt;&gt;</a>&nbsp;&nbsp;&nbsp;__aeabi_dsub
<LI><a href="#[ee]">&gt;&gt;</a>&nbsp;&nbsp;&nbsp;__aeabi_dadd
</UL>
<BR>[Called By]<UL><LI><a href="#[bf]">&gt;&gt;</a>&nbsp;&nbsp;&nbsp;get_sensor_data
</UL>

<P><STRONG><a name="[ec]"></a>__aeabi_cdcmple</STRONG> (Thumb, 0 bytes, Stack size 24 bytes, dlef.o(x$fpl$dleqf))
<BR><BR>[Stack]<UL><LI>Max Depth = 24<LI>Call Chain = __aeabi_cdcmple
</UL>
<BR>[Called By]<UL><LI><a href="#[c2]">&gt;&gt;</a>&nbsp;&nbsp;&nbsp;round
</UL>

<P><STRONG><a name="[ef]"></a>_dcmple</STRONG> (Thumb, 94 bytes, Stack size 24 bytes, dlef.o(x$fpl$dleqf), UNUSED)
<BR><BR>[Calls]<UL><LI><a href="#[e3]">&gt;&gt;</a>&nbsp;&nbsp;&nbsp;__fpl_dcmp_InfNaN
</UL>

<P><STRONG><a name="[ed]"></a>__aeabi_cdrcmple</STRONG> (Thumb, 0 bytes, Stack size 32 bytes, drlef.o(x$fpl$drleqf))
<BR><BR>[Stack]<UL><LI>Max Depth = 32<LI>Call Chain = __aeabi_cdrcmple
</UL>
<BR>[Called By]<UL><LI><a href="#[c2]">&gt;&gt;</a>&nbsp;&nbsp;&nbsp;round
</UL>

<P><STRONG><a name="[f0]"></a>_drcmple</STRONG> (Thumb, 100 bytes, Stack size 32 bytes, drlef.o(x$fpl$drleqf), UNUSED)
<BR><BR>[Calls]<UL><LI><a href="#[e3]">&gt;&gt;</a>&nbsp;&nbsp;&nbsp;__fpl_dcmp_InfNaN
</UL>

<P><STRONG><a name="[73]"></a>__aeabi_fadd</STRONG> (Thumb, 0 bytes, Stack size 16 bytes, faddsub.o(x$fpl$fadd), UNUSED)
<BR><BR>[Called By]<UL><LI><a href="#[74]">&gt;&gt;</a>&nbsp;&nbsp;&nbsp;real_convert_to_uinform
<LI><a href="#[6e]">&gt;&gt;</a>&nbsp;&nbsp;&nbsp;uniform_convert_to_real
</UL>

<P><STRONG><a name="[f1]"></a>_fadd</STRONG> (Thumb, 134 bytes, Stack size 16 bytes, faddsub.o(x$fpl$fadd), UNUSED)
<BR><BR>[Calls]<UL><LI><a href="#[f2]">&gt;&gt;</a>&nbsp;&nbsp;&nbsp;_fsub1
</UL>

<P><STRONG><a name="[71]"></a>__aeabi_fmul</STRONG> (Thumb, 0 bytes, Stack size 16 bytes, fmul.o(x$fpl$fmul), UNUSED)
<BR><BR>[Called By]<UL><LI><a href="#[74]">&gt;&gt;</a>&nbsp;&nbsp;&nbsp;real_convert_to_uinform
<LI><a href="#[6e]">&gt;&gt;</a>&nbsp;&nbsp;&nbsp;uniform_convert_to_real
<LI><a href="#[b1]">&gt;&gt;</a>&nbsp;&nbsp;&nbsp;TIMER_Delay
</UL>

<P><STRONG><a name="[191]"></a>_fmul</STRONG> (Thumb, 172 bytes, Stack size 16 bytes, fmul.o(x$fpl$fmul), UNUSED)

<P><STRONG><a name="[6f]"></a>__aeabi_fsub</STRONG> (Thumb, 0 bytes, Stack size 16 bytes, faddsub.o(x$fpl$fsub), UNUSED)
<BR><BR>[Called By]<UL><LI><a href="#[74]">&gt;&gt;</a>&nbsp;&nbsp;&nbsp;real_convert_to_uinform
<LI><a href="#[6e]">&gt;&gt;</a>&nbsp;&nbsp;&nbsp;uniform_convert_to_real
</UL>

<P><STRONG><a name="[f3]"></a>_fsub</STRONG> (Thumb, 204 bytes, Stack size 16 bytes, faddsub.o(x$fpl$fsub), UNUSED)
<BR><BR>[Calls]<UL><LI><a href="#[f4]">&gt;&gt;</a>&nbsp;&nbsp;&nbsp;_fadd1
</UL>
<P>
<H3>
Local Symbols
</H3>
<P><STRONG><a name="[16]"></a>Default_Handler</STRONG> (Thumb, 2 bytes, Stack size 0 bytes, startup_mini58series.o(.text))
<BR><BR>[Calls]<UL><LI><a href="#[16]">&gt;&gt;</a>&nbsp;&nbsp;&nbsp;Default_Handler
</UL>
<BR>[Called By]<UL><LI><a href="#[16]">&gt;&gt;</a>&nbsp;&nbsp;&nbsp;Default_Handler
</UL>
<BR>[Address Reference Count : 1]<UL><LI> startup_mini58series.o(RESET)
</UL>
<P><STRONG><a name="[48]"></a>CLK_GetPLLClockFreq</STRONG> (Thumb, 112 bytes, Stack size 32 bytes, system_mini58series.o(.text))
<BR><BR>[Stack]<UL><LI>Max Depth = 32<LI>Call Chain = CLK_GetPLLClockFreq
</UL>
<BR>[Calls]<UL><LI><a href="#[49]">&gt;&gt;</a>&nbsp;&nbsp;&nbsp;__aeabi_uidivmod
</UL>
<BR>[Called By]<UL><LI><a href="#[47]">&gt;&gt;</a>&nbsp;&nbsp;&nbsp;SystemCoreClockUpdate
</UL>

<P><STRONG><a name="[4a]"></a>Uart0_Handle</STRONG> (Thumb, 96 bytes, Stack size 8 bytes, interrupt.o(.text))
<BR><BR>[Stack]<UL><LI>Max Depth = 8<LI>Call Chain = Uart0_Handle
</UL>
<BR>[Called By]<UL><LI><a href="#[17]">&gt;&gt;</a>&nbsp;&nbsp;&nbsp;UART0_IRQHandler
</UL>

<P><STRONG><a name="[4b]"></a>Uart1_Handle</STRONG> (Thumb, 96 bytes, Stack size 8 bytes, interrupt.o(.text))
<BR><BR>[Stack]<UL><LI>Max Depth = 8<LI>Call Chain = Uart1_Handle
</UL>
<BR>[Called By]<UL><LI><a href="#[18]">&gt;&gt;</a>&nbsp;&nbsp;&nbsp;UART1_IRQHandler
</UL>

<P><STRONG><a name="[5c]"></a>data_len</STRONG> (Thumb, 72 bytes, Stack size 0 bytes, protocol.o(.text))
<BR><BR>[Called By]<UL><LI><a href="#[5b]">&gt;&gt;</a>&nbsp;&nbsp;&nbsp;read_next_sysex_data
</UL>

<P><STRONG><a name="[4e]"></a>write_byte_uart0</STRONG> (Thumb, 50 bytes, Stack size 0 bytes, protocol.o(.text))
<BR><BR>[Called By]<UL><LI><a href="#[52]">&gt;&gt;</a>&nbsp;&nbsp;&nbsp;flush_sysex_to_send
<LI><a href="#[68]">&gt;&gt;</a>&nbsp;&nbsp;&nbsp;response_product_query
<LI><a href="#[4d]">&gt;&gt;</a>&nbsp;&nbsp;&nbsp;assign_dev_id_response
</UL>

<P><STRONG><a name="[4f]"></a>write_byte_uart1</STRONG> (Thumb, 24 bytes, Stack size 0 bytes, protocol.o(.text))
<BR><BR>[Called By]<UL><LI><a href="#[7a]">&gt;&gt;</a>&nbsp;&nbsp;&nbsp;flush_uart0_to_uart1
<LI><a href="#[52]">&gt;&gt;</a>&nbsp;&nbsp;&nbsp;flush_sysex_to_send
<LI><a href="#[4d]">&gt;&gt;</a>&nbsp;&nbsp;&nbsp;assign_dev_id_response
</UL>

<P><STRONG><a name="[5d]"></a>readbyte</STRONG> (Thumb, 36 bytes, Stack size 8 bytes, protocol.o(.text))
<BR><BR>[Stack]<UL><LI>Max Depth = 8<LI>Call Chain = readbyte
</UL>
<BR>[Called By]<UL><LI><a href="#[5b]">&gt;&gt;</a>&nbsp;&nbsp;&nbsp;read_next_sysex_data
</UL>

<P><STRONG><a name="[5e]"></a>readShort</STRONG> (Thumb, 66 bytes, Stack size 12 bytes, protocol.o(.text))
<BR><BR>[Stack]<UL><LI>Max Depth = 12<LI>Call Chain = readShort
</UL>
<BR>[Called By]<UL><LI><a href="#[6d]">&gt;&gt;</a>&nbsp;&nbsp;&nbsp;read_uniform_value
<LI><a href="#[5b]">&gt;&gt;</a>&nbsp;&nbsp;&nbsp;read_next_sysex_data
</UL>

<P><STRONG><a name="[60]"></a>readfloat</STRONG> (Thumb, 108 bytes, Stack size 8 bytes, protocol.o(.text))
<BR><BR>[Stack]<UL><LI>Max Depth = 8<LI>Call Chain = readfloat
</UL>
<BR>[Called By]<UL><LI><a href="#[5b]">&gt;&gt;</a>&nbsp;&nbsp;&nbsp;read_next_sysex_data
</UL>

<P><STRONG><a name="[5f]"></a>readlong</STRONG> (Thumb, 108 bytes, Stack size 8 bytes, protocol.o(.text))
<BR><BR>[Stack]<UL><LI>Max Depth = 8<LI>Call Chain = readlong
</UL>
<BR>[Called By]<UL><LI><a href="#[5b]">&gt;&gt;</a>&nbsp;&nbsp;&nbsp;read_next_sysex_data
</UL>

<P><STRONG><a name="[55]"></a>sendbyte</STRONG> (Thumb, 64 bytes, Stack size 12 bytes, protocol.o(.text))
<BR><BR>[Stack]<UL><LI>Max Depth = 12<LI>Call Chain = sendbyte
</UL>
<BR>[Called By]<UL><LI><a href="#[53]">&gt;&gt;</a>&nbsp;&nbsp;&nbsp;add_sysex_data
</UL>

<P><STRONG><a name="[56]"></a>sendShort</STRONG> (Thumb, 112 bytes, Stack size 16 bytes, protocol.o(.text))
<BR><BR>[Stack]<UL><LI>Max Depth = 16<LI>Call Chain = sendShort
</UL>
<BR>[Called By]<UL><LI><a href="#[77]">&gt;&gt;</a>&nbsp;&nbsp;&nbsp;send_digital_signal_to_block
<LI><a href="#[76]">&gt;&gt;</a>&nbsp;&nbsp;&nbsp;send_analog_signal_to_block
<LI><a href="#[53]">&gt;&gt;</a>&nbsp;&nbsp;&nbsp;add_sysex_data
</UL>

<P><STRONG><a name="[58]"></a>sendFloat</STRONG> (Thumb, 172 bytes, Stack size 16 bytes, protocol.o(.text))
<BR><BR>[Stack]<UL><LI>Max Depth = 16<LI>Call Chain = sendFloat
</UL>
<BR>[Called By]<UL><LI><a href="#[53]">&gt;&gt;</a>&nbsp;&nbsp;&nbsp;add_sysex_data
</UL>

<P><STRONG><a name="[57]"></a>sendlong</STRONG> (Thumb, 172 bytes, Stack size 16 bytes, protocol.o(.text))
<BR><BR>[Stack]<UL><LI>Max Depth = 16<LI>Call Chain = sendlong
</UL>
<BR>[Called By]<UL><LI><a href="#[53]">&gt;&gt;</a>&nbsp;&nbsp;&nbsp;add_sysex_data
</UL>

<P><STRONG><a name="[4d]"></a>assign_dev_id_response</STRONG> (Thumb, 202 bytes, Stack size 16 bytes, protocol.o(.text))
<BR><BR>[Stack]<UL><LI>Max Depth = 16<LI>Call Chain = assign_dev_id_response
</UL>
<BR>[Calls]<UL><LI><a href="#[4f]">&gt;&gt;</a>&nbsp;&nbsp;&nbsp;write_byte_uart1
<LI><a href="#[4e]">&gt;&gt;</a>&nbsp;&nbsp;&nbsp;write_byte_uart0
</UL>
<BR>[Called By]<UL><LI><a href="#[7b]">&gt;&gt;</a>&nbsp;&nbsp;&nbsp;processSysexMessageOnline
</UL>

<P><STRONG><a name="[50]"></a>system_reset_response</STRONG> (Thumb, 10 bytes, Stack size 8 bytes, protocol.o(.text))
<BR><BR>[Stack]<UL><LI>Max Depth = 8<LI>Call Chain = system_reset_response
</UL>
<BR>[Calls]<UL><LI><a href="#[51]">&gt;&gt;</a>&nbsp;&nbsp;&nbsp;SYS_ResetChip
</UL>
<BR>[Called By]<UL><LI><a href="#[7b]">&gt;&gt;</a>&nbsp;&nbsp;&nbsp;processSysexMessageOnline
</UL>

<P><STRONG><a name="[59]"></a>query_firmware_version_response</STRONG> (Thumb, 64 bytes, Stack size 24 bytes, protocol.o(.text))
<BR><BR>[Stack]<UL><LI>Max Depth = 64<LI>Call Chain = query_firmware_version_response &rArr; add_sysex_data &rArr; sendlong
</UL>
<BR>[Calls]<UL><LI><a href="#[5a]">&gt;&gt;</a>&nbsp;&nbsp;&nbsp;init_sysex_to_send
<LI><a href="#[53]">&gt;&gt;</a>&nbsp;&nbsp;&nbsp;add_sysex_data
<LI><a href="#[52]">&gt;&gt;</a>&nbsp;&nbsp;&nbsp;flush_sysex_to_send
</UL>
<BR>[Called By]<UL><LI><a href="#[7b]">&gt;&gt;</a>&nbsp;&nbsp;&nbsp;processSysexMessageOnline
</UL>

<P><STRONG><a name="[7d]"></a>set_sysex_feedback_response</STRONG> (Thumb, 10 bytes, Stack size 0 bytes, protocol.o(.text))
<BR><BR>[Called By]<UL><LI><a href="#[7b]">&gt;&gt;</a>&nbsp;&nbsp;&nbsp;processSysexMessageOnline
</UL>

<P><STRONG><a name="[61]"></a>set_rgb_led_response</STRONG> (Thumb, 96 bytes, Stack size 32 bytes, protocol.o(.text))
<BR><BR>[Stack]<UL><LI>Max Depth = 112<LI>Call Chain = set_rgb_led_response &rArr; set_rgb_led &rArr; pwm_write &rArr; PWM_ConfigOutputChannel
</UL>
<BR>[Calls]<UL><LI><a href="#[63]">&gt;&gt;</a>&nbsp;&nbsp;&nbsp;set_rgb_led
<LI><a href="#[62]">&gt;&gt;</a>&nbsp;&nbsp;&nbsp;read_sysex_type
<LI><a href="#[5b]">&gt;&gt;</a>&nbsp;&nbsp;&nbsp;read_next_sysex_data
</UL>
<BR>[Called By]<UL><LI><a href="#[7b]">&gt;&gt;</a>&nbsp;&nbsp;&nbsp;processSysexMessageOnline
</UL>

<P><STRONG><a name="[64]"></a>set_baudrate_response</STRONG> (Thumb, 114 bytes, Stack size 32 bytes, protocol.o(.text))
<BR><BR>[Stack]<UL><LI>Max Depth = 128<LI>Call Chain = set_baudrate_response &rArr; UART_SetLine_Config &rArr; CLK_GetPLLClockFreq
</UL>
<BR>[Calls]<UL><LI><a href="#[65]">&gt;&gt;</a>&nbsp;&nbsp;&nbsp;UART_SetLine_Config
<LI><a href="#[62]">&gt;&gt;</a>&nbsp;&nbsp;&nbsp;read_sysex_type
<LI><a href="#[5b]">&gt;&gt;</a>&nbsp;&nbsp;&nbsp;read_next_sysex_data
</UL>
<BR>[Called By]<UL><LI><a href="#[7b]">&gt;&gt;</a>&nbsp;&nbsp;&nbsp;processSysexMessageOnline
</UL>

<P><STRONG><a name="[67]"></a>communication_test_response</STRONG> (Thumb, 136 bytes, Stack size 40 bytes, protocol.o(.text))
<BR><BR>[Stack]<UL><LI>Max Depth = 88<LI>Call Chain = communication_test_response &rArr; send_sysex_error_code &rArr; add_sysex_data &rArr; sendlong
</UL>
<BR>[Calls]<UL><LI><a href="#[66]">&gt;&gt;</a>&nbsp;&nbsp;&nbsp;send_sysex_error_code
<LI><a href="#[62]">&gt;&gt;</a>&nbsp;&nbsp;&nbsp;read_sysex_type
<LI><a href="#[5b]">&gt;&gt;</a>&nbsp;&nbsp;&nbsp;read_next_sysex_data
</UL>
<BR>[Called By]<UL><LI><a href="#[7b]">&gt;&gt;</a>&nbsp;&nbsp;&nbsp;processSysexMessageOnline
</UL>

<P><STRONG><a name="[68]"></a>response_product_query</STRONG> (Thumb, 78 bytes, Stack size 32 bytes, protocol.o(.text))
<BR><BR>[Stack]<UL><LI>Max Depth = 160 + Unknown Stack Size
<LI>Call Chain = response_product_query &rArr; __2sprintf &rArr; _printf_char_common &rArr; __printf
</UL>
<BR>[Calls]<UL><LI><a href="#[4e]">&gt;&gt;</a>&nbsp;&nbsp;&nbsp;write_byte_uart0
<LI><a href="#[6a]">&gt;&gt;</a>&nbsp;&nbsp;&nbsp;strlen
<LI><a href="#[69]">&gt;&gt;</a>&nbsp;&nbsp;&nbsp;__2sprintf
</UL>
<BR>[Called By]<UL><LI><a href="#[80]">&gt;&gt;</a>&nbsp;&nbsp;&nbsp;parse_uart0_recv_buffer
</UL>

<P><STRONG><a name="[7e]"></a>find_block_response</STRONG> (Thumb, 8 bytes, Stack size 0 bytes, protocol.o(.text))
<BR><BR>[Called By]<UL><LI><a href="#[7b]">&gt;&gt;</a>&nbsp;&nbsp;&nbsp;processSysexMessageOnline
</UL>

<P><STRONG><a name="[7c]"></a>check_sysex_message</STRONG> (Thumb, 54 bytes, Stack size 0 bytes, protocol.o(.text))
<BR><BR>[Called By]<UL><LI><a href="#[7b]">&gt;&gt;</a>&nbsp;&nbsp;&nbsp;processSysexMessageOnline
</UL>

<P><STRONG><a name="[7b]"></a>processSysexMessageOnline</STRONG> (Thumb, 206 bytes, Stack size 16 bytes, protocol.o(.text))
<BR><BR>[Stack]<UL><LI>Max Depth = 144<LI>Call Chain = processSysexMessageOnline &rArr; set_baudrate_response &rArr; UART_SetLine_Config &rArr; CLK_GetPLLClockFreq
</UL>
<BR>[Calls]<UL><LI><a href="#[7a]">&gt;&gt;</a>&nbsp;&nbsp;&nbsp;flush_uart0_to_uart1
<LI><a href="#[79]">&gt;&gt;</a>&nbsp;&nbsp;&nbsp;send_sysex_return_code
<LI><a href="#[7c]">&gt;&gt;</a>&nbsp;&nbsp;&nbsp;check_sysex_message
<LI><a href="#[7e]">&gt;&gt;</a>&nbsp;&nbsp;&nbsp;find_block_response
<LI><a href="#[67]">&gt;&gt;</a>&nbsp;&nbsp;&nbsp;communication_test_response
<LI><a href="#[64]">&gt;&gt;</a>&nbsp;&nbsp;&nbsp;set_baudrate_response
<LI><a href="#[61]">&gt;&gt;</a>&nbsp;&nbsp;&nbsp;set_rgb_led_response
<LI><a href="#[7d]">&gt;&gt;</a>&nbsp;&nbsp;&nbsp;set_sysex_feedback_response
<LI><a href="#[59]">&gt;&gt;</a>&nbsp;&nbsp;&nbsp;query_firmware_version_response
<LI><a href="#[50]">&gt;&gt;</a>&nbsp;&nbsp;&nbsp;system_reset_response
<LI><a href="#[4d]">&gt;&gt;</a>&nbsp;&nbsp;&nbsp;assign_dev_id_response
</UL>
<BR>[Called By]<UL><LI><a href="#[80]">&gt;&gt;</a>&nbsp;&nbsp;&nbsp;parse_uart0_recv_buffer
</UL>

<P><STRONG><a name="[7f]"></a>processSysexMessageOffline</STRONG> (Thumb, 24 bytes, Stack size 8 bytes, protocol.o(.text))
<BR><BR>[Stack]<UL><LI>Max Depth = 24<LI>Call Chain = processSysexMessageOffline &rArr; flush_uart0_to_uart1
</UL>
<BR>[Calls]<UL><LI><a href="#[7a]">&gt;&gt;</a>&nbsp;&nbsp;&nbsp;flush_uart0_to_uart1
</UL>
<BR>[Called By]<UL><LI><a href="#[80]">&gt;&gt;</a>&nbsp;&nbsp;&nbsp;parse_uart0_recv_buffer
</UL>

<P><STRONG><a name="[93]"></a>NVIC_SetPriority</STRONG> (Thumb, 110 bytes, Stack size 8 bytes, sysinit.o(.text))
<BR><BR>[Stack]<UL><LI>Max Depth = 8<LI>Call Chain = NVIC_SetPriority
</UL>
<BR>[Called By]<UL><LI><a href="#[95]">&gt;&gt;</a>&nbsp;&nbsp;&nbsp;TMR1_Init
<LI><a href="#[8f]">&gt;&gt;</a>&nbsp;&nbsp;&nbsp;TMR0_Init
</UL>

<P><STRONG><a name="[94]"></a>NVIC_EnableIRQ</STRONG> (Thumb, 14 bytes, Stack size 0 bytes, sysinit.o(.text))
<BR><BR>[Called By]<UL><LI><a href="#[9b]">&gt;&gt;</a>&nbsp;&nbsp;&nbsp;UART_Function_Init
<LI><a href="#[95]">&gt;&gt;</a>&nbsp;&nbsp;&nbsp;TMR1_Init
<LI><a href="#[8f]">&gt;&gt;</a>&nbsp;&nbsp;&nbsp;TMR0_Init
</UL>

<P><STRONG><a name="[92]"></a>TIMER_Start</STRONG> (Thumb, 12 bytes, Stack size 0 bytes, sysinit.o(.text))
<BR><BR>[Called By]<UL><LI><a href="#[95]">&gt;&gt;</a>&nbsp;&nbsp;&nbsp;TMR1_Init
<LI><a href="#[8f]">&gt;&gt;</a>&nbsp;&nbsp;&nbsp;TMR0_Init
</UL>

<P><STRONG><a name="[91]"></a>TIMER_EnableInt</STRONG> (Thumb, 12 bytes, Stack size 0 bytes, sysinit.o(.text))
<BR><BR>[Called By]<UL><LI><a href="#[95]">&gt;&gt;</a>&nbsp;&nbsp;&nbsp;TMR1_Init
<LI><a href="#[8f]">&gt;&gt;</a>&nbsp;&nbsp;&nbsp;TMR0_Init
</UL>

<P><STRONG><a name="[a5]"></a>CLK_GetPLLClockFreq</STRONG> (Thumb, 112 bytes, Stack size 32 bytes, clk.o(.text))
<BR><BR>[Stack]<UL><LI>Max Depth = 32<LI>Call Chain = CLK_GetPLLClockFreq
</UL>
<BR>[Calls]<UL><LI><a href="#[49]">&gt;&gt;</a>&nbsp;&nbsp;&nbsp;__aeabi_uidivmod
</UL>
<BR>[Called By]<UL><LI><a href="#[a3]">&gt;&gt;</a>&nbsp;&nbsp;&nbsp;CLK_EnablePLL
</UL>

<P><STRONG><a name="[aa]"></a>CLK_GetPLLClockFreq</STRONG> (Thumb, 112 bytes, Stack size 32 bytes, spi.o(.text))
<BR><BR>[Stack]<UL><LI>Max Depth = 32<LI>Call Chain = CLK_GetPLLClockFreq
</UL>
<BR>[Calls]<UL><LI><a href="#[49]">&gt;&gt;</a>&nbsp;&nbsp;&nbsp;__aeabi_uidivmod
</UL>
<BR>[Called By]<UL><LI><a href="#[af]">&gt;&gt;</a>&nbsp;&nbsp;&nbsp;SPI_GetBusClock
<LI><a href="#[ab]">&gt;&gt;</a>&nbsp;&nbsp;&nbsp;SPI_SetBusClock
</UL>

<P><STRONG><a name="[b6]"></a>CLK_GetPLLClockFreq</STRONG> (Thumb, 112 bytes, Stack size 32 bytes, uart.o(.text))
<BR><BR>[Stack]<UL><LI>Max Depth = 32<LI>Call Chain = CLK_GetPLLClockFreq
</UL>
<BR>[Calls]<UL><LI><a href="#[49]">&gt;&gt;</a>&nbsp;&nbsp;&nbsp;__aeabi_uidivmod
</UL>
<BR>[Called By]<UL><LI><a href="#[b7]">&gt;&gt;</a>&nbsp;&nbsp;&nbsp;UART_Open
<LI><a href="#[65]">&gt;&gt;</a>&nbsp;&nbsp;&nbsp;UART_SetLine_Config
<LI><a href="#[b8]">&gt;&gt;</a>&nbsp;&nbsp;&nbsp;UART_SelectIrDAMode
</UL>

<P><STRONG><a name="[ca]"></a>SPI_SET_SS_LOW</STRONG> (Thumb, 34 bytes, Stack size 0 bytes, mp9960.o(.text))
<BR><BR>[Called By]<UL><LI><a href="#[ba]">&gt;&gt;</a>&nbsp;&nbsp;&nbsp;mp9960_read_raw_angle
<LI><a href="#[c5]">&gt;&gt;</a>&nbsp;&nbsp;&nbsp;mp9960_init
</UL>

<P><STRONG><a name="[f4]"></a>_fadd1</STRONG> (Thumb, 0 bytes, Stack size unknown bytes, faddsub.o(x$fpl$fadd), UNUSED)
<BR><BR>[Called By]<UL><LI><a href="#[f3]">&gt;&gt;</a>&nbsp;&nbsp;&nbsp;_fsub
</UL>

<P><STRONG><a name="[f2]"></a>_fsub1</STRONG> (Thumb, 0 bytes, Stack size unknown bytes, faddsub.o(x$fpl$fsub), UNUSED)
<BR><BR>[Called By]<UL><LI><a href="#[f1]">&gt;&gt;</a>&nbsp;&nbsp;&nbsp;_fadd
</UL>

<P><STRONG><a name="[25]"></a>_printf_input_char</STRONG> (Thumb, 10 bytes, Stack size 0 bytes, _printf_char_common.o(.text))
<BR>[Address Reference Count : 1]<UL><LI> _printf_char_common.o(.text)
</UL>
<P><STRONG><a name="[e0]"></a>_dadd1</STRONG> (Thumb, 290 bytes, Stack size 20 bytes, daddsub.o(.text), UNUSED)
<BR><BR>[Called By]<UL><LI><a href="#[e2]">&gt;&gt;</a>&nbsp;&nbsp;&nbsp;_drsb
<LI><a href="#[e1]">&gt;&gt;</a>&nbsp;&nbsp;&nbsp;_dsub
<LI><a href="#[de]">&gt;&gt;</a>&nbsp;&nbsp;&nbsp;_dadd
</UL>

<P><STRONG><a name="[df]"></a>_dsub1</STRONG> (Thumb, 470 bytes, Stack size 40 bytes, daddsub.o(.text), UNUSED)
<BR><BR>[Called By]<UL><LI><a href="#[e2]">&gt;&gt;</a>&nbsp;&nbsp;&nbsp;_drsb
<LI><a href="#[e1]">&gt;&gt;</a>&nbsp;&nbsp;&nbsp;_dsub
<LI><a href="#[de]">&gt;&gt;</a>&nbsp;&nbsp;&nbsp;_dadd
</UL>
<P>
<H3>
Undefined Global Symbols
</H3>
<P><STRONG><a name="[e7]"></a>_call_atexit_fns</STRONG> (ARM, 0 bytes, Stack size 0 bytes, UNDEFINED)
<BR><BR>[Called By]<UL><LI><a href="#[42]">&gt;&gt;</a>&nbsp;&nbsp;&nbsp;exit
</UL>
<HR></body></html>
