Component: ARM Compiler 5.05 update 1 (build 106) Tool: armlink [4d0efa]

==============================================================================

Section Cross References

    system_m051series.o(i.CLK_GetPLLClockFreq) refers to uidiv.o(.text) for __aeabi_uidivmod
    system_m051series.o(i.SystemCoreClockUpdate) refers to system_m051series.o(i.CLK_GetPLLClockFreq) for CLK_GetPLLClockFreq
    system_m051series.o(i.SystemCoreClockUpdate) refers to uidiv.o(.text) for __aeabi_uidivmod
    system_m051series.o(i.SystemCoreClockUpdate) refers to system_m051series.o(.data) for PllClock
    system_m051series.o(i.SystemCoreClockUpdate) refers to system_m051series.o(.constdata) for gau32ClkSrcTbl
    startup_m051series.o(RESET) refers to startup_m051series.o(STACK) for __initial_sp
    startup_m051series.o(RESET) refers to startup_m051series.o(.text) for Reset_Handler
    startup_m051series.o(RESET) refers to interrupt.o(i.GPIOP2P3P4_IRQHandler) for GPIOP2P3P4_IRQHandler
    startup_m051series.o(RESET) refers to interrupt.o(i.TMR0_IRQHandler) for TMR0_IRQHandler
    startup_m051series.o(RESET) refers to interrupt.o(i.UART0_IRQHandler) for UART0_IRQHandler
    startup_m051series.o(RESET) refers to interrupt.o(i.UART1_IRQHandler) for UART1_IRQHandler
    startup_m051series.o(RESET) refers to interrupt.o(i.I2C_IRQHandler) for I2C_IRQHandler
    startup_m051series.o(.text) refers to system_m051series.o(i.SystemInit) for SystemInit
    startup_m051series.o(.text) refers to entry.o(.ARM.Collect$$$$00000000) for __main
    uart_printf.o(i.UART0_Init) refers to sys.o(i.SYS_ResetModule) for SYS_ResetModule
    uart_printf.o(i.UART0_Init) refers to uart.o(i.UART_Open) for UART_Open
    uart_printf.o(i.UART1_Init) refers to sys.o(i.SYS_ResetModule) for SYS_ResetModule
    uart_printf.o(i.UART1_Init) refers to uart.o(i.UART_Open) for UART_Open
    uart_printf.o(i.uart_printf) refers to printfa.o(i.__0vsprintf) for __c89vsprintf
    uart_printf.o(i.uart_printf) refers to uart_printf.o(i.send_string) for send_string
    main.o(i.get_sensor_data) refers to dflti.o(.text) for __aeabi_i2d
    main.o(i.get_sensor_data) refers to dmul.o(.text) for __aeabi_dmul
    main.o(i.get_sensor_data) refers to ddiv.o(.text) for __aeabi_ddiv
    main.o(i.get_sensor_data) refers to cdrcmple.o(.text) for __aeabi_cdrcmple
    main.o(i.get_sensor_data) refers to dadd.o(.text) for __aeabi_dadd
    main.o(i.get_sensor_data) refers to dfixi.o(.text) for __aeabi_d2iz
    main.o(i.get_sensor_data) refers to smartservo.o(i.adc_get_temperature_value) for adc_get_temperature_value
    main.o(i.get_sensor_data) refers to smartservo.o(i.adc_get_voltage_value) for adc_get_voltage_value
    main.o(i.get_sensor_data) refers to smartservo.o(i.adc_get_current_value) for adc_get_current_value
    main.o(i.get_sensor_data) refers to protocol.o(.data) for device_type
    main.o(i.get_sensor_data) refers to smartservo.o(.data) for smart_servo_cur_pos
    main.o(i.main) refers to mygpio.o(i.pinMode) for pinMode
    main.o(i.main) refers to sysinit.o(i.SYS_Init) for SYS_Init
    main.o(i.main) refers to uart_printf.o(i.UART0_Init) for UART0_Init
    main.o(i.main) refers to uart_printf.o(i.UART1_Init) for UART1_Init
    main.o(i.main) refers to uart.o(i.UART_SetLine_Config) for UART_SetLine_Config
    main.o(i.main) refers to sysinit.o(i.UART_Function_Init) for UART_Function_Init
    main.o(i.main) refers to sysinit.o(i.TMR0_Init) for TMR0_Init
    main.o(i.main) refers to clk.o(i.CLK_EnableModuleClock) for CLK_EnableModuleClock
    main.o(i.main) refers to mp9960.o(i.mp9960_init) for mp9960_init
    main.o(i.main) refers to dataflash.o(i.set_data_flash_fix_4k) for set_data_flash_fix_4k
    main.o(i.main) refers to dataflash.o(i.flash_read_data_mode) for flash_read_data_mode
    main.o(i.main) refers to dataflash.o(i.flash_read_angle_offset) for flash_read_angle_offset
    main.o(i.main) refers to smartservo.o(i.samrt_servo_init) for samrt_servo_init
    main.o(i.main) refers to systime.o(i.delay) for delay
    main.o(i.main) refers to uart_printf.o(i.uart_printf) for uart_printf
    main.o(i.main) refers to protocol.o(i.parse_uart0_recv_buffer) for parse_uart0_recv_buffer
    main.o(i.main) refers to protocol.o(i.flush_uart1_forward_buffer) for flush_uart1_forward_buffer
    main.o(i.main) refers to protocol.o(i.flush_uart0_local_buffer) for flush_uart0_local_buffer
    main.o(i.main) refers to main.o(i.get_sensor_data) for get_sensor_data
    main.o(i.main) refers to systime.o(i.millis) for millis
    main.o(i.main) refers to smartservo.o(i.smart_led_blink) for smart_led_blink
    main.o(i.main) refers to smartservo.o(i.motor_protection) for motor_protection
    main.o(i.main) refers to protocol.o(i.device_neep_loop_in_sampling) for device_neep_loop_in_sampling
    main.o(i.main) refers to protocol.o(i.send_sensor_report) for send_sensor_report
    main.o(i.main) refers to protocol.o(.data) for command_mode
[...]
    i.cmd_get_servo_speed                    0x0000344c   Section        0  protocol.o(i.cmd_get_servo_speed)
    cmd_get_servo_speed                      0x0000344d   Thumb Code    30  protocol.o(i.cmd_get_servo_speed)
    i.cmd_get_servo_temperature              0x00003484   Section        0  protocol.o(i.cmd_get_servo_temperature)
    cmd_get_servo_temperature                0x00003485   Thumb Code    38  protocol.o(i.cmd_get_servo_temperature)
    i.cmd_get_servo_voltage                  0x000034c4   Section        0  protocol.o(i.cmd_get_servo_voltage)
    cmd_get_servo_voltage                    0x000034c5   Thumb Code    38  protocol.o(i.cmd_get_servo_voltage)
    i.cmd_get_smart_version                  0x00003504   Section        0  protocol.o(i.cmd_get_smart_version)
    cmd_get_smart_version                    0x00003505   Thumb Code    18  protocol.o(i.cmd_get_smart_version)
    i.cmd_relative_angle                     0x00003530   Section        0  protocol.o(i.cmd_relative_angle)
    cmd_relative_angle                       0x00003531   Thumb Code   260  protocol.o(i.cmd_relative_angle)
    i.cmd_relative_angle_long                0x0000364c   Section        0  protocol.o(i.cmd_relative_angle_long)
    cmd_relative_angle_long                  0x0000364d   Thumb Code   258  protocol.o(i.cmd_relative_angle_long)
    i.cmd_relative_pos                       0x00003768   Section        0  protocol.o(i.cmd_relative_pos)
    cmd_relative_pos                         0x00003769   Thumb Code   122  protocol.o(i.cmd_relative_pos)
    i.cmd_reset_smart_servo                  0x000037f0   Section        0  protocol.o(i.cmd_reset_smart_servo)
    cmd_reset_smart_servo                    0x000037f1   Thumb Code    60  protocol.o(i.cmd_reset_smart_servo)
    i.cmd_set_angle_init                     0x00003848   Section        0  protocol.o(i.cmd_set_angle_init)
    cmd_set_angle_init                       0x00003849   Thumb Code   244  protocol.o(i.cmd_set_angle_init)
    i.cmd_set_command_mode                   0x00003954   Section        0  protocol.o(i.cmd_set_command_mode)
    cmd_set_command_mode                     0x00003955   Thumb Code    86  protocol.o(i.cmd_set_command_mode)
    i.cmd_set_current_angle_zero_degrees     0x000039b0   Section        0  protocol.o(i.cmd_set_current_angle_zero_degrees)
    cmd_set_current_angle_zero_degrees       0x000039b1   Thumb Code    28  protocol.o(i.cmd_set_current_angle_zero_degrees)
    i.cmd_set_pwm_motion                     0x000039cc   Section        0  protocol.o(i.cmd_set_pwm_motion)
    cmd_set_pwm_motion                       0x000039cd   Thumb Code   104  protocol.o(i.cmd_set_pwm_motion)
    i.cmd_set_rgb_led                        0x00003a44   Section        0  protocol.o(i.cmd_set_rgb_led)
    cmd_set_rgb_led                          0x00003a45   Thumb Code   106  protocol.o(i.cmd_set_rgb_led)
    i.cmd_set_servo_break                    0x00003ab8   Section        0  protocol.o(i.cmd_set_servo_break)
    cmd_set_servo_break                      0x00003ab9   Thumb Code    60  protocol.o(i.cmd_set_servo_break)
    i.cmd_shake_hand                         0x00003af8   Section        0  protocol.o(i.cmd_shake_hand)
    cmd_shake_hand                           0x00003af9   Thumb Code    24  protocol.o(i.cmd_shake_hand)
    i.cmd_test_response                      0x00003b18   Section        0  protocol.o(i.cmd_test_response)
    cmd_test_response                        0x00003b19   Thumb Code    60  protocol.o(i.cmd_test_response)
    i.delay                                  0x00003b58   Section        0  systime.o(i.delay)
    i.device_neep_loop_in_sampling           0x00003b70   Section        0  protocol.o(i.device_neep_loop_in_sampling)
    i.digitalWrite                           0x00003bf0   Section        0  mygpio.o(i.digitalWrite)
    i.filter_position                        0x00003c00   Section        0  smartservo.o(i.filter_position)
    i.flash_read_angle_offset                0x00003c64   Section        0  dataflash.o(i.flash_read_angle_offset)
    i.flash_read_data_mode                   0x00003d70   Section        0  dataflash.o(i.flash_read_data_mode)
    i.flash_write_angle_offset               0x00003e6c   Section        0  dataflash.o(i.flash_write_angle_offset)
    i.flash_write_data_mode                  0x00003f38   Section        0  dataflash.o(i.flash_write_data_mode)
    i.flush_uart0_forward_buffer             0x00003ff8   Section        0  protocol.o(i.flush_uart0_forward_buffer)
    i.flush_uart0_local_buffer               0x0000403c   Section        0  protocol.o(i.flush_uart0_local_buffer)
    i.flush_uart1_forward_buffer             0x00004138   Section        0  protocol.o(i.flush_uart1_forward_buffer)
    i.get_sensor_data                        0x00004234   Section        0  main.o(i.get_sensor_data)
    i.infrared_send_response                 0x0000433c   Section        0  protocol.o(i.infrared_send_response)
    infrared_send_response                   0x0000433d   Thumb Code     2  protocol.o(i.infrared_send_response)
    i.is_pin_analog                          0x0000433e   Section        0  mygpio.o(i.is_pin_analog)
    i.laser_device_response                  0x0000435c   Section        0  protocol.o(i.laser_device_response)
    laser_device_response                    0x0000435d   Thumb Code     2  protocol.o(i.laser_device_response)
    i.limit_switch_response                  0x0000435e   Section        0  protocol.o(i.limit_switch_response)
    limit_switch_response                    0x0000435f   Thumb Code     2  protocol.o(i.limit_switch_response)
    i.log                                    0x00004360   Section        0  log.o(i.log)
    i.main                                   0x000046b4   Section        0  main.o(i.main)
    i.map                                    0x00004864   Section        0  mygpio.o(i.map)
    i.millis                                 0x00004884   Section        0  systime.o(i.millis)
    i.monochrome_led_response                0x00004898   Section        0  protocol.o(i.monochrome_led_response)
    monochrome_led_response                  0x00004899   Thumb Code     2  protocol.o(i.monochrome_led_response)
    i.motor_dc_response                      0x0000489a   Section        0  protocol.o(i.motor_dc_response)
    motor_dc_response                        0x0000489b   Thumb Code     2  protocol.o(i.motor_dc_response)
    i.motor_encoder_response                 0x0000489c   Section        0  protocol.o(i.motor_encoder_response)
    motor_encoder_response                   0x0000489d   Thumb Code     2  protocol.o(i.motor_encoder_response)
    i.motor_protection                       0x000048a0   Section        0  smartservo.o(i.motor_protection)
    i.motor_servo_response                   0x00004a3c   Section        0  protocol.o(i.motor_servo_response)
    motor_servo_response                     0x00004a3d   Thumb Code     2  protocol.o(i.motor_servo_response)
    i.motor_step_response                    0x00004a3e   Section        0  protocol.o(i.motor_step_response)
    motor_step_response                      0x00004a3f   Thumb Code     2  protocol.o(i.motor_step_response)
    i.mp9960_init                            0x00004a40   Section        0  mp9960.o(i.mp9960_init)
    i.mp9960_read_raw_angle                  0x00004a68   Section        0  mp9960.o(i.mp9960_read_raw_angle)
    i.mpu6050_response                       0x00004ab8   Section        0  protocol.o(i.mpu6050_response)
    mpu6050_response                         0x00004ab9   Thumb Code     2  protocol.o(i.mpu6050_response)
    i.normalize_position_difference          0x00004abc   Section        0  smartservo.o(i.normalize_position_difference)
    i.parse_gcommand                         0x00004ae0   Section        0  protocol.o(i.parse_gcommand)
    i.parse_mcode                            0x00004b84   Section        0  protocol.o(i.parse_mcode)
    parse_mcode                              0x00004b85   Thumb Code   240  protocol.o(i.parse_mcode)
    i.parse_uart0_recv_buffer                0x00004c74   Section        0  protocol.o(i.parse_uart0_recv_buffer)
    i.pid_position_to_pwm                    0x00004e54   Section        0  smartservo.o(i.pid_position_to_pwm)
    i.pinMode                                0x000053b8   Section        0  mygpio.o(i.pinMode)
    i.processSysexMessage                    0x0000542c   Section        0  protocol.o(i.processSysexMessage)
    i.pwm_init                               0x000054e8   Section        0  mepwm.o(i.pwm_init)
    i.pwm_rgb_led_response                   0x0000589c   Section        0  protocol.o(i.pwm_rgb_led_response)
    pwm_rgb_led_response                     0x0000589d   Thumb Code     2  protocol.o(i.pwm_rgb_led_response)
    i.pwm_write                              0x000058a0   Section        0  mepwm.o(i.pwm_write)
    i.pwm_writeMicroseconds                  0x00005900   Section        0  mepwm.o(i.pwm_writeMicroseconds)
    i.readLong                               0x000059b0   Section        0  protocol.o(i.readLong)
    i.readShort                              0x00005a20   Section        0  protocol.o(i.readShort)
    i.read_analog_response                   0x00005a68   Section        0  protocol.o(i.read_analog_response)
    read_analog_response                     0x00005a69   Thumb Code     2  protocol.o(i.read_analog_response)
    i.read_digital_response                  0x00005a6a   Section        0  protocol.o(i.read_digital_response)
    read_digital_response                    0x00005a6b   Thumb Code     2  protocol.o(i.read_digital_response)
    i.readbyte                               0x00005a6c   Section        0  protocol.o(i.readbyte)
    i.report_analog_response                 0x00005a94   Section        0  protocol.o(i.report_analog_response)
    report_analog_response                   0x00005a95   Thumb Code     2  protocol.o(i.report_analog_response)
    i.report_digital_response                0x00005a96   Section        0  protocol.o(i.report_digital_response)
    report_digital_response                  0x00005a97   Thumb Code     2  protocol.o(i.report_digital_response)
    i.rtc_clock_response                     0x00005a98   Section        0  protocol.o(i.rtc_clock_response)
    rtc_clock_response                       0x00005a99   Thumb Code     2  protocol.o(i.rtc_clock_response)
    i.samrt_servo_init                       0x00005a9c   Section        0  smartservo.o(i.samrt_servo_init)
    i.samrt_servo_set_current_angle_zero_degrees 0x00005bbc   Section        0  smartservo.o(i.samrt_servo_set_current_angle_zero_degrees)
    i.segment_dis_response                   0x00005c1c   Section        0  protocol.o(i.segment_dis_response)
    segment_dis_response                     0x00005c1d   Thumb Code     2  protocol.o(i.segment_dis_response)
    i.sendFloat                              0x00005c20   Section        0  protocol.o(i.sendFloat)
    i.sendLong                               0x00005cc8   Section        0  protocol.o(i.sendLong)
    i.sendShort                              0x00005d70   Section        0  protocol.o(i.sendShort)
    i.send_sensor_report                     0x00005de0   Section        0  protocol.o(i.send_sensor_report)
    i.send_smart_angle                       0x0000605c   Section        0  protocol.o(i.send_smart_angle)
    send_smart_angle                         0x0000605d   Thumb Code    66  protocol.o(i.send_smart_angle)
    i.send_smart_current                     0x000060a4   Section        0  protocol.o(i.send_smart_current)
    send_smart_current                       0x000060a5   Thumb Code    74  protocol.o(i.send_smart_current)
    i.send_smart_pos                         0x000060f4   Section        0  protocol.o(i.send_smart_pos)
    send_smart_pos                           0x000060f5   Thumb Code    68  protocol.o(i.send_smart_pos)
    i.send_smart_speed                       0x0000613c   Section        0  protocol.o(i.send_smart_speed)
    send_smart_speed                         0x0000613d   Thumb Code    68  protocol.o(i.send_smart_speed)
    i.send_smart_temp                        0x00006184   Section        0  protocol.o(i.send_smart_temp)
    send_smart_temp                          0x00006185   Thumb Code    74  protocol.o(i.send_smart_temp)
    i.send_smart_voltage                     0x000061d4   Section        0  protocol.o(i.send_smart_voltage)
    send_smart_voltage                       0x000061d5   Thumb Code    74  protocol.o(i.send_smart_voltage)
    i.send_string                            0x00006224   Section        0  uart_printf.o(i.send_string)
    i.send_uart0_string                      0x00006248   Section        0  protocol.o(i.send_uart0_string)
    i.set_baud_rate                          0x00006260   Section        0  protocol.o(i.set_baud_rate)
    set_baud_rate                            0x00006261   Thumb Code   196  protocol.o(i.set_baud_rate)
    i.set_data_flash_fix_4k                  0x00006330   Section        0  dataflash.o(i.set_data_flash_fix_4k)
    i.set_pin_mode_response                  0x00006380   Section        0  protocol.o(i.set_pin_mode_response)
    set_pin_mode_response                    0x00006381   Thumb Code     2  protocol.o(i.set_pin_mode_response)
    i.shake_hand_response                    0x00006384   Section        0  protocol.o(i.shake_hand_response)
    shake_hand_response                      0x00006385   Thumb Code    24  protocol.o(i.shake_hand_response)
    i.smart_led_blink                        0x000063a4   Section        0  smartservo.o(i.smart_led_blink)
    i.smart_servo_break                      0x00006410   Section        0  smartservo.o(i.smart_servo_break)
    i.smart_servo_ccw                        0x00006464   Section        0  smartservo.o(i.smart_servo_ccw)
    smart_servo_ccw                          0x00006465   Thumb Code    26  smartservo.o(i.smart_servo_ccw)
    i.smart_servo_circular_turn_calc         0x00006480   Section        0  smartservo.o(i.smart_servo_circular_turn_calc)
    i.smart_servo_cmd_process                0x000064ec   Section        0  protocol.o(i.smart_servo_cmd_process)
    smart_servo_cmd_process                  0x000064ed   Thumb Code  1914  protocol.o(i.smart_servo_cmd_process)
    i.smart_servo_cw                         0x00006ca8   Section        0  smartservo.o(i.smart_servo_cw)
    smart_servo_cw                           0x00006ca9   Thumb Code    26  smartservo.o(i.smart_servo_cw)
    i.smart_servo_distance_togo              0x00006cc4   Section        0  smartservo.o(i.smart_servo_distance_togo)
    i.smart_servo_led                        0x00006ce8   Section        0  smartservo.o(i.smart_servo_led)
    i.smart_servo_move                       0x00006d1c   Section        0  smartservo.o(i.smart_servo_move)
    i.smart_servo_move_to                    0x00006d34   Section        0  smartservo.o(i.smart_servo_move_to)
    i.smart_servo_speed_update               0x000070b0   Section        0  smartservo.o(i.smart_servo_speed_update)
    i.smart_servo_update                     0x000070f0   Section        0  smartservo.o(i.smart_servo_update)
    i.spi_flash_erase_sector                 0x000071a4   Section        0  dataflash.o(i.spi_flash_erase_sector)
    i.spi_flash_read                         0x000071e8   Section        0  dataflash.o(i.spi_flash_read)
    i.spi_flash_write                        0x000072ac   Section        0  dataflash.o(i.spi_flash_write)
    i.sqrt                                   0x000073a0   Section        0  sqrt.o(i.sqrt)
    i.system_reset_response                  0x000073e8   Section        0  protocol.o(i.system_reset_response)
    system_reset_response                    0x000073e9   Thumb Code    60  protocol.o(i.system_reset_response)
    i.system_version_response                0x00007440   Section        0  protocol.o(i.system_version_response)
    system_version_response                  0x00007441   Thumb Code   104  protocol.o(i.system_version_response)
    i.temperature_18b20_response             0x000074b0   Section        0  protocol.o(i.temperature_18b20_response)
    temperature_18b20_response               0x000074b1   Thumb Code     2  protocol.o(i.temperature_18b20_response)
    i.uart0_printf                           0x000074b2   Section        0  protocol.o(i.uart0_printf)
    i.uart_printf                            0x000074d8   Section        0  uart_printf.o(i.uart_printf)
    i.voice_buzzer_tone_response             0x00007504   Section        0  protocol.o(i.voice_buzzer_tone_response)
    voice_buzzer_tone_response               0x00007505   Thumb Code     2  protocol.o(i.voice_buzzer_tone_response)
    i.write_analog_response                  0x00007506   Section        0  protocol.o(i.write_analog_response)
    write_analog_response                    0x00007507   Thumb Code     2  protocol.o(i.write_analog_response)
    i.write_angle_offset_to_flash            0x00007508   Section        0  dataflash.o(i.write_angle_offset_to_flash)
    i.write_byte_uart0                       0x000075d0   Section        0  protocol.o(i.write_byte_uart0)
    i.write_byte_uart1                       0x00007628   Section        0  protocol.o(i.write_byte_uart1)
    i.write_cmd_mode_to_flash                0x00007644   Section        0  dataflash.o(i.write_cmd_mode_to_flash)
    i.write_digital_response                 0x000076f0   Section        0  protocol.o(i.write_digital_response)
    write_digital_response                   0x000076f1   Thumb Code     2  protocol.o(i.write_digital_response)
    i.ws2812_display_response                0x000076f2   Section        0  protocol.o(i.ws2812_display_response)
    ws2812_display_response                  0x000076f3   Thumb Code     2  protocol.o(i.ws2812_display_response)
    .constdata                               0x000076f4   Section       32  system_m051series.o(.constdata)
    .constdata                               0x00007714   Section      348  protocol.o(.constdata)
    .constdata                               0x00007870   Section       48  uart.o(.constdata)
    .constdata                               0x000078a0   Section       32  timer.o(.constdata)
    .constdata                               0x000078c0   Section       56  log.o(.constdata)
    Lg2                                      0x000078c0   Data          24  log.o(.constdata)
    Lg                                       0x000078d8   Data          32  log.o(.constdata)
    .constdata                               0x000078f8   Section        8  qnan.o(.constdata)
    .constdata                               0x00007900   Section      129  ctype_o.o(.constdata)
    .constdata                               0x00007984   Section        4  ctype_o.o(.constdata)
    table                                    0x00007984   Data           4  ctype_o.o(.constdata)
    .data                                    0x20000000   Section       12  system_m051series.o(.data)
    .data                                    0x2000000c   Section       16  main.o(.data)
    .data                                    0x2000001c   Section       32  mepwm.o(.data)
    .data                                    0x20000040   Section      140  protocol.o(.data)
    uart1_ready_forward_bytes_count          0x200000a0   Data           2  protocol.o(.data)
    .data                                    0x200000cc   Section        4  interrupt.o(.data)
    .data                                    0x200000d0   Section       88  smartservo.o(.data)
    blink_flag                               0x20000104   Data           1  smartservo.o(.data)
    dir_lock_flag                            0x20000105   Data           1  smartservo.o(.data)
    vol_debounced_count                      0x20000106   Data           2  smartservo.o(.data)
    vol_match_max_count                      0x20000108   Data           2  smartservo.o(.data)
    vol_match_min_count                      0x2000010a   Data           2  smartservo.o(.data)
    cur_debounced_count                      0x2000010c   Data           2  smartservo.o(.data)
    cur_match_max_count                      0x2000010e   Data           2  smartservo.o(.data)
    cur_match_min_count                      0x20000110   Data           2  smartservo.o(.data)
    temp_debounced_count                     0x20000112   Data           2  smartservo.o(.data)
    temp_match_max_count                     0x20000114   Data           2  smartservo.o(.data)
    temp_match_min_count                     0x20000116   Data           2  smartservo.o(.data)
    samrt_servo_speed_integral               0x20000118   Data           4  smartservo.o(.data)
    TEMPERATURENOMINAL                       0x2000011c   Data           2  smartservo.o(.data)
    SERIESRESISTOR                           0x2000011e   Data           2  smartservo.o(.data)
    BCOEFFICIENT                             0x20000120   Data           2  smartservo.o(.data)
    TERMISTORNOMINAL                         0x20000122   Data           2  smartservo.o(.data)
    filter_pos                               0x20000124   Data           4  smartservo.o(.data)
    .data                                    0x20000128   Section        4  strtok_r.o(.data)
    state                                    0x20000128   Data           4  strtok_r.o(.data)
    .data                                    0x2000012c   Section        4  errno.o(.data)
    _errno                                   0x2000012c   Data           4  errno.o(.data)
    .bss                                     0x20000130   Section       32  mepwm.o(.bss)
    .bss                                     0x20000150   Section      512  protocol.o(.bss)
    .bss                                     0x20000350   Section       24  dataflash.o(.bss)
    .bss                                     0x20000368   Section       96  smartservo.o(.bss)
    STACK                                    0x200003c8   Section     2048  startup_m051series.o(STACK)

    Global Symbols

    Symbol Name                              Value     Ov Type        Size  Object(Section)

    BuildAttributes$$THM_ISAv3M$S$PE$A:L22$X:L11$S22$IEEE1$IW$USESV6$~STKCKD$USESV7$~SHL$OTIME$ROPI$IEEEX$EBA8$MICROLIB$REQ8$PRES8$EABIv2 0x00000000   Number         0  anon$$obj.o ABSOLUTE
    __ARM_use_no_argv                        0x00000000   Number         0  main.o ABSOLUTE
    __Vectors                                0x00000000   Data           4  startup_m051series.o(RESET)
    _printf_a                                0x00000000   Number         0  stubs.o ABSOLUTE
    _printf_c                                0x00000000   Number         0  stubs.o ABSOLUTE
    _printf_charcount                        0x00000000   Number         0  stubs.o ABSOLUTE
    _printf_d                                0x00000000   Number         0  stubs.o ABSOLUTE
    _printf_e                                0x00000000   Number         0  stubs.o ABSOLUTE
    _printf_f                                0x00000000   Number         0  stubs.o ABSOLUTE
    _printf_flags                            0x00000000   Number         0  stubs.o ABSOLUTE
    _printf_fp_dec                           0x00000000   Number         0  stubs.o ABSOLUTE
    _printf_fp_hex                           0x00000000   Number         0  stubs.o ABSOLUTE
    _printf_g                                0x00000000   Number         0  stubs.o ABSOLUTE
    _printf_i                                0x00000000   Number         0  stubs.o ABSOLUTE
    _printf_int_dec                          0x00000000   Number         0  stubs.o ABSOLUTE
    _printf_l                                0x00000000   Number         0  stubs.o ABSOLUTE
    _printf_lc                               0x00000000   Number         0  stubs.o ABSOLUTE
    _printf_ll                               0x00000000   Number         0  stubs.o ABSOLUTE
    _printf_lld                              0x00000000   Number         0  stubs.o ABSOLUTE
    _printf_lli                              0x00000000   Number         0  stubs.o ABSOLUTE
    _printf_llo                              0x00000000   Number         0  stubs.o ABSOLUTE
    _printf_llu                              0x00000000   Number         0  stubs.o ABSOLUTE
    _printf_llx                              0x00000000   Number         0  stubs.o ABSOLUTE
    _printf_longlong_dec                     0x00000000   Number         0  stubs.o ABSOLUTE
    _printf_longlong_hex                     0x00000000   Number         0  stubs.o ABSOLUTE
    _printf_longlong_oct                     0x00000000   Number         0  stubs.o ABSOLUTE
    _printf_ls                               0x00000000   Number         0  stubs.o ABSOLUTE
    _printf_mbtowc                           0x00000000   Number         0  stubs.o ABSOLUTE
    _printf_n                                0x00000000   Number         0  stubs.o ABSOLUTE
    _printf_o                                0x00000000   Number         0  stubs.o ABSOLUTE
    _printf_p                                0x00000000   Number         0  stubs.o ABSOLUTE
    _printf_percent                          0x00000000   Number         0  stubs.o ABSOLUTE
    _printf_pre_padding                      0x00000000   Number         0  stubs.o ABSOLUTE
    _printf_return_value                     0x00000000   Number         0  stubs.o ABSOLUTE
    _printf_s                                0x00000000   Number         0  stubs.o ABSOLUTE
    _printf_sizespec                         0x00000000   Number         0  stubs.o ABSOLUTE
    _printf_str                              0x00000000   Number         0  stubs.o ABSOLUTE
    _printf_truncate_signed                  0x00000000   Number         0  stubs.o ABSOLUTE
    _printf_truncate_unsigned                0x00000000   Number         0  stubs.o ABSOLUTE
    _printf_u                                0x00000000   Number         0  stubs.o ABSOLUTE
    _printf_wc                               0x00000000   Number         0  stubs.o ABSOLUTE
    _printf_wctomb                           0x00000000   Number         0  stubs.o ABSOLUTE
    _printf_widthprec                        0x00000000   Number         0  stubs.o ABSOLUTE
    _printf_x                                0x00000000   Number         0  stubs.o ABSOLUTE
    __cpp_initialize__aeabi_                  - Undefined Weak Reference
    __cxa_finalize                            - Undefined Weak Reference
    _clock_init                               - Undefined Weak Reference
    _microlib_exit                            - Undefined Weak Reference
    __main                                   0x000000c1   Thumb Code     0  entry.o(.ARM.Collect$$$$00000000)
    _main_stk                                0x000000c1   Thumb Code     0  entry2.o(.ARM.Collect$$$$00000001)
    _main_scatterload                        0x000000c5   Thumb Code     0  entry5.o(.ARM.Collect$$$$00000004)
    __main_after_scatterload                 0x000000c9   Thumb Code     0  entry5.o(.ARM.Collect$$$$00000004)
    _main_clock                              0x000000c9   Thumb Code     0  entry7b.o(.ARM.Collect$$$$00000008)
    _main_cpp_init                           0x000000c9   Thumb Code     0  entry8b.o(.ARM.Collect$$$$0000000A)
    _main_init                               0x000000c9   Thumb Code     0  entry9a.o(.ARM.Collect$$$$0000000B)
    __rt_final_cpp                           0x000000d1   Thumb Code     0  entry10a.o(.ARM.Collect$$$$0000000D)
    __rt_final_exit                          0x000000d1   Thumb Code     0  entry11a.o(.ARM.Collect$$$$0000000F)
    Reset_Handler                            0x000000d5   Thumb Code    38  startup_m051series.o(.text)
    NMI_Handler                              0x000000fb   Thumb Code     2  startup_m051series.o(.text)
    HardFault_Handler                        0x000000fd   Thumb Code     2  startup_m051series.o(.text)
    SVC_Handler                              0x000000ff   Thumb Code     2  startup_m051series.o(.text)
    PendSV_Handler                           0x00000101   Thumb Code     2  startup_m051series.o(.text)
    SysTick_Handler                          0x00000103   Thumb Code     2  startup_m051series.o(.text)
    ADC_IRQHandler                           0x00000105   Thumb Code     0  startup_m051series.o(.text)
    BOD_IRQHandler                           0x00000105   Thumb Code     0  startup_m051series.o(.text)
    EINT0_IRQHandler                         0x00000105   Thumb Code     0  startup_m051series.o(.text)
    EINT1_IRQHandler                         0x00000105   Thumb Code     0  startup_m051series.o(.text)
    GPIOP0P1_IRQHandler                      0x00000105   Thumb Code     0  startup_m051series.o(.text)
    PWMA_IRQHandler                          0x00000105   Thumb Code     0  startup_m051series.o(.text)
    PWMB_IRQHandler                          0x00000105   Thumb Code     0  startup_m051series.o(.text)
    PWRWU_IRQHandler                         0x00000105   Thumb Code     0  startup_m051series.o(.text)
    SPI0_IRQHandler                          0x00000105   Thumb Code     0  startup_m051series.o(.text)
    SPI1_IRQHandler                          0x00000105   Thumb Code     0  startup_m051series.o(.text)
    SPI2_IRQHandler                          0x00000105   Thumb Code     0  startup_m051series.o(.text)
    SPI3_IRQHandler                          0x00000105   Thumb Code     0  startup_m051series.o(.text)
    TMR1_IRQHandler                          0x00000105   Thumb Code     0  startup_m051series.o(.text)
    TMR2_IRQHandler                          0x00000105   Thumb Code     0  startup_m051series.o(.text)
    TMR3_IRQHandler                          0x00000105   Thumb Code     0  startup_m051series.o(.text)
    WDT_IRQHandler                           0x00000105   Thumb Code     0  startup_m051series.o(.text)
    __aeabi_uidiv                            0x00000131   Thumb Code     0  uidiv.o(.text)
    __aeabi_uidivmod                         0x00000131   Thumb Code    44  uidiv.o(.text)
    __aeabi_idiv                             0x0000015d   Thumb Code     0  idiv.o(.text)
    __aeabi_idivmod                          0x0000015d   Thumb Code    40  idiv.o(.text)
    __aeabi_memcpy                           0x00000185   Thumb Code    36  memcpya.o(.text)
    __aeabi_memcpy4                          0x00000185   Thumb Code     0  memcpya.o(.text)
    __aeabi_memcpy8                          0x00000185   Thumb Code     0  memcpya.o(.text)
    __aeabi_memset                           0x000001a9   Thumb Code    14  memseta.o(.text)
    __aeabi_memset4                          0x000001a9   Thumb Code     0  memseta.o(.text)
    __aeabi_memset8                          0x000001a9   Thumb Code     0  memseta.o(.text)
    __aeabi_memclr                           0x000001b7   Thumb Code     4  memseta.o(.text)
    __aeabi_memclr4                          0x000001b7   Thumb Code     0  memseta.o(.text)
    __aeabi_memclr8                          0x000001b7   Thumb Code     0  memseta.o(.text)
    _memset$wrapper                          0x000001bb   Thumb Code    18  memseta.o(.text)
    strtok_r                                 0x000001cd   Thumb Code    66  strtok_r.o(.text)
    _strtok$wrapper                          0x0000020f   Thumb Code     4  strtok_r.o(.text)
    strcspn                                  0x00000219   Thumb Code    34  strcspn.o(.text)
    atoi                                     0x0000023b   Thumb Code    26  atoi.o(.text)
    atol                                     0x00000255   Thumb Code    26  atol.o(.text)
    __aeabi_fadd                             0x0000026f   Thumb Code   162  fadd.o(.text)
    __aeabi_fsub                             0x00000311   Thumb Code     8  fadd.o(.text)
    __aeabi_frsub                            0x00000319   Thumb Code     8  fadd.o(.text)
    __aeabi_fmul                             0x00000321   Thumb Code   122  fmul.o(.text)
    __aeabi_fdiv                             0x0000039b   Thumb Code   124  fdiv.o(.text)
    __aeabi_dadd                             0x00000419   Thumb Code   328  dadd.o(.text)
    __aeabi_dsub                             0x00000561   Thumb Code    12  dadd.o(.text)
    __aeabi_drsub                            0x0000056d   Thumb Code    12  dadd.o(.text)
    __aeabi_dmul                             0x0000057d   Thumb Code   202  dmul.o(.text)
    __aeabi_ddiv                             0x0000064d   Thumb Code   234  ddiv.o(.text)
    __aeabi_i2f                              0x0000073d   Thumb Code    22  fflti.o(.text)
    __aeabi_i2d                              0x00000755   Thumb Code    34  dflti.o(.text)
    __aeabi_ui2d                             0x0000077d   Thumb Code    24  dfltui.o(.text)
    __aeabi_f2iz                             0x00000799   Thumb Code    50  ffixi.o(.text)
    __aeabi_d2iz                             0x000007cd   Thumb Code    62  dfixi.o(.text)
    __aeabi_f2d                              0x00000815   Thumb Code    40  f2d.o(.text)
    __aeabi_cdcmpeq                          0x0000083d   Thumb Code     0  cdcmple.o(.text)
    __aeabi_cdcmple                          0x0000083d   Thumb Code    38  cdcmple.o(.text)
    __aeabi_cdrcmple                         0x00000865   Thumb Code    38  cdrcmple.o(.text)
    __aeabi_d2f                              0x0000088d   Thumb Code    56  d2f.o(.text)
    __aeabi_cfcmpeq                          0x000008c5   Thumb Code     0  cfcmple.o(.text)
    __aeabi_cfcmple                          0x000008c5   Thumb Code    20  cfcmple.o(.text)
    __aeabi_cfrcmple                         0x000008d9   Thumb Code    20  cfrcmple.o(.text)
    __aeabi_uldivmod                         0x000008ed   Thumb Code    96  uldiv.o(.text)
    __aeabi_llsl                             0x0000094d   Thumb Code    32  llshl.o(.text)
    _ll_shift_l                              0x0000094d   Thumb Code     0  llshl.o(.text)
    __aeabi_llsr                             0x0000096d   Thumb Code    34  llushr.o(.text)
    _ll_ushift_r                             0x0000096d   Thumb Code     0  llushr.o(.text)
    __aeabi_lasr                             0x0000098f   Thumb Code    38  llsshr.o(.text)
    _ll_sshift_r                             0x0000098f   Thumb Code     0  llsshr.o(.text)
    __strtod_int                             0x000009eb   Thumb Code    92  strtod.o(.text)
    strtol                                   0x00000a59   Thumb Code   108  strtol.o(.text)
    __I$use$fp                               0x00000ac9   Thumb Code     0  iusefp.o(.text)
    _float_round                             0x00000ac9   Thumb Code    16  fepilogue.o(.text)
    _float_epilogue                          0x00000ad9   Thumb Code   114  fepilogue.o(.text)
    _double_round                            0x00000b4b   Thumb Code    26  depilogue.o(.text)
    _double_epilogue                         0x00000b65   Thumb Code   164  depilogue.o(.text)
    __ARM_scalbn                             0x00000c09   Thumb Code    44  dscalb.o(.text)
    scalbn                                   0x00000c09   Thumb Code     0  dscalb.o(.text)
    _dsqrt                                   0x00000c35   Thumb Code   162  dsqrt.o(.text)
    __aeabi_d2ulz                            0x00000cd9   Thumb Code    54  dfixul.o(.text)
    __scatterload                            0x00000d19   Thumb Code    28  init.o(.text)
    __scatterload_rt2                        0x00000d19   Thumb Code     0  init.o(.text)
    __rt_ctype_table                         0x00000d3d   Thumb Code     4  ctype_o.o(.text)
    isspace                                  0x00000d45   Thumb Code    18  isspace_o.o(.text)
    _scanf_real                              0x00000e4f   Thumb Code     0  scanf_fp.o(.text)
    _scanf_really_real                       0x00000e4f   Thumb Code   586  scanf_fp.o(.text)
    _sgetc                                   0x000010a5   Thumb Code    32  _sgetc.o(.text)
    _sbackspace                              0x000010c5   Thumb Code    36  _sgetc.o(.text)
    _strtoul                                 0x000010e9   Thumb Code   166  _strtoul.o(.text)
    __aeabi_lmul                             0x0000118f   Thumb Code   122  llmul.o(.text)
    _ll_mul                                  0x0000118f   Thumb Code     0  llmul.o(.text)
    _chval                                   0x00001209   Thumb Code    30  _chval.o(.text)
    __aeabi_ul2d                             0x00001229   Thumb Code    22  dfltul.o(.text)
    __decompress                             0x00001245   Thumb Code     0  __dczerorl2.o(.text)
    __decompress1                            0x00001245   Thumb Code    86  __dczerorl2.o(.text)
    CLK_EnableModuleClock                    0x0000129d   Thumb Code    32  clk.o(i.CLK_EnableModuleClock)
    CLK_EnablePLL                            0x000012c1   Thumb Code   258  clk.o(i.CLK_EnablePLL)
    CLK_EnableXtalRC                         0x000013e9   Thumb Code    12  clk.o(i.CLK_EnableXtalRC)
    CLK_GetHCLKFreq                          0x000013f9   Thumb Code    12  clk.o(i.CLK_GetHCLKFreq)
    CLK_SetCoreClock                         0x00001609   Thumb Code    70  clk.o(i.CLK_SetCoreClock)
    CLK_SetHCLK                              0x0000165d   Thumb Code    38  clk.o(i.CLK_SetHCLK)
    CLK_SetModuleClock                       0x00001689   Thumb Code    94  clk.o(i.CLK_SetModuleClock)
    CLK_WaitClockReady                       0x000016ed   Thumb Code    32  clk.o(i.CLK_WaitClockReady)
    FMC_Close                                0x00001715   Thumb Code    14  fmc.o(i.FMC_Close)
    FMC_EnableConfigUpdate                   0x00001729   Thumb Code    14  fmc.o(i.FMC_EnableConfigUpdate)
    FMC_Open                                 0x0000177d   Thumb Code    14  fmc.o(i.FMC_Open)
    FMC_ReadConfig                           0x000017b9   Thumb Code    36  fmc.o(i.FMC_ReadConfig)
    FMC_WriteConfig                          0x000017dd   Thumb Code    96  fmc.o(i.FMC_WriteConfig)
    GPIOP2P3P4_IRQHandler                    0x00001841   Thumb Code    54  interrupt.o(i.GPIOP2P3P4_IRQHandler)
    GPIO_SetMode                             0x0000187d   Thumb Code    46  gpio.o(i.GPIO_SetMode)
    I2C_ClearTimeoutFlag                     0x000018ab   Thumb Code    10  i2c.o(i.I2C_ClearTimeoutFlag)
    I2C_GetStatus                            0x000018b5   Thumb Code     6  i2c.o(i.I2C_GetStatus)
    I2C_IRQHandler                           0x000018bd   Thumb Code    54  interrupt.o(i.I2C_IRQHandler)
    Pin2Addr                                 0x00001911   Thumb Code    26  mygpio.o(i.Pin2Addr)
    SPI_EnableAutoSS                         0x00001931   Thumb Code    22  spi.o(i.SPI_EnableAutoSS)
    SPI_Open                                 0x00001949   Thumb Code   486  spi.o(i.SPI_Open)
    SYS_Init                                 0x00001b3d   Thumb Code   190  sysinit.o(i.SYS_Init)
    SYS_ResetModule                          0x00001c15   Thumb Code    48  sys.o(i.SYS_ResetModule)
    SendErrorUart0                           0x00001c65   Thumb Code    80  protocol.o(i.SendErrorUart0)
    SystemCoreClockUpdate                    0x00001ccd   Thumb Code    76  system_m051series.o(i.SystemCoreClockUpdate)
    SystemInit                               0x00001d31   Thumb Code     2  system_m051series.o(i.SystemInit)
    TIMER_GetModuleClock                     0x00001d35   Thumb Code   110  timer.o(i.TIMER_GetModuleClock)
    TIMER_Open                               0x00001db9   Thumb Code   118  timer.o(i.TIMER_Open)
    TMR0_IRQHandler                          0x00001e31   Thumb Code    36  interrupt.o(i.TMR0_IRQHandler)
    TMR0_Init                                0x00001e5d   Thumb Code    58  sysinit.o(i.TMR0_Init)
    UART0_IRQHandler                         0x00001e9d   Thumb Code     8  interrupt.o(i.UART0_IRQHandler)
    UART0_Init                               0x00001ea5   Thumb Code    20  uart_printf.o(i.UART0_Init)
    UART1_IRQHandler                         0x00001ec1   Thumb Code     8  interrupt.o(i.UART1_IRQHandler)
    UART1_Init                               0x00001ec9   Thumb Code    20  uart_printf.o(i.UART1_Init)
    UART_Function_Init                       0x00001ee5   Thumb Code    40  sysinit.o(i.UART_Function_Init)
    UART_Open                                0x00001f15   Thumb Code   166  uart.o(i.UART_Open)
    UART_SetLine_Config                      0x00001fcd   Thumb Code   170  uart.o(i.UART_SetLine_Config)
    __0vsprintf                              0x00002195   Thumb Code    30  printfa.o(i.__0vsprintf)
    __1vsprintf                              0x00002195   Thumb Code     0  printfa.o(i.__0vsprintf)
    __2vsprintf                              0x00002195   Thumb Code     0  printfa.o(i.__0vsprintf)
    __c89vsprintf                            0x00002195   Thumb Code     0  printfa.o(i.__0vsprintf)
    vsprintf                                 0x00002195   Thumb Code     0  printfa.o(i.__0vsprintf)
    __ARM_clz                                0x000021b9   Thumb Code    46  depilogue.o(i.__ARM_clz)
    __ARM_common_switch8                     0x000021e7   Thumb Code    28  mygpio.o(i.__ARM_common_switch8)
    __aeabi_errno_addr                       0x00002205   Thumb Code     4  errno.o(i.__aeabi_errno_addr)
    __rt_errno_addr                          0x00002205   Thumb Code     0  errno.o(i.__aeabi_errno_addr)
    __kernel_poly                            0x0000220d   Thumb Code   172  poly.o(i.__kernel_poly)
    __mathlib_dbl_divzero                    0x000022b9   Thumb Code    16  dunder.o(i.__mathlib_dbl_divzero)
    __mathlib_dbl_infnan                     0x000022cd   Thumb Code    10  dunder.o(i.__mathlib_dbl_infnan)
    __mathlib_dbl_invalid                    0x000022d7   Thumb Code    16  dunder.o(i.__mathlib_dbl_invalid)
    __read_errno                             0x000022e9   Thumb Code     6  errno.o(i.__read_errno)
    __scatterload_copy                       0x000022f5   Thumb Code    14  handlers.o(i.__scatterload_copy)
    __scatterload_null                       0x00002303   Thumb Code     2  handlers.o(i.__scatterload_null)
    __scatterload_zeroinit                   0x00002305   Thumb Code    14  handlers.o(i.__scatterload_zeroinit)
    __set_errno                              0x00002315   Thumb Code     6  errno.o(i.__set_errno)
    _is_digit                                0x00002479   Thumb Code    14  scanf_fp.o(i._is_digit)
    adc_get_current_value                    0x00002bcb   Thumb Code    18  smartservo.o(i.adc_get_current_value)
    adc_get_position_value                   0x00002bdd   Thumb Code    36  smartservo.o(i.adc_get_position_value)
    adc_get_temperature_value                0x00002c05   Thumb Code    18  smartservo.o(i.adc_get_temperature_value)
    adc_get_voltage_value                    0x00002c17   Thumb Code    18  smartservo.o(i.adc_get_voltage_value)
    analogRead                               0x00002c29   Thumb Code   304  mygpio.o(i.analogRead)
    atof                                     0x00002e15   Thumb Code    42  atof.o(i.atof)
    calculate_current                        0x00002e41   Thumb Code    46  smartservo.o(i.calculate_current)
    calculate_temp                           0x00002e79   Thumb Code   272  smartservo.o(i.calculate_temp)
    calculate_voltage                        0x00002fa9   Thumb Code    32  smartservo.o(i.calculate_voltage)
    delay                                    0x00003b59   Thumb Code    24  systime.o(i.delay)
    device_neep_loop_in_sampling             0x00003b71   Thumb Code    96  protocol.o(i.device_neep_loop_in_sampling)
    digitalWrite                             0x00003bf1   Thumb Code    16  mygpio.o(i.digitalWrite)
    filter_position                          0x00003c01   Thumb Code    78  smartservo.o(i.filter_position)
    flash_read_angle_offset                  0x00003c65   Thumb Code   262  dataflash.o(i.flash_read_angle_offset)
    flash_read_data_mode                     0x00003d71   Thumb Code   248  dataflash.o(i.flash_read_data_mode)
    flash_write_angle_offset                 0x00003e6d   Thumb Code   198  dataflash.o(i.flash_write_angle_offset)
    flash_write_data_mode                    0x00003f39   Thumb Code   188  dataflash.o(i.flash_write_data_mode)
    flush_uart0_forward_buffer               0x00003ff9   Thumb Code    50  protocol.o(i.flush_uart0_forward_buffer)
    flush_uart0_local_buffer                 0x0000403d   Thumb Code   214  protocol.o(i.flush_uart0_local_buffer)
    flush_uart1_forward_buffer               0x00004139   Thumb Code   214  protocol.o(i.flush_uart1_forward_buffer)
    get_sensor_data                          0x00004235   Thumb Code   224  main.o(i.get_sensor_data)
    is_pin_analog                            0x0000433f   Thumb Code    30  mygpio.o(i.is_pin_analog)
    log                                      0x00004361   Thumb Code   790  log.o(i.log)
    main                                     0x000046b5   Thumb Code   364  main.o(i.main)
    map                                      0x00004865   Thumb Code    30  mygpio.o(i.map)
    millis                                   0x00004885   Thumb Code    14  systime.o(i.millis)
    motor_protection                         0x000048a1   Thumb Code   366  smartservo.o(i.motor_protection)
    mp9960_init                              0x00004a41   Thumb Code    30  mp9960.o(i.mp9960_init)
    mp9960_read_raw_angle                    0x00004a69   Thumb Code    74  mp9960.o(i.mp9960_read_raw_angle)
    normalize_position_difference            0x00004abd   Thumb Code    28  smartservo.o(i.normalize_position_difference)
    parse_gcommand                           0x00004ae1   Thumb Code   148  protocol.o(i.parse_gcommand)
    parse_uart0_recv_buffer                  0x00004c75   Thumb Code   430  protocol.o(i.parse_uart0_recv_buffer)
    pid_position_to_pwm                      0x00004e55   Thumb Code  1356  smartservo.o(i.pid_position_to_pwm)
    pinMode                                  0x000053b9   Thumb Code   110  mygpio.o(i.pinMode)
    processSysexMessage                      0x0000542d   Thumb Code   172  protocol.o(i.processSysexMessage)
    pwm_init                                 0x000054e9   Thumb Code   922  mepwm.o(i.pwm_init)
    pwm_write                                0x000058a1   Thumb Code    88  mepwm.o(i.pwm_write)
    pwm_writeMicroseconds                    0x00005901   Thumb Code   168  mepwm.o(i.pwm_writeMicroseconds)
    readLong                                 0x000059b1   Thumb Code   108  protocol.o(i.readLong)
    readShort                                0x00005a21   Thumb Code    66  protocol.o(i.readShort)
    readbyte                                 0x00005a6d   Thumb Code    36  protocol.o(i.readbyte)
    samrt_servo_init                         0x00005a9d   Thumb Code   222  smartservo.o(i.samrt_servo_init)
    samrt_servo_set_current_angle_zero_degrees 0x00005bbd   Thumb Code    70  smartservo.o(i.samrt_servo_set_current_angle_zero_degrees)
    sendFloat                                0x00005c21   Thumb Code   164  protocol.o(i.sendFloat)
    sendLong                                 0x00005cc9   Thumb Code   164  protocol.o(i.sendLong)
    sendShort                                0x00005d71   Thumb Code   108  protocol.o(i.sendShort)
    send_sensor_report                       0x00005de1   Thumb Code   554  protocol.o(i.send_sensor_report)
    send_string                              0x00006225   Thumb Code    36  uart_printf.o(i.send_string)
    send_uart0_string                        0x00006249   Thumb Code    22  protocol.o(i.send_uart0_string)
    set_data_flash_fix_4k                    0x00006331   Thumb Code    80  dataflash.o(i.set_data_flash_fix_4k)
    smart_led_blink                          0x000063a5   Thumb Code    96  smartservo.o(i.smart_led_blink)
    smart_servo_break                        0x00006411   Thumb Code    66  smartservo.o(i.smart_servo_break)
    smart_servo_circular_turn_calc           0x00006481   Thumb Code   100  smartservo.o(i.smart_servo_circular_turn_calc)
    smart_servo_distance_togo                0x00006cc5   Thumb Code    24  smartservo.o(i.smart_servo_distance_togo)
    smart_servo_led                          0x00006ce9   Thumb Code    52  smartservo.o(i.smart_servo_led)
    smart_servo_move                         0x00006d1d   Thumb Code    20  smartservo.o(i.smart_servo_move)
    smart_servo_move_to                      0x00006d35   Thumb Code   842  smartservo.o(i.smart_servo_move_to)
    smart_servo_speed_update                 0x000070b1   Thumb Code    56  smartservo.o(i.smart_servo_speed_update)
    smart_servo_update                       0x000070f1   Thumb Code   148  smartservo.o(i.smart_servo_update)
    spi_flash_erase_sector                   0x000071a5   Thumb Code    60  dataflash.o(i.spi_flash_erase_sector)
    spi_flash_read                           0x000071e9   Thumb Code   186  dataflash.o(i.spi_flash_read)
    spi_flash_write                          0x000072ad   Thumb Code   234  dataflash.o(i.spi_flash_write)
    sqrt                                     0x000073a1   Thumb Code    66  sqrt.o(i.sqrt)
    uart0_printf                             0x000074b3   Thumb Code    38  protocol.o(i.uart0_printf)
    uart_printf                              0x000074d9   Thumb Code    44  uart_printf.o(i.uart_printf)
    write_angle_offset_to_flash              0x00007509   Thumb Code    92  dataflash.o(i.write_angle_offset_to_flash)
    write_byte_uart0                         0x000075d1   Thumb Code    70  protocol.o(i.write_byte_uart0)
    write_byte_uart1                         0x00007629   Thumb Code    24  protocol.o(i.write_byte_uart1)
    write_cmd_mode_to_flash                  0x00007645   Thumb Code    86  dataflash.o(i.write_cmd_mode_to_flash)
    gau32ClkSrcTbl                           0x000076f4   Data          32  system_m051series.o(.constdata)
    cmd_list_tab                             0x00007714   Data         348  protocol.o(.constdata)
    __mathlib_zero                           0x000078f8   Data           8  qnan.o(.constdata)
    __ctype_table                            0x00007900   Data         129  ctype_o.o(.constdata)
    Region$$Table$$Base                      0x00007988   Number         0  anon$$obj.o(Region$$Table)
    Region$$Table$$Limit                     0x000079a8   Number         0  anon$$obj.o(Region$$Table)
    SystemCoreClock                          0x20000000   Data           4  system_m051series.o(.data)
    CyclesPerUs                              0x20000004   Data           4  system_m051series.o(.data)
    PllClock                                 0x20000008   Data           4  system_m051series.o(.data)
    currentMillis                            0x2000000c   Data           4  main.o(.data)
    previousMillis                           0x20000010   Data           4  main.o(.data)
    report_time                              0x20000014   Data           4  main.o(.data)
    system_time                              0x20000018   Data           4  main.o(.data)
    fq_tab                                   0x2000001c   Data          32  mepwm.o(.data)
    parsingSysex                             0x20000040   Data           1  protocol.o(.data)
    parsingVersionSysex                      0x20000041   Data           1  protocol.o(.data)
    parsingSysexComplete                     0x20000042   Data           1  protocol.o(.data)
    parsingGcode                             0x20000043   Data           1  protocol.o(.data)
    parsingGcodeComplete                     0x20000044   Data           1  protocol.o(.data)
    isLocalOutput                            0x20000045   Data           1  protocol.o(.data)
    isForwardOutput                          0x20000046   Data           1  protocol.o(.data)
    shake_hand_flag                          0x20000047   Data           1  protocol.o(.data)
    sysexBytesRead                           0x20000048   Data           2  protocol.o(.data)
    ForwardBytesRead                         0x2000004a   Data           2  protocol.o(.data)
    Uart0SendBytes                           0x2000004c   Data           2  protocol.o(.data)
    Uart1Revhead                             0x2000004e   Data           2  protocol.o(.data)
    Uart1RevRtail                            0x20000050   Data           2  protocol.o(.data)
    Uart0Sendhead                            0x20000052   Data           2  protocol.o(.data)
    Uart0SendRtail                           0x20000054   Data           2  protocol.o(.data)
    InputBytesRead                           0x20000056   Data           2  protocol.o(.data)
    Uart0Revhead                             0x20000058   Data           2  protocol.o(.data)
    Uart0RevRtail                            0x2000005a   Data           2  protocol.o(.data)
    device_id                                0x2000005c   Data           1  protocol.o(.data)
    device_type                              0x2000005d   Data           1  protocol.o(.data)
    command_mode                             0x2000005e   Data           1  protocol.o(.data)
    mVersion                                 0x2000005f   Data          10  protocol.o(.data)
    report_mode                              0x2000006a   Data           2  protocol.o(.data)
    report_smart_pos_mode                    0x2000006c   Data           2  protocol.o(.data)
    report_smart_angle_mode                  0x2000006e   Data           2  protocol.o(.data)
    report_smart_temp_mode                   0x20000070   Data           2  protocol.o(.data)
    report_smart_speed_mode                  0x20000072   Data           2  protocol.o(.data)
    report_smart_voltage_mode                0x20000074   Data           2  protocol.o(.data)
    report_smart_current_mode                0x20000076   Data           2  protocol.o(.data)
    smart_servo_pos_val                      0x20000078   Data           2  protocol.o(.data)
    pre_smart_servo_pos_val                  0x2000007a   Data           2  protocol.o(.data)
    smart_servo_temp_val                     0x2000007c   Data           2  protocol.o(.data)
    pre_smart_servo_temp_val                 0x2000007e   Data           2  protocol.o(.data)
    smart_servo_voltage_val                  0x20000080   Data           2  protocol.o(.data)
    pre_smart_servo_voltage_val              0x20000082   Data           2  protocol.o(.data)
    smart_servo_current_val                  0x20000084   Data           2  protocol.o(.data)
    pre_smart_servo_current_val              0x20000086   Data           2  protocol.o(.data)
    smart_servo_speed_val                    0x20000088   Data           4  protocol.o(.data)
    pre_smart_servo_speed_val                0x2000008c   Data           4  protocol.o(.data)
    smart_servo_angle_val                    0x20000090   Data           4  protocol.o(.data)
    pre_smart_servo_angle_val                0x20000094   Data           4  protocol.o(.data)
    flush_uart1_forward_time                 0x20000098   Data           4  protocol.o(.data)
    flush_uart0_local_time                   0x2000009c   Data           4  protocol.o(.data)
    val8byte                                 0x200000a8   Data           8  protocol.o(.data)
    val4byte                                 0x200000b0   Data           4  protocol.o(.data)
    val2byte                                 0x200000b4   Data           2  protocol.o(.data)
    val1byte                                 0x200000b6   Data           1  protocol.o(.data)
    K_P                                      0x200000b8   Data           4  protocol.o(.data)
    varP                                     0x200000bc   Data           4  protocol.o(.data)
    varM                                     0x200000c0   Data           4  protocol.o(.data)
    K                                        0x200000c4   Data           4  protocol.o(.data)
    Kalmanq                                  0x200000c8   Data           4  protocol.o(.data)
    s_I2C0HandlerFn                          0x200000cc   Data           4  interrupt.o(.data)
    smart_led                                0x200000d0   Data           3  smartservo.o(.data)
    pos_lock_flag                            0x200000d3   Data           1  smartservo.o(.data)
    protect_flag                             0x200000d4   Data           1  smartservo.o(.data)
    release_state_flag                       0x200000d5   Data           1  smartservo.o(.data)
    smart_servo_cur_pos                      0x200000d8   Data           4  smartservo.o(.data)
    smart_servo_target_pos                   0x200000dc   Data           4  smartservo.o(.data)
    smart_servo_pre_target_pos               0x200000e0   Data           4  smartservo.o(.data)
    smart_servo_circular_turn_count          0x200000e4   Data           4  smartservo.o(.data)
    period_time                              0x200000e8   Data           4  smartservo.o(.data)
    smart_servo_target_speed                 0x200000ec   Data           4  smartservo.o(.data)
    smart_servo_cur_speed                    0x200000f0   Data           4  smartservo.o(.data)
    pre_pos                                  0x200000f4   Data           2  smartservo.o(.data)
    smart_servo_output                       0x200000f6   Data           2  smartservo.o(.data)
    angle_pos_offset                         0x200000f8   Data           2  smartservo.o(.data)
    motion_mode                              0x200000fa   Data           2  smartservo.o(.data)
    smart_servo_pwm                          0x200000fc   Data           2  smartservo.o(.data)
    blink_count                              0x200000fe   Data           2  smartservo.o(.data)
    pre_blink_time                           0x20000100   Data           4  smartservo.o(.data)
    pw_ctl_tab                               0x20000130   Data          32  mepwm.o(.bss)
    Uart0SendData                            0x20000150   Data         128  protocol.o(.bss)
    Uart0RecData                             0x200001d0   Data         128  protocol.o(.bss)
    Uart1RecData                             0x20000250   Data         128  protocol.o(.bss)
    sysex                                    0x200002d0   Data         128  protocol.o(.bss)
    angle_offset_data_struct                 0x20000350   Data          12  dataflash.o(.bss)
    cmd_mode_data_struct                     0x2000035c   Data          12  dataflash.o(.bss)
    PID_pos                                  0x20000368   Data          32  smartservo.o(.bss)
    PID_speed                                0x20000388   Data          32  smartservo.o(.bss)
    PID_speed_lock                           0x200003a8   Data          32  smartservo.o(.bss)
    __initial_sp                             0x20000bc8   Data           0  startup_m051series.o(STACK)



==============================================================================

Memory Map of the image

  Image Entry point : 0x000000d5

  Load Region LR_1 (Base: 0x00000000, Size: 0x00007ad8, Max: 0xffffffff, ABSOLUTE, COMPRESSED[0x000079e8])

    Execution Region ER_RO (Base: 0x00000000, Size: 0x000079a8, Max: 0xffffffff, ABSOLUTE)

    Base Addr    Size         Type   Attr      Idx    E Section Name        Object

    0x00000000   0x000000c0   Data   RO          108    RESET               startup_m051series.o
    0x000000c0   0x00000000   Code   RO         2349  * .ARM.Collect$$$$00000000  mc_p.l(entry.o)
    0x000000c0   0x00000004   Code   RO         2453    .ARM.Collect$$$$00000001  mc_p.l(entry2.o)
    0x000000c4   0x00000004   Code   RO         2456    .ARM.Collect$$$$00000004  mc_p.l(entry5.o)
    0x000000c8   0x00000000   Code   RO         2458    .ARM.Collect$$$$00000008  mc_p.l(entry7b.o)
    0x000000c8   0x00000000   Code   RO         2460    .ARM.Collect$$$$0000000A  mc_p.l(entry8b.o)
    0x000000c8   0x00000008   Code   RO         2461    .ARM.Collect$$$$0000000B  mc_p.l(entry9a.o)
    0x000000d0   0x00000000   Code   RO         2463    .ARM.Collect$$$$0000000D  mc_p.l(entry10a.o)
    0x000000d0   0x00000000   Code   RO         2465    .ARM.Collect$$$$0000000F  mc_p.l(entry11a.o)
    0x000000d0   0x00000004   Code   RO         2454    .ARM.Collect$$$$00002712  mc_p.l(entry2.o)
    0x000000d4   0x0000005c   Code   RO          109  * .text               startup_m051series.o
    0x00000130   0x0000002c   Code   RO         2352    .text               mc_p.l(uidiv.o)
    0x0000015c   0x00000028   Code   RO         2354    .text               mc_p.l(idiv.o)
    0x00000184   0x00000024   Code   RO         2356    .text               mc_p.l(memcpya.o)
    0x000001a8   0x00000024   Code   RO         2358    .text               mc_p.l(memseta.o)
    0x000001cc   0x0000004c   Code   RO         2360    .text               mc_p.l(strtok_r.o)
    0x00000218   0x00000022   Code   RO         2363    .text               mc_p.l(strcspn.o)
    0x0000023a   0x0000001a   Code   RO         2396    .text               mc_p.l(atoi.o)
    0x00000254   0x0000001a   Code   RO         2398    .text               mc_p.l(atol.o)
    0x0000026e   0x000000b2   Code   RO         2400    .text               mf_p.l(fadd.o)
    0x00000320   0x0000007a   Code   RO         2402    .text               mf_p.l(fmul.o)
    0x0000039a   0x0000007c   Code   RO         2404    .text               mf_p.l(fdiv.o)
    0x00000416   0x00000002   PAD
    0x00000418   0x00000164   Code   RO         2406    .text               mf_p.l(dadd.o)
    0x0000057c   0x000000d0   Code   RO         2408    .text               mf_p.l(dmul.o)
    0x0000064c   0x000000f0   Code   RO         2410    .text               mf_p.l(ddiv.o)
    0x0000073c   0x00000016   Code   RO         2412    .text               mf_p.l(fflti.o)
    0x00000752   0x00000002   PAD
    0x00000754   0x00000028   Code   RO         2414    .text               mf_p.l(dflti.o)
    0x0000077c   0x0000001c   Code   RO         2416    .text               mf_p.l(dfltui.o)
    0x00000798   0x00000032   Code   RO         2418    .text               mf_p.l(ffixi.o)
    0x000007ca   0x00000002   PAD
    0x000007cc   0x00000048   Code   RO         2422    .text               mf_p.l(dfixi.o)
    0x00000814   0x00000028   Code   RO         2424    .text               mf_p.l(f2d.o)
    0x0000083c   0x00000028   Code   RO         2426    .text               mf_p.l(cdcmple.o)
    0x00000864   0x00000028   Code   RO         2428    .text               mf_p.l(cdrcmple.o)
    0x0000088c   0x00000038   Code   RO         2430    .text               mf_p.l(d2f.o)
    0x000008c4   0x00000014   Code   RO         2432    .text               mf_p.l(cfcmple.o)
    0x000008d8   0x00000014   Code   RO         2434    .text               mf_p.l(cfrcmple.o)
    0x000008ec   0x00000060   Code   RO         2467    .text               mc_p.l(uldiv.o)
    0x0000094c   0x00000020   Code   RO         2469    .text               mc_p.l(llshl.o)
    0x0000096c   0x00000022   Code   RO         2471    .text               mc_p.l(llushr.o)
    0x0000098e   0x00000026   Code   RO         2473    .text               mc_p.l(llsshr.o)
    0x000009b4   0x000000a4   Code   RO         2482    .text               mc_p.l(strtod.o)
    0x00000a58   0x00000070   Code   RO         2484    .text               mc_p.l(strtol.o)
    0x00000ac8   0x00000000   Code   RO         2486    .text               mc_p.l(iusefp.o)
    0x00000ac8   0x00000082   Code   RO         2487    .text               mf_p.l(fepilogue.o)
    0x00000b4a   0x000000be   Code   RO         2489    .text               mf_p.l(depilogue.o)
    0x00000c08   0x0000002c   Code   RO         2493    .text               mf_p.l(dscalb.o)
    0x00000c34   0x000000a2   Code   RO         2495    .text               mf_p.l(dsqrt.o)
    0x00000cd6   0x00000002   PAD
    0x00000cd8   0x00000040   Code   RO         2497    .text               mf_p.l(dfixul.o)
    0x00000d18   0x00000024   Code   RO         2499    .text               mc_p.l(init.o)
    0x00000d3c   0x00000008   Code   RO         2503    .text               mc_p.l(ctype_o.o)
    0x00000d44   0x00000012   Code   RO         2525    .text               mc_p.l(isspace_o.o)
    0x00000d56   0x00000002   PAD
    0x00000d58   0x0000034c   Code   RO         2531    .text               mc_p.l(scanf_fp.o)
    0x000010a4   0x00000044   Code   RO         2535    .text               mc_p.l(_sgetc.o)
    0x000010e8   0x000000a6   Code   RO         2537    .text               mc_p.l(_strtoul.o)
    0x0000118e   0x0000007a   Code   RO         2539    .text               mc_p.l(llmul.o)
    0x00001208   0x0000001e   Code   RO         2544    .text               mc_p.l(_chval.o)
    0x00001226   0x00000002   PAD
    0x00001228   0x0000001c   Code   RO         2546    .text               mf_p.l(dfltul.o)
    0x00001244   0x00000056   Code   RO         2556    .text               mc_p.l(__dczerorl2.o)
    0x0000129a   0x00000002   PAD
    0x0000129c   0x00000024   Code   RO         1789    i.CLK_EnableModuleClock  clk.o
    0x000012c0   0x00000128   Code   RO         1790    i.CLK_EnablePLL     clk.o
    0x000013e8   0x00000010   Code   RO         1791    i.CLK_EnableXtalRC  clk.o
    0x000013f8   0x00000010   Code   RO         1793    i.CLK_GetHCLKFreq   clk.o
    0x00001408   0x00000080   Code   RO            3    i.CLK_GetPLLClockFreq  system_m051series.o
    0x00001488   0x00000080   Code   RO         1479    i.CLK_GetPLLClockFreq  uart.o
    0x00001508   0x00000080   Code   RO         1795    i.CLK_GetPLLClockFreq  clk.o
    0x00001588   0x00000080   Code   RO         2220    i.CLK_GetPLLClockFreq  spi.o
    0x00001608   0x00000054   Code   RO         1798    i.CLK_SetCoreClock  clk.o
    0x0000165c   0x0000002c   Code   RO         1799    i.CLK_SetHCLK       clk.o
    0x00001688   0x00000064   Code   RO         1800    i.CLK_SetModuleClock  clk.o
    0x000016ec   0x00000028   Code   RO         1802    i.CLK_WaitClockReady  clk.o
    0x00001714   0x00000014   Code   RO         1943    i.FMC_Close         fmc.o
    0x00001728   0x00000014   Code   RO         1948    i.FMC_EnableConfigUpdate  fmc.o
    0x0000173c   0x00000040   Code   RO         1012    i.FMC_Erase         dataflash.o
    0x0000177c   0x00000014   Code   RO         1951    i.FMC_Open          fmc.o
    0x00001790   0x00000028   Code   RO         1952    i.FMC_Read          fmc.o
    0x000017b8   0x00000024   Code   RO         1953    i.FMC_ReadConfig    fmc.o
    0x000017dc   0x00000064   Code   RO         1956    i.FMC_WriteConfig   fmc.o
    0x00001840   0x0000003c   Code   RO          883    i.GPIOP2P3P4_IRQHandler  interrupt.o
    0x0000187c   0x0000002e   Code   RO         1913    i.GPIO_SetMode      gpio.o
    0x000018aa   0x0000000a   Code   RO         1599    i.I2C_ClearTimeoutFlag  i2c.o
    0x000018b4   0x00000006   Code   RO         1610    i.I2C_GetStatus     i2c.o
    0x000018ba   0x00000002   PAD
    0x000018bc   0x00000040   Code   RO          884    i.I2C_IRQHandler    interrupt.o
    0x000018fc   0x00000014   Code   RO          950    i.NVIC_EnableIRQ    sysinit.o
    0x00001910   0x00000020   Code   RO          283    i.Pin2Addr          mygpio.o
    0x00001930   0x00000016   Code   RO         2228    i.SPI_EnableAutoSS  spi.o
    0x00001946   0x00000002   PAD
    0x00001948   0x000001f4   Code   RO         2234    i.SPI_Open          spi.o
    0x00001b3c   0x000000d8   Code   RO          951    i.SYS_Init          sysinit.o
    0x00001c14   0x00000030   Code   RO         1414    i.SYS_ResetModule   sys.o
    0x00001c44   0x00000020   Code   RO         1013    i.SYS_UnlockReg     dataflash.o
    0x00001c64   0x00000068   Code   RO          402    i.SendErrorUart0    protocol.o
    0x00001ccc   0x00000064   Code   RO            4    i.SystemCoreClockUpdate  system_m051series.o
    0x00001d30   0x00000002   Code   RO            5    i.SystemInit        system_m051series.o
    0x00001d32   0x00000002   PAD
    0x00001d34   0x00000084   Code   RO         1727    i.TIMER_GetModuleClock  timer.o
    0x00001db8   0x00000076   Code   RO         1728    i.TIMER_Open        timer.o
    0x00001e2e   0x00000002   PAD
    0x00001e30   0x0000002c   Code   RO          885    i.TMR0_IRQHandler   interrupt.o
    0x00001e5c   0x00000040   Code   RO          952    i.TMR0_Init         sysinit.o
    0x00001e9c   0x00000008   Code   RO          886    i.UART0_IRQHandler  interrupt.o
    0x00001ea4   0x0000001c   Code   RO          115    i.UART0_Init        uart_printf.o
    0x00001ec0   0x00000008   Code   RO          887    i.UART1_IRQHandler  interrupt.o
    0x00001ec8   0x0000001c   Code   RO          116    i.UART1_Init        uart_printf.o
    0x00001ee4   0x00000030   Code   RO          953    i.UART_Function_Init  sysinit.o
    0x00001f14   0x000000b8   Code   RO         1488    i.UART_Open         uart.o
    0x00001fcc   0x000000b8   Code   RO         1493    i.UART_SetLine_Config  uart.o
    0x00002084   0x00000088   Code   RO          888    i.Uart0_Handle      interrupt.o
    0x0000210c   0x00000088   Code   RO          889    i.Uart1_Handle      interrupt.o
    0x00002194   0x00000024   Code   RO         2374    i.__0vsprintf       mc_p.l(printfa.o)
    0x000021b8   0x0000002e   Code   RO         2491    i.__ARM_clz         mf_p.l(depilogue.o)
    0x000021e6   0x0000001c   Code   RO          352    i.__ARM_common_switch8  mygpio.o
    0x00002202   0x00000002   PAD
    0x00002204   0x00000008   Code   RO         2475    i.__aeabi_errno_addr  mc_p.l(errno.o)
    0x0000220c   0x000000ac   Code   RO         2450    i.__kernel_poly     m_ps.l(poly.o)
    0x000022b8   0x00000014   Code   RO         2436    i.__mathlib_dbl_divzero  m_ps.l(dunder.o)
    0x000022cc   0x0000000a   Code   RO         2437    i.__mathlib_dbl_infnan  m_ps.l(dunder.o)
    0x000022d6   0x00000010   Code   RO         2439    i.__mathlib_dbl_invalid  m_ps.l(dunder.o)
    0x000022e6   0x00000002   PAD
    0x000022e8   0x0000000c   Code   RO         2476    i.__read_errno      mc_p.l(errno.o)
    0x000022f4   0x0000000e   Code   RO         2550    i.__scatterload_copy  mc_p.l(handlers.o)
    0x00002302   0x00000002   Code   RO         2551    i.__scatterload_null  mc_p.l(handlers.o)
    0x00002304   0x0000000e   Code   RO         2552    i.__scatterload_zeroinit  mc_p.l(handlers.o)
    0x00002312   0x00000002   PAD
    0x00002314   0x0000000c   Code   RO         2477    i.__set_errno       mc_p.l(errno.o)
    0x00002320   0x00000158   Code   RO         2375    i._fp_digits        mc_p.l(printfa.o)
    0x00002478   0x0000000e   Code   RO         2533    i._is_digit         mc_p.l(scanf_fp.o)
    0x00002486   0x00000002   PAD
    0x00002488   0x000006ec   Code   RO         2376    i._printf_core      mc_p.l(printfa.o)
    0x00002b74   0x00000020   Code   RO         2377    i._printf_post_padding  mc_p.l(printfa.o)
    0x00002b94   0x0000002c   Code   RO         2378    i._printf_pre_padding  mc_p.l(printfa.o)
    0x00002bc0   0x0000000a   Code   RO         2380    i._sputc            mc_p.l(printfa.o)
    0x00002bca   0x00000012   Code   RO         1120    i.adc_get_current_value  smartservo.o
    0x00002bdc   0x00000028   Code   RO         1121    i.adc_get_position_value  smartservo.o
    0x00002c04   0x00000012   Code   RO         1122    i.adc_get_temperature_value  smartservo.o
    0x00002c16   0x00000012   Code   RO         1123    i.adc_get_voltage_value  smartservo.o
    0x00002c28   0x00000138   Code   RO          284    i.analogRead        mygpio.o
    0x00002d60   0x000000b4   Code   RO          403    i.assign_dev_id_response  protocol.o
    0x00002e14   0x0000002a   Code   RO         2328    i.atof              m_ps.l(atof.o)
    0x00002e3e   0x00000002   PAD
    0x00002e40   0x00000038   Code   RO         1124    i.calculate_current  smartservo.o
    0x00002e78   0x00000130   Code   RO         1125    i.calculate_temp    smartservo.o
    0x00002fa8   0x00000028   Code   RO         1126    i.calculate_voltage  smartservo.o
    0x00002fd0   0x0000011c   Code   RO          406    i.cmd_absolute_angle  protocol.o
    0x000030ec   0x0000011c   Code   RO          407    i.cmd_absolute_angle_long  protocol.o
    0x00003208   0x00000088   Code   RO          408    i.cmd_absolute_pos  protocol.o
    0x00003290   0x00000084   Code   RO          409    i.cmd_assign_dev_id  protocol.o
    0x00003314   0x000000c8   Code   RO          410    i.cmd_get_servo_angle  protocol.o
    0x000033dc   0x00000040   Code   RO          411    i.cmd_get_servo_current  protocol.o
    0x0000341c   0x00000030   Code   RO          412    i.cmd_get_servo_pos  protocol.o
    0x0000344c   0x00000038   Code   RO          413    i.cmd_get_servo_speed  protocol.o
    0x00003484   0x00000040   Code   RO          414    i.cmd_get_servo_temperature  protocol.o
    0x000034c4   0x00000040   Code   RO          415    i.cmd_get_servo_voltage  protocol.o
    0x00003504   0x0000002c   Code   RO          416    i.cmd_get_smart_version  protocol.o
    0x00003530   0x0000011c   Code   RO          417    i.cmd_relative_angle  protocol.o
    0x0000364c   0x0000011c   Code   RO          418    i.cmd_relative_angle_long  protocol.o
    0x00003768   0x00000088   Code   RO          419    i.cmd_relative_pos  protocol.o
    0x000037f0   0x00000058   Code   RO          420    i.cmd_reset_smart_servo  protocol.o
    0x00003848   0x0000010c   Code   RO          421    i.cmd_set_angle_init  protocol.o
    0x00003954   0x0000005c   Code   RO          422    i.cmd_set_command_mode  protocol.o
    0x000039b0   0x0000001c   Code   RO          423    i.cmd_set_current_angle_zero_degrees  protocol.o
    0x000039cc   0x00000078   Code   RO          424    i.cmd_set_pwm_motion  protocol.o
    0x00003a44   0x00000074   Code   RO          425    i.cmd_set_rgb_led   protocol.o
    0x00003ab8   0x00000040   Code   RO          426    i.cmd_set_servo_break  protocol.o
    0x00003af8   0x00000020   Code   RO          427    i.cmd_shake_hand    protocol.o
    0x00003b18   0x00000040   Code   RO          428    i.cmd_test_response  protocol.o
    0x00003b58   0x00000018   Code   RO          244    i.delay             systime.o
    0x00003b70   0x00000080   Code   RO          429    i.device_neep_loop_in_sampling  protocol.o
    0x00003bf0   0x00000010   Code   RO          286    i.digitalWrite      mygpio.o
    0x00003c00   0x00000064   Code   RO         1127    i.filter_position   smartservo.o
    0x00003c64   0x0000010c   Code   RO         1015    i.flash_read_angle_offset  dataflash.o
    0x00003d70   0x000000fc   Code   RO         1016    i.flash_read_data_mode  dataflash.o
    0x00003e6c   0x000000cc   Code   RO         1017    i.flash_write_angle_offset  dataflash.o
    0x00003f38   0x000000c0   Code   RO         1018    i.flash_write_data_mode  dataflash.o
    0x00003ff8   0x00000044   Code   RO          430    i.flush_uart0_forward_buffer  protocol.o
    0x0000403c   0x000000fc   Code   RO          431    i.flush_uart0_local_buffer  protocol.o
    0x00004138   0x000000fc   Code   RO          432    i.flush_uart1_forward_buffer  protocol.o
    0x00004234   0x00000108   Code   RO          192    i.get_sensor_data   main.o
    0x0000433c   0x00000002   Code   RO          433    i.infrared_send_response  protocol.o
    0x0000433e   0x0000001e   Code   RO          287    i.is_pin_analog     mygpio.o
    0x0000435c   0x00000002   Code   RO          434    i.laser_device_response  protocol.o
    0x0000435e   0x00000002   Code   RO          435    i.limit_switch_response  protocol.o
    0x00004360   0x00000354   Code   RO         2332    i.log               m_ps.l(log.o)
    0x000046b4   0x000001b0   Code   RO          193    i.main              main.o
    0x00004864   0x0000001e   Code   RO          290    i.map               mygpio.o
    0x00004882   0x00000002   PAD
    0x00004884   0x00000014   Code   RO          246    i.millis            systime.o
    0x00004898   0x00000002   Code   RO          436    i.monochrome_led_response  protocol.o
    0x0000489a   0x00000002   Code   RO          437    i.motor_dc_response  protocol.o
    0x0000489c   0x00000002   Code   RO          438    i.motor_encoder_response  protocol.o
    0x0000489e   0x00000002   PAD
    0x000048a0   0x0000019c   Code   RO         1129    i.motor_protection  smartservo.o
    0x00004a3c   0x00000002   Code   RO          439    i.motor_servo_response  protocol.o
    0x00004a3e   0x00000002   Code   RO          440    i.motor_step_response  protocol.o
    0x00004a40   0x00000028   Code   RO         1301    i.mp9960_init       mp9960.o
    0x00004a68   0x00000050   Code   RO         1302    i.mp9960_read_raw_angle  mp9960.o
    0x00004ab8   0x00000002   Code   RO          441    i.mpu6050_response  protocol.o
    0x00004aba   0x00000002   PAD
    0x00004abc   0x00000024   Code   RO         1130    i.normalize_position_difference  smartservo.o
    0x00004ae0   0x000000a4   Code   RO          442    i.parse_gcommand    protocol.o
    0x00004b84   0x000000f0   Code   RO          443    i.parse_mcode       protocol.o
    0x00004c74   0x000001e0   Code   RO          444    i.parse_uart0_recv_buffer  protocol.o
    0x00004e54   0x00000564   Code   RO         1131    i.pid_position_to_pwm  smartservo.o
    0x000053b8   0x00000074   Code   RO          291    i.pinMode           mygpio.o
    0x0000542c   0x000000bc   Code   RO          445    i.processSysexMessage  protocol.o
    0x000054e8   0x000003b4   Code   RO          360    i.pwm_init          mepwm.o
    0x0000589c   0x00000002   Code   RO          446    i.pwm_rgb_led_response  protocol.o
    0x0000589e   0x00000002   PAD
    0x000058a0   0x00000060   Code   RO          361    i.pwm_write         mepwm.o
    0x00005900   0x000000b0   Code   RO          362    i.pwm_writeMicroseconds  mepwm.o
    0x000059b0   0x00000070   Code   RO          448    i.readLong          protocol.o
    0x00005a20   0x00000048   Code   RO          449    i.readShort         protocol.o
    0x00005a68   0x00000002   Code   RO          450    i.read_analog_response  protocol.o
    0x00005a6a   0x00000002   Code   RO          451    i.read_digital_response  protocol.o
    0x00005a6c   0x00000028   Code   RO          452    i.readbyte          protocol.o
    0x00005a94   0x00000002   Code   RO          453    i.report_analog_response  protocol.o
    0x00005a96   0x00000002   Code   RO          454    i.report_digital_response  protocol.o
    0x00005a98   0x00000002   Code   RO          455    i.rtc_clock_response  protocol.o
    0x00005a9a   0x00000002   PAD
    0x00005a9c   0x00000120   Code   RO         1132    i.samrt_servo_init  smartservo.o
    0x00005bbc   0x00000060   Code   RO         1133    i.samrt_servo_set_current_angle_zero_degrees  smartservo.o
    0x00005c1c   0x00000002   Code   RO          456    i.segment_dis_response  protocol.o
    0x00005c1e   0x00000002   PAD
    0x00005c20   0x000000a8   Code   RO          457    i.sendFloat         protocol.o
    0x00005cc8   0x000000a8   Code   RO          458    i.sendLong          protocol.o
    0x00005d70   0x00000070   Code   RO          459    i.sendShort         protocol.o
    0x00005de0   0x0000027c   Code   RO          460    i.send_sensor_report  protocol.o
    0x0000605c   0x00000048   Code   RO          461    i.send_smart_angle  protocol.o
    0x000060a4   0x00000050   Code   RO          462    i.send_smart_current  protocol.o
    0x000060f4   0x00000048   Code   RO          463    i.send_smart_pos    protocol.o
    0x0000613c   0x00000048   Code   RO          464    i.send_smart_speed  protocol.o
    0x00006184   0x00000050   Code   RO          465    i.send_smart_temp   protocol.o
    0x000061d4   0x00000050   Code   RO          466    i.send_smart_voltage  protocol.o
    0x00006224   0x00000024   Code   RO          117    i.send_string       uart_printf.o
    0x00006248   0x00000016   Code   RO          467    i.send_uart0_string  protocol.o
    0x0000625e   0x00000002   PAD
    0x00006260   0x000000d0   Code   RO          470    i.set_baud_rate     protocol.o
    0x00006330   0x00000050   Code   RO         1020    i.set_data_flash_fix_4k  dataflash.o
    0x00006380   0x00000002   Code   RO          471    i.set_pin_mode_response  protocol.o
    0x00006382   0x00000002   PAD
    0x00006384   0x00000020   Code   RO          472    i.shake_hand_response  protocol.o
    0x000063a4   0x0000006c   Code   RO         1135    i.smart_led_blink   smartservo.o
    0x00006410   0x00000054   Code   RO         1137    i.smart_servo_break  smartservo.o
    0x00006464   0x0000001a   Code   RO         1138    i.smart_servo_ccw   smartservo.o
    0x0000647e   0x00000002   PAD
    0x00006480   0x0000006c   Code   RO         1139    i.smart_servo_circular_turn_calc  smartservo.o
    0x000064ec   0x000007bc   Code   RO          473    i.smart_servo_cmd_process  protocol.o
    0x00006ca8   0x0000001a   Code   RO         1140    i.smart_servo_cw    smartservo.o
    0x00006cc2   0x00000002   PAD
    0x00006cc4   0x00000024   Code   RO         1141    i.smart_servo_distance_togo  smartservo.o
    0x00006ce8   0x00000034   Code   RO         1142    i.smart_servo_led   smartservo.o
    0x00006d1c   0x00000018   Code   RO         1143    i.smart_servo_move  smartservo.o
    0x00006d34   0x0000037c   Code   RO         1144    i.smart_servo_move_to  smartservo.o
    0x000070b0   0x00000040   Code   RO         1145    i.smart_servo_speed_update  smartservo.o
    0x000070f0   0x000000b4   Code   RO         1146    i.smart_servo_update  smartservo.o
    0x000071a4   0x00000044   Code   RO         1021    i.spi_flash_erase_sector  dataflash.o
    0x000071e8   0x000000c4   Code   RO         1022    i.spi_flash_read    dataflash.o
    0x000072ac   0x000000f4   Code   RO         1023    i.spi_flash_write   dataflash.o
    0x000073a0   0x00000048   Code   RO         2342    i.sqrt              m_ps.l(sqrt.o)
    0x000073e8   0x00000058   Code   RO          474    i.system_reset_response  protocol.o
    0x00007440   0x00000070   Code   RO          475    i.system_version_response  protocol.o
    0x000074b0   0x00000002   Code   RO          476    i.temperature_18b20_response  protocol.o
    0x000074b2   0x00000026   Code   RO          477    i.uart0_printf      protocol.o
    0x000074d8   0x0000002c   Code   RO          118    i.uart_printf       uart_printf.o
    0x00007504   0x00000002   Code   RO          479    i.voice_buzzer_tone_response  protocol.o
    0x00007506   0x00000002   Code   RO          480    i.write_analog_response  protocol.o
    0x00007508   0x000000c8   Code   RO         1024    i.write_angle_offset_to_flash  dataflash.o
    0x000075d0   0x00000058   Code   RO          481    i.write_byte_uart0  protocol.o
    0x00007628   0x0000001c   Code   RO          482    i.write_byte_uart1  protocol.o
    0x00007644   0x000000ac   Code   RO         1025    i.write_cmd_mode_to_flash  dataflash.o
    0x000076f0   0x00000002   Code   RO          483    i.write_digital_response  protocol.o
    0x000076f2   0x00000002   Code   RO          484    i.ws2812_display_response  protocol.o
    0x000076f4   0x00000020   Data   RO            6    .constdata          system_m051series.o
    0x00007714   0x0000015c   Data   RO          486    .constdata          protocol.o
    0x00007870   0x00000030   Data   RO         1496    .constdata          uart.o
    0x000078a0   0x00000020   Data   RO         1729    .constdata          timer.o
    0x000078c0   0x00000038   Data   RO         2333    .constdata          m_ps.l(log.o)
    0x000078f8   0x00000008   Data   RO         2452    .constdata          m_ps.l(qnan.o)
    0x00007900   0x00000081   Data   RO         2504    .constdata          mc_p.l(ctype_o.o)
    0x00007981   0x00000003   PAD
    0x00007984   0x00000004   Data   RO         2505    .constdata          mc_p.l(ctype_o.o)
    0x00007988   0x00000020   Data   RO         2548    Region$$Table       anon$$obj.o


    Execution Region ER_RW (Base: 0x20000000, Size: 0x00000130, Max: 0xffffffff, ABSOLUTE, COMPRESSED[0x00000040])

    Base Addr    Size         Type   Attr      Idx    E Section Name        Object

    0x20000000   0x0000000c   Data   RW            7    .data               system_m051series.o
    0x2000000c   0x00000010   Data   RW          194    .data               main.o
    0x2000001c   0x00000020   Data   RW          364    .data               mepwm.o
    0x2000003c   0x00000004   PAD
    0x20000040   0x0000008c   Data   RW          487    .data               protocol.o
    0x200000cc   0x00000004   Data   RW          890    .data               interrupt.o
    0x200000d0   0x00000058   Data   RW         1148    .data               smartservo.o
    0x20000128   0x00000004   Data   RW         2361    .data               mc_p.l(strtok_r.o)
    0x2000012c   0x00000004   Data   RW         2478    .data               mc_p.l(errno.o)


    Execution Region ER_ZI (Base: 0x20000130, Size: 0x00000a98, Max: 0xffffffff, ABSOLUTE)

    Base Addr    Size         Type   Attr      Idx    E Section Name        Object

    0x20000130   0x00000020   Zero   RW          363    .bss                mepwm.o
    0x20000150   0x00000200   Zero   RW          485    .bss                protocol.o
    0x20000350   0x00000018   Zero   RW         1026    .bss                dataflash.o
    0x20000368   0x00000060   Zero   RW         1147    .bss                smartservo.o
    0x200003c8   0x00000800   Zero   RW          106    STACK               startup_m051series.o


==============================================================================

Image component sizes


      Code (inc. data)   RO Data    RW Data    ZI Data      Debug   Object Name

       760        100          0          0          0       5488   clk.o
      1972        254          0          0         24      19404   dataflash.o
       236         26          0          0          0       5307   fmc.o
        46          0          0          0          0        919   gpio.o
        16          0          0          0          0       1259   i2c.o
       456         68          0          4          0       6763   interrupt.o
       696        108          0         16          0      12728   main.o
      1220         62          0         32         32       2511   mepwm.o
       120         16          0          0          0        894   mp9960.o
       564         36          0          0          0       3599   mygpio.o
      9412       1166        348        140        512      46472   protocol.o
      4406        446          0         88         96      17206   smartservo.o
       650         30          0          0          0       2774   spi.o
        92         42        192          0       2048        592   startup_m051series.o
        48          0          0          0          0        470   sys.o
       348         46          0          0          0      10088   sysinit.o
       230         40         32         12          0      63803   system_m051series.o
        44          6          0          0          0        909   systime.o
       250         22         32          0          0       1768   timer.o
       496         48         48          0          0       2798   uart.o
       136         16          0          0          0      54510   uart_printf.o

    ----------------------------------------------------------------------
     22228       2532        684        296       2712     260262   Object Totals
         0          0         32          0          0          0   (incl. Generated)
        30          0          0          4          0          0   (incl. Padding)

    ----------------------------------------------------------------------

      Code (inc. data)   RO Data    RW Data    ZI Data      Debug   Library Member Name

        42          0          0          0          0         76   atof.o
        46          4          0          0          0        204   dunder.o
       852         62         56          0          0        136   log.o
       172          0          0          0          0         76   poly.o
         0          0          8          0          0          0   qnan.o
        72          6          0          0          0         76   sqrt.o
        86          0          0          0          0          0   __dczerorl2.o
        30          0          0          0          0         60   _chval.o
        68          0          0          0          0         76   _sgetc.o
       166          0          0          0          0         84   _strtoul.o
        26          0          0          0          0         72   atoi.o
        26          0          0          0          0         72   atol.o
         8          4        133          0          0         60   ctype_o.o
         0          0          0          0          0          0   entry.o
         0          0          0          0          0          0   entry10a.o
         0          0          0          0          0          0   entry11a.o
         8          4          0          0          0          0   entry2.o
         4          0          0          0          0          0   entry5.o
         0          0          0          0          0          0   entry7b.o
         0          0          0          0          0          0   entry8b.o
         8          4          0          0          0          0   entry9a.o
        32         16          0          4          0        180   errno.o
        30          0          0          0          0          0   handlers.o
        40          0          0          0          0         72   idiv.o
        36          8          0          0          0         68   init.o
        18          0          0          0          0         68   isspace_o.o
         0          0          0          0          0          0   iusefp.o
       122          0          0          0          0         84   llmul.o
        32          0          0          0          0         68   llshl.o
        38          0          0          0          0         68   llsshr.o
        34          0          0          0          0         68   llushr.o
        36          0          0          0          0         60   memcpya.o
        36          0          0          0          0        100   memseta.o
      2238         96          0          0          0        460   printfa.o
       858         12          0          0          0        184   scanf_fp.o
        34          0          0          0          0         72   strcspn.o
       164         18          0          0          0        120   strtod.o
        76          6          0          4          0         88   strtok_r.o
       112          4          0          0          0         76   strtol.o
        44          0          0          0          0         72   uidiv.o
        96          0          0          0          0         84   uldiv.o
        40          2          0          0          0         68   cdcmple.o
        40          2          0          0          0         68   cdrcmple.o
        20          0          0          0          0         68   cfcmple.o
        20          0          0          0          0         68   cfrcmple.o
        56          0          0          0          0         68   d2f.o
       356          4          0          0          0        140   dadd.o
       240          6          0          0          0         84   ddiv.o
       236          0          0          0          0        216   depilogue.o
        72         10          0          0          0         72   dfixi.o
        64         10          0          0          0         68   dfixul.o
        40          6          0          0          0         68   dflti.o
        28          4          0          0          0         68   dfltui.o
        28          6          0          0          0         68   dfltul.o
       208          6          0          0          0         88   dmul.o
        44          0          0          0          0         72   dscalb.o
       162          0          0          0          0         80   dsqrt.o
        40          0          0          0          0         60   f2d.o
       178          0          0          0          0        108   fadd.o
       124          0          0          0          0         72   fdiv.o
       130          0          0          0          0        144   fepilogue.o
        50          0          0          0          0         60   ffixi.o
        22          0          0          0          0         68   fflti.o
       122          0          0          0          0         72   fmul.o

    ----------------------------------------------------------------------
      8032        300        200          8          0       4932   Library Totals
        22          0          3          0          0          0   (incl. Padding)

    ----------------------------------------------------------------------

      Code (inc. data)   RO Data    RW Data    ZI Data      Debug   Library Name

      1184         72         64          0          0        568   m_ps.l
      4506        172        133          8          0       2416   mc_p.l
      2320         56          0          0          0       1948   mf_p.l

    ----------------------------------------------------------------------
      8032        300        200          8          0       4932   Library Totals

    ----------------------------------------------------------------------

==============================================================================


      Code (inc. data)   RO Data    RW Data    ZI Data      Debug   

     30260       2832        884        304       2712     255222   Grand Totals
     30260       2832        884         64       2712     255222   ELF Image Totals (compressed)
     30260       2832        884         64          0          0   ROM Totals

==============================================================================

    Total RO  Size (Code + RO Data)                31144 (  30.41kB)
    Total RW  Size (RW Data + ZI Data)              3016 (   2.95kB)
    Total ROM Size (Code + RO Data + RW Data)      31208 (  30.48kB)

==============================================================================

