Component: ARM Compiler 5.05 update 1 (build 106) Tool: armlink [4d0efa]

==============================================================================

Section Cross References

    stm32f0xx_adc.o(i.ADC_DeInit) refers to stm32f0xx_rcc.o(i.RCC_APB2PeriphResetCmd) for RCC_APB2PeriphResetCmd
    stm32f0xx_can.o(i.CAN_DeInit) refers to stm32f0xx_rcc.o(i.RCC_APB1PeriphResetCmd) for RCC_APB1PeriphResetCmd
    stm32f0xx_can.o(i.CAN_GetITStatus) refers to stm32f0xx_can.o(i.CheckITStatus) for CheckITStatus
    stm32f0xx_cec.o(i.CEC_DeInit) refers to stm32f0xx_rcc.o(i.RCC_APB1PeriphResetCmd) for RCC_APB1PeriphResetCmd
    stm32f0xx_crs.o(i.CRS_DeInit) refers to stm32f0xx_rcc.o(i.RCC_APB1PeriphResetCmd) for RCC_APB1PeriphResetCmd
    stm32f0xx_dac.o(i.DAC_DeInit) refers to stm32f0xx_rcc.o(i.RCC_APB1PeriphResetCmd) for RCC_APB1PeriphResetCmd
    stm32f0xx_flash.o(i.FLASH_EraseAllPages) refers to stm32f0xx_flash.o(i.FLASH_WaitForLastOperation) for FLASH_WaitForLastOperation
    stm32f0xx_flash.o(i.FLASH_ErasePage) refers to stm32f0xx_flash.o(i.FLASH_WaitForLastOperation) for FLASH_WaitForLastOperation
    stm32f0xx_flash.o(i.FLASH_OB_BOOT0Config) refers to stm32f0xx_flash.o(i.FLASH_WaitForLastOperation) for FLASH_WaitForLastOperation
    stm32f0xx_flash.o(i.FLASH_OB_BOOT0SWConfig) refers to stm32f0xx_flash.o(i.FLASH_WaitForLastOperation) for FLASH_WaitForLastOperation
    stm32f0xx_flash.o(i.FLASH_OB_BOOTConfig) refers to stm32f0xx_flash.o(i.FLASH_WaitForLastOperation) for FLASH_WaitForLastOperation
    stm32f0xx_flash.o(i.FLASH_OB_EnableWRP) refers to stm32f0xx_flash.o(i.FLASH_WaitForLastOperation) for FLASH_WaitForLastOperation
    stm32f0xx_flash.o(i.FLASH_OB_Erase) refers to stm32f0xx_flash.o(i.FLASH_OB_GetRDP) for FLASH_OB_GetRDP
    stm32f0xx_flash.o(i.FLASH_OB_Erase) refers to stm32f0xx_flash.o(i.FLASH_WaitForLastOperation) for FLASH_WaitForLastOperation
    stm32f0xx_flash.o(i.FLASH_OB_ProgramData) refers to stm32f0xx_flash.o(i.FLASH_WaitForLastOperation) for FLASH_WaitForLastOperation
    stm32f0xx_flash.o(i.FLASH_OB_RDPConfig) refers to stm32f0xx_flash.o(i.FLASH_WaitForLastOperation) for FLASH_WaitForLastOperation
    stm32f0xx_flash.o(i.FLASH_OB_SRAMParityConfig) refers to stm32f0xx_flash.o(i.FLASH_WaitForLastOperation) for FLASH_WaitForLastOperation
    stm32f0xx_flash.o(i.FLASH_OB_UserConfig) refers to stm32f0xx_flash.o(i.FLASH_WaitForLastOperation) for FLASH_WaitForLastOperation
    stm32f0xx_flash.o(i.FLASH_OB_VDDAConfig) refers to stm32f0xx_flash.o(i.FLASH_WaitForLastOperation) for FLASH_WaitForLastOperation
    stm32f0xx_flash.o(i.FLASH_OB_WriteUser) refers to stm32f0xx_flash.o(i.FLASH_WaitForLastOperation) for FLASH_WaitForLastOperation
    stm32f0xx_flash.o(i.FLASH_ProgramHalfWord) refers to stm32f0xx_flash.o(i.FLASH_WaitForLastOperation) for FLASH_WaitForLastOperation
    stm32f0xx_flash.o(i.FLASH_ProgramWord) refers to stm32f0xx_flash.o(i.FLASH_WaitForLastOperation) for FLASH_WaitForLastOperation
    stm32f0xx_flash.o(i.FLASH_WaitForLastOperation) refers to stm32f0xx_flash.o(i.FLASH_GetStatus) for FLASH_GetStatus
    stm32f0xx_gpio.o(i.GPIO_DeInit) refers to stm32f0xx_rcc.o(i.RCC_AHBPeriphResetCmd) for RCC_AHBPeriphResetCmd
    stm32f0xx_i2c.o(i.I2C_DeInit) refers to stm32f0xx_rcc.o(i.RCC_APB1PeriphResetCmd) for RCC_APB1PeriphResetCmd
    stm32f0xx_pwr.o(i.PWR_DeInit) refers to stm32f0xx_rcc.o(i.RCC_APB1PeriphResetCmd) for RCC_APB1PeriphResetCmd
    stm32f0xx_rcc.o(i.RCC_GetClocksFreq) refers to aeabi_sdiv.o(.text) for __aeabi_uidivmod
    stm32f0xx_rcc.o(i.RCC_GetClocksFreq) refers to stm32f0xx_rcc.o(.data) for APBAHBPrescTable
    stm32f0xx_rcc.o(i.RCC_WaitForHSEStartUp) refers to stm32f0xx_rcc.o(i.RCC_GetFlagStatus) for RCC_GetFlagStatus
    stm32f0xx_rtc.o(i.RTC_DeInit) refers to stm32f0xx_rtc.o(i.RTC_EnterInitMode) for RTC_EnterInitMode
    stm32f0xx_rtc.o(i.RTC_DeInit) refers to stm32f0xx_rtc.o(i.RTC_WaitForSynchro) for RTC_WaitForSynchro
    stm32f0xx_rtc.o(i.RTC_GetAlarm) refers to stm32f0xx_rtc.o(i.RTC_Bcd2ToByte) for RTC_Bcd2ToByte
    stm32f0xx_rtc.o(i.RTC_GetDate) refers to stm32f0xx_rtc.o(i.RTC_Bcd2ToByte) for RTC_Bcd2ToByte
    stm32f0xx_rtc.o(i.RTC_GetTime) refers to stm32f0xx_rtc.o(i.RTC_Bcd2ToByte) for RTC_Bcd2ToByte
    stm32f0xx_rtc.o(i.RTC_GetTimeStamp) refers to stm32f0xx_rtc.o(i.RTC_Bcd2ToByte) for RTC_Bcd2ToByte
    stm32f0xx_rtc.o(i.RTC_Init) refers to stm32f0xx_rtc.o(i.RTC_EnterInitMode) for RTC_EnterInitMode
    stm32f0xx_rtc.o(i.RTC_Init) refers to stm32f0xx_rtc.o(i.RTC_ExitInitMode) for RTC_ExitInitMode
    stm32f0xx_rtc.o(i.RTC_RefClockCmd) refers to stm32f0xx_rtc.o(i.RTC_EnterInitMode) for RTC_EnterInitMode
    stm32f0xx_rtc.o(i.RTC_RefClockCmd) refers to stm32f0xx_rtc.o(i.RTC_ExitInitMode) for RTC_ExitInitMode
    stm32f0xx_rtc.o(i.RTC_SetAlarm) refers to stm32f0xx_rtc.o(i.RTC_Bcd2ToByte) for RTC_Bcd2ToByte
    stm32f0xx_rtc.o(i.RTC_SetAlarm) refers to stm32f0xx_rtc.o(i.RTC_ByteToBcd2) for RTC_ByteToBcd2
[...]
    ../clib/angel/boardlib.s                 0x00000000   Number         0  boardinit3.o ABSOLUTE
    ../clib/angel/handlers.s                 0x00000000   Number         0  __scatter_zi.o ABSOLUTE
    ../clib/angel/handlers.s                 0x00000000   Number         0  __scatter_copy.o ABSOLUTE
    ../clib/angel/kernel.s                   0x00000000   Number         0  __rtentry.o ABSOLUTE
    ../clib/angel/kernel.s                   0x00000000   Number         0  rtexit2.o ABSOLUTE
    ../clib/angel/kernel.s                   0x00000000   Number         0  rtexit.o ABSOLUTE
    ../clib/angel/kernel.s                   0x00000000   Number         0  __rtentry4.o ABSOLUTE
    ../clib/angel/kernel.s                   0x00000000   Number         0  __rtentry2.o ABSOLUTE
    ../clib/angel/rt.s                       0x00000000   Number         0  aeabi_idiv0_sigfpe.o ABSOLUTE
    ../clib/angel/rt.s                       0x00000000   Number         0  rt_locale.o ABSOLUTE
    ../clib/angel/rt.s                       0x00000000   Number         0  rt_div0.o ABSOLUTE
    ../clib/angel/rt.s                       0x00000000   Number         0  rt_raise.o ABSOLUTE
    ../clib/angel/rt.s                       0x00000000   Number         0  aeabi_idiv0.o ABSOLUTE
    ../clib/angel/rt.s                       0x00000000   Number         0  rt_ctype_table.o ABSOLUTE
    ../clib/angel/rt.s                       0x00000000   Number         0  rt_locale_intlibspace.o ABSOLUTE
    ../clib/angel/scatterp.s                 0x00000000   Number         0  __scatter.o ABSOLUTE
    ../clib/angel/startup.s                  0x00000000   Number         0  __main.o ABSOLUTE
    ../clib/angel/sys.s                      0x00000000   Number         0  libspace.o ABSOLUTE
    ../clib/angel/sys.s                      0x00000000   Number         0  use_no_semi.o ABSOLUTE
    ../clib/angel/sys.s                      0x00000000   Number         0  sys_stackheap_outer.o ABSOLUTE
    ../clib/angel/sys.s                      0x00000000   Number         0  tempstk.o ABSOLUTE
    ../clib/angel/sys.s                      0x00000000   Number         0  indicate_semi.o ABSOLUTE
    ../clib/angel/sysapp.c                   0x00000000   Number         0  sys_command.o ABSOLUTE
    ../clib/angel/sysapp.c                   0x00000000   Number         0  sys_exit.o ABSOLUTE
    ../clib/angel/sysapp.c                   0x00000000   Number         0  sys_wrch.o ABSOLUTE
    ../clib/armsys.c                         0x00000000   Number         0  no_argv.o ABSOLUTE
    ../clib/armsys.c                         0x00000000   Number         0  _get_argv_nomalloc.o ABSOLUTE
    ../clib/armsys.c                         0x00000000   Number         0  argv_veneer.o ABSOLUTE
    ../clib/bigflt.c                         0x00000000   Number         0  bigflt0.o ABSOLUTE
    ../clib/btod.c                           0x00000000   Number         0  btod.o ABSOLUTE
    ../clib/division.c                       0x00000000   Number         0  rtudiv10.o ABSOLUTE
    ../clib/division.c                       0x00000000   Number         0  lludiv10.o ABSOLUTE
    ../clib/division.s                       0x00000000   Number         0  aeabi_sdiv.o ABSOLUTE
    ../clib/division.s                       0x00000000   Number         0  aeabi_sdiv_div0.o ABSOLUTE
    ../clib/heapalloc.c                      0x00000000   Number         0  hrguard.o ABSOLUTE
    ../clib/heapaux.c                        0x00000000   Number         0  heapauxi.o ABSOLUTE
    ../clib/libinit.s                        0x00000000   Number         0  libinit.o ABSOLUTE
    ../clib/libinit.s                        0x00000000   Number         0  libshutdown.o ABSOLUTE
    ../clib/libinit.s                        0x00000000   Number         0  libshutdown2.o ABSOLUTE
    ../clib/libinit.s                        0x00000000   Number         0  libinit2.o ABSOLUTE
    ../clib/locale.c                         0x00000000   Number         0  _wcrtomb.o ABSOLUTE
    ../clib/locale.s                         0x00000000   Number         0  lc_numeric_c.o ABSOLUTE
    ../clib/locale.s                         0x00000000   Number         0  lc_ctype_c.o ABSOLUTE
    ../clib/memcpset.c                       0x00000000   Number         0  rt_memclr.o ABSOLUTE
    ../clib/misc.s                           0x00000000   Number         0  printf_stubs.o ABSOLUTE
    ../clib/printf.c                         0x00000000   Number         0  _printf_hex_ll_ptr.o ABSOLUTE
    ../clib/printf.c                         0x00000000   Number         0  _printf_dec.o ABSOLUTE
    ../clib/printf.c                         0x00000000   Number         0  _printf_hex_int_ptr.o ABSOLUTE
    ../clib/printf.c                         0x00000000   Number         0  _printf_fp_infnan.o ABSOLUTE
    ../clib/printf.c                         0x00000000   Number         0  _printf_hex_ptr.o ABSOLUTE
    ../clib/printf.c                         0x00000000   Number         0  _printf_hex_int_ll.o ABSOLUTE
    ../clib/printf.c                         0x00000000   Number         0  _printf_hex_int.o ABSOLUTE
    ../clib/printf.c                         0x00000000   Number         0  _printf_truncate.o ABSOLUTE
    ../clib/printf.c                         0x00000000   Number         0  _printf_hex_ll.o ABSOLUTE
    ../clib/printf.c                         0x00000000   Number         0  _printf_pad.o ABSOLUTE
    ../clib/printf.c                         0x00000000   Number         0  __printf.o ABSOLUTE
    ../clib/printf.c                         0x00000000   Number         0  _printf_oct_int_ll.o ABSOLUTE
    ../clib/printf.c                         0x00000000   Number         0  _printf_oct_int.o ABSOLUTE
    ../clib/printf.c                         0x00000000   Number         0  _printf_oct_ll.o ABSOLUTE
    ../clib/printf.c                         0x00000000   Number         0  _printf_longlong_dec.o ABSOLUTE
    ../clib/printf.c                         0x00000000   Number         0  _printf_fp_dec.o ABSOLUTE
    ../clib/printf.c                         0x00000000   Number         0  _printf_wctomb.o ABSOLUTE
    ../clib/printf.c                         0x00000000   Number         0  _printf_intcommon.o ABSOLUTE
    ../clib/printf.c                         0x00000000   Number         0  c89vsprintf.o ABSOLUTE
    ../clib/printf.c                         0x00000000   Number         0  _sputc.o ABSOLUTE
    ../clib/printf.c                         0x00000000   Number         0  _printf_str.o ABSOLUTE
    ../clib/printf.c                         0x00000000   Number         0  _printf_char.o ABSOLUTE
    ../clib/printf.c                         0x00000000   Number         0  _printf_char_common.o ABSOLUTE
    ../clib/printf.c                         0x00000000   Number         0  __printf_nopercent.o ABSOLUTE
    ../clib/printf.c                         0x00000000   Number         0  _printf_wchar.o ABSOLUTE
    ../clib/printf.c                         0x00000000   Number         0  __printf_flags.o ABSOLUTE
    ../clib/printf.c                         0x00000000   Number         0  _printf_charcount.o ABSOLUTE
    ../clib/printf.c                         0x00000000   Number         0  __printf_ss.o ABSOLUTE
    ../clib/printf.c                         0x00000000   Number         0  __printf_flags_ss.o ABSOLUTE
    ../clib/printf.c                         0x00000000   Number         0  __printf_wp.o ABSOLUTE
    ../clib/printf.c                         0x00000000   Number         0  __printf_flags_wp.o ABSOLUTE
    ../clib/printf.c                         0x00000000   Number         0  __printf_ss_wp.o ABSOLUTE
    ../clib/printf.c                         0x00000000   Number         0  __printf_flags_ss_wp.o ABSOLUTE
    ../clib/printf.c                         0x00000000   Number         0  _printf_hex_int_ll_ptr.o ABSOLUTE
    ../clib/printf_percent.s                 0x00000000   Number         0  _printf_ll.o ABSOLUTE
    ../clib/printf_percent.s                 0x00000000   Number         0  _printf_llx.o ABSOLUTE
    ../clib/printf_percent.s                 0x00000000   Number         0  _printf_llo.o ABSOLUTE
    ../clib/printf_percent.s                 0x00000000   Number         0  _printf_ls.o ABSOLUTE
    ../clib/printf_percent.s                 0x00000000   Number         0  _printf_lc.o ABSOLUTE
    ../clib/printf_percent.s                 0x00000000   Number         0  _printf_llu.o ABSOLUTE
    ../clib/printf_percent.s                 0x00000000   Number         0  _printf_lld.o ABSOLUTE
    ../clib/printf_percent.s                 0x00000000   Number         0  _printf_c.o ABSOLUTE
    ../clib/printf_percent.s                 0x00000000   Number         0  _printf_lli.o ABSOLUTE
    ../clib/printf_percent.s                 0x00000000   Number         0  _printf_s.o ABSOLUTE
    ../clib/printf_percent.s                 0x00000000   Number         0  _printf_percent.o ABSOLUTE
    ../clib/printf_percent.s                 0x00000000   Number         0  _printf_n.o ABSOLUTE
    ../clib/printf_percent.s                 0x00000000   Number         0  _printf_a.o ABSOLUTE
    ../clib/printf_percent.s                 0x00000000   Number         0  _printf_x.o ABSOLUTE
    ../clib/printf_percent.s                 0x00000000   Number         0  _printf_g.o ABSOLUTE
    ../clib/printf_percent.s                 0x00000000   Number         0  _printf_p.o ABSOLUTE
    ../clib/printf_percent.s                 0x00000000   Number         0  _printf_e.o ABSOLUTE
    ../clib/printf_percent.s                 0x00000000   Number         0  _printf_o.o ABSOLUTE
    ../clib/printf_percent.s                 0x00000000   Number         0  _printf_f.o ABSOLUTE
    ../clib/printf_percent.s                 0x00000000   Number         0  _printf_i.o ABSOLUTE
    ../clib/printf_percent.s                 0x00000000   Number         0  _printf_u.o ABSOLUTE
    ../clib/printf_percent.s                 0x00000000   Number         0  _printf_d.o ABSOLUTE
    ../clib/printf_percent.s                 0x00000000   Number         0  _printf_percent_end.o ABSOLUTE
    ../clib/printf_percent.s                 0x00000000   Number         0  _printf_l.o ABSOLUTE
    ../clib/signal.c                         0x00000000   Number         0  __raise.o ABSOLUTE
    ../clib/signal.c                         0x00000000   Number         0  defsig_rtmem_formal.o ABSOLUTE
    ../clib/signal.c                         0x00000000   Number         0  defsig_fpe_inner.o ABSOLUTE
    ../clib/signal.c                         0x00000000   Number         0  defsig_other.o ABSOLUTE
    ../clib/signal.c                         0x00000000   Number         0  defsig_general.o ABSOLUTE
    ../clib/signal.c                         0x00000000   Number         0  defsig_rtred_inner.o ABSOLUTE
    ../clib/signal.c                         0x00000000   Number         0  defsig_pvfn_inner.o ABSOLUTE
    ../clib/signal.c                         0x00000000   Number         0  defsig_cppl_inner.o ABSOLUTE
    ../clib/signal.c                         0x00000000   Number         0  defsig_exit.o ABSOLUTE
    ../clib/signal.c                         0x00000000   Number         0  defsig_segv_inner.o ABSOLUTE
    ../clib/signal.c                         0x00000000   Number         0  defsig_abrt_inner.o ABSOLUTE
    ../clib/signal.c                         0x00000000   Number         0  defsig_fpe_outer.o ABSOLUTE
    ../clib/signal.c                         0x00000000   Number         0  defsig_fpe_formal.o ABSOLUTE
    ../clib/signal.c                         0x00000000   Number         0  defsig_stak_inner.o ABSOLUTE
    ../clib/signal.c                         0x00000000   Number         0  defsig_rtmem_inner.o ABSOLUTE
    ../clib/signal.c                         0x00000000   Number         0  defsig_rtmem_outer.o ABSOLUTE
    ../clib/signal.s                         0x00000000   Number         0  defsig.o ABSOLUTE
    ../clib/stdlib.c                         0x00000000   Number         0  exit.o ABSOLUTE
    ../clib/string.c                         0x00000000   Number         0  strcmp.o ABSOLUTE
    ../fplib/cfplib/fpinit.c                 0x00000000   Number         0  fpinit.o ABSOLUTE
    ../fplib/cfplib/ieee_status.c            0x00000000   Number         0  ieee_status.o ABSOLUTE
    ../fplib/printf1.s                       0x00000000   Number         0  printf1.o ABSOLUTE
    ../fplib/usenofp.s                       0x00000000   Number         0  usenofp.o ABSOLUTE
    ../mathlib/fpclassify.c                  0x00000000   Number         0  fpclassify.o ABSOLUTE
    Libraries\STM32F0xx_StdPeriph_Driver\src\stm32f0xx_adc.c 0x00000000   Number         0  stm32f0xx_adc.o ABSOLUTE
    Libraries\STM32F0xx_StdPeriph_Driver\src\stm32f0xx_can.c 0x00000000   Number         0  stm32f0xx_can.o ABSOLUTE
    Libraries\STM32F0xx_StdPeriph_Driver\src\stm32f0xx_cec.c 0x00000000   Number         0  stm32f0xx_cec.o ABSOLUTE
    Libraries\STM32F0xx_StdPeriph_Driver\src\stm32f0xx_comp.c 0x00000000   Number         0  stm32f0xx_comp.o ABSOLUTE
    Libraries\STM32F0xx_StdPeriph_Driver\src\stm32f0xx_crc.c 0x00000000   Number         0  stm32f0xx_crc.o ABSOLUTE
    Libraries\STM32F0xx_StdPeriph_Driver\src\stm32f0xx_crs.c 0x00000000   Number         0  stm32f0xx_crs.o ABSOLUTE
    Libraries\STM32F0xx_StdPeriph_Driver\src\stm32f0xx_dac.c 0x00000000   Number         0  stm32f0xx_dac.o ABSOLUTE
    Libraries\STM32F0xx_StdPeriph_Driver\src\stm32f0xx_dbgmcu.c 0x00000000   Number         0  stm32f0xx_dbgmcu.o ABSOLUTE
    Libraries\STM32F0xx_StdPeriph_Driver\src\stm32f0xx_dma.c 0x00000000   Number         0  stm32f0xx_dma.o ABSOLUTE
    Libraries\STM32F0xx_StdPeriph_Driver\src\stm32f0xx_exti.c 0x00000000   Number         0  stm32f0xx_exti.o ABSOLUTE
    Libraries\STM32F0xx_StdPeriph_Driver\src\stm32f0xx_flash.c 0x00000000   Number         0  stm32f0xx_flash.o ABSOLUTE
    Libraries\STM32F0xx_StdPeriph_Driver\src\stm32f0xx_gpio.c 0x00000000   Number         0  stm32f0xx_gpio.o ABSOLUTE
    Libraries\STM32F0xx_StdPeriph_Driver\src\stm32f0xx_i2c.c 0x00000000   Number         0  stm32f0xx_i2c.o ABSOLUTE
    Libraries\STM32F0xx_StdPeriph_Driver\src\stm32f0xx_iwdg.c 0x00000000   Number         0  stm32f0xx_iwdg.o ABSOLUTE
    Libraries\STM32F0xx_StdPeriph_Driver\src\stm32f0xx_misc.c 0x00000000   Number         0  stm32f0xx_misc.o ABSOLUTE
    Libraries\STM32F0xx_StdPeriph_Driver\src\stm32f0xx_pwr.c 0x00000000   Number         0  stm32f0xx_pwr.o ABSOLUTE
    Libraries\STM32F0xx_StdPeriph_Driver\src\stm32f0xx_rcc.c 0x00000000   Number         0  stm32f0xx_rcc.o ABSOLUTE
    Libraries\STM32F0xx_StdPeriph_Driver\src\stm32f0xx_rtc.c 0x00000000   Number         0  stm32f0xx_rtc.o ABSOLUTE
    Libraries\STM32F0xx_StdPeriph_Driver\src\stm32f0xx_spi.c 0x00000000   Number         0  stm32f0xx_spi.o ABSOLUTE
    Libraries\STM32F0xx_StdPeriph_Driver\src\stm32f0xx_syscfg.c 0x00000000   Number         0  stm32f0xx_syscfg.o ABSOLUTE
    Libraries\STM32F0xx_StdPeriph_Driver\src\stm32f0xx_tim.c 0x00000000   Number         0  stm32f0xx_tim.o ABSOLUTE
    Libraries\STM32F0xx_StdPeriph_Driver\src\stm32f0xx_usart.c 0x00000000   Number         0  stm32f0xx_usart.o ABSOLUTE
    Libraries\STM32F0xx_StdPeriph_Driver\src\stm32f0xx_wwdg.c 0x00000000   Number         0  stm32f0xx_wwdg.o ABSOLUTE
    Libraries\\STM32F0xx_StdPeriph_Driver\\src\\stm32f0xx_adc.c 0x00000000   Number         0  stm32f0xx_adc.o ABSOLUTE
    Libraries\\STM32F0xx_StdPeriph_Driver\\src\\stm32f0xx_can.c 0x00000000   Number         0  stm32f0xx_can.o ABSOLUTE
    Libraries\\STM32F0xx_StdPeriph_Driver\\src\\stm32f0xx_cec.c 0x00000000   Number         0  stm32f0xx_cec.o ABSOLUTE
    Libraries\\STM32F0xx_StdPeriph_Driver\\src\\stm32f0xx_comp.c 0x00000000   Number         0  stm32f0xx_comp.o ABSOLUTE
    Libraries\\STM32F0xx_StdPeriph_Driver\\src\\stm32f0xx_crc.c 0x00000000   Number         0  stm32f0xx_crc.o ABSOLUTE
    Libraries\\STM32F0xx_StdPeriph_Driver\\src\\stm32f0xx_crs.c 0x00000000   Number         0  stm32f0xx_crs.o ABSOLUTE
    Libraries\\STM32F0xx_StdPeriph_Driver\\src\\stm32f0xx_dac.c 0x00000000   Number         0  stm32f0xx_dac.o ABSOLUTE
    Libraries\\STM32F0xx_StdPeriph_Driver\\src\\stm32f0xx_dbgmcu.c 0x00000000   Number         0  stm32f0xx_dbgmcu.o ABSOLUTE
    Libraries\\STM32F0xx_StdPeriph_Driver\\src\\stm32f0xx_dma.c 0x00000000   Number         0  stm32f0xx_dma.o ABSOLUTE
    Libraries\\STM32F0xx_StdPeriph_Driver\\src\\stm32f0xx_exti.c 0x00000000   Number         0  stm32f0xx_exti.o ABSOLUTE
    Libraries\\STM32F0xx_StdPeriph_Driver\\src\\stm32f0xx_flash.c 0x00000000   Number         0  stm32f0xx_flash.o ABSOLUTE
    Libraries\\STM32F0xx_StdPeriph_Driver\\src\\stm32f0xx_gpio.c 0x00000000   Number         0  stm32f0xx_gpio.o ABSOLUTE
    Libraries\\STM32F0xx_StdPeriph_Driver\\src\\stm32f0xx_i2c.c 0x00000000   Number         0  stm32f0xx_i2c.o ABSOLUTE
    Libraries\\STM32F0xx_StdPeriph_Driver\\src\\stm32f0xx_iwdg.c 0x00000000   Number         0  stm32f0xx_iwdg.o ABSOLUTE
    Libraries\\STM32F0xx_StdPeriph_Driver\\src\\stm32f0xx_misc.c 0x00000000   Number         0  stm32f0xx_misc.o ABSOLUTE
    Libraries\\STM32F0xx_StdPeriph_Driver\\src\\stm32f0xx_pwr.c 0x00000000   Number         0  stm32f0xx_pwr.o ABSOLUTE
    Libraries\\STM32F0xx_StdPeriph_Driver\\src\\stm32f0xx_rcc.c 0x00000000   Number         0  stm32f0xx_rcc.o ABSOLUTE
    Libraries\\STM32F0xx_StdPeriph_Driver\\src\\stm32f0xx_rtc.c 0x00000000   Number         0  stm32f0xx_rtc.o ABSOLUTE
    Libraries\\STM32F0xx_StdPeriph_Driver\\src\\stm32f0xx_spi.c 0x00000000   Number         0  stm32f0xx_spi.o ABSOLUTE
    Libraries\\STM32F0xx_StdPeriph_Driver\\src\\stm32f0xx_syscfg.c 0x00000000   Number         0  stm32f0xx_syscfg.o ABSOLUTE
    Libraries\\STM32F0xx_StdPeriph_Driver\\src\\stm32f0xx_tim.c 0x00000000   Number         0  stm32f0xx_tim.o ABSOLUTE
    Libraries\\STM32F0xx_StdPeriph_Driver\\src\\stm32f0xx_usart.c 0x00000000   Number         0  stm32f0xx_usart.o ABSOLUTE
    Libraries\\STM32F0xx_StdPeriph_Driver\\src\\stm32f0xx_wwdg.c 0x00000000   Number         0  stm32f0xx_wwdg.o ABSOLUTE
    RTE\Device\STM32F030CC\startup_stm32f030xc.s 0x00000000   Number         0  startup_stm32f030xc.o ABSOLUTE
    dc.s                                     0x00000000   Number         0  dc.o ABSOLUTE
    usr\\main.c                              0x00000000   Number         0  main.o ABSOLUTE
    usr\\mygpio.c                            0x00000000   Number         0  mygpio.o ABSOLUTE
    usr\\stm32f0xx_it.c                      0x00000000   Number         0  stm32f0xx_it.o ABSOLUTE
    usr\\sysinit.c                           0x00000000   Number         0  sysinit.o ABSOLUTE
    usr\\system_stm32f0xx.c                  0x00000000   Number         0  system_stm32f0xx.o ABSOLUTE
    usr\\systime.c                           0x00000000   Number         0  systime.o ABSOLUTE
    usr\main.c                               0x00000000   Number         0  main.o ABSOLUTE
    usr\mygpio.c                             0x00000000   Number         0  mygpio.o ABSOLUTE
    usr\stm32f0xx_it.c                       0x00000000   Number         0  stm32f0xx_it.o ABSOLUTE
    usr\sysinit.c                            0x00000000   Number         0  sysinit.o ABSOLUTE
    usr\system_stm32f0xx.c                   0x00000000   Number         0  system_stm32f0xx.o ABSOLUTE
    usr\systime.c                            0x00000000   Number         0  systime.o ABSOLUTE
    RESET                                    0x08000000   Section      184  startup_stm32f030xc.o(RESET)
    !!!main                                  0x080000b8   Section        8  __main.o(!!!main)
    !!!scatter                               0x080000c0   Section       60  __scatter.o(!!!scatter)
    !!handler_copy                           0x080000fc   Section       26  __scatter_copy.o(!!handler_copy)
    !!handler_zi                             0x08000118   Section       28  __scatter_zi.o(!!handler_zi)
    .ARM.Collect$$_printf_percent$$00000000  0x08000134   Section        2  _printf_percent.o(.ARM.Collect$$_printf_percent$$00000000)
    .ARM.Collect$$_printf_percent$$00000001  0x08000136   Section       10  _printf_n.o(.ARM.Collect$$_printf_percent$$00000001)
    .ARM.Collect$$_printf_percent$$00000002  0x08000140   Section       10  _printf_p.o(.ARM.Collect$$_printf_percent$$00000002)
    .ARM.Collect$$_printf_percent$$00000003  0x0800014a   Section       10  _printf_f.o(.ARM.Collect$$_printf_percent$$00000003)
    .ARM.Collect$$_printf_percent$$00000004  0x08000154   Section       10  _printf_e.o(.ARM.Collect$$_printf_percent$$00000004)
    .ARM.Collect$$_printf_percent$$00000005  0x0800015e   Section       10  _printf_g.o(.ARM.Collect$$_printf_percent$$00000005)
    .ARM.Collect$$_printf_percent$$00000006  0x08000168   Section       10  _printf_a.o(.ARM.Collect$$_printf_percent$$00000006)
    .ARM.Collect$$_printf_percent$$00000007  0x08000172   Section       10  _printf_ll.o(.ARM.Collect$$_printf_percent$$00000007)
    .ARM.Collect$$_printf_percent$$00000008  0x0800017c   Section       10  _printf_i.o(.ARM.Collect$$_printf_percent$$00000008)
    .ARM.Collect$$_printf_percent$$00000009  0x08000186   Section       10  _printf_d.o(.ARM.Collect$$_printf_percent$$00000009)
    .ARM.Collect$$_printf_percent$$0000000A  0x08000190   Section       10  _printf_u.o(.ARM.Collect$$_printf_percent$$0000000A)
    .ARM.Collect$$_printf_percent$$0000000B  0x0800019a   Section       10  _printf_o.o(.ARM.Collect$$_printf_percent$$0000000B)
    .ARM.Collect$$_printf_percent$$0000000C  0x080001a4   Section       10  _printf_x.o(.ARM.Collect$$_printf_percent$$0000000C)
    .ARM.Collect$$_printf_percent$$0000000D  0x080001ae   Section       10  _printf_lli.o(.ARM.Collect$$_printf_percent$$0000000D)
    .ARM.Collect$$_printf_percent$$0000000E  0x080001b8   Section       10  _printf_lld.o(.ARM.Collect$$_printf_percent$$0000000E)
    .ARM.Collect$$_printf_percent$$0000000F  0x080001c2   Section       10  _printf_llu.o(.ARM.Collect$$_printf_percent$$0000000F)
    .ARM.Collect$$_printf_percent$$00000010  0x080001cc   Section       10  _printf_llo.o(.ARM.Collect$$_printf_percent$$00000010)
    .ARM.Collect$$_printf_percent$$00000011  0x080001d6   Section       10  _printf_llx.o(.ARM.Collect$$_printf_percent$$00000011)
    .ARM.Collect$$_printf_percent$$00000012  0x080001e0   Section       10  _printf_l.o(.ARM.Collect$$_printf_percent$$00000012)
    .ARM.Collect$$_printf_percent$$00000013  0x080001ea   Section       10  _printf_c.o(.ARM.Collect$$_printf_percent$$00000013)
    .ARM.Collect$$_printf_percent$$00000014  0x080001f4   Section       10  _printf_s.o(.ARM.Collect$$_printf_percent$$00000014)
    .ARM.Collect$$_printf_percent$$00000015  0x080001fe   Section       10  _printf_lc.o(.ARM.Collect$$_printf_percent$$00000015)
    .ARM.Collect$$_printf_percent$$00000016  0x08000208   Section       10  _printf_ls.o(.ARM.Collect$$_printf_percent$$00000016)
    .ARM.Collect$$_printf_percent$$00000017  0x08000212   Section        4  _printf_percent_end.o(.ARM.Collect$$_printf_percent$$00000017)
    .ARM.Collect$$libinit$$00000000          0x08000216   Section        2  libinit.o(.ARM.Collect$$libinit$$00000000)
    .ARM.Collect$$libinit$$00000002          0x08000218   Section        0  libinit2.o(.ARM.Collect$$libinit$$00000002)
    .ARM.Collect$$libinit$$00000004          0x08000218   Section        0  libinit2.o(.ARM.Collect$$libinit$$00000004)
    .ARM.Collect$$libinit$$0000000A          0x08000218   Section        0  libinit2.o(.ARM.Collect$$libinit$$0000000A)
    .ARM.Collect$$libinit$$0000000C          0x08000218   Section        0  libinit2.o(.ARM.Collect$$libinit$$0000000C)
    .ARM.Collect$$libinit$$0000000E          0x08000218   Section        0  libinit2.o(.ARM.Collect$$libinit$$0000000E)
    .ARM.Collect$$libinit$$0000000F          0x08000218   Section        6  libinit2.o(.ARM.Collect$$libinit$$0000000F)
    .ARM.Collect$$libinit$$00000011          0x0800021e   Section        0  libinit2.o(.ARM.Collect$$libinit$$00000011)
    .ARM.Collect$$libinit$$00000012          0x0800021e   Section       12  libinit2.o(.ARM.Collect$$libinit$$00000012)
    .ARM.Collect$$libinit$$00000013          0x0800022a   Section        0  libinit2.o(.ARM.Collect$$libinit$$00000013)
    .ARM.Collect$$libinit$$00000015          0x0800022a   Section        0  libinit2.o(.ARM.Collect$$libinit$$00000015)
    .ARM.Collect$$libinit$$00000016          0x0800022a   Section       10  libinit2.o(.ARM.Collect$$libinit$$00000016)
    .ARM.Collect$$libinit$$00000017          0x08000234   Section        0  libinit2.o(.ARM.Collect$$libinit$$00000017)
    .ARM.Collect$$libinit$$00000019          0x08000234   Section        0  libinit2.o(.ARM.Collect$$libinit$$00000019)
    .ARM.Collect$$libinit$$0000001B          0x08000234   Section        0  libinit2.o(.ARM.Collect$$libinit$$0000001B)
    .ARM.Collect$$libinit$$0000001D          0x08000234   Section        0  libinit2.o(.ARM.Collect$$libinit$$0000001D)
    .ARM.Collect$$libinit$$0000001F          0x08000234   Section        0  libinit2.o(.ARM.Collect$$libinit$$0000001F)
    .ARM.Collect$$libinit$$00000021          0x08000234   Section        0  libinit2.o(.ARM.Collect$$libinit$$00000021)
    .ARM.Collect$$libinit$$00000023          0x08000234   Section        0  libinit2.o(.ARM.Collect$$libinit$$00000023)
    .ARM.Collect$$libinit$$00000025          0x08000234   Section        0  libinit2.o(.ARM.Collect$$libinit$$00000025)
    .ARM.Collect$$libinit$$0000002C          0x08000234   Section        0  libinit2.o(.ARM.Collect$$libinit$$0000002C)
    .ARM.Collect$$libinit$$0000002E          0x08000234   Section        0  libinit2.o(.ARM.Collect$$libinit$$0000002E)
    .ARM.Collect$$libinit$$00000030          0x08000234   Section        0  libinit2.o(.ARM.Collect$$libinit$$00000030)
    .ARM.Collect$$libinit$$00000032          0x08000234   Section        0  libinit2.o(.ARM.Collect$$libinit$$00000032)
    .ARM.Collect$$libinit$$00000033          0x08000234   Section        2  libinit2.o(.ARM.Collect$$libinit$$00000033)
    .ARM.Collect$$libshutdown$$00000000      0x08000236   Section        2  libshutdown.o(.ARM.Collect$$libshutdown$$00000000)
    .ARM.Collect$$libshutdown$$00000003      0x08000238   Section        0  libshutdown2.o(.ARM.Collect$$libshutdown$$00000003)
    .ARM.Collect$$libshutdown$$00000006      0x08000238   Section        0  libshutdown2.o(.ARM.Collect$$libshutdown$$00000006)
    .ARM.Collect$$libshutdown$$00000009      0x08000238   Section        0  libshutdown2.o(.ARM.Collect$$libshutdown$$00000009)
    .ARM.Collect$$libshutdown$$0000000B      0x08000238   Section        0  libshutdown2.o(.ARM.Collect$$libshutdown$$0000000B)
    .ARM.Collect$$libshutdown$$0000000E      0x08000238   Section        0  libshutdown2.o(.ARM.Collect$$libshutdown$$0000000E)
    .ARM.Collect$$libshutdown$$0000000F      0x08000238   Section        2  libshutdown2.o(.ARM.Collect$$libshutdown$$0000000F)
    .ARM.Collect$$rtentry$$00000000          0x0800023a   Section        0  __rtentry.o(.ARM.Collect$$rtentry$$00000000)
    .ARM.Collect$$rtentry$$00000002          0x0800023a   Section        0  __rtentry2.o(.ARM.Collect$$rtentry$$00000002)
    .ARM.Collect$$rtentry$$00000004          0x0800023a   Section        6  __rtentry4.o(.ARM.Collect$$rtentry$$00000004)
    .ARM.Collect$$rtentry$$00000009          0x08000240   Section        0  __rtentry2.o(.ARM.Collect$$rtentry$$00000009)
    .ARM.Collect$$rtentry$$0000000A          0x08000240   Section        4  __rtentry2.o(.ARM.Collect$$rtentry$$0000000A)
    .ARM.Collect$$rtentry$$0000000C          0x08000244   Section        0  __rtentry2.o(.ARM.Collect$$rtentry$$0000000C)
    .ARM.Collect$$rtentry$$0000000D          0x08000244   Section        8  __rtentry2.o(.ARM.Collect$$rtentry$$0000000D)
    .ARM.Collect$$rtexit$$00000000           0x0800024c   Section        2  rtexit.o(.ARM.Collect$$rtexit$$00000000)
    .ARM.Collect$$rtexit$$00000002           0x0800024e   Section        0  rtexit2.o(.ARM.Collect$$rtexit$$00000002)
    .ARM.Collect$$rtexit$$00000003           0x0800024e   Section        4  rtexit2.o(.ARM.Collect$$rtexit$$00000003)
    .ARM.Collect$$rtexit$$00000004           0x08000252   Section        6  rtexit2.o(.ARM.Collect$$rtexit$$00000004)
    .text                                    0x08000258   Section       56  startup_stm32f030xc.o(.text)
    .text                                    0x08000290   Section        0  c89vsprintf.o(.text)
    .text                                    0x080002b4   Section        0  rt_memclr.o(.text)
    .text                                    0x080002f4   Section      346  aeabi_sdiv.o(.text)
    .text                                    0x0800044e   Section        0  heapauxi.o(.text)
    .text                                    0x08000454   Section        0  _printf_pad.o(.text)
    .text                                    0x080004a2   Section        0  _printf_truncate.o(.text)
    .text                                    0x080004c6   Section        0  _printf_str.o(.text)
    .text                                    0x08000518   Section        0  _printf_dec.o(.text)
    .text                                    0x08000584   Section        0  _printf_charcount.o(.text)
    .text                                    0x080005ac   Section        0  _printf_char_common.o(.text)
    _printf_input_char                       0x080005ad   Thumb Code    10  _printf_char_common.o(.text)
    .text                                    0x080005dc   Section        0  _sputc.o(.text)
    .text                                    0x080005e8   Section        0  _printf_wctomb.o(.text)
    .text                                    0x080006a4   Section        0  _printf_longlong_dec.o(.text)
    .text                                    0x08000714   Section        0  _printf_oct_int_ll.o(.text)
    _printf_longlong_oct_internal            0x08000715   Thumb Code     0  _printf_oct_int_ll.o(.text)
    .text                                    0x08000784   Section        0  _printf_hex_int_ll_ptr.o(.text)
    _printf_hex_common                       0x08000785   Thumb Code     0  _printf_hex_int_ll_ptr.o(.text)
    .text                                    0x0800081c   Section        0  __printf_flags_ss_wp.o(.text)
    .text                                    0x080009a4   Section        0  lludiv10.o(.text)
    .text                                    0x08000a1e   Section        0  _printf_intcommon.o(.text)
    .text                                    0x08000ad0   Section        0  _printf_fp_dec.o(.text)
    _fp_digits                               0x08000ad3   Thumb Code   408  _printf_fp_dec.o(.text)
    .text                                    0x08000ee4   Section        0  _printf_char.o(.text)
    .text                                    0x08000f12   Section        0  _printf_wchar.o(.text)
    .text                                    0x08000f40   Section        0  _wcrtomb.o(.text)
    .text                                    0x08000f80   Section        0  rtudiv10.o(.text)
    .text                                    0x08000fa8   Section       62  sys_stackheap_outer.o(.text)
    .text                                    0x08000fe8   Section       16  rt_ctype_table.o(.text)
    .text                                    0x08000ff8   Section        8  rt_locale_intlibspace.o(.text)
    .text                                    0x08001000   Section        0  _printf_fp_infnan.o(.text)
    .text                                    0x08001088   Section        0  bigflt0.o(.text)
    .text                                    0x08001150   Section        0  btod.o(.text)
    btod_internal_mul                        0x08001191   Thumb Code   456  btod.o(.text)
    btod_internal_div                        0x08001359   Thumb Code   494  btod.o(.text)
    .text                                    0x080015f8   Section        0  exit.o(.text)
    .text                                    0x08001604   Section        8  libspace.o(.text)
    .text                                    0x0800160c   Section        0  strcmp.o(.text)
    .text                                    0x08001694   Section        0  sys_exit.o(.text)
    .text                                    0x080016a0   Section        2  use_no_semi.o(.text)
    .text                                    0x080016a2   Section        0  indicate_semi.o(.text)
    i.GPIO_Configuration                     0x080016a4   Section        0  main.o(i.GPIO_Configuration)
    GPIO_Configuration                       0x080016a5   Thumb Code   274  main.o(i.GPIO_Configuration)
    i.GPIO_Init                              0x080017bc   Section        0  stm32f0xx_gpio.o(i.GPIO_Init)
    i.GPIO_PinAFConfig                       0x0800184c   Section        0  stm32f0xx_gpio.o(i.GPIO_PinAFConfig)
    i.GPIO_ResetBits                         0x08001890   Section        0  stm32f0xx_gpio.o(i.GPIO_ResetBits)
    i.GPIO_SetBits                           0x08001894   Section        0  stm32f0xx_gpio.o(i.GPIO_SetBits)
    i.HardFault_Handler                      0x08001898   Section        0  stm32f0xx_it.o(i.HardFault_Handler)
    i.NMI_Handler                            0x0800189c   Section        0  stm32f0xx_it.o(i.NMI_Handler)
    i.NVIC_Configuration                     0x0800189e   Section        0  main.o(i.NVIC_Configuration)
    NVIC_Configuration                       0x0800189f   Thumb Code    52  main.o(i.NVIC_Configuration)
    i.NVIC_Init                              0x080018d4   Section        0  stm32f0xx_misc.o(i.NVIC_Init)
    i.NVIC_SetPriority                       0x08001944   Section        0  main.o(i.NVIC_SetPriority)
    NVIC_SetPriority                         0x08001945   Thumb Code   110  main.o(i.NVIC_SetPriority)
    i.PendSV_Handler                         0x080019bc   Section        0  stm32f0xx_it.o(i.PendSV_Handler)
    i.RCC_AHBPeriphClockCmd                  0x080019c0   Section        0  stm32f0xx_rcc.o(i.RCC_AHBPeriphClockCmd)
    i.RCC_APB1PeriphClockCmd                 0x080019e0   Section        0  stm32f0xx_rcc.o(i.RCC_APB1PeriphClockCmd)
    i.RCC_APB2PeriphClockCmd                 0x08001a00   Section        0  stm32f0xx_rcc.o(i.RCC_APB2PeriphClockCmd)
    i.RCC_Configuration                      0x08001a20   Section        0  main.o(i.RCC_Configuration)
    RCC_Configuration                        0x08001a21   Thumb Code    32  main.o(i.RCC_Configuration)
    i.RCC_GetClocksFreq                      0x08001a40   Section        0  stm32f0xx_rcc.o(i.RCC_GetClocksFreq)
    i.SVC_Handler                            0x08001c88   Section        0  stm32f0xx_it.o(i.SVC_Handler)
    i.SysTick_Handler                        0x08001c8c   Section        0  stm32f0xx_it.o(i.SysTick_Handler)
    i.SystemInit                             0x08001c9c   Section        0  system_stm32f0xx.o(i.SystemInit)
    i.USART1_IRQHandler                      0x08001d10   Section        0  stm32f0xx_it.o(i.USART1_IRQHandler)
    i.USART2_IRQHandler                      0x08001d60   Section        0  stm32f0xx_it.o(i.USART2_IRQHandler)
    i.USART3_6_IRQHandler                    0x08001db0   Section        0  stm32f0xx_it.o(i.USART3_6_IRQHandler)
    i.USART_Cmd                              0x08001e78   Section        0  stm32f0xx_usart.o(i.USART_Cmd)
    i.USART_GetFlagStatus                    0x08001e90   Section        0  stm32f0xx_usart.o(i.USART_GetFlagStatus)
    i.USART_GetITStatus                      0x08001ea4   Section        0  stm32f0xx_usart.o(i.USART_GetITStatus)
    i.USART_ITConfig                         0x08001ef2   Section        0  stm32f0xx_usart.o(i.USART_ITConfig)
    i.USART_Init                             0x08001f34   Section        0  stm32f0xx_usart.o(i.USART_Init)
    i.USART_ReceiveData                      0x0800202c   Section        0  stm32f0xx_usart.o(i.USART_ReceiveData)
    i.USART_SendData                         0x08002036   Section        0  stm32f0xx_usart.o(i.USART_SendData)
    i.__ARM_common_ll_muluu                  0x0800203e   Section        0  btod.o(i.__ARM_common_ll_muluu)
    i.__ARM_fpclassify                       0x08002070   Section        0  fpclassify.o(i.__ARM_fpclassify)
    i._is_digit                              0x0800209c   Section        0  __printf_wp.o(i._is_digit)
    i.led_gpio_init                          0x080020ac   Section        0  main.o(i.led_gpio_init)
    i.main                                   0x080020d4   Section        0  main.o(i.main)
    i.millis                                 0x08002240   Section        0  systime.o(i.millis)
    i.send_string                            0x0800224c   Section        0  stm32f0xx_usart.o(i.send_string)
    i.uart_printf                            0x08002274   Section        0  stm32f0xx_usart.o(i.uart_printf)
    locale$$code                             0x080022a0   Section       44  lc_numeric_c.o(locale$$code)
    locale$$code                             0x080022cc   Section       44  lc_ctype_c.o(locale$$code)
    x$fpl$printf1                            0x080022f8   Section       16  printf1.o(x$fpl$printf1)
    .constdata                               0x08002308   Section        8  _printf_wctomb.o(.constdata)
    x$fpl$usenofp                            0x08002308   Section        0  usenofp.o(x$fpl$usenofp)
    initial_mbstate                          0x08002308   Data           8  _printf_wctomb.o(.constdata)
    .constdata                               0x08002310   Section       40  _printf_hex_int_ll_ptr.o(.constdata)
    uc_hextab                                0x08002310   Data          20  _printf_hex_int_ll_ptr.o(.constdata)
    lc_hextab                                0x08002324   Data          20  _printf_hex_int_ll_ptr.o(.constdata)
    .constdata                               0x08002338   Section       17  __printf_flags_ss_wp.o(.constdata)
    maptable                                 0x08002338   Data          17  __printf_flags_ss_wp.o(.constdata)
    .constdata                               0x0800234c   Section      148  bigflt0.o(.constdata)
    tenpwrs_x                                0x0800234c   Data          60  bigflt0.o(.constdata)
    tenpwrs_i                                0x08002388   Data          64  bigflt0.o(.constdata)
    locale$$data                             0x08002400   Section       28  lc_numeric_c.o(locale$$data)
    __lcnum_c_name                           0x08002404   Data           2  lc_numeric_c.o(locale$$data)
    __lcnum_c_start                          0x0800240c   Data           0  lc_numeric_c.o(locale$$data)
    __lcnum_c_point                          0x08002418   Data           0  lc_numeric_c.o(locale$$data)
    __lcnum_c_thousands                      0x0800241a   Data           0  lc_numeric_c.o(locale$$data)
    __lcnum_c_grouping                       0x0800241b   Data           0  lc_numeric_c.o(locale$$data)
    locale$$data                             0x0800241c   Section      272  lc_ctype_c.o(locale$$data)
    __lcnum_c_end                            0x0800241c   Data           0  lc_numeric_c.o(locale$$data)
    __lcctype_c_name                         0x08002420   Data           2  lc_ctype_c.o(locale$$data)
    __lcctype_c_start                        0x08002428   Data           0  lc_ctype_c.o(locale$$data)
    __lcctype_c_end                          0x0800252c   Data           0  lc_ctype_c.o(locale$$data)
    .data                                    0x20000000   Section       16  stm32f0xx_rcc.o(.data)
    APBAHBPrescTable                         0x20000000   Data          16  stm32f0xx_rcc.o(.data)
    .data                                    0x20000010   Section      154  main.o(.data)
    .data                                    0x200000ac   Section        8  stm32f0xx_it.o(.data)
    .data                                    0x200000b4   Section        4  system_stm32f0xx.o(.data)
    .bss                                     0x200000b8   Section      664  main.o(.bss)
    .bss                                     0x20000350   Section       96  libspace.o(.bss)
    HEAP                                     0x200003b0   Section      512  startup_stm32f030xc.o(HEAP)
    Heap_Mem                                 0x200003b0   Data         512  startup_stm32f030xc.o(HEAP)
    STACK                                    0x200005b0   Section     1024  startup_stm32f030xc.o(STACK)
    Stack_Mem                                0x200005b0   Data        1024  startup_stm32f030xc.o(STACK)
    __initial_sp                             0x200009b0   Data           0  startup_stm32f030xc.o(STACK)

    Global Symbols

    Symbol Name                              Value     Ov Type        Size  Object(Section)

    BuildAttributes$$THM_ISAv3M$S$PE$A:L22$X:L11$S22$IEEE1$IW$USESV6$~STKCKD$USESV7$~SHL$OTIME$ROPI$IEEEJ$EBA8$UX$STANDARDLIB$REQ8$PRES8$EABIv2 0x00000000   Number         0  anon$$obj.o ABSOLUTE
    __ARM_use_no_argv                        0x00000000   Number         0  main.o ABSOLUTE
    _printf_flags                            0x00000000   Number         0  printf_stubs.o ABSOLUTE
    _printf_return_value                     0x00000000   Number         0  printf_stubs.o ABSOLUTE
    _printf_sizespec                         0x00000000   Number         0  printf_stubs.o ABSOLUTE
    _printf_widthprec                        0x00000000   Number         0  printf_stubs.o ABSOLUTE
    __ARM_exceptions_init                     - Undefined Weak Reference
    __alloca_initialize                       - Undefined Weak Reference
    __arm_preinit_                            - Undefined Weak Reference
    __cpp_initialize__aeabi_                  - Undefined Weak Reference
    __cxa_finalize                            - Undefined Weak Reference
    __sigvec_lookup                           - Undefined Weak Reference
    _atexit_init                              - Undefined Weak Reference
    _call_atexit_fns                          - Undefined Weak Reference
    _clock_init                               - Undefined Weak Reference
    _fp_trap_init                             - Undefined Weak Reference
    _fp_trap_shutdown                         - Undefined Weak Reference
    _get_lc_collate                           - Undefined Weak Reference
    _get_lc_monetary                          - Undefined Weak Reference
    _get_lc_time                              - Undefined Weak Reference
    _getenv_init                              - Undefined Weak Reference
    _handle_redirection                       - Undefined Weak Reference
    _init_alloc                               - Undefined Weak Reference
    _init_user_alloc                          - Undefined Weak Reference
    _initio                                   - Undefined Weak Reference
    _printf_fp_hex                            - Undefined Weak Reference
    _printf_mbtowc                            - Undefined Weak Reference
    _printf_wc                                - Undefined Weak Reference
    _rand_init                                - Undefined Weak Reference
    _signal_finish                            - Undefined Weak Reference
    _signal_init                              - Undefined Weak Reference
    _terminate_alloc                          - Undefined Weak Reference
    _terminate_user_alloc                     - Undefined Weak Reference
    _terminateio                              - Undefined Weak Reference
    __Vectors_Size                           0x000000b8   Number         0  startup_stm32f030xc.o ABSOLUTE
    __Vectors                                0x08000000   Data           4  startup_stm32f030xc.o(RESET)
    __Vectors_End                            0x080000b8   Data           0  startup_stm32f030xc.o(RESET)
    __main                                   0x080000b9   Thumb Code     8  __main.o(!!!main)
    __scatterload                            0x080000c1   Thumb Code     0  __scatter.o(!!!scatter)
    __scatterload_rt2                        0x080000c1   Thumb Code    52  __scatter.o(!!!scatter)
    __scatterload_rt2_thumb_only             0x080000c1   Thumb Code     0  __scatter.o(!!!scatter)
    __scatterload_null                       0x080000d1   Thumb Code     0  __scatter.o(!!!scatter)
    __scatterload_copy                       0x080000fd   Thumb Code    26  __scatter_copy.o(!!handler_copy)
    __scatterload_zeroinit                   0x08000119   Thumb Code    28  __scatter_zi.o(!!handler_zi)
    _printf_percent                          0x08000135   Thumb Code     0  _printf_percent.o(.ARM.Collect$$_printf_percent$$00000000)
    _printf_n                                0x08000137   Thumb Code     0  _printf_n.o(.ARM.Collect$$_printf_percent$$00000001)
    _printf_p                                0x08000141   Thumb Code     0  _printf_p.o(.ARM.Collect$$_printf_percent$$00000002)
    _printf_f                                0x0800014b   Thumb Code     0  _printf_f.o(.ARM.Collect$$_printf_percent$$00000003)
    _printf_e                                0x08000155   Thumb Code     0  _printf_e.o(.ARM.Collect$$_printf_percent$$00000004)
    _printf_g                                0x0800015f   Thumb Code     0  _printf_g.o(.ARM.Collect$$_printf_percent$$00000005)
    _printf_a                                0x08000169   Thumb Code     0  _printf_a.o(.ARM.Collect$$_printf_percent$$00000006)
    _printf_ll                               0x08000173   Thumb Code     0  _printf_ll.o(.ARM.Collect$$_printf_percent$$00000007)
    _printf_i                                0x0800017d   Thumb Code     0  _printf_i.o(.ARM.Collect$$_printf_percent$$00000008)
    _printf_d                                0x08000187   Thumb Code     0  _printf_d.o(.ARM.Collect$$_printf_percent$$00000009)
    _printf_u                                0x08000191   Thumb Code     0  _printf_u.o(.ARM.Collect$$_printf_percent$$0000000A)
    _printf_o                                0x0800019b   Thumb Code     0  _printf_o.o(.ARM.Collect$$_printf_percent$$0000000B)
    _printf_x                                0x080001a5   Thumb Code     0  _printf_x.o(.ARM.Collect$$_printf_percent$$0000000C)
    _printf_lli                              0x080001af   Thumb Code     0  _printf_lli.o(.ARM.Collect$$_printf_percent$$0000000D)
    _printf_lld                              0x080001b9   Thumb Code     0  _printf_lld.o(.ARM.Collect$$_printf_percent$$0000000E)
    _printf_llu                              0x080001c3   Thumb Code     0  _printf_llu.o(.ARM.Collect$$_printf_percent$$0000000F)
    _printf_llo                              0x080001cd   Thumb Code     0  _printf_llo.o(.ARM.Collect$$_printf_percent$$00000010)
    _printf_llx                              0x080001d7   Thumb Code     0  _printf_llx.o(.ARM.Collect$$_printf_percent$$00000011)
    _printf_l                                0x080001e1   Thumb Code     0  _printf_l.o(.ARM.Collect$$_printf_percent$$00000012)
    _printf_c                                0x080001eb   Thumb Code     0  _printf_c.o(.ARM.Collect$$_printf_percent$$00000013)
    _printf_s                                0x080001f5   Thumb Code     0  _printf_s.o(.ARM.Collect$$_printf_percent$$00000014)
    _printf_lc                               0x080001ff   Thumb Code     0  _printf_lc.o(.ARM.Collect$$_printf_percent$$00000015)
    _printf_ls                               0x08000209   Thumb Code     0  _printf_ls.o(.ARM.Collect$$_printf_percent$$00000016)
    _printf_percent_end                      0x08000213   Thumb Code     0  _printf_percent_end.o(.ARM.Collect$$_printf_percent$$00000017)
    __rt_lib_init                            0x08000217   Thumb Code     0  libinit.o(.ARM.Collect$$libinit$$00000000)
    __rt_lib_init_fp_1                       0x08000219   Thumb Code     0  libinit2.o(.ARM.Collect$$libinit$$00000002)
    __rt_lib_init_heap_1                     0x08000219   Thumb Code     0  libinit2.o(.ARM.Collect$$libinit$$0000000A)
    __rt_lib_init_lc_common                  0x08000219   Thumb Code     0  libinit2.o(.ARM.Collect$$libinit$$0000000F)
    __rt_lib_init_preinit_1                  0x08000219   Thumb Code     0  libinit2.o(.ARM.Collect$$libinit$$00000004)
    __rt_lib_init_rand_1                     0x08000219   Thumb Code     0  libinit2.o(.ARM.Collect$$libinit$$0000000E)
    __rt_lib_init_user_alloc_1               0x08000219   Thumb Code     0  libinit2.o(.ARM.Collect$$libinit$$0000000C)
    __rt_lib_init_lc_collate_1               0x0800021f   Thumb Code     0  libinit2.o(.ARM.Collect$$libinit$$00000011)
    __rt_lib_init_lc_ctype_2                 0x0800021f   Thumb Code     0  libinit2.o(.ARM.Collect$$libinit$$00000012)
    __rt_lib_init_lc_ctype_1                 0x0800022b   Thumb Code     0  libinit2.o(.ARM.Collect$$libinit$$00000013)
    __rt_lib_init_lc_monetary_1              0x0800022b   Thumb Code     0  libinit2.o(.ARM.Collect$$libinit$$00000015)
    __rt_lib_init_lc_numeric_2               0x0800022b   Thumb Code     0  libinit2.o(.ARM.Collect$$libinit$$00000016)
    __rt_lib_init_alloca_1                   0x08000235   Thumb Code     0  libinit2.o(.ARM.Collect$$libinit$$0000002E)
    __rt_lib_init_argv_1                     0x08000235   Thumb Code     0  libinit2.o(.ARM.Collect$$libinit$$0000002C)
    __rt_lib_init_atexit_1                   0x08000235   Thumb Code     0  libinit2.o(.ARM.Collect$$libinit$$0000001B)
    __rt_lib_init_clock_1                    0x08000235   Thumb Code     0  libinit2.o(.ARM.Collect$$libinit$$00000021)
    __rt_lib_init_cpp_1                      0x08000235   Thumb Code     0  libinit2.o(.ARM.Collect$$libinit$$00000032)
    __rt_lib_init_exceptions_1               0x08000235   Thumb Code     0  libinit2.o(.ARM.Collect$$libinit$$00000030)
    __rt_lib_init_fp_trap_1                  0x08000235   Thumb Code     0  libinit2.o(.ARM.Collect$$libinit$$0000001F)
    __rt_lib_init_getenv_1                   0x08000235   Thumb Code     0  libinit2.o(.ARM.Collect$$libinit$$00000023)
    __rt_lib_init_lc_numeric_1               0x08000235   Thumb Code     0  libinit2.o(.ARM.Collect$$libinit$$00000017)
    __rt_lib_init_lc_time_1                  0x08000235   Thumb Code     0  libinit2.o(.ARM.Collect$$libinit$$00000019)
    __rt_lib_init_return                     0x08000235   Thumb Code     0  libinit2.o(.ARM.Collect$$libinit$$00000033)
    __rt_lib_init_signal_1                   0x08000235   Thumb Code     0  libinit2.o(.ARM.Collect$$libinit$$0000001D)
    __rt_lib_init_stdio_1                    0x08000235   Thumb Code     0  libinit2.o(.ARM.Collect$$libinit$$00000025)
    __rt_lib_shutdown                        0x08000237   Thumb Code     0  libshutdown.o(.ARM.Collect$$libshutdown$$00000000)
    __rt_lib_shutdown_fp_trap_1              0x08000239   Thumb Code     0  libshutdown2.o(.ARM.Collect$$libshutdown$$00000006)
    __rt_lib_shutdown_heap_1                 0x08000239   Thumb Code     0  libshutdown2.o(.ARM.Collect$$libshutdown$$0000000E)
    __rt_lib_shutdown_return                 0x08000239   Thumb Code     0  libshutdown2.o(.ARM.Collect$$libshutdown$$0000000F)
    __rt_lib_shutdown_signal_1               0x08000239   Thumb Code     0  libshutdown2.o(.ARM.Collect$$libshutdown$$00000009)
    __rt_lib_shutdown_stdio_1                0x08000239   Thumb Code     0  libshutdown2.o(.ARM.Collect$$libshutdown$$00000003)
    __rt_lib_shutdown_user_alloc_1           0x08000239   Thumb Code     0  libshutdown2.o(.ARM.Collect$$libshutdown$$0000000B)
    __rt_entry                               0x0800023b   Thumb Code     0  __rtentry.o(.ARM.Collect$$rtentry$$00000000)
    __rt_entry_presh_1                       0x0800023b   Thumb Code     0  __rtentry2.o(.ARM.Collect$$rtentry$$00000002)
    __rt_entry_sh                            0x0800023b   Thumb Code     0  __rtentry4.o(.ARM.Collect$$rtentry$$00000004)
    __rt_entry_li                            0x08000241   Thumb Code     0  __rtentry2.o(.ARM.Collect$$rtentry$$0000000A)
    __rt_entry_postsh_1                      0x08000241   Thumb Code     0  __rtentry2.o(.ARM.Collect$$rtentry$$00000009)
    __rt_entry_main                          0x08000245   Thumb Code     0  __rtentry2.o(.ARM.Collect$$rtentry$$0000000D)
    __rt_entry_postli_1                      0x08000245   Thumb Code     0  __rtentry2.o(.ARM.Collect$$rtentry$$0000000C)
    __rt_exit                                0x0800024d   Thumb Code     0  rtexit.o(.ARM.Collect$$rtexit$$00000000)
    __rt_exit_ls                             0x0800024f   Thumb Code     0  rtexit2.o(.ARM.Collect$$rtexit$$00000003)
    __rt_exit_prels_1                        0x0800024f   Thumb Code     0  rtexit2.o(.ARM.Collect$$rtexit$$00000002)
    __rt_exit_exit                           0x08000253   Thumb Code     0  rtexit2.o(.ARM.Collect$$rtexit$$00000004)
    Reset_Handler                            0x08000259   Thumb Code     8  startup_stm32f030xc.o(.text)
    ADC1_IRQHandler                          0x0800026b   Thumb Code     0  startup_stm32f030xc.o(.text)
    DMA1_Channel1_IRQHandler                 0x0800026b   Thumb Code     0  startup_stm32f030xc.o(.text)
    DMA1_Channel2_3_IRQHandler               0x0800026b   Thumb Code     0  startup_stm32f030xc.o(.text)
    DMA1_Channel4_5_IRQHandler               0x0800026b   Thumb Code     0  startup_stm32f030xc.o(.text)
    EXTI0_1_IRQHandler                       0x0800026b   Thumb Code     0  startup_stm32f030xc.o(.text)
    EXTI2_3_IRQHandler                       0x0800026b   Thumb Code     0  startup_stm32f030xc.o(.text)
    EXTI4_15_IRQHandler                      0x0800026b   Thumb Code     0  startup_stm32f030xc.o(.text)
    FLASH_IRQHandler                         0x0800026b   Thumb Code     0  startup_stm32f030xc.o(.text)
    I2C1_IRQHandler                          0x0800026b   Thumb Code     0  startup_stm32f030xc.o(.text)
    I2C2_IRQHandler                          0x0800026b   Thumb Code     0  startup_stm32f030xc.o(.text)
    RCC_IRQHandler                           0x0800026b   Thumb Code     0  startup_stm32f030xc.o(.text)
    RTC_IRQHandler                           0x0800026b   Thumb Code     0  startup_stm32f030xc.o(.text)
    SPI1_IRQHandler                          0x0800026b   Thumb Code     0  startup_stm32f030xc.o(.text)
    SPI2_IRQHandler                          0x0800026b   Thumb Code     0  startup_stm32f030xc.o(.text)
    TIM14_IRQHandler                         0x0800026b   Thumb Code     0  startup_stm32f030xc.o(.text)
    TIM15_IRQHandler                         0x0800026b   Thumb Code     0  startup_stm32f030xc.o(.text)
    TIM16_IRQHandler                         0x0800026b   Thumb Code     0  startup_stm32f030xc.o(.text)
    TIM17_IRQHandler                         0x0800026b   Thumb Code     0  startup_stm32f030xc.o(.text)
    TIM1_BRK_UP_TRG_COM_IRQHandler           0x0800026b   Thumb Code     0  startup_stm32f030xc.o(.text)
    TIM1_CC_IRQHandler                       0x0800026b   Thumb Code     0  startup_stm32f030xc.o(.text)
    TIM3_IRQHandler                          0x0800026b   Thumb Code     0  startup_stm32f030xc.o(.text)
    TIM6_IRQHandler                          0x0800026b   Thumb Code     0  startup_stm32f030xc.o(.text)
    TIM7_IRQHandler                          0x0800026b   Thumb Code     0  startup_stm32f030xc.o(.text)
    WWDG_IRQHandler                          0x0800026b   Thumb Code     0  startup_stm32f030xc.o(.text)
    __user_initial_stackheap                 0x0800026d   Thumb Code     0  startup_stm32f030xc.o(.text)
    __c89vsprintf                            0x08000291   Thumb Code    32  c89vsprintf.o(.text)
    _memset_w                                0x080002b5   Thumb Code    26  rt_memclr.o(.text)
    _memset                                  0x080002cf   Thumb Code    30  rt_memclr.o(.text)
    __aeabi_memclr                           0x080002ed   Thumb Code     4  rt_memclr.o(.text)
    __rt_memclr                              0x080002ed   Thumb Code     0  rt_memclr.o(.text)
    __aeabi_memclr4                          0x080002f1   Thumb Code     0  rt_memclr.o(.text)
    __aeabi_memclr8                          0x080002f1   Thumb Code     0  rt_memclr.o(.text)
    __rt_memclr_w                            0x080002f1   Thumb Code     4  rt_memclr.o(.text)
    __aeabi_uidiv                            0x080002f5   Thumb Code     0  aeabi_sdiv.o(.text)
    __aeabi_uidivmod                         0x080002f5   Thumb Code    20  aeabi_sdiv.o(.text)
    __aeabi_idiv                             0x08000309   Thumb Code     0  aeabi_sdiv.o(.text)
    __aeabi_idivmod                          0x08000309   Thumb Code   326  aeabi_sdiv.o(.text)
    __use_two_region_memory                  0x0800044f   Thumb Code     2  heapauxi.o(.text)
    __rt_heap_escrow$2region                 0x08000451   Thumb Code     2  heapauxi.o(.text)
    __rt_heap_expand$2region                 0x08000453   Thumb Code     2  heapauxi.o(.text)
    _printf_pre_padding                      0x08000455   Thumb Code    44  _printf_pad.o(.text)
    _printf_post_padding                     0x08000481   Thumb Code    34  _printf_pad.o(.text)
    _printf_truncate_signed                  0x080004a3   Thumb Code    18  _printf_truncate.o(.text)
    _printf_truncate_unsigned                0x080004b5   Thumb Code    18  _printf_truncate.o(.text)
    _printf_str                              0x080004c7   Thumb Code    82  _printf_str.o(.text)
    _printf_int_dec                          0x08000519   Thumb Code    90  _printf_dec.o(.text)
    _printf_charcount                        0x08000585   Thumb Code    38  _printf_charcount.o(.text)
    _printf_char_common                      0x080005b7   Thumb Code    32  _printf_char_common.o(.text)
    _sputc                                   0x080005dd   Thumb Code    10  _sputc.o(.text)
    _printf_wctomb                           0x080005e9   Thumb Code   182  _printf_wctomb.o(.text)
    _printf_longlong_dec                     0x080006a5   Thumb Code    94  _printf_longlong_dec.o(.text)
    _printf_longlong_oct                     0x08000715   Thumb Code    68  _printf_oct_int_ll.o(.text)
    _printf_int_oct                          0x08000759   Thumb Code    24  _printf_oct_int_ll.o(.text)
    _printf_ll_oct                           0x08000771   Thumb Code    10  _printf_oct_int_ll.o(.text)
    _printf_longlong_hex                     0x08000785   Thumb Code    88  _printf_hex_int_ll_ptr.o(.text)
    _printf_int_hex                          0x080007dd   Thumb Code    28  _printf_hex_int_ll_ptr.o(.text)
    _printf_ll_hex                           0x080007f9   Thumb Code    10  _printf_hex_int_ll_ptr.o(.text)
    _printf_hex_ptr                          0x08000803   Thumb Code    22  _printf_hex_int_ll_ptr.o(.text)
    __printf                                 0x0800081d   Thumb Code   386  __printf_flags_ss_wp.o(.text)
    _ll_udiv10                               0x080009a5   Thumb Code   122  lludiv10.o(.text)
    _printf_int_common                       0x08000a1f   Thumb Code   176  _printf_intcommon.o(.text)
    __lib_sel_fp_printf                      0x08000ad1   Thumb Code     2  _printf_fp_dec.o(.text)
    _printf_fp_dec_real                      0x08000c6b   Thumb Code   620  _printf_fp_dec.o(.text)
    _printf_cs_common                        0x08000ee5   Thumb Code    22  _printf_char.o(.text)
    _printf_char                             0x08000efb   Thumb Code    16  _printf_char.o(.text)
    _printf_string                           0x08000f0b   Thumb Code     8  _printf_char.o(.text)
    _printf_lcs_common                       0x08000f13   Thumb Code    22  _printf_wchar.o(.text)
    _printf_wchar                            0x08000f29   Thumb Code    16  _printf_wchar.o(.text)
    _printf_wstring                          0x08000f39   Thumb Code     8  _printf_wchar.o(.text)
    _wcrtomb                                 0x08000f41   Thumb Code    64  _wcrtomb.o(.text)
    __rt_udiv10                              0x08000f81   Thumb Code    40  rtudiv10.o(.text)
    __user_setup_stackheap                   0x08000fa9   Thumb Code    62  sys_stackheap_outer.o(.text)
    __rt_ctype_table                         0x08000fe9   Thumb Code    16  rt_ctype_table.o(.text)
    __rt_locale                              0x08000ff9   Thumb Code     8  rt_locale_intlibspace.o(.text)
    _printf_fp_infnan                        0x08001001   Thumb Code   120  _printf_fp_infnan.o(.text)
    _btod_etento                             0x08001089   Thumb Code   196  bigflt0.o(.text)
    _btod_d2e                                0x08001151   Thumb Code    64  btod.o(.text)
    _btod_emul                               0x08001547   Thumb Code    24  btod.o(.text)
    _btod_emuld                              0x0800155f   Thumb Code    60  btod.o(.text)
    _btod_ediv                               0x0800159b   Thumb Code    22  btod.o(.text)
    _btod_edivd                              0x080015b1   Thumb Code    60  btod.o(.text)
    exit                                     0x080015f9   Thumb Code    12  exit.o(.text)
    __user_libspace                          0x08001605   Thumb Code     8  libspace.o(.text)
    __user_perproc_libspace                  0x08001605   Thumb Code     0  libspace.o(.text)
    __user_perthread_libspace                0x08001605   Thumb Code     0  libspace.o(.text)
    strcmp                                   0x0800160d   Thumb Code   132  strcmp.o(.text)
    _sys_exit                                0x08001695   Thumb Code     8  sys_exit.o(.text)
    __I$use$semihosting                      0x080016a1   Thumb Code     0  use_no_semi.o(.text)
    __use_no_semihosting_swi                 0x080016a1   Thumb Code     2  use_no_semi.o(.text)
    __semihosting_library_function           0x080016a3   Thumb Code     0  indicate_semi.o(.text)
    GPIO_Init                                0x080017bd   Thumb Code   144  stm32f0xx_gpio.o(i.GPIO_Init)
    GPIO_PinAFConfig                         0x0800184d   Thumb Code    68  stm32f0xx_gpio.o(i.GPIO_PinAFConfig)
    GPIO_ResetBits                           0x08001891   Thumb Code     4  stm32f0xx_gpio.o(i.GPIO_ResetBits)
    GPIO_SetBits                             0x08001895   Thumb Code     4  stm32f0xx_gpio.o(i.GPIO_SetBits)
    HardFault_Handler                        0x08001899   Thumb Code     4  stm32f0xx_it.o(i.HardFault_Handler)
    NMI_Handler                              0x0800189d   Thumb Code     2  stm32f0xx_it.o(i.NMI_Handler)
    NVIC_Init                                0x080018d5   Thumb Code   106  stm32f0xx_misc.o(i.NVIC_Init)
    PendSV_Handler                           0x080019bd   Thumb Code     2  stm32f0xx_it.o(i.PendSV_Handler)
    RCC_AHBPeriphClockCmd                    0x080019c1   Thumb Code    28  stm32f0xx_rcc.o(i.RCC_AHBPeriphClockCmd)
    RCC_APB1PeriphClockCmd                   0x080019e1   Thumb Code    28  stm32f0xx_rcc.o(i.RCC_APB1PeriphClockCmd)
    RCC_APB2PeriphClockCmd                   0x08001a01   Thumb Code    28  stm32f0xx_rcc.o(i.RCC_APB2PeriphClockCmd)
    RCC_GetClocksFreq                        0x08001a41   Thumb Code   554  stm32f0xx_rcc.o(i.RCC_GetClocksFreq)
    SVC_Handler                              0x08001c89   Thumb Code     2  stm32f0xx_it.o(i.SVC_Handler)
    SysTick_Handler                          0x08001c8d   Thumb Code    12  stm32f0xx_it.o(i.SysTick_Handler)
    SystemInit                               0x08001c9d   Thumb Code   104  system_stm32f0xx.o(i.SystemInit)
    USART1_IRQHandler                        0x08001d11   Thumb Code    58  stm32f0xx_it.o(i.USART1_IRQHandler)
    USART2_IRQHandler                        0x08001d61   Thumb Code    58  stm32f0xx_it.o(i.USART2_IRQHandler)
    USART3_6_IRQHandler                      0x08001db1   Thumb Code   168  stm32f0xx_it.o(i.USART3_6_IRQHandler)
    USART_Cmd                                0x08001e79   Thumb Code    24  stm32f0xx_usart.o(i.USART_Cmd)
    USART_GetFlagStatus                      0x08001e91   Thumb Code    20  stm32f0xx_usart.o(i.USART_GetFlagStatus)
    USART_GetITStatus                        0x08001ea5   Thumb Code    78  stm32f0xx_usart.o(i.USART_GetITStatus)
    USART_ITConfig                           0x08001ef3   Thumb Code    66  stm32f0xx_usart.o(i.USART_ITConfig)
    USART_Init                               0x08001f35   Thumb Code   226  stm32f0xx_usart.o(i.USART_Init)
    USART_ReceiveData                        0x0800202d   Thumb Code    10  stm32f0xx_usart.o(i.USART_ReceiveData)
    USART_SendData                           0x08002037   Thumb Code     8  stm32f0xx_usart.o(i.USART_SendData)
    __ARM_common_ll_muluu                    0x0800203f   Thumb Code    48  btod.o(i.__ARM_common_ll_muluu)
    __ARM_fpclassify                         0x08002071   Thumb Code    40  fpclassify.o(i.__ARM_fpclassify)
    _is_digit                                0x0800209d   Thumb Code    14  __printf_wp.o(i._is_digit)
    led_gpio_init                            0x080020ad   Thumb Code    34  main.o(i.led_gpio_init)
    main                                     0x080020d5   Thumb Code   302  main.o(i.main)
    millis                                   0x08002241   Thumb Code     6  systime.o(i.millis)
    send_string                              0x0800224d   Thumb Code    40  stm32f0xx_usart.o(i.send_string)
    uart_printf                              0x08002275   Thumb Code    44  stm32f0xx_usart.o(i.uart_printf)
    _get_lc_numeric                          0x080022a1   Thumb Code    44  lc_numeric_c.o(locale$$code)
    _get_lc_ctype                            0x080022cd   Thumb Code    44  lc_ctype_c.o(locale$$code)
    _printf_fp_dec                           0x080022f9   Thumb Code    16  printf1.o(x$fpl$printf1)
    __I$use$fp                               0x08002308   Number         0  usenofp.o(x$fpl$usenofp)
    Region$$Table$$Base                      0x080023e0   Number         0  anon$$obj.o(Region$$Table)
    Region$$Table$$Limit                     0x08002400   Number         0  anon$$obj.o(Region$$Table)
    __ctype                                  0x08002429   Data           0  lc_ctype_c.o(locale$$data)
    aTxBuffer                                0x20000010   Data         128  main.o(.data)
    TxCounter                                0x20000090   Data           1  main.o(.data)
    UsartInstance                            0x20000094   Data          20  main.o(.data)
    UsartIndex                               0x200000a8   Data           1  main.o(.data)
    blink_flag                               0x200000a9   Data           1  main.o(.data)
    RxCounter                                0x200000ac   Data           1  stm32f0xx_it.o(.data)
    ReceiveState                             0x200000ad   Data           1  stm32f0xx_it.o(.data)
    system_time                              0x200000b0   Data           4  stm32f0xx_it.o(.data)
    SystemCoreClock                          0x200000b4   Data           4  system_stm32f0xx.o(.data)
    aRxBuffer                                0x200000b8   Data         640  main.o(.bss)
    USART_InitStructure                      0x20000338   Data          24  main.o(.bss)
    __libspace_start                         0x20000350   Data          96  libspace.o(.bss)
    __temporary_stack_top$libspace           0x200003b0   Data           0  libspace.o(.bss)



==============================================================================

Memory Map of the image

  Image Entry point : 0x080000b9

  Load Region LR_IROM1 (Base: 0x08000000, Size: 0x000025e4, Max: 0x00040000, ABSOLUTE)

    Execution Region ER_IROM1 (Base: 0x08000000, Size: 0x0000252c, Max: 0x00040000, ABSOLUTE)

    Base Addr    Size         Type   Attr      Idx    E Section Name        Object

    0x08000000   0x000000b8   Data   RO         3948    RESET               startup_stm32f030xc.o
    0x080000b8   0x00000008   Code   RO         3965  * !!!main             c_p.l(__main.o)
    0x080000c0   0x0000003c   Code   RO         4272    !!!scatter          c_p.l(__scatter.o)
    0x080000fc   0x0000001a   Code   RO         4274    !!handler_copy      c_p.l(__scatter_copy.o)
    0x08000116   0x00000002   PAD
    0x08000118   0x0000001c   Code   RO         4276    !!handler_zi        c_p.l(__scatter_zi.o)
    0x08000134   0x00000002   Code   RO         4053    .ARM.Collect$$_printf_percent$$00000000  c_p.l(_printf_percent.o)
    0x08000136   0x0000000a   Code   RO         4042    .ARM.Collect$$_printf_percent$$00000001  c_p.l(_printf_n.o)
    0x08000140   0x0000000a   Code   RO         4044    .ARM.Collect$$_printf_percent$$00000002  c_p.l(_printf_p.o)
    0x0800014a   0x0000000a   Code   RO         4049    .ARM.Collect$$_printf_percent$$00000003  c_p.l(_printf_f.o)
    0x08000154   0x0000000a   Code   RO         4050    .ARM.Collect$$_printf_percent$$00000004  c_p.l(_printf_e.o)
    0x0800015e   0x0000000a   Code   RO         4051    .ARM.Collect$$_printf_percent$$00000005  c_p.l(_printf_g.o)
    0x08000168   0x0000000a   Code   RO         4052    .ARM.Collect$$_printf_percent$$00000006  c_p.l(_printf_a.o)
    0x08000172   0x0000000a   Code   RO         4057    .ARM.Collect$$_printf_percent$$00000007  c_p.l(_printf_ll.o)
    0x0800017c   0x0000000a   Code   RO         4046    .ARM.Collect$$_printf_percent$$00000008  c_p.l(_printf_i.o)
    0x08000186   0x0000000a   Code   RO         4047    .ARM.Collect$$_printf_percent$$00000009  c_p.l(_printf_d.o)
    0x08000190   0x0000000a   Code   RO         4048    .ARM.Collect$$_printf_percent$$0000000A  c_p.l(_printf_u.o)
    0x0800019a   0x0000000a   Code   RO         4045    .ARM.Collect$$_printf_percent$$0000000B  c_p.l(_printf_o.o)
    0x080001a4   0x0000000a   Code   RO         4043    .ARM.Collect$$_printf_percent$$0000000C  c_p.l(_printf_x.o)
    0x080001ae   0x0000000a   Code   RO         4054    .ARM.Collect$$_printf_percent$$0000000D  c_p.l(_printf_lli.o)
    0x080001b8   0x0000000a   Code   RO         4055    .ARM.Collect$$_printf_percent$$0000000E  c_p.l(_printf_lld.o)
    0x080001c2   0x0000000a   Code   RO         4056    .ARM.Collect$$_printf_percent$$0000000F  c_p.l(_printf_llu.o)
    0x080001cc   0x0000000a   Code   RO         4061    .ARM.Collect$$_printf_percent$$00000010  c_p.l(_printf_llo.o)
    0x080001d6   0x0000000a   Code   RO         4062    .ARM.Collect$$_printf_percent$$00000011  c_p.l(_printf_llx.o)
    0x080001e0   0x0000000a   Code   RO         4058    .ARM.Collect$$_printf_percent$$00000012  c_p.l(_printf_l.o)
    0x080001ea   0x0000000a   Code   RO         4040    .ARM.Collect$$_printf_percent$$00000013  c_p.l(_printf_c.o)
    0x080001f4   0x0000000a   Code   RO         4041    .ARM.Collect$$_printf_percent$$00000014  c_p.l(_printf_s.o)
    0x080001fe   0x0000000a   Code   RO         4059    .ARM.Collect$$_printf_percent$$00000015  c_p.l(_printf_lc.o)
    0x08000208   0x0000000a   Code   RO         4060    .ARM.Collect$$_printf_percent$$00000016  c_p.l(_printf_ls.o)
    0x08000212   0x00000004   Code   RO         4094    .ARM.Collect$$_printf_percent$$00000017  c_p.l(_printf_percent_end.o)
    0x08000216   0x00000002   Code   RO         4132    .ARM.Collect$$libinit$$00000000  c_p.l(libinit.o)
    0x08000218   0x00000000   Code   RO         4156    .ARM.Collect$$libinit$$00000002  c_p.l(libinit2.o)
    0x08000218   0x00000000   Code   RO         4158    .ARM.Collect$$libinit$$00000004  c_p.l(libinit2.o)
    0x08000218   0x00000000   Code   RO         4161    .ARM.Collect$$libinit$$0000000A  c_p.l(libinit2.o)
    0x08000218   0x00000000   Code   RO         4163    .ARM.Collect$$libinit$$0000000C  c_p.l(libinit2.o)
    0x08000218   0x00000000   Code   RO         4165    .ARM.Collect$$libinit$$0000000E  c_p.l(libinit2.o)
    0x08000218   0x00000006   Code   RO         4166    .ARM.Collect$$libinit$$0000000F  c_p.l(libinit2.o)
    0x0800021e   0x00000000   Code   RO         4168    .ARM.Collect$$libinit$$00000011  c_p.l(libinit2.o)
    0x0800021e   0x0000000c   Code   RO         4169    .ARM.Collect$$libinit$$00000012  c_p.l(libinit2.o)
    0x0800022a   0x00000000   Code   RO         4170    .ARM.Collect$$libinit$$00000013  c_p.l(libinit2.o)
    0x0800022a   0x00000000   Code   RO         4172    .ARM.Collect$$libinit$$00000015  c_p.l(libinit2.o)
    0x0800022a   0x0000000a   Code   RO         4173    .ARM.Collect$$libinit$$00000016  c_p.l(libinit2.o)
    0x08000234   0x00000000   Code   RO         4174    .ARM.Collect$$libinit$$00000017  c_p.l(libinit2.o)
    0x08000234   0x00000000   Code   RO         4176    .ARM.Collect$$libinit$$00000019  c_p.l(libinit2.o)
    0x08000234   0x00000000   Code   RO         4178    .ARM.Collect$$libinit$$0000001B  c_p.l(libinit2.o)
    0x08000234   0x00000000   Code   RO         4180    .ARM.Collect$$libinit$$0000001D  c_p.l(libinit2.o)
    0x08000234   0x00000000   Code   RO         4182    .ARM.Collect$$libinit$$0000001F  c_p.l(libinit2.o)
    0x08000234   0x00000000   Code   RO         4184    .ARM.Collect$$libinit$$00000021  c_p.l(libinit2.o)
    0x08000234   0x00000000   Code   RO         4186    .ARM.Collect$$libinit$$00000023  c_p.l(libinit2.o)
    0x08000234   0x00000000   Code   RO         4188    .ARM.Collect$$libinit$$00000025  c_p.l(libinit2.o)
    0x08000234   0x00000000   Code   RO         4192    .ARM.Collect$$libinit$$0000002C  c_p.l(libinit2.o)
    0x08000234   0x00000000   Code   RO         4194    .ARM.Collect$$libinit$$0000002E  c_p.l(libinit2.o)
    0x08000234   0x00000000   Code   RO         4196    .ARM.Collect$$libinit$$00000030  c_p.l(libinit2.o)
    0x08000234   0x00000000   Code   RO         4198    .ARM.Collect$$libinit$$00000032  c_p.l(libinit2.o)
    0x08000234   0x00000002   Code   RO         4199    .ARM.Collect$$libinit$$00000033  c_p.l(libinit2.o)
    0x08000236   0x00000002   Code   RO         4230    .ARM.Collect$$libshutdown$$00000000  c_p.l(libshutdown.o)
    0x08000238   0x00000000   Code   RO         4257    .ARM.Collect$$libshutdown$$00000003  c_p.l(libshutdown2.o)
    0x08000238   0x00000000   Code   RO         4260    .ARM.Collect$$libshutdown$$00000006  c_p.l(libshutdown2.o)
    0x08000238   0x00000000   Code   RO         4263    .ARM.Collect$$libshutdown$$00000009  c_p.l(libshutdown2.o)
    0x08000238   0x00000000   Code   RO         4265    .ARM.Collect$$libshutdown$$0000000B  c_p.l(libshutdown2.o)
    0x08000238   0x00000000   Code   RO         4268    .ARM.Collect$$libshutdown$$0000000E  c_p.l(libshutdown2.o)
    0x08000238   0x00000002   Code   RO         4269    .ARM.Collect$$libshutdown$$0000000F  c_p.l(libshutdown2.o)
    0x0800023a   0x00000000   Code   RO         3967    .ARM.Collect$$rtentry$$00000000  c_p.l(__rtentry.o)
    0x0800023a   0x00000000   Code   RO         4066    .ARM.Collect$$rtentry$$00000002  c_p.l(__rtentry2.o)
    0x0800023a   0x00000006   Code   RO         4078    .ARM.Collect$$rtentry$$00000004  c_p.l(__rtentry4.o)
    0x08000240   0x00000000   Code   RO         4068    .ARM.Collect$$rtentry$$00000009  c_p.l(__rtentry2.o)
    0x08000240   0x00000004   Code   RO         4069    .ARM.Collect$$rtentry$$0000000A  c_p.l(__rtentry2.o)
    0x08000244   0x00000000   Code   RO         4071    .ARM.Collect$$rtentry$$0000000C  c_p.l(__rtentry2.o)
    0x08000244   0x00000008   Code   RO         4072    .ARM.Collect$$rtentry$$0000000D  c_p.l(__rtentry2.o)
    0x0800024c   0x00000002   Code   RO         4142    .ARM.Collect$$rtexit$$00000000  c_p.l(rtexit.o)
    0x0800024e   0x00000000   Code   RO         4203    .ARM.Collect$$rtexit$$00000002  c_p.l(rtexit2.o)
    0x0800024e   0x00000004   Code   RO         4204    .ARM.Collect$$rtexit$$00000003  c_p.l(rtexit2.o)
    0x08000252   0x00000006   Code   RO         4205    .ARM.Collect$$rtexit$$00000004  c_p.l(rtexit2.o)
    0x08000258   0x00000038   Code   RO         3949    .text               startup_stm32f030xc.o
    0x08000290   0x00000024   Code   RO         3955    .text               c_p.l(c89vsprintf.o)
    0x080002b4   0x00000040   Code   RO         3957    .text               c_p.l(rt_memclr.o)
    0x080002f4   0x0000015a   Code   RO         3959    .text               c_p.l(aeabi_sdiv.o)
    0x0800044e   0x00000006   Code   RO         3963    .text               c_p.l(heapauxi.o)
    0x08000454   0x0000004e   Code   RO         3974    .text               c_p.l(_printf_pad.o)
    0x080004a2   0x00000024   Code   RO         3976    .text               c_p.l(_printf_truncate.o)
    0x080004c6   0x00000052   Code   RO         3978    .text               c_p.l(_printf_str.o)
    0x08000518   0x0000006c   Code   RO         3980    .text               c_p.l(_printf_dec.o)
    0x08000584   0x00000026   Code   RO         3982    .text               c_p.l(_printf_charcount.o)
    0x080005aa   0x00000002   PAD
    0x080005ac   0x00000030   Code   RO         3984    .text               c_p.l(_printf_char_common.o)
    0x080005dc   0x0000000a   Code   RO         3986    .text               c_p.l(_sputc.o)
    0x080005e6   0x00000002   PAD
    0x080005e8   0x000000bc   Code   RO         3988    .text               c_p.l(_printf_wctomb.o)
    0x080006a4   0x00000070   Code   RO         3991    .text               c_p.l(_printf_longlong_dec.o)
    0x08000714   0x00000070   Code   RO         3997    .text               c_p.l(_printf_oct_int_ll.o)
    0x08000784   0x00000098   Code   RO         4017    .text               c_p.l(_printf_hex_int_ll_ptr.o)
    0x0800081c   0x00000188   Code   RO         4037    .text               c_p.l(__printf_flags_ss_wp.o)
    0x080009a4   0x0000007a   Code   RO         4082    .text               c_p.l(lludiv10.o)
    0x08000a1e   0x000000b0   Code   RO         4084    .text               c_p.l(_printf_intcommon.o)
    0x08000ace   0x00000002   PAD
    0x08000ad0   0x00000414   Code   RO         4086    .text               c_p.l(_printf_fp_dec.o)
    0x08000ee4   0x0000002e   Code   RO         4090    .text               c_p.l(_printf_char.o)
    0x08000f12   0x0000002e   Code   RO         4092    .text               c_p.l(_printf_wchar.o)
    0x08000f40   0x00000040   Code   RO         4095    .text               c_p.l(_wcrtomb.o)
    0x08000f80   0x00000028   Code   RO         4097    .text               c_p.l(rtudiv10.o)
    0x08000fa8   0x0000003e   Code   RO         4099    .text               c_p.l(sys_stackheap_outer.o)
    0x08000fe6   0x00000002   PAD
    0x08000fe8   0x00000010   Code   RO         4102    .text               c_p.l(rt_ctype_table.o)
    0x08000ff8   0x00000008   Code   RO         4107    .text               c_p.l(rt_locale_intlibspace.o)
    0x08001000   0x00000088   Code   RO         4109    .text               c_p.l(_printf_fp_infnan.o)
    0x08001088   0x000000c8   Code   RO         4111    .text               c_p.l(bigflt0.o)
    0x08001150   0x000004a8   Code   RO         4114    .text               c_p.l(btod.o)
    0x080015f8   0x0000000c   Code   RO         4121    .text               c_p.l(exit.o)
    0x08001604   0x00000008   Code   RO         4138    .text               c_p.l(libspace.o)
    0x0800160c   0x00000088   Code   RO         4153    .text               c_p.l(strcmp.o)
    0x08001694   0x0000000c   Code   RO         4200    .text               c_p.l(sys_exit.o)
    0x080016a0   0x00000002   Code   RO         4219    .text               c_p.l(use_no_semi.o)
    0x080016a2   0x00000000   Code   RO         4221    .text               c_p.l(indicate_semi.o)
    0x080016a2   0x00000002   PAD
    0x080016a4   0x00000118   Code   RO         3703    i.GPIO_Configuration  main.o
    0x080017bc   0x00000090   Code   RO         1361    i.GPIO_Init         stm32f0xx_gpio.o
    0x0800184c   0x00000044   Code   RO         1362    i.GPIO_PinAFConfig  stm32f0xx_gpio.o
    0x08001890   0x00000004   Code   RO         1368    i.GPIO_ResetBits    stm32f0xx_gpio.o
    0x08001894   0x00000004   Code   RO         1369    i.GPIO_SetBits      stm32f0xx_gpio.o
    0x08001898   0x00000004   Code   RO         3780    i.HardFault_Handler  stm32f0xx_it.o
    0x0800189c   0x00000002   Code   RO         3781    i.NMI_Handler       stm32f0xx_it.o
    0x0800189e   0x00000034   Code   RO         3704    i.NVIC_Configuration  main.o
    0x080018d2   0x00000002   PAD
    0x080018d4   0x00000070   Code   RO         1774    i.NVIC_Init         stm32f0xx_misc.o
    0x08001944   0x00000078   Code   RO         3705    i.NVIC_SetPriority  main.o
    0x080019bc   0x00000002   Code   RO         3782    i.PendSV_Handler    stm32f0xx_it.o
    0x080019be   0x00000002   PAD
    0x080019c0   0x00000020   Code   RO         1881    i.RCC_AHBPeriphClockCmd  stm32f0xx_rcc.o
    0x080019e0   0x00000020   Code   RO         1883    i.RCC_APB1PeriphClockCmd  stm32f0xx_rcc.o
    0x08001a00   0x00000020   Code   RO         1885    i.RCC_APB2PeriphClockCmd  stm32f0xx_rcc.o
    0x08001a20   0x00000020   Code   RO         3706    i.RCC_Configuration  main.o
    0x08001a40   0x00000248   Code   RO         1895    i.RCC_GetClocksFreq  stm32f0xx_rcc.o
    0x08001c88   0x00000002   Code   RO         3783    i.SVC_Handler       stm32f0xx_it.o
    0x08001c8a   0x00000002   PAD
    0x08001c8c   0x00000010   Code   RO         3784    i.SysTick_Handler   stm32f0xx_it.o
    0x08001c9c   0x00000074   Code   RO         3853    i.SystemInit        system_stm32f0xx.o
    0x08001d10   0x00000050   Code   RO         3785    i.USART1_IRQHandler  stm32f0xx_it.o
    0x08001d60   0x00000050   Code   RO         3786    i.USART2_IRQHandler  stm32f0xx_it.o
    0x08001db0   0x000000c8   Code   RO         3787    i.USART3_6_IRQHandler  stm32f0xx_it.o
    0x08001e78   0x00000018   Code   RO         3321    i.USART_Cmd         stm32f0xx_usart.o
    0x08001e90   0x00000014   Code   RO         3329    i.USART_GetFlagStatus  stm32f0xx_usart.o
    0x08001ea4   0x0000004e   Code   RO         3330    i.USART_GetITStatus  stm32f0xx_usart.o
    0x08001ef2   0x00000042   Code   RO         3332    i.USART_ITConfig    stm32f0xx_usart.o
    0x08001f34   0x000000f8   Code   RO         3333    i.USART_Init        stm32f0xx_usart.o
    0x0800202c   0x0000000a   Code   RO         3345    i.USART_ReceiveData  stm32f0xx_usart.o
    0x08002036   0x00000008   Code   RO         3350    i.USART_SendData    stm32f0xx_usart.o
    0x0800203e   0x00000030   Code   RO         4116    i.__ARM_common_ll_muluu  c_p.l(btod.o)
    0x0800206e   0x00000002   PAD
    0x08002070   0x0000002c   Code   RO         4136    i.__ARM_fpclassify  m_ps.l(fpclassify.o)
    0x0800209c   0x0000000e   Code   RO         4030    i._is_digit         c_p.l(__printf_wp.o)
    0x080020aa   0x00000002   PAD
    0x080020ac   0x00000028   Code   RO         3707    i.led_gpio_init     main.o
    0x080020d4   0x0000016c   Code   RO         3708    i.main              main.o
    0x08002240   0x0000000c   Code   RO         3923    i.millis            systime.o
    0x0800224c   0x00000028   Code   RO         3363    i.send_string       stm32f0xx_usart.o
    0x08002274   0x0000002c   Code   RO         3364    i.uart_printf       stm32f0xx_usart.o
    0x080022a0   0x0000002c   Code   RO         4119    locale$$code        c_p.l(lc_numeric_c.o)
    0x080022cc   0x0000002c   Code   RO         4147    locale$$code        c_p.l(lc_ctype_c.o)
    0x080022f8   0x00000010   Code   RO         4063    x$fpl$printf1       fz_ps.l(printf1.o)
    0x08002308   0x00000000   Code   RO         4135    x$fpl$usenofp       fz_ps.l(usenofp.o)
    0x08002308   0x00000008   Data   RO         3989    .constdata          c_p.l(_printf_wctomb.o)
    0x08002310   0x00000028   Data   RO         4018    .constdata          c_p.l(_printf_hex_int_ll_ptr.o)
    0x08002338   0x00000011   Data   RO         4038    .constdata          c_p.l(__printf_flags_ss_wp.o)
    0x08002349   0x00000003   PAD
    0x0800234c   0x00000094   Data   RO         4112    .constdata          c_p.l(bigflt0.o)
    0x080023e0   0x00000020   Data   RO         4270    Region$$Table       anon$$obj.o
    0x08002400   0x0000001c   Data   RO         4118    locale$$data        c_p.l(lc_numeric_c.o)
    0x0800241c   0x00000110   Data   RO         4146    locale$$data        c_p.l(lc_ctype_c.o)


    Execution Region RW_IRAM1 (Base: 0x20000000, Size: 0x000009b0, Max: 0x00008000, ABSOLUTE)

    Base Addr    Size         Type   Attr      Idx    E Section Name        Object

    0x20000000   0x00000010   Data   RW         1921    .data               stm32f0xx_rcc.o
    0x20000010   0x0000009a   Data   RW         3710    .data               main.o
    0x200000aa   0x00000002   PAD
    0x200000ac   0x00000008   Data   RW         3788    .data               stm32f0xx_it.o
    0x200000b4   0x00000004   Data   RW         3855    .data               system_stm32f0xx.o
    0x200000b8   0x00000298   Zero   RW         3709    .bss                main.o
    0x20000350   0x00000060   Zero   RW         4139    .bss                c_p.l(libspace.o)
    0x200003b0   0x00000200   Zero   RW         3947    HEAP                startup_stm32f030xc.o
    0x200005b0   0x00000400   Zero   RW         3946    STACK               startup_stm32f030xc.o


==============================================================================

Image component sizes


      Code (inc. data)   RO Data    RW Data    ZI Data      Debug   Object Name

       888         84          0        154        664       9610   main.o
        56         26        184          0       1536        636   startup_stm32f030xc.o
         0          0          0          0          0     190708   stm32f0xx_adc.o
       220          0          0          0          0       2959   stm32f0xx_gpio.o
       386         80          0          8          0       4066   stm32f0xx_it.o
       112          6          0          0          0        988   stm32f0xx_misc.o
       680         42          0         16          0       3754   stm32f0xx_rcc.o
       538         22          0          0          0       7481   stm32f0xx_usart.o
       116         12          0          4          0       1057   system_stm32f0xx.o
        12          6          0          0          0        417   systime.o

    ----------------------------------------------------------------------
      3014        278        216        184       2200     221676   Object Totals
         0          0         32          0          0          0   (incl. Generated)
         6          0          0          2          0          0   (incl. Padding)

    ----------------------------------------------------------------------

      Code (inc. data)   RO Data    RW Data    ZI Data      Debug   Library Member Name

         8          0          0          0          0         68   __main.o
       392          6         17          0          0         76   __printf_flags_ss_wp.o
        14          0          0          0          0         60   __printf_wp.o
         0          0          0          0          0          0   __rtentry.o
        12          0          0          0          0          0   __rtentry2.o
         6          0          0          0          0          0   __rtentry4.o
        60          8          0          0          0          0   __scatter.o
        26          0          0          0          0          0   __scatter_copy.o
        28          0          0          0          0          0   __scatter_zi.o
        10          0          0          0          0          0   _printf_a.o
        10          0          0          0          0          0   _printf_c.o
        46          0          0          0          0        100   _printf_char.o
        48          6          0          0          0         88   _printf_char_common.o
        38          0          0          0          0         60   _printf_charcount.o
        10          0          0          0          0          0   _printf_d.o
       108         18          0          0          0         76   _printf_dec.o
        10          0          0          0          0          0   _printf_e.o
        10          0          0          0          0          0   _printf_f.o
      1044         14          0          0          0        176   _printf_fp_dec.o
       136         16          0          0          0         76   _printf_fp_infnan.o
        10          0          0          0          0          0   _printf_g.o
       152          4         40          0          0        148   _printf_hex_int_ll_ptr.o
        10          0          0          0          0          0   _printf_i.o
       176          0          0          0          0         84   _printf_intcommon.o
        10          0          0          0          0          0   _printf_l.o
        10          0          0          0          0          0   _printf_lc.o
        10          0          0          0          0          0   _printf_ll.o
        10          0          0          0          0          0   _printf_lld.o
        10          0          0          0          0          0   _printf_lli.o
        10          0          0          0          0          0   _printf_llo.o
        10          0          0          0          0          0   _printf_llu.o
        10          0          0          0          0          0   _printf_llx.o
       112         18          0          0          0         76   _printf_longlong_dec.o
        10          0          0          0          0          0   _printf_ls.o
        10          0          0          0          0          0   _printf_n.o
        10          0          0          0          0          0   _printf_o.o
       112         10          0          0          0        112   _printf_oct_int_ll.o
        10          0          0          0          0          0   _printf_p.o
        78          0          0          0          0        100   _printf_pad.o
         2          0          0          0          0          0   _printf_percent.o
         4          0          0          0          0          0   _printf_percent_end.o
        10          0          0          0          0          0   _printf_s.o
        82          0          0          0          0         72   _printf_str.o
        36          0          0          0          0         76   _printf_truncate.o
        10          0          0          0          0          0   _printf_u.o
        46          0          0          0          0        100   _printf_wchar.o
       188          6          8          0          0         80   _printf_wctomb.o
        10          0          0          0          0          0   _printf_x.o
        10          0          0          0          0         60   _sputc.o
        64          0          0          0          0         72   _wcrtomb.o
       346          0          0          0          0         92   aeabi_sdiv.o
       200          4        148          0          0         80   bigflt0.o
      1240         12          0          0          0        316   btod.o
        36          4          0          0          0         68   c89vsprintf.o
        12          0          0          0          0         64   exit.o
         6          0          0          0          0        136   heapauxi.o
         0          0          0          0          0          0   indicate_semi.o
        44         10        272          0          0         76   lc_ctype_c.o
        44         10         28          0          0         76   lc_numeric_c.o
         2          0          0          0          0          0   libinit.o
        30          0          0          0          0          0   libinit2.o
         2          0          0          0          0          0   libshutdown.o
         2          0          0          0          0          0   libshutdown2.o
         8          4          0          0         96         68   libspace.o
       122          0          0          0          0         72   lludiv10.o
        16          4          0          0          0         76   rt_ctype_table.o
         8          4          0          0          0         68   rt_locale_intlibspace.o
        64          0          0          0          0        108   rt_memclr.o
         2          0          0          0          0          0   rtexit.o
        10          0          0          0          0          0   rtexit2.o
        40          0          0          0          0         60   rtudiv10.o
       136          4          0          0          0         72   strcmp.o
        12          4          0          0          0         60   sys_exit.o
        62          0          0          0          0         80   sys_stackheap_outer.o
         2          0          0          0          0         68   use_no_semi.o
        16          4          0          0          0         76   printf1.o
         0          0          0          0          0          0   usenofp.o
        44          4          0          0          0         60   fpclassify.o

    ----------------------------------------------------------------------
      5770        174        516          0         96       3536   Library Totals
        16          0          3          0          0          0   (incl. Padding)

    ----------------------------------------------------------------------

      Code (inc. data)   RO Data    RW Data    ZI Data      Debug   Library Name

      5694        166        513          0         96       3400   c_p.l
        16          4          0          0          0         76   fz_ps.l
        44          4          0          0          0         60   m_ps.l

    ----------------------------------------------------------------------
      5770        174        516          0         96       3536   Library Totals

    ----------------------------------------------------------------------

==============================================================================


      Code (inc. data)   RO Data    RW Data    ZI Data      Debug   

      8784        452        732        184       2296     222212   Grand Totals
      8784        452        732        184       2296     222212   ELF Image Totals
      8784        452        732        184          0          0   ROM Totals

==============================================================================

    Total RO  Size (Code + RO Data)                 9516 (   9.29kB)
    Total RW  Size (RW Data + ZI Data)              2480 (   2.42kB)
    Total ROM Size (Code + RO Data + RW Data)       9700 (   9.47kB)

==============================================================================

