Component: ARM Compiler 5.05 update 1 (build 106) Tool: armlink [4d0efa]

==============================================================================

Section Cross References

    system_mini58series.o(i.CLK_GetPLLClockFreq) refers to aeabi_sdiv.o(.text) for __aeabi_uidivmod
    system_mini58series.o(i.SystemCoreClockUpdate) refers to system_mini58series.o(i.CLK_GetPLLClockFreq) for CLK_GetPLLClockFreq
    system_mini58series.o(i.SystemCoreClockUpdate) refers to aeabi_sdiv.o(.text) for __aeabi_uidivmod
    system_mini58series.o(i.SystemCoreClockUpdate) refers to system_mini58series.o(.data) for PllClock
    startup_mini58series.o(STACK) refers (Special) to heapauxi.o(.text) for __use_two_region_memory
    startup_mini58series.o(HEAP) refers (Special) to heapauxi.o(.text) for __use_two_region_memory
    startup_mini58series.o(RESET) refers (Special) to heapauxi.o(.text) for __use_two_region_memory
    startup_mini58series.o(RESET) refers to startup_mini58series.o(STACK) for __initial_sp
    startup_mini58series.o(RESET) refers to startup_mini58series.o(.text) for Reset_Handler
    startup_mini58series.o(RESET) refers to retarget.o(.emb_text) for HardFault_Handler
    startup_mini58series.o(RESET) refers to interrupt.o(i.TMR0_IRQHandler) for TMR0_IRQHandler
    startup_mini58series.o(RESET) refers to interrupt.o(i.UART0_IRQHandler) for UART0_IRQHandler
    startup_mini58series.o(RESET) refers to interrupt.o(i.UART1_IRQHandler) for UART1_IRQHandler
    startup_mini58series.o(RESET) refers to interrupt.o(i.I2C0_IRQHandler) for I2C0_IRQHandler
    startup_mini58series.o(RESET) refers to interrupt.o(i.I2C1_IRQHandler) for I2C1_IRQHandler
    startup_mini58series.o(.text) refers (Special) to heapauxi.o(.text) for __use_two_region_memory
    startup_mini58series.o(.text) refers to __main.o(!!!main) for __main
    startup_mini58series.o(.text) refers to startup_mini58series.o(HEAP) for Heap_Mem
    startup_mini58series.o(.text) refers to startup_mini58series.o(STACK) for Stack_Mem
    interrupt.o(i.I2C0_IRQHandler) refers to i2c.o(i.I2C_ClearTimeoutFlag) for I2C_ClearTimeoutFlag
    interrupt.o(i.I2C0_IRQHandler) refers to interrupt.o(.data) for s_I2C0HandlerFn
    interrupt.o(i.I2C1_IRQHandler) refers to i2c.o(i.I2C_ClearTimeoutFlag) for I2C_ClearTimeoutFlag
    interrupt.o(i.I2C1_IRQHandler) refers to interrupt.o(.data) for s_I2C1HandlerFn
    interrupt.o(i.TMR0_IRQHandler) refers to main.o(.data) for system_time
    interrupt.o(i.UART0_IRQHandler) refers to protocol.o(.data) for Uart0RecvBufferPushBytes
    interrupt.o(i.UART0_IRQHandler) refers to protocol.o(.bss) for Uart0RecData
    interrupt.o(i.UART1_IRQHandler) refers to protocol.o(.data) for Uart1RecvBufferPushBytes
    interrupt.o(i.UART1_IRQHandler) refers to protocol.o(.bss) for Uart1RecData
    mygpio.o(i.digitalWrite) refers to mygpio.o(i.Pin2Addr) for Pin2Addr
    mygpio.o(i.map) refers to aeabi_sdiv.o(.text) for __aeabi_idivmod
    mygpio.o(i.pinMode) refers to mygpio.o(i.__ARM_common_switch8) for __ARM_common_switch8
    mygpio.o(i.pinMode) refers to gpio.o(i.GPIO_SetMode) for GPIO_SetMode
    mygpio.o(i.pwm_write) refers to clk.o(i.CLK_EnableModuleClock) for CLK_EnableModuleClock
    mygpio.o(i.pwm_write) refers to pwm.o(i.PWM_ConfigOutputChannel) for PWM_ConfigOutputChannel
    protocol.o(i.add_sysex_data) refers to mygpio.o(i.__ARM_common_switch8) for __ARM_common_switch8
    protocol.o(i.add_sysex_data) refers to protocol.o(i.sendbyte) for sendbyte
    protocol.o(i.add_sysex_data) refers to protocol.o(i.sendShort) for sendShort
    protocol.o(i.add_sysex_data) refers to protocol.o(i.sendlong) for sendlong
    protocol.o(i.add_sysex_data) refers to protocol.o(i.sendFloat) for sendFloat
    protocol.o(i.add_sysex_data) refers to protocol.o(.data) for s_to_send_bytes_count
    protocol.o(i.add_sysex_data) refers to protocol.o(.bss) for sysex_to_send
    protocol.o(i.assign_dev_id_response) refers to protocol.o(i.write_byte_uart0) for write_byte_uart0
    protocol.o(i.assign_dev_id_response) refers to protocol.o(i.write_byte_uart1) for write_byte_uart1
    protocol.o(i.assign_dev_id_response) refers to protocol.o(.bss) for sysex
    protocol.o(i.assign_dev_id_response) refers to protocol.o(.data) for g_block_no
    protocol.o(i.check_sysex_message) refers to protocol.o(.data) for sysexBytesRead
    protocol.o(i.check_sysex_message) refers to protocol.o(.bss) for sysex
    protocol.o(i.communication_test_response) refers to protocol.o(i.read_sysex_type) for read_sysex_type
    protocol.o(i.communication_test_response) refers to protocol.o(i.read_next_sysex_data) for read_next_sysex_data
    protocol.o(i.communication_test_response) refers to memcmp.o(.text) for memcmp
    protocol.o(i.communication_test_response) refers to protocol.o(i.send_sysex_error_code) for send_sysex_error_code
    protocol.o(i.find_block_response) refers to protocol.o(.data) for g_handshake_flag
[...]
    Removing wdt.o(i.WDT_Open), (28 bytes).
    Removing wwdt.o(.rev16_text), (4 bytes).
    Removing wwdt.o(.revsh_text), (4 bytes).
    Removing wwdt.o(i.WWDT_Open), (32 bytes).

215 unused section(s) (total 7082 bytes) removed from the image.

==============================================================================

Image Symbol Table

    Local Symbols

    Symbol Name                              Value     Ov Type        Size  Object(Section)

    RESET                                    0x00000000   Section      192  startup_mini58series.o(RESET)
    ../clib/angel/boardlib.s                 0x00000000   Number         0  boardinit1.o ABSOLUTE
    ../clib/angel/boardlib.s                 0x00000000   Number         0  boardshut.o ABSOLUTE
    ../clib/angel/boardlib.s                 0x00000000   Number         0  boardinit2.o ABSOLUTE
    ../clib/angel/boardlib.s                 0x00000000   Number         0  boardinit3.o ABSOLUTE
    ../clib/angel/handlers.s                 0x00000000   Number         0  __scatter_copy.o ABSOLUTE
    ../clib/angel/handlers.s                 0x00000000   Number         0  __scatter_zi.o ABSOLUTE
    ../clib/angel/kernel.s                   0x00000000   Number         0  rtexit.o ABSOLUTE
    ../clib/angel/kernel.s                   0x00000000   Number         0  __rtentry4.o ABSOLUTE
    ../clib/angel/kernel.s                   0x00000000   Number         0  __rtentry2.o ABSOLUTE
    ../clib/angel/kernel.s                   0x00000000   Number         0  __rtentry.o ABSOLUTE
    ../clib/angel/kernel.s                   0x00000000   Number         0  rtexit2.o ABSOLUTE
    ../clib/angel/rt.s                       0x00000000   Number         0  rt_locale_intlibspace.o ABSOLUTE
    ../clib/angel/rt.s                       0x00000000   Number         0  rt_locale.o ABSOLUTE
    ../clib/angel/rt.s                       0x00000000   Number         0  rt_div0.o ABSOLUTE
    ../clib/angel/rt.s                       0x00000000   Number         0  rt_ctype_table.o ABSOLUTE
    ../clib/angel/rt.s                       0x00000000   Number         0  aeabi_idiv0_sigfpe.o ABSOLUTE
    ../clib/angel/rt.s                       0x00000000   Number         0  aeabi_idiv0.o ABSOLUTE
    ../clib/angel/rt.s                       0x00000000   Number         0  rt_raise.o ABSOLUTE
    ../clib/angel/scatterp.s                 0x00000000   Number         0  __scatter.o ABSOLUTE
    ../clib/angel/startup.s                  0x00000000   Number         0  __main.o ABSOLUTE
    ../clib/angel/sys.s                      0x00000000   Number         0  indicate_semi.o ABSOLUTE
    ../clib/angel/sys.s                      0x00000000   Number         0  use_no_semi.o ABSOLUTE
    ../clib/angel/sys.s                      0x00000000   Number         0  sys_stackheap_outer.o ABSOLUTE
    ../clib/angel/sys.s                      0x00000000   Number         0  tempstk.o ABSOLUTE
    ../clib/angel/sys.s                      0x00000000   Number         0  libspace.o ABSOLUTE
    ../clib/angel/sysapp.c                   0x00000000   Number         0  sys_exit.o ABSOLUTE
    ../clib/angel/sysapp.c                   0x00000000   Number         0  sys_command.o ABSOLUTE
    ../clib/armsys.c                         0x00000000   Number         0  argv_veneer.o ABSOLUTE
    ../clib/armsys.c                         0x00000000   Number         0  _get_argv_nomalloc.o ABSOLUTE
    ../clib/armsys.c                         0x00000000   Number         0  no_argv.o ABSOLUTE
    ../clib/bigflt.c                         0x00000000   Number         0  bigflt0.o ABSOLUTE
    ../clib/btod.c                           0x00000000   Number         0  btod.o ABSOLUTE
    ../clib/division.c                       0x00000000   Number         0  rtudiv10.o ABSOLUTE
    ../clib/division.c                       0x00000000   Number         0  lludiv10.o ABSOLUTE
    ../clib/division.s                       0x00000000   Number         0  aeabi_sdiv.o ABSOLUTE
    ../clib/division.s                       0x00000000   Number         0  aeabi_sdiv_div0.o ABSOLUTE
    ../clib/heapalloc.c                      0x00000000   Number         0  hrguard.o ABSOLUTE
    ../clib/heapaux.c                        0x00000000   Number         0  heapauxi.o ABSOLUTE
    ../clib/libinit.s                        0x00000000   Number         0  libinit.o ABSOLUTE
    ../clib/libinit.s                        0x00000000   Number         0  libshutdown.o ABSOLUTE
    ../clib/libinit.s                        0x00000000   Number         0  libinit2.o ABSOLUTE
    ../clib/libinit.s                        0x00000000   Number         0  libshutdown2.o ABSOLUTE
    ../clib/locale.c                         0x00000000   Number         0  _wcrtomb.o ABSOLUTE
    ../clib/locale.s                         0x00000000   Number         0  lc_ctype_c.o ABSOLUTE
    ../clib/locale.s                         0x00000000   Number         0  lc_numeric_c.o ABSOLUTE
    ../clib/misc.s                           0x00000000   Number         0  printf_stubs.o ABSOLUTE
    ../clib/printf.c                         0x00000000   Number         0  __printf_flags_ss_wp.o ABSOLUTE
    ../clib/printf.c                         0x00000000   Number         0  __printf_ss_wp.o ABSOLUTE
    ../clib/printf.c                         0x00000000   Number         0  __printf_flags_wp.o ABSOLUTE
    ../clib/printf.c                         0x00000000   Number         0  __printf_wp.o ABSOLUTE
    ../clib/printf.c                         0x00000000   Number         0  __printf_flags_ss.o ABSOLUTE
    ../clib/printf.c                         0x00000000   Number         0  __printf_ss.o ABSOLUTE
    ../clib/printf.c                         0x00000000   Number         0  __printf_flags.o ABSOLUTE
    ../clib/printf.c                         0x00000000   Number         0  _printf_hex_int_ll_ptr.o ABSOLUTE
    ../clib/printf.c                         0x00000000   Number         0  _printf_hex_ll_ptr.o ABSOLUTE
    ../clib/printf.c                         0x00000000   Number         0  _printf_hex_int_ptr.o ABSOLUTE
    ../clib/printf.c                         0x00000000   Number         0  _printf_hex_ptr.o ABSOLUTE
    ../clib/printf.c                         0x00000000   Number         0  vsprintf.o ABSOLUTE
    ../clib/printf.c                         0x00000000   Number         0  __2printf.o ABSOLUTE
    ../clib/printf.c                         0x00000000   Number         0  _printf_hex_int_ll.o ABSOLUTE
    ../clib/printf.c                         0x00000000   Number         0  __2sprintf.o ABSOLUTE
    ../clib/printf.c                         0x00000000   Number         0  _printf_hex_int.o ABSOLUTE
    ../clib/printf.c                         0x00000000   Number         0  noretval__2printf.o ABSOLUTE
    ../clib/printf.c                         0x00000000   Number         0  noretval__2sprintf.o ABSOLUTE
    ../clib/printf.c                         0x00000000   Number         0  __printf.o ABSOLUTE
    ../clib/printf.c                         0x00000000   Number         0  _printf_pad.o ABSOLUTE
    ../clib/printf.c                         0x00000000   Number         0  _printf_hex_ll.o ABSOLUTE
    ../clib/printf.c                         0x00000000   Number         0  _printf_truncate.o ABSOLUTE
    ../clib/printf.c                         0x00000000   Number         0  _printf_str.o ABSOLUTE
    ../clib/printf.c                         0x00000000   Number         0  _printf_intcommon.o ABSOLUTE
    ../clib/printf.c                         0x00000000   Number         0  _printf_char_common.o ABSOLUTE
    ../clib/printf.c                         0x00000000   Number         0  _sputc.o ABSOLUTE
    ../clib/printf.c                         0x00000000   Number         0  _printf_char_file.o ABSOLUTE
    ../clib/printf.c                         0x00000000   Number         0  _printf_wctomb.o ABSOLUTE
    ../clib/printf.c                         0x00000000   Number         0  _printf_longlong_dec.o ABSOLUTE
    ../clib/printf.c                         0x00000000   Number         0  _printf_oct_ll.o ABSOLUTE
    ../clib/printf.c                         0x00000000   Number         0  _printf_oct_int.o ABSOLUTE
    ../clib/printf.c                         0x00000000   Number         0  _printf_oct_int_ll.o ABSOLUTE
    ../clib/printf.c                         0x00000000   Number         0  _printf_fp_infnan.o ABSOLUTE
    ../clib/printf.c                         0x00000000   Number         0  _printf_wchar.o ABSOLUTE
    ../clib/printf.c                         0x00000000   Number         0  _printf_char.o ABSOLUTE
    ../clib/printf.c                         0x00000000   Number         0  __printf_nopercent.o ABSOLUTE
    ../clib/printf.c                         0x00000000   Number         0  _printf_fp_hex.o ABSOLUTE
    ../clib/printf.c                         0x00000000   Number         0  _printf_fp_dec.o ABSOLUTE
    ../clib/printf.c                         0x00000000   Number         0  _printf_charcount.o ABSOLUTE
    ../clib/printf.c                         0x00000000   Number         0  _printf_dec.o ABSOLUTE
    ../clib/printf_percent.s                 0x00000000   Number         0  _printf_ll.o ABSOLUTE
    ../clib/printf_percent.s                 0x00000000   Number         0  _printf_e.o ABSOLUTE
    ../clib/printf_percent.s                 0x00000000   Number         0  _printf_f.o ABSOLUTE
    ../clib/printf_percent.s                 0x00000000   Number         0  _printf_x.o ABSOLUTE
    ../clib/printf_percent.s                 0x00000000   Number         0  _printf_d.o ABSOLUTE
    ../clib/printf_percent.s                 0x00000000   Number         0  _printf_n.o ABSOLUTE
    ../clib/printf_percent.s                 0x00000000   Number         0  _printf_percent.o ABSOLUTE
    ../clib/printf_percent.s                 0x00000000   Number         0  _printf_l.o ABSOLUTE
    ../clib/printf_percent.s                 0x00000000   Number         0  _printf_lc.o ABSOLUTE
    ../clib/printf_percent.s                 0x00000000   Number         0  _printf_ls.o ABSOLUTE
    ../clib/printf_percent.s                 0x00000000   Number         0  _printf_llu.o ABSOLUTE
    ../clib/printf_percent.s                 0x00000000   Number         0  _printf_lld.o ABSOLUTE
    ../clib/printf_percent.s                 0x00000000   Number         0  _printf_p.o ABSOLUTE
    ../clib/printf_percent.s                 0x00000000   Number         0  _printf_llo.o ABSOLUTE
    ../clib/printf_percent.s                 0x00000000   Number         0  _printf_s.o ABSOLUTE
    ../clib/printf_percent.s                 0x00000000   Number         0  _printf_lli.o ABSOLUTE
    ../clib/printf_percent.s                 0x00000000   Number         0  _printf_llx.o ABSOLUTE
    ../clib/printf_percent.s                 0x00000000   Number         0  _printf_o.o ABSOLUTE
    ../clib/printf_percent.s                 0x00000000   Number         0  _printf_i.o ABSOLUTE
    ../clib/printf_percent.s                 0x00000000   Number         0  _printf_c.o ABSOLUTE
    ../clib/printf_percent.s                 0x00000000   Number         0  _printf_u.o ABSOLUTE
    ../clib/printf_percent.s                 0x00000000   Number         0  _printf_percent_end.o ABSOLUTE
    ../clib/printf_percent.s                 0x00000000   Number         0  _printf_a.o ABSOLUTE
    ../clib/printf_percent.s                 0x00000000   Number         0  _printf_g.o ABSOLUTE
    ../clib/signal.c                         0x00000000   Number         0  defsig_rtmem_formal.o ABSOLUTE
    ../clib/signal.c                         0x00000000   Number         0  defsig_rtmem_outer.o ABSOLUTE
    ../clib/signal.c                         0x00000000   Number         0  defsig_rtmem_inner.o ABSOLUTE
    ../clib/signal.c                         0x00000000   Number         0  defsig_rtred_inner.o ABSOLUTE
    ../clib/signal.c                         0x00000000   Number         0  defsig_abrt_inner.o ABSOLUTE
    ../clib/signal.c                         0x00000000   Number         0  defsig_fpe_formal.o ABSOLUTE
    ../clib/signal.c                         0x00000000   Number         0  defsig_exit.o ABSOLUTE
    ../clib/signal.c                         0x00000000   Number         0  defsig_general.o ABSOLUTE
    ../clib/signal.c                         0x00000000   Number         0  __raise.o ABSOLUTE
    ../clib/signal.c                         0x00000000   Number         0  defsig_fpe_outer.o ABSOLUTE
    ../clib/signal.c                         0x00000000   Number         0  defsig_fpe_inner.o ABSOLUTE
    ../clib/signal.c                         0x00000000   Number         0  defsig_stak_inner.o ABSOLUTE
    ../clib/signal.c                         0x00000000   Number         0  defsig_pvfn_inner.o ABSOLUTE
    ../clib/signal.c                         0x00000000   Number         0  defsig_cppl_inner.o ABSOLUTE
    ../clib/signal.c                         0x00000000   Number         0  defsig_segv_inner.o ABSOLUTE
    ../clib/signal.c                         0x00000000   Number         0  defsig_other.o ABSOLUTE
    ../clib/signal.s                         0x00000000   Number         0  defsig.o ABSOLUTE
    ../clib/stdlib.c                         0x00000000   Number         0  exit.o ABSOLUTE
    ../clib/string.c                         0x00000000   Number         0  memcmp.o ABSOLUTE
    ../clib/string.c                         0x00000000   Number         0  strlen.o ABSOLUTE
    ../clib/string.c                         0x00000000   Number         0  strcmp.o ABSOLUTE
    ../fplib/cfplib/d2f.c                    0x00000000   Number         0  d2f.o ABSOLUTE
    ../fplib/cfplib/ddiv.c                   0x00000000   Number         0  ddiv.o ABSOLUTE
    ../fplib/cfplib/f2d.c                    0x00000000   Number         0  f2d.o ABSOLUTE
    ../fplib/cfplib/fdiv.c                   0x00000000   Number         0  fdiv.o ABSOLUTE
    ../fplib/cfplib/ffix.c                   0x00000000   Number         0  ffixui.o ABSOLUTE
    ../fplib/cfplib/ffix.c                   0x00000000   Number         0  ffixi.o ABSOLUTE
    ../fplib/cfplib/fflt.c                   0x00000000   Number         0  fflti.o ABSOLUTE
    ../fplib/cfplib/fpinit.c                 0x00000000   Number         0  fpinit.o ABSOLUTE
    ../fplib/cfplib/ieee_status.c            0x00000000   Number         0  ieee_status.o ABSOLUTE
    ../fplib/faddsub6m.s                     0x00000000   Number         0  faddsub.o ABSOLUTE
    ../fplib/fmul6m.s                        0x00000000   Number         0  fmul.o ABSOLUTE
    ../fplib/printf1.s                       0x00000000   Number         0  printf1.o ABSOLUTE
    ../fplib/printf2.s                       0x00000000   Number         0  printf2.o ABSOLUTE
    ../fplib/printf2a.s                      0x00000000   Number         0  printf2a.o ABSOLUTE
    ../fplib/printf2b.s                      0x00000000   Number         0  printf2b.o ABSOLUTE
    ../fplib/usenofp.s                       0x00000000   Number         0  usenofp.o ABSOLUTE
    ../mathlib/fpclassify.c                  0x00000000   Number         0  fpclassify.o ABSOLUTE
    ..\..\Library\Device\Nuvoton\Mini58Series\Source\ARM\startup_Mini58Series.s 0x00000000   Number         0  startup_mini58series.o ABSOLUTE
    ..\..\Library\Device\Nuvoton\Mini58Series\Source\system_Mini58Series.c 0x00000000   Number         0  system_mini58series.o ABSOLUTE
    ..\..\Library\StdDriver\src\acmp.c       0x00000000   Number         0  acmp.o ABSOLUTE
    ..\..\Library\StdDriver\src\adc.c        0x00000000   Number         0  adc.o ABSOLUTE
    ..\..\Library\StdDriver\src\clk.c        0x00000000   Number         0  clk.o ABSOLUTE
    ..\..\Library\StdDriver\src\fmc.c        0x00000000   Number         0  fmc.o ABSOLUTE
    ..\..\Library\StdDriver\src\gpio.c       0x00000000   Number         0  gpio.o ABSOLUTE
    ..\..\Library\StdDriver\src\i2c.c        0x00000000   Number         0  i2c.o ABSOLUTE
    ..\..\Library\StdDriver\src\pwm.c        0x00000000   Number         0  pwm.o ABSOLUTE
    ..\..\Library\StdDriver\src\retarget.c   0x00000000   Number         0  retarget.o ABSOLUTE
    ..\..\Library\StdDriver\src\spi.c        0x00000000   Number         0  spi.o ABSOLUTE
    ..\..\Library\StdDriver\src\sys.c        0x00000000   Number         0  sys.o ABSOLUTE
    ..\..\Library\StdDriver\src\timer.c      0x00000000   Number         0  timer.o ABSOLUTE
    ..\..\Library\StdDriver\src\uart.c       0x00000000   Number         0  uart.o ABSOLUTE
    ..\..\Library\StdDriver\src\wdt.c        0x00000000   Number         0  wdt.o ABSOLUTE
    ..\..\Library\StdDriver\src\wwdt.c       0x00000000   Number         0  wwdt.o ABSOLUTE
    ..\..\common_utils\Interrupt.c           0x00000000   Number         0  interrupt.o ABSOLUTE
    ..\..\common_utils\mygpio.c              0x00000000   Number         0  mygpio.o ABSOLUTE
    ..\..\common_utils\protocol.c            0x00000000   Number         0  protocol.o ABSOLUTE
    ..\..\common_utils\sysinit.c             0x00000000   Number         0  sysinit.o ABSOLUTE
    ..\..\common_utils\systime.c             0x00000000   Number         0  systime.o ABSOLUTE
    ..\..\common_utils\uart_printf.c         0x00000000   Number         0  uart_printf.o ABSOLUTE
    ..\\..\\Library\\Device\\Nuvoton\\Mini58Series\\Source\\system_Mini58Series.c 0x00000000   Number         0  system_mini58series.o ABSOLUTE
    ..\\..\\Library\\StdDriver\\src\\acmp.c  0x00000000   Number         0  acmp.o ABSOLUTE
    ..\\..\\Library\\StdDriver\\src\\adc.c   0x00000000   Number         0  adc.o ABSOLUTE
    ..\\..\\Library\\StdDriver\\src\\clk.c   0x00000000   Number         0  clk.o ABSOLUTE
    ..\\..\\Library\\StdDriver\\src\\fmc.c   0x00000000   Number         0  fmc.o ABSOLUTE
    ..\\..\\Library\\StdDriver\\src\\gpio.c  0x00000000   Number         0  gpio.o ABSOLUTE
    ..\\..\\Library\\StdDriver\\src\\i2c.c   0x00000000   Number         0  i2c.o ABSOLUTE
    ..\\..\\Library\\StdDriver\\src\\pwm.c   0x00000000   Number         0  pwm.o ABSOLUTE
    ..\\..\\Library\\StdDriver\\src\\retarget.c 0x00000000   Number         0  retarget.o ABSOLUTE
    ..\\..\\Library\\StdDriver\\src\\spi.c   0x00000000   Number         0  spi.o ABSOLUTE
    ..\\..\\Library\\StdDriver\\src\\sys.c   0x00000000   Number         0  sys.o ABSOLUTE
    ..\\..\\Library\\StdDriver\\src\\timer.c 0x00000000   Number         0  timer.o ABSOLUTE
    ..\\..\\Library\\StdDriver\\src\\uart.c  0x00000000   Number         0  uart.o ABSOLUTE
    ..\\..\\Library\\StdDriver\\src\\wdt.c   0x00000000   Number         0  wdt.o ABSOLUTE
    ..\\..\\Library\\StdDriver\\src\\wwdt.c  0x00000000   Number         0  wwdt.o ABSOLUTE
    ..\\..\\common_utils\\Interrupt.c        0x00000000   Number         0  interrupt.o ABSOLUTE
    ..\\..\\common_utils\\mygpio.c           0x00000000   Number         0  mygpio.o ABSOLUTE
    ..\\..\\common_utils\\protocol.c         0x00000000   Number         0  protocol.o ABSOLUTE
    ..\\..\\common_utils\\sysinit.c          0x00000000   Number         0  sysinit.o ABSOLUTE
    ..\\..\\common_utils\\systime.c          0x00000000   Number         0  systime.o ABSOLUTE
    ..\\..\\common_utils\\uart_printf.c      0x00000000   Number         0  uart_printf.o ABSOLUTE
    dc.s                                     0x00000000   Number         0  dc.o ABSOLUTE
    main.c                                   0x00000000   Number         0  main.o ABSOLUTE
    main.c                                   0x00000000   Number         0  main.o ABSOLUTE
    !!!main                                  0x000000c0   Section        8  __main.o(!!!main)
    !!!scatter                               0x000000c8   Section       60  __scatter.o(!!!scatter)
    !!handler_copy                           0x00000104   Section       26  __scatter_copy.o(!!handler_copy)
    !!handler_zi                             0x00000120   Section       28  __scatter_zi.o(!!handler_zi)
    .ARM.Collect$$_printf_percent$$00000000  0x0000013c   Section        2  _printf_percent.o(.ARM.Collect$$_printf_percent$$00000000)
    .ARM.Collect$$_printf_percent$$00000009  0x0000013e   Section       10  _printf_d.o(.ARM.Collect$$_printf_percent$$00000009)
    .ARM.Collect$$_printf_percent$$0000000C  0x00000148   Section       10  _printf_x.o(.ARM.Collect$$_printf_percent$$0000000C)
    .ARM.Collect$$_printf_percent$$00000017  0x00000152   Section        4  _printf_percent_end.o(.ARM.Collect$$_printf_percent$$00000017)
    .ARM.Collect$$libinit$$00000000          0x00000156   Section        2  libinit.o(.ARM.Collect$$libinit$$00000000)
    .ARM.Collect$$libinit$$00000002          0x00000158   Section        0  libinit2.o(.ARM.Collect$$libinit$$00000002)
    .ARM.Collect$$libinit$$00000004          0x00000158   Section        0  libinit2.o(.ARM.Collect$$libinit$$00000004)
    .ARM.Collect$$libinit$$0000000A          0x00000158   Section        0  libinit2.o(.ARM.Collect$$libinit$$0000000A)
    .ARM.Collect$$libinit$$0000000C          0x00000158   Section        0  libinit2.o(.ARM.Collect$$libinit$$0000000C)
    .ARM.Collect$$libinit$$0000000E          0x00000158   Section        0  libinit2.o(.ARM.Collect$$libinit$$0000000E)
    .ARM.Collect$$libinit$$00000011          0x00000158   Section        0  libinit2.o(.ARM.Collect$$libinit$$00000011)
    .ARM.Collect$$libinit$$00000013          0x00000158   Section        0  libinit2.o(.ARM.Collect$$libinit$$00000013)
    .ARM.Collect$$libinit$$00000015          0x00000158   Section        0  libinit2.o(.ARM.Collect$$libinit$$00000015)
    .ARM.Collect$$libinit$$00000017          0x00000158   Section        0  libinit2.o(.ARM.Collect$$libinit$$00000017)
    .ARM.Collect$$libinit$$00000019          0x00000158   Section        0  libinit2.o(.ARM.Collect$$libinit$$00000019)
    .ARM.Collect$$libinit$$0000001B          0x00000158   Section        0  libinit2.o(.ARM.Collect$$libinit$$0000001B)
    .ARM.Collect$$libinit$$0000001D          0x00000158   Section        0  libinit2.o(.ARM.Collect$$libinit$$0000001D)
    .ARM.Collect$$libinit$$0000001F          0x00000158   Section        0  libinit2.o(.ARM.Collect$$libinit$$0000001F)
    .ARM.Collect$$libinit$$00000021          0x00000158   Section        0  libinit2.o(.ARM.Collect$$libinit$$00000021)
    .ARM.Collect$$libinit$$00000023          0x00000158   Section        0  libinit2.o(.ARM.Collect$$libinit$$00000023)
    .ARM.Collect$$libinit$$00000025          0x00000158   Section        0  libinit2.o(.ARM.Collect$$libinit$$00000025)
    .ARM.Collect$$libinit$$0000002C          0x00000158   Section        0  libinit2.o(.ARM.Collect$$libinit$$0000002C)
    .ARM.Collect$$libinit$$0000002E          0x00000158   Section        0  libinit2.o(.ARM.Collect$$libinit$$0000002E)
    .ARM.Collect$$libinit$$00000030          0x00000158   Section        0  libinit2.o(.ARM.Collect$$libinit$$00000030)
    .ARM.Collect$$libinit$$00000032          0x00000158   Section        0  libinit2.o(.ARM.Collect$$libinit$$00000032)
    .ARM.Collect$$libinit$$00000033          0x00000158   Section        2  libinit2.o(.ARM.Collect$$libinit$$00000033)
    .ARM.Collect$$libshutdown$$00000000      0x0000015a   Section        2  libshutdown.o(.ARM.Collect$$libshutdown$$00000000)
    .ARM.Collect$$libshutdown$$00000003      0x0000015c   Section        0  libshutdown2.o(.ARM.Collect$$libshutdown$$00000003)
    .ARM.Collect$$libshutdown$$00000006      0x0000015c   Section        0  libshutdown2.o(.ARM.Collect$$libshutdown$$00000006)
    .ARM.Collect$$libshutdown$$00000009      0x0000015c   Section        0  libshutdown2.o(.ARM.Collect$$libshutdown$$00000009)
    .ARM.Collect$$libshutdown$$0000000B      0x0000015c   Section        0  libshutdown2.o(.ARM.Collect$$libshutdown$$0000000B)
    .ARM.Collect$$libshutdown$$0000000E      0x0000015c   Section        0  libshutdown2.o(.ARM.Collect$$libshutdown$$0000000E)
    .ARM.Collect$$libshutdown$$0000000F      0x0000015c   Section        2  libshutdown2.o(.ARM.Collect$$libshutdown$$0000000F)
    .ARM.Collect$$rtentry$$00000000          0x0000015e   Section        0  __rtentry.o(.ARM.Collect$$rtentry$$00000000)
    .ARM.Collect$$rtentry$$00000002          0x0000015e   Section        0  __rtentry2.o(.ARM.Collect$$rtentry$$00000002)
    .ARM.Collect$$rtentry$$00000004          0x0000015e   Section        6  __rtentry4.o(.ARM.Collect$$rtentry$$00000004)
    .ARM.Collect$$rtentry$$00000009          0x00000164   Section        0  __rtentry2.o(.ARM.Collect$$rtentry$$00000009)
    .ARM.Collect$$rtentry$$0000000A          0x00000164   Section        4  __rtentry2.o(.ARM.Collect$$rtentry$$0000000A)
    .ARM.Collect$$rtentry$$0000000C          0x00000168   Section        0  __rtentry2.o(.ARM.Collect$$rtentry$$0000000C)
    .ARM.Collect$$rtentry$$0000000D          0x00000168   Section        8  __rtentry2.o(.ARM.Collect$$rtentry$$0000000D)
    .ARM.Collect$$rtexit$$00000000           0x00000170   Section        2  rtexit.o(.ARM.Collect$$rtexit$$00000000)
    .ARM.Collect$$rtexit$$00000002           0x00000172   Section        0  rtexit2.o(.ARM.Collect$$rtexit$$00000002)
    .ARM.Collect$$rtexit$$00000003           0x00000172   Section        4  rtexit2.o(.ARM.Collect$$rtexit$$00000003)
    .ARM.Collect$$rtexit$$00000004           0x00000176   Section        6  rtexit2.o(.ARM.Collect$$rtexit$$00000004)
    .emb_text                                0x0000017c   Section       28  retarget.o(.emb_text)
    .text                                    0x00000198   Section       44  startup_mini58series.o(.text)
    Default_Handler                          0x000001a7   Thumb Code     2  startup_mini58series.o(.text)
    .text                                    0x000001c4   Section        0  __2printf.o(.text)
    .text                                    0x000001e0   Section        0  __2sprintf.o(.text)
    .text                                    0x0000020c   Section        0  _printf_pad.o(.text)
    .text                                    0x0000025c   Section        0  _printf_dec.o(.text)
    .text                                    0x000002c8   Section        0  _printf_hex_int_ll_ptr.o(.text)
    _printf_hex_common                       0x000002c9   Thumb Code     0  _printf_hex_int_ll_ptr.o(.text)
    .text                                    0x00000360   Section        0  __printf_flags_ss_wp.o(.text)
    .text                                    0x000004e8   Section        0  memcmp.o(.text)
    .text                                    0x00000544   Section        0  strlen.o(.text)
    .text                                    0x00000588   Section      346  aeabi_sdiv.o(.text)
    .text                                    0x000006e2   Section        0  heapauxi.o(.text)
    .text                                    0x000006e8   Section        0  _printf_intcommon.o(.text)
    .text                                    0x00000798   Section        0  _printf_char_common.o(.text)
    _printf_input_char                       0x00000799   Thumb Code    10  _printf_char_common.o(.text)
    .text                                    0x000007c8   Section        0  _sputc.o(.text)
    .text                                    0x000007d4   Section        0  _printf_char_file.o(.text)
    .text                                    0x000007fc   Section        0  rtudiv10.o(.text)
    .text                                    0x00000824   Section       62  sys_stackheap_outer.o(.text)
    .text                                    0x00000862   Section        0  exit.o(.text)
    .text                                    0x00000870   Section        8  libspace.o(.text)
    .text                                    0x00000878   Section        0  sys_exit.o(.text)
    .text                                    0x00000884   Section        2  use_no_semi.o(.text)
    .text                                    0x00000886   Section        0  indicate_semi.o(.text)
    i.CLK_DisablePLL                         0x00000888   Section        0  clk.o(i.CLK_DisablePLL)
    i.CLK_EnableModuleClock                  0x0000089c   Section        0  clk.o(i.CLK_EnableModuleClock)
    i.CLK_EnablePLL                          0x000008c0   Section        0  clk.o(i.CLK_EnablePLL)
    i.CLK_GetPLLClockFreq                    0x00000afc   Section        0  system_mini58series.o(i.CLK_GetPLLClockFreq)
    CLK_GetPLLClockFreq                      0x00000afd   Thumb Code   112  system_mini58series.o(i.CLK_GetPLLClockFreq)
    i.CLK_GetPLLClockFreq                    0x00000b7c   Section        0  clk.o(i.CLK_GetPLLClockFreq)
    CLK_GetPLLClockFreq                      0x00000b7d   Thumb Code   112  clk.o(i.CLK_GetPLLClockFreq)
    i.CLK_GetPLLClockFreq                    0x00000bfc   Section        0  uart.o(i.CLK_GetPLLClockFreq)
    CLK_GetPLLClockFreq                      0x00000bfd   Thumb Code   112  uart.o(i.CLK_GetPLLClockFreq)
    i.CLK_SetCoreClock                       0x00000c7c   Section        0  clk.o(i.CLK_SetCoreClock)
    i.CLK_SetHCLK                            0x00000d18   Section        0  clk.o(i.CLK_SetHCLK)
    i.CLK_SetModuleClock                     0x00000d44   Section        0  clk.o(i.CLK_SetModuleClock)
    i.CLK_WaitClockReady                     0x00000da8   Section        0  clk.o(i.CLK_WaitClockReady)
    i.GPIO_SetMode                           0x00000dd0   Section        0  gpio.o(i.GPIO_SetMode)
    i.Hard_Fault_Handler                     0x00000e00   Section        0  retarget.o(i.Hard_Fault_Handler)
    __tagsym$$used                           0x00000e01   Number         0  retarget.o(i.Hard_Fault_Handler)
    i.I2C0_IRQHandler                        0x00000e2c   Section        0  interrupt.o(i.I2C0_IRQHandler)
    i.I2C1_IRQHandler                        0x00000e64   Section        0  interrupt.o(i.I2C1_IRQHandler)
    i.I2C_ClearTimeoutFlag                   0x00000e9c   Section        0  i2c.o(i.I2C_ClearTimeoutFlag)
    i.NVIC_EnableIRQ                         0x00000ea8   Section        0  sysinit.o(i.NVIC_EnableIRQ)
    NVIC_EnableIRQ                           0x00000ea9   Thumb Code    14  sysinit.o(i.NVIC_EnableIRQ)
    i.NVIC_SetPriority                       0x00000ebc   Section        0  sysinit.o(i.NVIC_SetPriority)
    NVIC_SetPriority                         0x00000ebd   Thumb Code   110  sysinit.o(i.NVIC_SetPriority)
    i.PWM_ConfigOutputChannel                0x00000f34   Section        0  pwm.o(i.PWM_ConfigOutputChannel)
    i.Pin2Addr                               0x0000107c   Section        0  mygpio.o(i.Pin2Addr)
    i.SYS_Init                               0x0000109c   Section        0  sysinit.o(i.SYS_Init)
    i.SYS_ResetCPU                           0x00001168   Section        0  sys.o(i.SYS_ResetCPU)
    i.SendChar                               0x0000117a   Section        0  retarget.o(i.SendChar)
    i.SendChar_ToUART                        0x00001188   Section        0  retarget.o(i.SendChar_ToUART)
    i.SystemCoreClockUpdate                  0x000011bc   Section        0  system_mini58series.o(i.SystemCoreClockUpdate)
    i.SystemInit                             0x0000123c   Section        0  system_mini58series.o(i.SystemInit)
    i.TIMER_EnableInt                        0x0000123e   Section        0  sysinit.o(i.TIMER_EnableInt)
    TIMER_EnableInt                          0x0000123f   Thumb Code    12  sysinit.o(i.TIMER_EnableInt)
    i.TIMER_GetModuleClock                   0x0000124c   Section        0  timer.o(i.TIMER_GetModuleClock)
    i.TIMER_Open                             0x000012b8   Section        0  timer.o(i.TIMER_Open)
    i.TIMER_Start                            0x0000131e   Section        0  sysinit.o(i.TIMER_Start)
    TIMER_Start                              0x0000131f   Thumb Code    12  sysinit.o(i.TIMER_Start)
    i.TMR0_IRQHandler                        0x0000132c   Section        0  interrupt.o(i.TMR0_IRQHandler)
    i.TMR0_Init                              0x00001358   Section        0  sysinit.o(i.TMR0_Init)
    i.UART0_IRQHandler                       0x00001388   Section        0  interrupt.o(i.UART0_IRQHandler)
    i.UART1_IRQHandler                       0x000013fc   Section        0  interrupt.o(i.UART1_IRQHandler)
    i.UART_Function_Init                     0x00001470   Section        0  sysinit.o(i.UART_Function_Init)
    i.UART_SetLine_Config                    0x000014a0   Section        0  uart.o(i.UART_SetLine_Config)
    i.__ARM_common_switch8                   0x00001558   Section        0  mygpio.o(i.__ARM_common_switch8)
    i._is_digit                              0x00001574   Section        0  __printf_wp.o(i._is_digit)
    i.add_sysex_data                         0x00001584   Section        0  protocol.o(i.add_sysex_data)
    i.assign_dev_id_response                 0x000016ec   Section        0  protocol.o(i.assign_dev_id_response)
    assign_dev_id_response                   0x000016ed   Thumb Code   148  protocol.o(i.assign_dev_id_response)
    i.check_sysex_message                    0x00001790   Section        0  protocol.o(i.check_sysex_message)
    check_sysex_message                      0x00001791   Thumb Code    54  protocol.o(i.check_sysex_message)
    i.communication_test_response            0x000017d0   Section        0  protocol.o(i.communication_test_response)
    communication_test_response              0x000017d1   Thumb Code    92  protocol.o(i.communication_test_response)
    i.data_len                               0x00001834   Section        0  protocol.o(i.data_len)
    data_len                                 0x00001835   Thumb Code    72  protocol.o(i.data_len)
    i.digitalRead                            0x0000187c   Section        0  mygpio.o(i.digitalRead)
    i.digitalWrite                           0x0000189c   Section        0  mygpio.o(i.digitalWrite)
    i.ferror                                 0x000018ac   Section        0  retarget.o(i.ferror)
    i.find_block_response                    0x000018b4   Section        0  protocol.o(i.find_block_response)
    find_block_response                      0x000018b5   Thumb Code     8  protocol.o(i.find_block_response)
    i.flush_sysex_to_send                    0x000018c0   Section        0  protocol.o(i.flush_sysex_to_send)
    i.flush_uart0_local_buffer               0x0000195c   Section        0  protocol.o(i.flush_uart0_local_buffer)
    i.flush_uart0_to_uart1                   0x000019c4   Section        0  protocol.o(i.flush_uart0_to_uart1)
    i.flush_uart1_to_uart0                   0x00001a50   Section        0  protocol.o(i.flush_uart1_to_uart0)
    i.fputc                                  0x00001b28   Section        0  retarget.o(i.fputc)
    i.get_sensor_data                        0x00001b38   Section        0  main.o(i.get_sensor_data)
    i.init_block                             0x00001bc4   Section        0  main.o(i.init_block)
    i.init_neuron_system                     0x00001c70   Section        0  sysinit.o(i.init_neuron_system)
    i.init_sysex_to_send                     0x00001cac   Section        0  protocol.o(i.init_sysex_to_send)
    i.main                                   0x00001d00   Section        0  main.o(i.main)
    i.millis                                 0x00001de8   Section        0  systime.o(i.millis)
    i.parse_uart0_recv_buffer                0x00001df4   Section        0  protocol.o(i.parse_uart0_recv_buffer)
    i.pinMode                                0x00001f38   Section        0  mygpio.o(i.pinMode)
    i.processSysexMessageOffline             0x00001fbc   Section        0  protocol.o(i.processSysexMessageOffline)
    processSysexMessageOffline               0x00001fbd   Thumb Code    24  protocol.o(i.processSysexMessageOffline)
    i.processSysexMessageOnline              0x00001fd8   Section        0  protocol.o(i.processSysexMessageOnline)
    processSysexMessageOnline                0x00001fd9   Thumb Code   206  protocol.o(i.processSysexMessageOnline)
    i.pwm_write                              0x000020b4   Section        0  mygpio.o(i.pwm_write)
    i.query_firmware_version_response        0x000023c0   Section        0  protocol.o(i.query_firmware_version_response)
    query_firmware_version_response          0x000023c1   Thumb Code    60  protocol.o(i.query_firmware_version_response)
    i.readShort                              0x00002400   Section        0  protocol.o(i.readShort)
    readShort                                0x00002401   Thumb Code    66  protocol.o(i.readShort)
    i.read_next_sysex_data                   0x00002448   Section        0  protocol.o(i.read_next_sysex_data)
    i.read_sysex_type                        0x00002638   Section        0  protocol.o(i.read_sysex_type)
    i.readbyte                               0x000026a8   Section        0  protocol.o(i.readbyte)
    readbyte                                 0x000026a9   Thumb Code    36  protocol.o(i.readbyte)
    i.readfloat                              0x000026d0   Section        0  protocol.o(i.readfloat)
    readfloat                                0x000026d1   Thumb Code   108  protocol.o(i.readfloat)
    i.readlong                               0x00002740   Section        0  protocol.o(i.readlong)
    readlong                                 0x00002741   Thumb Code   108  protocol.o(i.readlong)
    i.response_product_query                 0x000027b0   Section        0  protocol.o(i.response_product_query)
    response_product_query                   0x000027b1   Thumb Code    80  protocol.o(i.response_product_query)
    i.sendFloat                              0x00002814   Section        0  protocol.o(i.sendFloat)
    sendFloat                                0x00002815   Thumb Code   172  protocol.o(i.sendFloat)
    i.sendShort                              0x000028cc   Section        0  protocol.o(i.sendShort)
    sendShort                                0x000028cd   Thumb Code   112  protocol.o(i.sendShort)
    i.send_sensor_report_offline             0x00002948   Section        0  main.o(i.send_sensor_report_offline)
    i.send_sensor_report_online              0x000029b4   Section        0  main.o(i.send_sensor_report_online)
    i.send_sysex_error_code                  0x000029f0   Section        0  protocol.o(i.send_sysex_error_code)
    i.send_sysex_return_code                 0x00002a10   Section        0  protocol.o(i.send_sysex_return_code)
    i.sendbyte                               0x00002a48   Section        0  protocol.o(i.sendbyte)
    sendbyte                                 0x00002a49   Thumb Code    64  protocol.o(i.sendbyte)
    i.sendlong                               0x00002a94   Section        0  protocol.o(i.sendlong)
    sendlong                                 0x00002a95   Thumb Code   172  protocol.o(i.sendlong)
    i.set_baudrate_response                  0x00002b4c   Section        0  protocol.o(i.set_baudrate_response)
    set_baudrate_response                    0x00002b4d   Thumb Code   114  protocol.o(i.set_baudrate_response)
    i.set_led                                0x00002bc8   Section        0  main.o(i.set_led)
    i.set_rgb_led                            0x00002bfc   Section        0  sysinit.o(i.set_rgb_led)
    i.set_rgb_led_response                   0x00002d04   Section        0  protocol.o(i.set_rgb_led_response)
    set_rgb_led_response                     0x00002d05   Thumb Code    96  protocol.o(i.set_rgb_led_response)
    i.set_sysex_feedback_response            0x00002d64   Section        0  protocol.o(i.set_sysex_feedback_response)
    set_sysex_feedback_response              0x00002d65   Thumb Code    38  protocol.o(i.set_sysex_feedback_response)
    i.stackDump                              0x00002d90   Section        0  retarget.o(i.stackDump)
    i.sysex_message_process                  0x00002e38   Section        0  main.o(i.sysex_message_process)
    i.system_reset_response                  0x00002f10   Section        0  protocol.o(i.system_reset_response)
    system_reset_response                    0x00002f11   Thumb Code    40  protocol.o(i.system_reset_response)
    i.uart0_recv_attach                      0x00002f3c   Section        0  protocol.o(i.uart0_recv_attach)
    i.write_byte_uart0                       0x00002f58   Section        0  protocol.o(i.write_byte_uart0)
    write_byte_uart0                         0x00002f59   Thumb Code    50  protocol.o(i.write_byte_uart0)
    i.write_byte_uart1                       0x00002f98   Section        0  protocol.o(i.write_byte_uart1)
    write_byte_uart1                         0x00002f99   Thumb Code    24  protocol.o(i.write_byte_uart1)
    .constdata                               0x00002fb4   Section       12  main.o(.constdata)
    .constdata                               0x00002fc0   Section       16  uart.o(.constdata)
    .constdata                               0x00002fd0   Section       40  _printf_hex_int_ll_ptr.o(.constdata)
    uc_hextab                                0x00002fd0   Data          20  _printf_hex_int_ll_ptr.o(.constdata)
    lc_hextab                                0x00002fe4   Data          20  _printf_hex_int_ll_ptr.o(.constdata)
    .constdata                               0x00002ff8   Section       17  __printf_flags_ss_wp.o(.constdata)
    maptable                                 0x00002ff8   Data          17  __printf_flags_ss_wp.o(.constdata)
    .data                                    0x20000000   Section       16  system_mini58series.o(.data)
    .data                                    0x20000010   Section       12  interrupt.o(.data)
    .data                                    0x20000020   Section       72  protocol.o(.data)
    s_check_sum                              0x20000040   Data           1  protocol.o(.data)
    s_feedback_flag                          0x20000041   Data           1  protocol.o(.data)
    s_to_send_bytes_count                    0x20000042   Data           2  protocol.o(.data)
    s_read_bytes_count                       0x20000044   Data           2  protocol.o(.data)
    s_uart1_read_bytes_count                 0x20000046   Data           2  protocol.o(.data)
    s_get_product_query_head_first           0x20000048   Data           2  protocol.o(.data)
    .data                                    0x20000068   Section       14  sysinit.o(.data)
    s_while_count                            0x20000068   Data           4  sysinit.o(.data)
    s_r_value                                0x2000006c   Data           1  sysinit.o(.data)
    s_g_value                                0x2000006d   Data           1  sysinit.o(.data)
    s_b_value                                0x2000006e   Data           1  sysinit.o(.data)
    previous_time                            0x20000070   Data           4  sysinit.o(.data)
    s_count                                  0x20000074   Data           1  sysinit.o(.data)
    s_blink_flag                             0x20000075   Data           1  sysinit.o(.data)
    .data                                    0x20000078   Section       46  main.o(.data)
    s_online_start_mills                     0x20000078   Data           4  main.o(.data)
    s_offline_start_mills                    0x2000007c   Data           4  main.o(.data)
    s_previous_millis                        0x20000080   Data           4  main.o(.data)
    s_report_period                          0x20000084   Data           4  main.o(.data)
    s_report_mode                            0x20000088   Data           1  main.o(.data)
    .data                                    0x200000a8   Section        8  retarget.o(.data)
    .bss                                     0x200000b0   Section     1152  protocol.o(.bss)
    Uart0SendData                            0x200002b0   Data         256  protocol.o(.bss)
    sysex                                    0x200003b0   Data         128  protocol.o(.bss)
    sysex_to_send                            0x20000430   Data         128  protocol.o(.bss)
    uart1_sysex_to_send                      0x200004b0   Data         128  protocol.o(.bss)
    .bss                                     0x20000530   Section       96  libspace.o(.bss)
    HEAP                                     0x20000590   Section        0  startup_mini58series.o(HEAP)
    STACK                                    0x20000590   Section      512  startup_mini58series.o(STACK)
    Heap_Mem                                 0x20000590   Data           0  startup_mini58series.o(HEAP)
    Stack_Mem                                0x20000590   Data         512  startup_mini58series.o(STACK)
    __initial_sp                             0x20000790   Data           0  startup_mini58series.o(STACK)

    Global Symbols

    Symbol Name                              Value     Ov Type        Size  Object(Section)

    BuildAttributes$$THM_ISAv3M$S$PE$A:L22$X:L11$S22$IEEE1$IW$USESV6$~STKCKD$USESV7$~SHL$OTIME$ROPI$IEEEJ$EBA8$UX$STANDARDLIB$REQ8$PRES8$EABIv2 0x00000000   Number         0  anon$$obj.o ABSOLUTE
    __ARM_use_no_argv                        0x00000000   Number         0  main.o ABSOLUTE
    __Vectors                                0x00000000   Data           4  startup_mini58series.o(RESET)
    _printf_flags                            0x00000000   Number         0  printf_stubs.o ABSOLUTE
    _printf_return_value                     0x00000000   Number         0  printf_stubs.o ABSOLUTE
    _printf_sizespec                         0x00000000   Number         0  printf_stubs.o ABSOLUTE
    _printf_widthprec                        0x00000000   Number         0  printf_stubs.o ABSOLUTE
    __ARM_exceptions_init                     - Undefined Weak Reference
    __alloca_initialize                       - Undefined Weak Reference
    __arm_preinit_                            - Undefined Weak Reference
    __cpp_initialize__aeabi_                  - Undefined Weak Reference
    __cxa_finalize                            - Undefined Weak Reference
    __sigvec_lookup                           - Undefined Weak Reference
    _atexit_init                              - Undefined Weak Reference
    _call_atexit_fns                          - Undefined Weak Reference
    _clock_init                               - Undefined Weak Reference
    _fp_trap_init                             - Undefined Weak Reference
    _fp_trap_shutdown                         - Undefined Weak Reference
    _get_lc_collate                           - Undefined Weak Reference
    _get_lc_monetary                          - Undefined Weak Reference
    _get_lc_time                              - Undefined Weak Reference
    _getenv_init                              - Undefined Weak Reference
    _handle_redirection                       - Undefined Weak Reference
    _init_alloc                               - Undefined Weak Reference
    _init_user_alloc                          - Undefined Weak Reference
    _initio                                   - Undefined Weak Reference
    _printf_mbtowc                            - Undefined Weak Reference
    _printf_wc                                - Undefined Weak Reference
    _rand_init                                - Undefined Weak Reference
    _signal_finish                            - Undefined Weak Reference
    _signal_init                              - Undefined Weak Reference
    _terminate_alloc                          - Undefined Weak Reference
    _terminate_user_alloc                     - Undefined Weak Reference
    _terminateio                              - Undefined Weak Reference
    __main                                   0x000000c1   Thumb Code     8  __main.o(!!!main)
    __scatterload                            0x000000c9   Thumb Code     0  __scatter.o(!!!scatter)
    __scatterload_rt2                        0x000000c9   Thumb Code    52  __scatter.o(!!!scatter)
    __scatterload_rt2_thumb_only             0x000000c9   Thumb Code     0  __scatter.o(!!!scatter)
    __scatterload_null                       0x000000d9   Thumb Code     0  __scatter.o(!!!scatter)
    __scatterload_copy                       0x00000105   Thumb Code    26  __scatter_copy.o(!!handler_copy)
    __scatterload_zeroinit                   0x00000121   Thumb Code    28  __scatter_zi.o(!!handler_zi)
    _printf_percent                          0x0000013d   Thumb Code     0  _printf_percent.o(.ARM.Collect$$_printf_percent$$00000000)
    _printf_d                                0x0000013f   Thumb Code     0  _printf_d.o(.ARM.Collect$$_printf_percent$$00000009)
    _printf_x                                0x00000149   Thumb Code     0  _printf_x.o(.ARM.Collect$$_printf_percent$$0000000C)
    _printf_percent_end                      0x00000153   Thumb Code     0  _printf_percent_end.o(.ARM.Collect$$_printf_percent$$00000017)
    __rt_lib_init                            0x00000157   Thumb Code     0  libinit.o(.ARM.Collect$$libinit$$00000000)
    __rt_lib_init_alloca_1                   0x00000159   Thumb Code     0  libinit2.o(.ARM.Collect$$libinit$$0000002E)
    __rt_lib_init_argv_1                     0x00000159   Thumb Code     0  libinit2.o(.ARM.Collect$$libinit$$0000002C)
    __rt_lib_init_atexit_1                   0x00000159   Thumb Code     0  libinit2.o(.ARM.Collect$$libinit$$0000001B)
    __rt_lib_init_clock_1                    0x00000159   Thumb Code     0  libinit2.o(.ARM.Collect$$libinit$$00000021)
    __rt_lib_init_cpp_1                      0x00000159   Thumb Code     0  libinit2.o(.ARM.Collect$$libinit$$00000032)
    __rt_lib_init_exceptions_1               0x00000159   Thumb Code     0  libinit2.o(.ARM.Collect$$libinit$$00000030)
    __rt_lib_init_fp_1                       0x00000159   Thumb Code     0  libinit2.o(.ARM.Collect$$libinit$$00000002)
    __rt_lib_init_fp_trap_1                  0x00000159   Thumb Code     0  libinit2.o(.ARM.Collect$$libinit$$0000001F)
    __rt_lib_init_getenv_1                   0x00000159   Thumb Code     0  libinit2.o(.ARM.Collect$$libinit$$00000023)
    __rt_lib_init_heap_1                     0x00000159   Thumb Code     0  libinit2.o(.ARM.Collect$$libinit$$0000000A)
    __rt_lib_init_lc_collate_1               0x00000159   Thumb Code     0  libinit2.o(.ARM.Collect$$libinit$$00000011)
    __rt_lib_init_lc_ctype_1                 0x00000159   Thumb Code     0  libinit2.o(.ARM.Collect$$libinit$$00000013)
    __rt_lib_init_lc_monetary_1              0x00000159   Thumb Code     0  libinit2.o(.ARM.Collect$$libinit$$00000015)
    __rt_lib_init_lc_numeric_1               0x00000159   Thumb Code     0  libinit2.o(.ARM.Collect$$libinit$$00000017)
    __rt_lib_init_lc_time_1                  0x00000159   Thumb Code     0  libinit2.o(.ARM.Collect$$libinit$$00000019)
    __rt_lib_init_preinit_1                  0x00000159   Thumb Code     0  libinit2.o(.ARM.Collect$$libinit$$00000004)
    __rt_lib_init_rand_1                     0x00000159   Thumb Code     0  libinit2.o(.ARM.Collect$$libinit$$0000000E)
    __rt_lib_init_return                     0x00000159   Thumb Code     0  libinit2.o(.ARM.Collect$$libinit$$00000033)
    __rt_lib_init_signal_1                   0x00000159   Thumb Code     0  libinit2.o(.ARM.Collect$$libinit$$0000001D)
    __rt_lib_init_stdio_1                    0x00000159   Thumb Code     0  libinit2.o(.ARM.Collect$$libinit$$00000025)
    __rt_lib_init_user_alloc_1               0x00000159   Thumb Code     0  libinit2.o(.ARM.Collect$$libinit$$0000000C)
    __rt_lib_shutdown                        0x0000015b   Thumb Code     0  libshutdown.o(.ARM.Collect$$libshutdown$$00000000)
    __rt_lib_shutdown_fp_trap_1              0x0000015d   Thumb Code     0  libshutdown2.o(.ARM.Collect$$libshutdown$$00000006)
    __rt_lib_shutdown_heap_1                 0x0000015d   Thumb Code     0  libshutdown2.o(.ARM.Collect$$libshutdown$$0000000E)
    __rt_lib_shutdown_return                 0x0000015d   Thumb Code     0  libshutdown2.o(.ARM.Collect$$libshutdown$$0000000F)
    __rt_lib_shutdown_signal_1               0x0000015d   Thumb Code     0  libshutdown2.o(.ARM.Collect$$libshutdown$$00000009)
    __rt_lib_shutdown_stdio_1                0x0000015d   Thumb Code     0  libshutdown2.o(.ARM.Collect$$libshutdown$$00000003)
    __rt_lib_shutdown_user_alloc_1           0x0000015d   Thumb Code     0  libshutdown2.o(.ARM.Collect$$libshutdown$$0000000B)
    __rt_entry                               0x0000015f   Thumb Code     0  __rtentry.o(.ARM.Collect$$rtentry$$00000000)
    __rt_entry_presh_1                       0x0000015f   Thumb Code     0  __rtentry2.o(.ARM.Collect$$rtentry$$00000002)
    __rt_entry_sh                            0x0000015f   Thumb Code     0  __rtentry4.o(.ARM.Collect$$rtentry$$00000004)
    __rt_entry_li                            0x00000165   Thumb Code     0  __rtentry2.o(.ARM.Collect$$rtentry$$0000000A)
    __rt_entry_postsh_1                      0x00000165   Thumb Code     0  __rtentry2.o(.ARM.Collect$$rtentry$$00000009)
    __rt_entry_main                          0x00000169   Thumb Code     0  __rtentry2.o(.ARM.Collect$$rtentry$$0000000D)
    __rt_entry_postli_1                      0x00000169   Thumb Code     0  __rtentry2.o(.ARM.Collect$$rtentry$$0000000C)
    __rt_exit                                0x00000171   Thumb Code     0  rtexit.o(.ARM.Collect$$rtexit$$00000000)
    __rt_exit_ls                             0x00000173   Thumb Code     0  rtexit2.o(.ARM.Collect$$rtexit$$00000003)
    __rt_exit_prels_1                        0x00000173   Thumb Code     0  rtexit2.o(.ARM.Collect$$rtexit$$00000002)
    __rt_exit_exit                           0x00000177   Thumb Code     0  rtexit2.o(.ARM.Collect$$rtexit$$00000004)
    HardFault_Handler                        0x0000017d   Thumb Code    24  retarget.o(.emb_text)
    Reset_Handler                            0x00000199   Thumb Code     4  startup_mini58series.o(.text)
    NMI_Handler                              0x0000019d   Thumb Code     2  startup_mini58series.o(.text)
    SVC_Handler                              0x000001a1   Thumb Code     2  startup_mini58series.o(.text)
    PendSV_Handler                           0x000001a3   Thumb Code     2  startup_mini58series.o(.text)
    SysTick_Handler                          0x000001a5   Thumb Code     2  startup_mini58series.o(.text)
    ACMP_IRQHandler                          0x000001a7   Thumb Code     0  startup_mini58series.o(.text)
    ADC_IRQHandler                           0x000001a7   Thumb Code     0  startup_mini58series.o(.text)
    BOD_IRQHandler                           0x000001a7   Thumb Code     0  startup_mini58series.o(.text)
    EINT0_IRQHandler                         0x000001a7   Thumb Code     0  startup_mini58series.o(.text)
    EINT1_IRQHandler                         0x000001a7   Thumb Code     0  startup_mini58series.o(.text)
    FB_IRQHandler                            0x000001a7   Thumb Code     0  startup_mini58series.o(.text)
    GPIO01_IRQHandler                        0x000001a7   Thumb Code     0  startup_mini58series.o(.text)
    GPIO234_IRQHandler                       0x000001a7   Thumb Code     0  startup_mini58series.o(.text)
    GPIO5_IRQHandler                         0x000001a7   Thumb Code     0  startup_mini58series.o(.text)
    HIRC_IRQHandler                          0x000001a7   Thumb Code     0  startup_mini58series.o(.text)
    PDWU_IRQHandler                          0x000001a7   Thumb Code     0  startup_mini58series.o(.text)
    PWM_IRQHandler                           0x000001a7   Thumb Code     0  startup_mini58series.o(.text)
    SPI_IRQHandler                           0x000001a7   Thumb Code     0  startup_mini58series.o(.text)
    TMR1_IRQHandler                          0x000001a7   Thumb Code     0  startup_mini58series.o(.text)
    WDT_IRQHandler                           0x000001a7   Thumb Code     0  startup_mini58series.o(.text)
    __user_initial_stackheap                 0x000001a9   Thumb Code     0  startup_mini58series.o(.text)
    __2printf                                0x000001c5   Thumb Code    22  __2printf.o(.text)
    __2sprintf                               0x000001e1   Thumb Code    40  __2sprintf.o(.text)
    _printf_pre_padding                      0x0000020d   Thumb Code    44  _printf_pad.o(.text)
    _printf_post_padding                     0x00000239   Thumb Code    34  _printf_pad.o(.text)
    _printf_int_dec                          0x0000025d   Thumb Code    90  _printf_dec.o(.text)
    _printf_longlong_hex                     0x000002c9   Thumb Code    88  _printf_hex_int_ll_ptr.o(.text)
    _printf_int_hex                          0x00000321   Thumb Code    28  _printf_hex_int_ll_ptr.o(.text)
    _printf_ll_hex                           0x0000033d   Thumb Code    10  _printf_hex_int_ll_ptr.o(.text)
    _printf_hex_ptr                          0x00000347   Thumb Code    22  _printf_hex_int_ll_ptr.o(.text)
    __printf                                 0x00000361   Thumb Code   386  __printf_flags_ss_wp.o(.text)
    memcmp                                   0x000004e9   Thumb Code    90  memcmp.o(.text)
    strlen                                   0x00000545   Thumb Code    62  strlen.o(.text)
    __aeabi_uidiv                            0x00000589   Thumb Code     0  aeabi_sdiv.o(.text)
    __aeabi_uidivmod                         0x00000589   Thumb Code    20  aeabi_sdiv.o(.text)
    __aeabi_idiv                             0x0000059d   Thumb Code     0  aeabi_sdiv.o(.text)
    __aeabi_idivmod                          0x0000059d   Thumb Code   326  aeabi_sdiv.o(.text)
    __use_two_region_memory                  0x000006e3   Thumb Code     2  heapauxi.o(.text)
    __rt_heap_escrow$2region                 0x000006e5   Thumb Code     2  heapauxi.o(.text)
    __rt_heap_expand$2region                 0x000006e7   Thumb Code     2  heapauxi.o(.text)
    _printf_int_common                       0x000006e9   Thumb Code   176  _printf_intcommon.o(.text)
    _printf_char_common                      0x000007a3   Thumb Code    32  _printf_char_common.o(.text)
    _sputc                                   0x000007c9   Thumb Code    10  _sputc.o(.text)
    _printf_char_file                        0x000007d5   Thumb Code    34  _printf_char_file.o(.text)
    __rt_udiv10                              0x000007fd   Thumb Code    40  rtudiv10.o(.text)
    __user_setup_stackheap                   0x00000825   Thumb Code    62  sys_stackheap_outer.o(.text)
    exit                                     0x00000863   Thumb Code    12  exit.o(.text)
    __user_libspace                          0x00000871   Thumb Code     8  libspace.o(.text)
    __user_perproc_libspace                  0x00000871   Thumb Code     0  libspace.o(.text)
    __user_perthread_libspace                0x00000871   Thumb Code     0  libspace.o(.text)
    _sys_exit                                0x00000879   Thumb Code     8  sys_exit.o(.text)
    __I$use$semihosting                      0x00000885   Thumb Code     0  use_no_semi.o(.text)
    __use_no_semihosting_swi                 0x00000885   Thumb Code     2  use_no_semi.o(.text)
    __semihosting_library_function           0x00000887   Thumb Code     0  indicate_semi.o(.text)
    CLK_DisablePLL                           0x00000889   Thumb Code    16  clk.o(i.CLK_DisablePLL)
    CLK_EnableModuleClock                    0x0000089d   Thumb Code    32  clk.o(i.CLK_EnableModuleClock)
    CLK_EnablePLL                            0x000008c1   Thumb Code   528  clk.o(i.CLK_EnablePLL)
    CLK_SetCoreClock                         0x00000c7d   Thumb Code   144  clk.o(i.CLK_SetCoreClock)
    CLK_SetHCLK                              0x00000d19   Thumb Code    38  clk.o(i.CLK_SetHCLK)
    CLK_SetModuleClock                       0x00000d45   Thumb Code    94  clk.o(i.CLK_SetModuleClock)
    CLK_WaitClockReady                       0x00000da9   Thumb Code    32  clk.o(i.CLK_WaitClockReady)
    GPIO_SetMode                             0x00000dd1   Thumb Code    46  gpio.o(i.GPIO_SetMode)
    Hard_Fault_Handler                       0x00000e01   Thumb Code    18  retarget.o(i.Hard_Fault_Handler)
    I2C0_IRQHandler                          0x00000e2d   Thumb Code    48  interrupt.o(i.I2C0_IRQHandler)
    I2C1_IRQHandler                          0x00000e65   Thumb Code    48  interrupt.o(i.I2C1_IRQHandler)
    I2C_ClearTimeoutFlag                     0x00000e9d   Thumb Code    10  i2c.o(i.I2C_ClearTimeoutFlag)
    PWM_ConfigOutputChannel                  0x00000f35   Thumb Code   316  pwm.o(i.PWM_ConfigOutputChannel)
    Pin2Addr                                 0x0000107d   Thumb Code    26  mygpio.o(i.Pin2Addr)
    SYS_Init                                 0x0000109d   Thumb Code   170  sysinit.o(i.SYS_Init)
    SYS_ResetCPU                             0x00001169   Thumb Code    18  sys.o(i.SYS_ResetCPU)
    SendChar                                 0x0000117b   Thumb Code    12  retarget.o(i.SendChar)
    SendChar_ToUART                          0x00001189   Thumb Code    48  retarget.o(i.SendChar_ToUART)
    SystemCoreClockUpdate                    0x000011bd   Thumb Code    94  system_mini58series.o(i.SystemCoreClockUpdate)
    SystemInit                               0x0000123d   Thumb Code     2  system_mini58series.o(i.SystemInit)
    TIMER_GetModuleClock                     0x0000124d   Thumb Code    84  timer.o(i.TIMER_GetModuleClock)
    TIMER_Open                               0x000012b9   Thumb Code   102  timer.o(i.TIMER_Open)
    TMR0_IRQHandler                          0x0000132d   Thumb Code    36  interrupt.o(i.TMR0_IRQHandler)
    TMR0_Init                                0x00001359   Thumb Code    44  sysinit.o(i.TMR0_Init)
    UART0_IRQHandler                         0x00001389   Thumb Code    96  interrupt.o(i.UART0_IRQHandler)
    UART1_IRQHandler                         0x000013fd   Thumb Code    96  interrupt.o(i.UART1_IRQHandler)
    UART_Function_Init                       0x00001471   Thumb Code    40  sysinit.o(i.UART_Function_Init)
    UART_SetLine_Config                      0x000014a1   Thumb Code   170  uart.o(i.UART_SetLine_Config)
    __ARM_common_switch8                     0x00001559   Thumb Code    28  mygpio.o(i.__ARM_common_switch8)
    _is_digit                                0x00001575   Thumb Code    14  __printf_wp.o(i._is_digit)
    add_sysex_data                           0x00001585   Thumb Code   352  protocol.o(i.add_sysex_data)
    digitalRead                              0x0000187d   Thumb Code    26  mygpio.o(i.digitalRead)
    digitalWrite                             0x0000189d   Thumb Code    16  mygpio.o(i.digitalWrite)
    ferror                                   0x000018ad   Thumb Code     8  retarget.o(i.ferror)
    flush_sysex_to_send                      0x000018c1   Thumb Code   142  protocol.o(i.flush_sysex_to_send)
    flush_uart0_local_buffer                 0x0000195d   Thumb Code    84  protocol.o(i.flush_uart0_local_buffer)
    flush_uart0_to_uart1                     0x000019c5   Thumb Code   126  protocol.o(i.flush_uart0_to_uart1)
    flush_uart1_to_uart0                     0x00001a51   Thumb Code   182  protocol.o(i.flush_uart1_to_uart0)
    fputc                                    0x00001b29   Thumb Code    16  retarget.o(i.fputc)
    get_sensor_data                          0x00001b39   Thumb Code   114  main.o(i.get_sensor_data)
    init_block                               0x00001bc5   Thumb Code   152  main.o(i.init_block)
    init_neuron_system                       0x00001c71   Thumb Code    52  sysinit.o(i.init_neuron_system)
    init_sysex_to_send                       0x00001cad   Thumb Code    66  protocol.o(i.init_sysex_to_send)
    main                                     0x00001d01   Thumb Code   194  main.o(i.main)
    millis                                   0x00001de9   Thumb Code     6  systime.o(i.millis)
    parse_uart0_recv_buffer                  0x00001df5   Thumb Code   284  protocol.o(i.parse_uart0_recv_buffer)
    pinMode                                  0x00001f39   Thumb Code   122  mygpio.o(i.pinMode)
    pwm_write                                0x000020b5   Thumb Code   746  mygpio.o(i.pwm_write)
    read_next_sysex_data                     0x00002449   Thumb Code   482  protocol.o(i.read_next_sysex_data)
    read_sysex_type                          0x00002639   Thumb Code   102  protocol.o(i.read_sysex_type)
    send_sensor_report_offline               0x00002949   Thumb Code    90  main.o(i.send_sensor_report_offline)
    send_sensor_report_online                0x000029b5   Thumb Code    48  main.o(i.send_sensor_report_online)
    send_sysex_error_code                    0x000029f1   Thumb Code    30  protocol.o(i.send_sysex_error_code)
    send_sysex_return_code                   0x00002a11   Thumb Code    50  protocol.o(i.send_sysex_return_code)
    set_led                                  0x00002bc9   Thumb Code    48  main.o(i.set_led)
    set_rgb_led                              0x00002bfd   Thumb Code   250  sysinit.o(i.set_rgb_led)
    stackDump                                0x00002d91   Thumb Code    70  retarget.o(i.stackDump)
    sysex_message_process                    0x00002e39   Thumb Code   200  main.o(i.sysex_message_process)
    uart0_recv_attach                        0x00002f3d   Thumb Code    18  protocol.o(i.uart0_recv_attach)
    led_num                                  0x00002fb4   Data          12  main.o(.constdata)
    Region$$Table$$Base                      0x0000300c   Number         0  anon$$obj.o(Region$$Table)
    Region$$Table$$Limit                     0x0000302c   Number         0  anon$$obj.o(Region$$Table)
    __HSI                                    0x20000000   Data           4  system_mini58series.o(.data)
    SystemCoreClock                          0x20000004   Data           4  system_mini58series.o(.data)
    PllClock                                 0x20000008   Data           4  system_mini58series.o(.data)
    CyclesPerUs                              0x2000000c   Data           4  system_mini58series.o(.data)
    g_int_flag                               0x20000010   Data           1  interrupt.o(.data)
    s_I2C0HandlerFn                          0x20000014   Data           4  interrupt.o(.data)
    s_I2C1HandlerFn                          0x20000018   Data           4  interrupt.o(.data)
    parsingSysexOnline                       0x20000020   Data           1  protocol.o(.data)
    parsingSysexOffline                      0x20000021   Data           1  protocol.o(.data)
    isLocalOutput                            0x20000022   Data           1  protocol.o(.data)
    isForwardOutput                          0x20000023   Data           1  protocol.o(.data)
    sysexBytesRead                           0x20000024   Data           2  protocol.o(.data)
    Uart0RecvBufferPushBytes                 0x20000026   Data           2  protocol.o(.data)
    Uart0RecvBufferPopBytes                  0x20000028   Data           2  protocol.o(.data)
    Uart1RecvBufferPushBytes                 0x2000002a   Data           2  protocol.o(.data)
    Uart1RecvBufferPopBytes                  0x2000002c   Data           2  protocol.o(.data)
    Uart0SendBytes                           0x2000002e   Data           2  protocol.o(.data)
    Uart1Revhead                             0x20000030   Data           2  protocol.o(.data)
    Uart1RevRtail                            0x20000032   Data           2  protocol.o(.data)
    Uart0Sendhead                            0x20000034   Data           2  protocol.o(.data)
    Uart0SendRtail                           0x20000036   Data           2  protocol.o(.data)
    Uart0Revhead                             0x20000038   Data           2  protocol.o(.data)
    Uart0RevRtail                            0x2000003a   Data           2  protocol.o(.data)
    g_block_no                               0x2000003c   Data           1  protocol.o(.data)
    g_block_type                             0x2000003d   Data           1  protocol.o(.data)
    g_block_sub_type                         0x2000003e   Data           1  protocol.o(.data)
    g_handshake_flag                         0x2000003f   Data           1  protocol.o(.data)
    val8byte                                 0x20000050   Data           8  protocol.o(.data)
    val4byte                                 0x20000058   Data           4  protocol.o(.data)
    val2byte                                 0x2000005c   Data           2  protocol.o(.data)
    val1byte                                 0x2000005e   Data           1  protocol.o(.data)
    device_service_process_online            0x20000060   Data           4  protocol.o(.data)
    device_service_process_offline           0x20000064   Data           4  protocol.o(.data)
    key_debounced_time                       0x2000008c   Data           4  main.o(.data)
    key_debounced_count                      0x20000090   Data           4  main.o(.data)
    key_match_count                          0x20000094   Data           4  main.o(.data)
    key_debounced_value                      0x20000098   Data           4  main.o(.data)
    g_logic_pin                              0x2000009c   Data           1  main.o(.data)
    g_logic_value                            0x2000009d   Data           1  main.o(.data)
    g_pre_logic_value                        0x2000009e   Data           1  main.o(.data)
    system_time                              0x200000a0   Data           4  main.o(.data)
    g_firmware_version                       0x200000a4   Data           2  main.o(.data)
    __stdout                                 0x200000a8   Data           4  retarget.o(.data)
    __stdin                                  0x200000ac   Data           4  retarget.o(.data)
    Uart0RecData                             0x200000b0   Data         256  protocol.o(.bss)
    Uart1RecData                             0x200001b0   Data         256  protocol.o(.bss)
    __libspace_start                         0x20000530   Data          96  libspace.o(.bss)
    __temporary_stack_top$libspace           0x20000590   Data           0  libspace.o(.bss)



==============================================================================

Memory Map of the image

  Image Entry point : 0x00000199

  Load Region LR_IROM1 (Base: 0x00000000, Size: 0x000030dc, Max: 0x00008000, ABSOLUTE)

    Execution Region ER_IROM1 (Base: 0x00000000, Size: 0x0000302c, Max: 0x00008000, ABSOLUTE)

    Base Addr    Size         Type   Attr      Idx    E Section Name        Object

    0x00000000   0x000000c0   Data   RO           98    RESET               startup_mini58series.o
    0x000000c0   0x00000008   Code   RO         2114  * !!!main             c_p.l(__main.o)
    0x000000c8   0x0000003c   Code   RO         2404    !!!scatter          c_p.l(__scatter.o)
    0x00000104   0x0000001a   Code   RO         2406    !!handler_copy      c_p.l(__scatter_copy.o)
    0x0000011e   0x00000002   PAD
    0x00000120   0x0000001c   Code   RO         2408    !!handler_zi        c_p.l(__scatter_zi.o)
    0x0000013c   0x00000002   Code   RO         2103    .ARM.Collect$$_printf_percent$$00000000  c_p.l(_printf_percent.o)
    0x0000013e   0x0000000a   Code   RO         2102    .ARM.Collect$$_printf_percent$$00000009  c_p.l(_printf_d.o)
    0x00000148   0x0000000a   Code   RO         2101    .ARM.Collect$$_printf_percent$$0000000C  c_p.l(_printf_x.o)
    0x00000152   0x00000004   Code   RO         2181    .ARM.Collect$$_printf_percent$$00000017  c_p.l(_printf_percent_end.o)
    0x00000156   0x00000002   Code   RO         2267    .ARM.Collect$$libinit$$00000000  c_p.l(libinit.o)
    0x00000158   0x00000000   Code   RO         2290    .ARM.Collect$$libinit$$00000002  c_p.l(libinit2.o)
    0x00000158   0x00000000   Code   RO         2292    .ARM.Collect$$libinit$$00000004  c_p.l(libinit2.o)
    0x00000158   0x00000000   Code   RO         2295    .ARM.Collect$$libinit$$0000000A  c_p.l(libinit2.o)
    0x00000158   0x00000000   Code   RO         2297    .ARM.Collect$$libinit$$0000000C  c_p.l(libinit2.o)
    0x00000158   0x00000000   Code   RO         2299    .ARM.Collect$$libinit$$0000000E  c_p.l(libinit2.o)
    0x00000158   0x00000000   Code   RO         2302    .ARM.Collect$$libinit$$00000011  c_p.l(libinit2.o)
    0x00000158   0x00000000   Code   RO         2304    .ARM.Collect$$libinit$$00000013  c_p.l(libinit2.o)
    0x00000158   0x00000000   Code   RO         2306    .ARM.Collect$$libinit$$00000015  c_p.l(libinit2.o)
    0x00000158   0x00000000   Code   RO         2308    .ARM.Collect$$libinit$$00000017  c_p.l(libinit2.o)
    0x00000158   0x00000000   Code   RO         2310    .ARM.Collect$$libinit$$00000019  c_p.l(libinit2.o)
    0x00000158   0x00000000   Code   RO         2312    .ARM.Collect$$libinit$$0000001B  c_p.l(libinit2.o)
    0x00000158   0x00000000   Code   RO         2314    .ARM.Collect$$libinit$$0000001D  c_p.l(libinit2.o)
    0x00000158   0x00000000   Code   RO         2316    .ARM.Collect$$libinit$$0000001F  c_p.l(libinit2.o)
    0x00000158   0x00000000   Code   RO         2318    .ARM.Collect$$libinit$$00000021  c_p.l(libinit2.o)
    0x00000158   0x00000000   Code   RO         2320    .ARM.Collect$$libinit$$00000023  c_p.l(libinit2.o)
    0x00000158   0x00000000   Code   RO         2322    .ARM.Collect$$libinit$$00000025  c_p.l(libinit2.o)
    0x00000158   0x00000000   Code   RO         2326    .ARM.Collect$$libinit$$0000002C  c_p.l(libinit2.o)
    0x00000158   0x00000000   Code   RO         2328    .ARM.Collect$$libinit$$0000002E  c_p.l(libinit2.o)
    0x00000158   0x00000000   Code   RO         2330    .ARM.Collect$$libinit$$00000030  c_p.l(libinit2.o)
    0x00000158   0x00000000   Code   RO         2332    .ARM.Collect$$libinit$$00000032  c_p.l(libinit2.o)
    0x00000158   0x00000002   Code   RO         2333    .ARM.Collect$$libinit$$00000033  c_p.l(libinit2.o)
    0x0000015a   0x00000002   Code   RO         2362    .ARM.Collect$$libshutdown$$00000000  c_p.l(libshutdown.o)
    0x0000015c   0x00000000   Code   RO         2389    .ARM.Collect$$libshutdown$$00000003  c_p.l(libshutdown2.o)
    0x0000015c   0x00000000   Code   RO         2392    .ARM.Collect$$libshutdown$$00000006  c_p.l(libshutdown2.o)
    0x0000015c   0x00000000   Code   RO         2395    .ARM.Collect$$libshutdown$$00000009  c_p.l(libshutdown2.o)
    0x0000015c   0x00000000   Code   RO         2397    .ARM.Collect$$libshutdown$$0000000B  c_p.l(libshutdown2.o)
    0x0000015c   0x00000000   Code   RO         2400    .ARM.Collect$$libshutdown$$0000000E  c_p.l(libshutdown2.o)
    0x0000015c   0x00000002   Code   RO         2401    .ARM.Collect$$libshutdown$$0000000F  c_p.l(libshutdown2.o)
    0x0000015e   0x00000000   Code   RO         2140    .ARM.Collect$$rtentry$$00000000  c_p.l(__rtentry.o)
    0x0000015e   0x00000000   Code   RO         2203    .ARM.Collect$$rtentry$$00000002  c_p.l(__rtentry2.o)
    0x0000015e   0x00000006   Code   RO         2215    .ARM.Collect$$rtentry$$00000004  c_p.l(__rtentry4.o)
    0x00000164   0x00000000   Code   RO         2205    .ARM.Collect$$rtentry$$00000009  c_p.l(__rtentry2.o)
    0x00000164   0x00000004   Code   RO         2206    .ARM.Collect$$rtentry$$0000000A  c_p.l(__rtentry2.o)
    0x00000168   0x00000000   Code   RO         2208    .ARM.Collect$$rtentry$$0000000C  c_p.l(__rtentry2.o)
    0x00000168   0x00000008   Code   RO         2209    .ARM.Collect$$rtentry$$0000000D  c_p.l(__rtentry2.o)
    0x00000170   0x00000002   Code   RO         2276    .ARM.Collect$$rtexit$$00000000  c_p.l(rtexit.o)
    0x00000172   0x00000000   Code   RO         2337    .ARM.Collect$$rtexit$$00000002  c_p.l(rtexit2.o)
    0x00000172   0x00000004   Code   RO         2338    .ARM.Collect$$rtexit$$00000003  c_p.l(rtexit2.o)
    0x00000176   0x00000006   Code   RO         2339    .ARM.Collect$$rtexit$$00000004  c_p.l(rtexit2.o)
    0x0000017c   0x0000001c   Code   RO         1551    .emb_text           retarget.o
    0x00000198   0x0000002c   Code   RO           99  * .text               startup_mini58series.o
    0x000001c4   0x0000001c   Code   RO         2046    .text               c_p.l(__2printf.o)
    0x000001e0   0x0000002c   Code   RO         2048    .text               c_p.l(__2sprintf.o)
    0x0000020c   0x0000004e   Code   RO         2056    .text               c_p.l(_printf_pad.o)
    0x0000025a   0x00000002   PAD
    0x0000025c   0x0000006c   Code   RO         2058    .text               c_p.l(_printf_dec.o)
    0x000002c8   0x00000098   Code   RO         2078    .text               c_p.l(_printf_hex_int_ll_ptr.o)
    0x00000360   0x00000188   Code   RO         2098    .text               c_p.l(__printf_flags_ss_wp.o)
    0x000004e8   0x0000005a   Code   RO         2104    .text               c_p.l(memcmp.o)
    0x00000542   0x00000002   PAD
    0x00000544   0x00000044   Code   RO         2106    .text               c_p.l(strlen.o)
    0x00000588   0x0000015a   Code   RO         2108    .text               c_p.l(aeabi_sdiv.o)
    0x000006e2   0x00000006   Code   RO         2112    .text               c_p.l(heapauxi.o)
    0x000006e8   0x000000b0   Code   RO         2149    .text               c_p.l(_printf_intcommon.o)
    0x00000798   0x00000030   Code   RO         2153    .text               c_p.l(_printf_char_common.o)
    0x000007c8   0x0000000a   Code   RO         2155    .text               c_p.l(_sputc.o)
    0x000007d2   0x00000002   PAD
    0x000007d4   0x00000028   Code   RO         2157    .text               c_p.l(_printf_char_file.o)
    0x000007fc   0x00000028   Code   RO         2191    .text               c_p.l(rtudiv10.o)
    0x00000824   0x0000003e   Code   RO         2234    .text               c_p.l(sys_stackheap_outer.o)
    0x00000862   0x0000000c   Code   RO         2256    .text               c_p.l(exit.o)
    0x0000086e   0x00000002   PAD
    0x00000870   0x00000008   Code   RO         2272    .text               c_p.l(libspace.o)
    0x00000878   0x0000000c   Code   RO         2334    .text               c_p.l(sys_exit.o)
    0x00000884   0x00000002   Code   RO         2351    .text               c_p.l(use_no_semi.o)
    0x00000886   0x00000000   Code   RO         2353    .text               c_p.l(indicate_semi.o)
    0x00000886   0x00000002   PAD
    0x00000888   0x00000014   Code   RO          920    i.CLK_DisablePLL    clk.o
    0x0000089c   0x00000024   Code   RO          924    i.CLK_EnableModuleClock  clk.o
    0x000008c0   0x0000023c   Code   RO          925    i.CLK_EnablePLL     clk.o
    0x00000afc   0x00000080   Code   RO            3    i.CLK_GetPLLClockFreq  system_mini58series.o
    0x00000b7c   0x00000080   Code   RO          932    i.CLK_GetPLLClockFreq  clk.o
    0x00000bfc   0x00000080   Code   RO         1872    i.CLK_GetPLLClockFreq  uart.o
    0x00000c7c   0x0000009c   Code   RO          935    i.CLK_SetCoreClock  clk.o
    0x00000d18   0x0000002c   Code   RO          936    i.CLK_SetHCLK       clk.o
    0x00000d44   0x00000064   Code   RO          937    i.CLK_SetModuleClock  clk.o
    0x00000da8   0x00000028   Code   RO          940    i.CLK_WaitClockReady  clk.o
    0x00000dd0   0x0000002e   Code   RO         1181    i.GPIO_SetMode      gpio.o
    0x00000dfe   0x00000002   PAD
    0x00000e00   0x0000002c   Code   RO         1553    i.Hard_Fault_Handler  retarget.o
    0x00000e2c   0x00000038   Code   RO          105    i.I2C0_IRQHandler   interrupt.o
    0x00000e64   0x00000038   Code   RO          106    i.I2C1_IRQHandler   interrupt.o
    0x00000e9c   0x0000000a   Code   RO         1211    i.I2C_ClearTimeoutFlag  i2c.o
    0x00000ea6   0x00000002   PAD
    0x00000ea8   0x00000014   Code   RO          551    i.NVIC_EnableIRQ    sysinit.o
    0x00000ebc   0x00000078   Code   RO          552    i.NVIC_SetPriority  sysinit.o
    0x00000f34   0x00000148   Code   RO         1340    i.PWM_ConfigOutputChannel  pwm.o
    0x0000107c   0x00000020   Code   RO          180    i.Pin2Addr          mygpio.o
    0x0000109c   0x000000cc   Code   RO          553    i.SYS_Init          sysinit.o
    0x00001168   0x00000012   Code   RO         1743    i.SYS_ResetCPU      sys.o
    0x0000117a   0x0000000c   Code   RO         1555    i.SendChar          retarget.o
    0x00001186   0x00000002   PAD
    0x00001188   0x00000034   Code   RO         1556    i.SendChar_ToUART   retarget.o
    0x000011bc   0x00000080   Code   RO            4    i.SystemCoreClockUpdate  system_mini58series.o
    0x0000123c   0x00000002   Code   RO            5    i.SystemInit        system_mini58series.o
    0x0000123e   0x0000000c   Code   RO          554    i.TIMER_EnableInt   sysinit.o
    0x0000124a   0x00000002   PAD
    0x0000124c   0x0000006c   Code   RO         1816    i.TIMER_GetModuleClock  timer.o
    0x000012b8   0x00000066   Code   RO         1817    i.TIMER_Open        timer.o
    0x0000131e   0x0000000c   Code   RO          555    i.TIMER_Start       sysinit.o
    0x0000132a   0x00000002   PAD
    0x0000132c   0x0000002c   Code   RO          107    i.TMR0_IRQHandler   interrupt.o
    0x00001358   0x00000030   Code   RO          556    i.TMR0_Init         sysinit.o
    0x00001388   0x00000074   Code   RO          108    i.UART0_IRQHandler  interrupt.o
    0x000013fc   0x00000074   Code   RO          109    i.UART1_IRQHandler  interrupt.o
    0x00001470   0x00000030   Code   RO          558    i.UART_Function_Init  sysinit.o
    0x000014a0   0x000000b8   Code   RO         1883    i.UART_SetLine_Config  uart.o
    0x00001558   0x0000001c   Code   RO          261    i.__ARM_common_switch8  mygpio.o
    0x00001574   0x0000000e   Code   RO         2091    i._is_digit         c_p.l(__printf_wp.o)
    0x00001582   0x00000002   PAD
    0x00001584   0x00000168   Code   RO          268    i.add_sysex_data    protocol.o
    0x000016ec   0x000000a4   Code   RO          269    i.assign_dev_id_response  protocol.o
    0x00001790   0x00000040   Code   RO          270    i.check_sysex_message  protocol.o
    0x000017d0   0x00000064   Code   RO          271    i.communication_test_response  protocol.o
    0x00001834   0x00000048   Code   RO          272    i.data_len          protocol.o
    0x0000187c   0x00000020   Code   RO          182    i.digitalRead       mygpio.o
    0x0000189c   0x00000010   Code   RO          183    i.digitalWrite      mygpio.o
    0x000018ac   0x00000008   Code   RO         1558    i.ferror            retarget.o
    0x000018b4   0x0000000c   Code   RO          273    i.find_block_response  protocol.o
    0x000018c0   0x0000009c   Code   RO          274    i.flush_sysex_to_send  protocol.o
    0x0000195c   0x00000068   Code   RO          275    i.flush_uart0_local_buffer  protocol.o
    0x000019c4   0x0000008c   Code   RO          276    i.flush_uart0_to_uart1  protocol.o
    0x00001a50   0x000000d8   Code   RO          277    i.flush_uart1_to_uart0  protocol.o
    0x00001b28   0x00000010   Code   RO         1560    i.fputc             retarget.o
    0x00001b38   0x0000008c   Code   RO          746    i.get_sensor_data   main.o
    0x00001bc4   0x000000ac   Code   RO          747    i.init_block        main.o
    0x00001c70   0x0000003c   Code   RO          561    i.init_neuron_system  sysinit.o
    0x00001cac   0x00000054   Code   RO          278    i.init_sysex_to_send  protocol.o
    0x00001d00   0x000000e8   Code   RO          748    i.main              main.o
    0x00001de8   0x0000000c   Code   RO          671    i.millis            systime.o
    0x00001df4   0x00000144   Code   RO          279    i.parse_uart0_recv_buffer  protocol.o
    0x00001f38   0x00000084   Code   RO          188    i.pinMode           mygpio.o
    0x00001fbc   0x0000001c   Code   RO          280    i.processSysexMessageOffline  protocol.o
    0x00001fd8   0x000000dc   Code   RO          281    i.processSysexMessageOnline  protocol.o
    0x000020b4   0x0000030c   Code   RO          191    i.pwm_write         mygpio.o
    0x000023c0   0x00000040   Code   RO          282    i.query_firmware_version_response  protocol.o
    0x00002400   0x00000048   Code   RO          283    i.readShort         protocol.o
    0x00002448   0x000001f0   Code   RO          284    i.read_next_sysex_data  protocol.o
    0x00002638   0x00000070   Code   RO          285    i.read_sysex_type   protocol.o
    0x000026a8   0x00000028   Code   RO          287    i.readbyte          protocol.o
    0x000026d0   0x00000070   Code   RO          288    i.readfloat         protocol.o
    0x00002740   0x00000070   Code   RO          289    i.readlong          protocol.o
    0x000027b0   0x00000064   Code   RO          291    i.response_product_query  protocol.o
    0x00002814   0x000000b8   Code   RO          292    i.sendFloat         protocol.o
    0x000028cc   0x0000007c   Code   RO          293    i.sendShort         protocol.o
    0x00002948   0x0000006c   Code   RO          749    i.send_sensor_report_offline  main.o
    0x000029b4   0x0000003c   Code   RO          750    i.send_sensor_report_online  main.o
    0x000029f0   0x0000001e   Code   RO          298    i.send_sysex_error_code  protocol.o
    0x00002a0e   0x00000002   PAD
    0x00002a10   0x00000038   Code   RO          299    i.send_sysex_return_code  protocol.o
    0x00002a48   0x0000004c   Code   RO          300    i.sendbyte          protocol.o
    0x00002a94   0x000000b8   Code   RO          301    i.sendlong          protocol.o
    0x00002b4c   0x0000007c   Code   RO          302    i.set_baudrate_response  protocol.o
    0x00002bc8   0x00000034   Code   RO          751    i.set_led           main.o
    0x00002bfc   0x00000108   Code   RO          565    i.set_rgb_led       sysinit.o
    0x00002d04   0x00000060   Code   RO          303    i.set_rgb_led_response  protocol.o
    0x00002d64   0x0000002c   Code   RO          304    i.set_sysex_feedback_response  protocol.o
    0x00002d90   0x000000a8   Code   RO         1562    i.stackDump         retarget.o
    0x00002e38   0x000000d8   Code   RO          752    i.sysex_message_process  main.o
    0x00002f10   0x0000002c   Code   RO          305    i.system_reset_response  protocol.o
    0x00002f3c   0x0000001c   Code   RO          306    i.uart0_recv_attach  protocol.o
    0x00002f58   0x00000040   Code   RO          308    i.write_byte_uart0  protocol.o
    0x00002f98   0x0000001c   Code   RO          309    i.write_byte_uart1  protocol.o
    0x00002fb4   0x0000000c   Data   RO          753    .constdata          main.o
    0x00002fc0   0x00000010   Data   RO         1886    .constdata          uart.o
    0x00002fd0   0x00000028   Data   RO         2079    .constdata          c_p.l(_printf_hex_int_ll_ptr.o)
    0x00002ff8   0x00000011   Data   RO         2099    .constdata          c_p.l(__printf_flags_ss_wp.o)
    0x00003009   0x00000003   PAD
    0x0000300c   0x00000020   Data   RO         2402    Region$$Table       anon$$obj.o


    Execution Region RW_IRAM1 (Base: 0x20000000, Size: 0x00000790, Max: 0x00001000, ABSOLUTE)

    Base Addr    Size         Type   Attr      Idx    E Section Name        Object

    0x20000000   0x00000010   Data   RW            6    .data               system_mini58series.o
    0x20000010   0x0000000c   Data   RW          110    .data               interrupt.o
    0x2000001c   0x00000004   PAD
    0x20000020   0x00000048   Data   RW          311    .data               protocol.o
    0x20000068   0x0000000e   Data   RW          567    .data               sysinit.o
    0x20000076   0x00000002   PAD
    0x20000078   0x0000002e   Data   RW          754    .data               main.o
    0x200000a6   0x00000002   PAD
    0x200000a8   0x00000008   Data   RW         1563    .data               retarget.o
    0x200000b0   0x00000480   Zero   RW          310    .bss                protocol.o
    0x20000530   0x00000060   Zero   RW         2273    .bss                c_p.l(libspace.o)
    0x20000590   0x00000000   Zero   RW           97    HEAP                startup_mini58series.o
    0x20000590   0x00000200   Zero   RW           96    STACK               startup_mini58series.o


==============================================================================

Image component sizes


      Code (inc. data)   RO Data    RW Data    ZI Data      Debug   Object Name

      1096        100          0          0          0       5916   clk.o
        46          0          0          0          0        983   gpio.o
        10          0          0          0          0        855   i2c.o
       388         64          0         12          0       7679   interrupt.o
       980        134         12         46          0      12665   main.o
      1020         64          0          0          0       3502   mygpio.o
      4234        402          0         72       1152     157385   protocol.o
       328         12          0          0          0       1330   pwm.o
       328        132          0          8          0       5549   retarget.o
        44         18        192          0        512        712   startup_mini58series.o
        18          0          0          0          0        443   sys.o
       788         84          0         14          0      13395   sysinit.o
       258         50          0         16          0     136098   system_mini58series.o
        12          6          0          0          0        457   systime.o
       210         24          0          0          0       1756   timer.o
       312         30         16          0          0       2114   uart.o

    ----------------------------------------------------------------------
     10084       1120        252        176       1664     350839   Object Totals
         0          0         32          0          0          0   (incl. Generated)
        12          0          0          8          0          0   (incl. Padding)

    ----------------------------------------------------------------------

      Code (inc. data)   RO Data    RW Data    ZI Data      Debug   Library Member Name

        28          6          0          0          0         84   __2printf.o
        44          4          0          0          0         84   __2sprintf.o
         8          0          0          0          0         68   __main.o
       392          6         17          0          0         76   __printf_flags_ss_wp.o
        14          0          0          0          0         60   __printf_wp.o
         0          0          0          0          0          0   __rtentry.o
        12          0          0          0          0          0   __rtentry2.o
         6          0          0          0          0          0   __rtentry4.o
        60          8          0          0          0          0   __scatter.o
        26          0          0          0          0          0   __scatter_copy.o
        28          0          0          0          0          0   __scatter_zi.o
        48          6          0          0          0         88   _printf_char_common.o
        40          6          0          0          0         72   _printf_char_file.o
        10          0          0          0          0          0   _printf_d.o
       108         18          0          0          0         76   _printf_dec.o
       152          4         40          0          0        148   _printf_hex_int_ll_ptr.o
       176          0          0          0          0         84   _printf_intcommon.o
        78          0          0          0          0        100   _printf_pad.o
         2          0          0          0          0          0   _printf_percent.o
         4          0          0          0          0          0   _printf_percent_end.o
        10          0          0          0          0          0   _printf_x.o
        10          0          0          0          0         60   _sputc.o
       346          0          0          0          0         92   aeabi_sdiv.o
        12          0          0          0          0         64   exit.o
         6          0          0          0          0        136   heapauxi.o
         0          0          0          0          0          0   indicate_semi.o
         2          0          0          0          0          0   libinit.o
         2          0          0          0          0          0   libinit2.o
         2          0          0          0          0          0   libshutdown.o
         2          0          0          0          0          0   libshutdown2.o
         8          4          0          0         96         68   libspace.o
        90          0          0          0          0         68   memcmp.o
         2          0          0          0          0          0   rtexit.o
        10          0          0          0          0          0   rtexit2.o
        40          0          0          0          0         60   rtudiv10.o
        68          6          0          0          0         72   strlen.o
        12          4          0          0          0         60   sys_exit.o
        62          0          0          0          0         80   sys_stackheap_outer.o
         2          0          0          0          0         68   use_no_semi.o

    ----------------------------------------------------------------------
      1936         72         60          0         96       1768   Library Totals
        14          0          3          0          0          0   (incl. Padding)

    ----------------------------------------------------------------------

      Code (inc. data)   RO Data    RW Data    ZI Data      Debug   Library Name

      1922         72         57          0         96       1768   c_p.l

    ----------------------------------------------------------------------
      1936         72         60          0         96       1768   Library Totals

    ----------------------------------------------------------------------

==============================================================================


      Code (inc. data)   RO Data    RW Data    ZI Data      Debug   

     12020       1192        312        176       1760     348099   Grand Totals
     12020       1192        312        176       1760     348099   ELF Image Totals
     12020       1192        312        176          0          0   ROM Totals

==============================================================================

    Total RO  Size (Code + RO Data)                12332 (  12.04kB)
    Total RW  Size (RW Data + ZI Data)              1936 (   1.89kB)
    Total ROM Size (Code + RO Data + RW Data)      12508 (  12.21kB)

==============================================================================

